zprofiler筛选出了【15713】条疑似问题的GC，跳过了【56815】条可能正常的GC
过滤出来的GC中CMS GC比例占了【0%】【28/15713】
存在【234】次疑似GCLocker过早触发的YGC
存在【4】次疑似Perm溢出导致的CMS GC

预测到您可能没有设置-XX:+UseCMSInitiatingOccupancyOnly，
如果设置了请检查-XX:CMSInitiatingOccupancyFraction的值是否小于69，
如果这个条件满足，说明老生代GC效果不给力，或者新生代GC过于频繁晋升对象多，
可尝试调大CMSInitiatingOccupancyFraction或者调大老生代的大小
Heap变化曲线


Java HotSpot(TM) 64-Bit Server VM (25.144-b01) for linux-amd64 JRE (1.8.0_144-b01), built on Jul 21 2017 21:57:33 by "java_re" with gcc 4.3.0 20080428 (Red Hat 4.3.0-8)
Memory: 4k page, physical 16267972k(12048200k free), swap 0k(0k free)
CommandLine flags: -XX:+CMSClassUnloadingEnabled -XX:CMSInitiatingOccupancyFraction=80
-XX:CMSMaxAbortablePrecleanTime=5000 -XX:+ExplicitGCInvokesConcurrent
-XX:+HeapDumpOnOutOfMemoryError -XX:HeapDumpPath=//java.hprof
-XX:InitialHeapSize=8589934592 -XX:MaxDirectMemorySize=4294967296
-XX:MaxHeapSize=8589934592 -XX:MaxNewSize=536870912 -XX:NewSize=536870912
-XX:OldPLABSize=16 -XX:ParallelGCThreads=4 -XX:+PrintGC -XX:+PrintGCDateStamps
-XX:+PrintGCDetails -XX:+PrintGCTimeStamps -XX:SurvivorRatio=10
-XX:+UseCMSCompactAtFullCollection -XX:+UseCMSInitiatingOccupancyOnly
-XX:+UseCompressedClassPointers -XX:+UseCompressedOops -XX:+UseConcMarkSweepGC -XX:+UseParNewGC


2018-11-10T19:40:55.951+0800: 4.222: [GC (CMS Initial Mark) [1 CMS-initial-mark: 0K(7864320K)] 410870K(8344960K), 0.0441971 secs] [Times: user=0.07 sys=0.00, real=0.05 secs]
2018-11-10T19:40:55.996+0800: 4.267: [CMS-concurrent-mark-start]
2018-11-10T19:40:56.048+0800: 4.319: [CMS-concurrent-mark: 0.052/0.052 secs] [Times: user=0.17 sys=0.02, real=0.05 secs]
2018-11-10T19:40:56.048+0800: 4.319: [CMS-concurrent-preclean-start]
2018-11-10T19:40:56.061+0800: 4.332: [CMS-concurrent-preclean: 0.013/0.013 secs] [Times: user=0.03 sys=0.01, real=0.01 secs]
2018-11-10T19:40:56.061+0800: 4.332: [CMS-concurrent-abortable-preclean-start]
2018-11-10T19:40:56.314+0800: 4.584: [GC (Allocation Failure) 2018-11-10T19:40:56.314+0800: 4.585: [ParNew: 436992K->24373K(480640K), 0.0564466 secs] 436992K->24373K(8344960K), 0.0566033 secs] [Times: user=0.17 sys=0.01, real=0.06 secs]
2018-11-10T19:40:57.220+0800: 5.490: [CMS-concurrent-abortable-preclean: 0.588/1.159 secs] [Times: user=3.24 sys=0.26, real=1.16 secs]
2018-11-10T19:40:57.221+0800: 5.491: [GC (CMS Final Remark) [YG occupancy: 298163 K (480640 K)]2018-11-10T19:40:57.221+0800: 5.491: [Rescan (parallel) , 0.0390925 secs]2018-11-10T19:40:57.260+0800: 5.530: [weak refs processing, 0.0000331 secs]2018-11-10T19:40:57.260+0800: 5.530: [class unloading, 0.0051029 secs]2018-11-10T19:40:57.265+0800: 5.535: [scrub symbol table, 0.0028540 secs]2018-11-10T19:40:57.268+0800: 5.538: [scrub string table, 0.0007691 secs][1 CMS-remark: 0K(7864320K)] 298163K(8344960K), 0.0489005 secs] [Times: user=0.16 sys=0.01, real=0.05 secs]
2018-11-10T19:40:57.271+0800: 5.542: [CMS-concurrent-sweep-start]
2018-11-10T19:40:57.271+0800: 5.542: [CMS-concurrent-sweep: 0.000/0.000 secs] [Times: user=0.00 sys=0.00, real=0.00 secs]
2018-11-10T19:40:57.271+0800: 5.542: [CMS-concurrent-reset-start]
2018-11-10T19:40:57.325+0800: 5.595: [CMS-concurrent-reset: 0.053/0.053 secs] [Times: user=0.11 sys=0.05, real=0.05 secs]
2018-11-10T19:40:57.659+0800: 5.929: [GC (Allocation Failure) 2018-11-10T19:40:57.659+0800: 5.929: [ParNew: 461365K->29697K(480640K), 0.1507827 secs] 461365K->41884K(8344960K), 0.1509067 secs] [Times: user=0.41 sys=0.02, real=0.15 secs]
2018-11-10T19:40:58.977+0800: 7.248: [GC (Allocation Failure) 2018-11-10T19:40:58.977+0800: 7.248: [ParNew: 466689K->37262K(480640K), 0.1113353 secs] 478876K->56510K(8344960K), 0.1115120 secs] [Times: user=0.40 sys=0.00, real=0.11 secs]
2018-11-10T19:40:59.845+0800: 8.115: [GC (Allocation Failure) 2018-11-10T19:40:59.845+0800: 8.116: [ParNew: 474254K->31913K(480640K), 0.1116562 secs] 493502K->54362K(8344960K), 0.1118253 secs] [Times: user=0.39 sys=0.01, real=0.12 secs]
2018-11-10T19:41:00.747+0800: 9.018: [GC (Allocation Failure) 2018-11-10T19:41:00.747+0800: 9.018: [ParNew: 468905K->27823K(480640K), 0.0689512 secs] 491354K->52862K(8344960K), 0.0691374 secs] [Times: user=0.19 sys=0.00, real=0.07 secs]
2018-11-10T19:41:01.658+0800: 9.928: [GC (Allocation Failure) 2018-11-10T19:41:01.658+0800: 9.929: [ParNew: 464815K->41321K(480640K), 0.0734679 secs] 489854K->68667K(8344960K), 0.0736140 secs] [Times: user=0.19 sys=0.00, real=0.07 secs]
2018-11-10T19:41:02.566+0800: 10.837: [GC (Allocation Failure) 2018-11-10T19:41:02.566+0800: 10.837: [ParNew: 478313K->43648K(480640K), 0.0834832 secs] 505659K->81715K(8344960K), 0.0836641 secs] [Times: user=0.20 sys=0.00, real=0.08 secs]
2018-11-10T19:41:03.491+0800: 11.762: [GC (Allocation Failure) 2018-11-10T19:41:03.491+0800: 11.762: [ParNew: 480640K->43647K(480640K), 0.0754952 secs] 518707K->89478K(8344960K), 0.0756527 secs] [Times: user=0.19 sys=0.00, real=0.08 secs]
2018-11-10T19:41:04.379+0800: 12.649: [GC (Allocation Failure) 2018-11-10T19:41:04.379+0800: 12.649: [ParNew: 480639K->43648K(480640K), 0.0687207 secs] 526470K->99558K(8344960K), 0.0688746 secs] [Times: user=0.17 sys=0.00, real=0.07 secs]
2018-11-10T19:41:05.174+0800: 13.444: [GC (Allocation Failure) 2018-11-10T19:41:05.174+0800: 13.444: [ParNew: 480640K->34470K(480640K), 0.0522667 secs] 536550K->93516K(8344960K), 0.0523964 secs] [Times: user=0.15 sys=0.01, real=0.06 secs]
2018-11-10T19:41:06.042+0800: 14.313: [GC (Allocation Failure) 2018-11-10T19:41:06.042+0800: 14.313: [ParNew: 471462K->40886K(480640K), 0.0645349 secs] 530508K->102517K(8344960K), 0.0646604 secs] [Times: user=0.18 sys=0.00, real=0.07 secs]
2018-11-10T19:41:07.428+0800: 15.698: [GC (Allocation Failure) 2018-11-10T19:41:07.428+0800: 15.698: [ParNew: 477878K->13575K(480640K), 0.0798543 secs] 539509K->76587K(8344960K), 0.0799859 secs] [Times: user=0.26 sys=0.00, real=0.08 secs]
2018-11-10T19:41:08.497+0800: 16.768: [GC (Allocation Failure) 2018-11-10T19:41:08.498+0800: 16.768: [ParNew: 450567K->9306K(480640K), 0.0405590 secs] 513579K->72318K(8344960K), 0.0406980 secs] [Times: user=0.12 sys=0.00, real=0.04 secs]
2018-11-10T19:41:10.576+0800: 18.846: [GC (Allocation Failure) 2018-11-10T19:41:10.576+0800: 18.846: [ParNew: 446298K->42444K(480640K), 0.0612228 secs] 509310K->105457K(8344960K), 0.0613929 secs] [Times: user=0.18 sys=0.00, real=0.06 secs]
2018-11-10T19:41:12.112+0800: 20.382: [GC (Allocation Failure) 2018-11-10T19:41:12.112+0800: 20.382: [ParNew: 479436K->27120K(480640K), 0.0762523 secs] 542449K->96291K(8344960K), 0.0763766 secs] [Times: user=0.27 sys=0.00, real=0.08 secs]
2018-11-10T19:41:14.103+0800: 22.373: [GC (Allocation Failure) 2018-11-10T19:41:14.103+0800: 22.373: [ParNew: 464112K->15999K(480640K), 0.0593715 secs] 533283K->85170K(8344960K), 0.0595225 secs] [Times: user=0.21 sys=0.00, real=0.06 secs]
2018-11-10T19:41:14.167+0800: 22.438: [GC (CMS Initial Mark) [1 CMS-initial-mark: 69171K(7864320K)] 98080K(8344960K), 0.0061934 secs] [Times: user=0.03 sys=0.00, real=0.00 secs]
2018-11-10T19:41:14.173+0800: 22.444: [CMS-concurrent-mark-start]
2018-11-10T19:41:14.257+0800: 22.527: [CMS-concurrent-mark: 0.083/0.083 secs] [Times: user=0.26 sys=0.01, real=0.09 secs]
2018-11-10T19:41:14.257+0800: 22.528: [CMS-concurrent-preclean-start]
2018-11-10T19:41:14.271+0800: 22.541: [CMS-concurrent-preclean: 0.014/0.014 secs] [Times: user=0.06 sys=0.00, real=0.01 secs]
2018-11-10T19:41:14.271+0800: 22.541: [CMS-concurrent-abortable-preclean-start]
2018-11-10T19:41:15.026+0800: 23.297: [CMS-concurrent-abortable-preclean: 0.659/0.756 secs] [Times: user=2.41 sys=0.11, real=0.76 secs]
2018-11-10T19:41:15.027+0800: 23.297: [GC (CMS Final Remark) [YG occupancy: 257221 K (480640 K)]2018-11-10T19:41:15.027+0800: 23.297: [Rescan (parallel) , 0.0403456 secs]2018-11-10T19:41:15.067+0800: 23.338: [weak refs processing, 0.0001055 secs]2018-11-10T19:41:15.067+0800: 23.338: [class unloading, 0.0141493 secs]2018-11-10T19:41:15.081+0800: 23.352: [scrub symbol table, 0.0083843 secs]2018-11-10T19:41:15.090+0800: 23.361: [scrub string table, 0.0015030 secs][1 CMS-remark: 69171K(7864320K)] 326392K(8344960K), 0.0662192 secs] [Times: user=0.14 sys=0.00, real=0.06 secs]
2018-11-10T19:41:15.093+0800: 23.364: [CMS-concurrent-sweep-start]
2018-11-10T19:41:15.142+0800: 23.413: [CMS-concurrent-sweep: 0.049/0.049 secs] [Times: user=0.09 sys=0.01, real=0.05 secs]
2018-11-10T19:41:15.142+0800: 23.413: [CMS-concurrent-reset-start]
2018-11-10T19:41:15.169+0800: 23.440: [CMS-concurrent-reset: 0.027/0.027 secs] [Times: user=0.05 sys=0.01, real=0.03 secs]
2018-11-10T19:41:15.486+0800: 23.757: [GC (Allocation Failure) 2018-11-10T19:41:15.487+0800: 23.757: [ParNew: 452991K->17103K(480640K), 0.0623895 secs] 477995K->42108K(8344960K), 0.0625380 secs] [Times: user=0.23 sys=0.00, real=0.06 secs]
2018-11-10T19:41:16.382+0800: 24.652: [GC (Allocation Failure) 2018-11-10T19:41:16.382+0800: 24.652: [ParNew: 454095K->25313K(480640K), 0.0525230 secs] 479100K->50318K(8344960K), 0.0526785 secs] [Times: user=0.17 sys=0.00, real=0.05 secs]
2018-11-10T19:41:17.690+0800: 25.960: [GC (Allocation Failure) 2018-11-10T19:41:17.690+0800: 25.960: [ParNew: 462305K->29033K(480640K), 0.0578187 secs] 487310K->54037K(8344960K), 0.0579656 secs] [Times: user=0.21 sys=0.00, real=0.06 secs]
2018-11-10T19:41:19.391+0800: 27.662: [GC (Allocation Failure) 2018-11-10T19:41:19.391+0800: 27.662: [ParNew: 466025K->43648K(480640K), 0.1582175 secs] 491029K->125388K(8344960K), 0.1583450 secs] [Times: user=0.50 sys=0.01, real=0.16 secs]
2018-11-10T19:41:21.190+0800: 29.461: [GC (Allocation Failure) 2018-11-10T19:41:21.191+0800: 29.461: [ParNew: 480640K->43133K(480640K), 0.1182794 secs] 562380K->168381K(8344960K), 0.1184177 secs] [Times: user=0.38 sys=0.02, real=0.12 secs]
2018-11-10T19:41:23.144+0800: 31.414: [GC (Allocation Failure) 2018-11-10T19:41:23.144+0800: 31.414: [ParNew: 480125K->32692K(480640K), 0.0772048 secs] 605373K->157940K(8344960K), 0.0773502 secs] [Times: user=0.20 sys=0.00, real=0.08 secs]
2018-11-10T19:41:24.148+0800: 32.419: [GC (Allocation Failure) 2018-11-10T19:41:24.148+0800: 32.419: [ParNew: 469684K->29247K(480640K), 0.0712882 secs] 594932K->162807K(8344960K), 0.0714188 secs] [Times: user=0.26 sys=0.00, real=0.07 secs]
2018-11-10T19:41:24.935+0800: 33.206: [GC (Allocation Failure) 2018-11-10T19:41:24.935+0800: 33.206: [ParNew: 466239K->28386K(480640K), 0.0465234 secs] 599799K->161946K(8344960K), 0.0466444 secs] [Times: user=0.18 sys=0.00, real=0.04 secs]
2018-11-10T19:41:25.526+0800: 33.797: [GC (Allocation Failure) 2018-11-10T19:41:25.527+0800: 33.797: [ParNew: 465378K->28989K(480640K), 0.0450652 secs] 598938K->162549K(8344960K), 0.0451890 secs] [Times: user=0.17 sys=0.00, real=0.04 secs]
2018-11-10T19:41:26.104+0800: 34.375: [GC (Allocation Failure) 2018-11-10T19:41:26.104+0800: 34.375: [ParNew: 465981K->29792K(480640K), 0.0447986 secs] 599541K->163352K(8344960K), 0.0449302 secs] [Times: user=0.17 sys=0.00, real=0.05 secs]
2018-11-10T19:41:26.687+0800: 34.957: [GC (Allocation Failure) 2018-11-10T19:41:26.687+0800: 34.957: [ParNew: 466784K->30644K(480640K), 0.0598627 secs] 600344K->164204K(8344960K), 0.0599916 secs] [Times: user=0.18 sys=0.00, real=0.06 secs]
2018-11-10T19:41:27.280+0800: 35.551: [GC (Allocation Failure) 2018-11-10T19:41:27.280+0800: 35.551: [ParNew: 467636K->31510K(480640K), 0.0444914 secs] 601196K->165070K(8344960K), 0.0446216 secs] [Times: user=0.17 sys=0.00, real=0.04 secs]
2018-11-10T19:41:27.851+0800: 36.122: [GC (Allocation Failure) 2018-11-10T19:41:27.851+0800: 36.122: [ParNew: 468502K->22138K(480640K), 0.0527026 secs] 602062K->168209K(8344960K), 0.0528405 secs] [Times: user=0.18 sys=0.01, real=0.05 secs]
2018-11-10T19:41:28.415+0800: 36.686: [GC (Allocation Failure) 2018-11-10T19:41:28.415+0800: 36.686: [ParNew: 459130K->16480K(480640K), 0.0316606 secs] 605201K->162551K(8344960K), 0.0317920 secs] [Times: user=0.12 sys=0.00, real=0.04 secs]
2018-11-10T19:41:28.959+0800: 37.230: [GC (Allocation Failure) 2018-11-10T19:41:28.959+0800: 37.230: [ParNew: 453472K->15519K(480640K), 0.0337131 secs] 599543K->161589K(8344960K), 0.0338817 secs] [Times: user=0.12 sys=0.00, real=0.03 secs]
2018-11-10T19:41:28.994+0800: 37.265: [GC (CMS Initial Mark) [1 CMS-initial-mark: 146070K(7864320K)] 170311K(8344960K), 0.0065462 secs] [Times: user=0.02 sys=0.00, real=0.01 secs]
2018-11-10T19:41:29.001+0800: 37.272: [CMS-concurrent-mark-start]
2018-11-10T19:41:29.242+0800: 37.513: [CMS-concurrent-mark: 0.240/0.241 secs] [Times: user=0.47 sys=0.02, real=0.24 secs]
2018-11-10T19:41:29.243+0800: 37.513: [CMS-concurrent-preclean-start]
2018-11-10T19:41:29.259+0800: 37.530: [CMS-concurrent-preclean: 0.016/0.016 secs] [Times: user=0.05 sys=0.00, real=0.02 secs]
2018-11-10T19:41:29.259+0800: 37.530: [CMS-concurrent-abortable-preclean-start]
2018-11-10T19:41:29.541+0800: 37.811: [GC (Allocation Failure) 2018-11-10T19:41:29.541+0800: 37.811: [ParNew: 452511K->16501K(480640K), 0.0531282 secs] 598581K->162571K(8344960K), 0.0532521 secs] [Times: user=0.14 sys=0.00, real=0.05 secs]
2018-11-10T19:41:29.999+0800: 38.270: [CMS-concurrent-abortable-preclean: 0.431/0.740 secs] [Times: user=1.27 sys=0.02, real=0.74 secs]
2018-11-10T19:41:29.999+0800: 38.270: [GC (CMS Final Remark) [YG occupancy: 365195 K (480640 K)]2018-11-10T19:41:29.999+0800: 38.270: [Rescan (parallel) , 0.0446566 secs]2018-11-10T19:41:30.044+0800: 38.315: [weak refs processing, 0.0000426 secs]2018-11-10T19:41:30.044+0800: 38.315: [class unloading, 0.0185867 secs]2018-11-10T19:41:30.063+0800: 38.333: [scrub symbol table, 0.0137404 secs]2018-11-10T19:41:30.076+0800: 38.347: [scrub string table, 0.0020189 secs][1 CMS-remark: 146070K(7864320K)] 511266K(8344960K), 0.0803174 secs] [Times: user=0.19 sys=0.00, real=0.08 secs]
2018-11-10T19:41:30.080+0800: 38.351: [CMS-concurrent-sweep-start]
2018-11-10T19:41:30.135+0800: 38.406: [CMS-concurrent-sweep: 0.055/0.056 secs] [Times: user=0.12 sys=0.00, real=0.06 secs]
2018-11-10T19:41:30.136+0800: 38.406: [CMS-concurrent-reset-start]
2018-11-10T19:41:30.157+0800: 38.428: [CMS-concurrent-reset: 0.022/0.022 secs] [Times: user=0.04 sys=0.00, real=0.02 secs]
2018-11-10T19:41:30.207+0800: 38.478: [GC (Allocation Failure) 2018-11-10T19:41:30.207+0800: 38.478: [ParNew: 453493K->17368K(480640K), 0.0394625 secs] 594666K->158541K(8344960K), 0.0395922 secs] [Times: user=0.14 sys=0.00, real=0.04 secs]
2018-11-10T19:41:30.774+0800: 39.045: [GC (Allocation Failure) 2018-11-10T19:41:30.774+0800: 39.045: [ParNew: 454360K->18162K(480640K), 0.0355250 secs] 595533K->159336K(8344960K), 0.0356975 secs] [Times: user=0.14 sys=0.00, real=0.04 secs]
2018-11-10T19:41:31.341+0800: 39.612: [GC (Allocation Failure) 2018-11-10T19:41:31.341+0800: 39.612: [ParNew: 455154K->21904K(480640K), 0.0345377 secs] 596328K->163077K(8344960K), 0.0346657 secs] [Times: user=0.13 sys=0.00, real=0.04 secs]
2018-11-10T19:41:31.906+0800: 40.177: [GC (Allocation Failure) 2018-11-10T19:41:31.907+0800: 40.177: [ParNew: 458896K->22893K(480640K), 0.0396628 secs] 600069K->164066K(8344960K), 0.0398198 secs] [Times: user=0.15 sys=0.00, real=0.04 secs]
2018-11-10T19:41:32.514+0800: 40.785: [GC (Allocation Failure) 2018-11-10T19:41:32.514+0800: 40.785: [ParNew: 459885K->20915K(480640K), 0.0451945 secs] 601058K->162089K(8344960K), 0.0453675 secs] [Times: user=0.17 sys=0.00, real=0.05 secs]
2018-11-10T19:41:33.135+0800: 41.405: [GC (Allocation Failure) 2018-11-10T19:41:33.135+0800: 41.405: [ParNew: 457907K->21860K(480640K), 0.0448380 secs] 599081K->168539K(8344960K), 0.0449744 secs] [Times: user=0.16 sys=0.00, real=0.05 secs]
2018-11-10T19:41:34.181+0800: 42.451: [GC (Allocation Failure) 2018-11-10T19:41:34.181+0800: 42.451: [ParNew: 458852K->35100K(480640K), 0.0658217 secs] 605531K->182384K(8344960K), 0.0659473 secs] [Times: user=0.23 sys=0.00, real=0.07 secs]
2018-11-10T19:41:35.156+0800: 43.426: [GC (Allocation Failure) 2018-11-10T19:41:35.156+0800: 43.426: [ParNew: 472092K->26457K(480640K), 0.0908522 secs] 619376K->203783K(8344960K), 0.0909906 secs] [Times: user=0.30 sys=0.01, real=0.09 secs]
2018-11-10T19:41:35.785+0800: 44.055: [GC (Allocation Failure) 2018-11-10T19:41:35.785+0800: 44.055: [ParNew: 463449K->10907K(480640K), 0.0329096 secs] 640775K->188233K(8344960K), 0.0330575 secs] [Times: user=0.12 sys=0.00, real=0.04 secs]
2018-11-10T19:41:36.373+0800: 44.644: [GC (Allocation Failure) 2018-11-10T19:41:36.373+0800: 44.644: [ParNew: 447899K->11439K(480640K), 0.0315646 secs] 625225K->188765K(8344960K), 0.0316976 secs] [Times: user=0.12 sys=0.00, real=0.03 secs]
2018-11-10T19:41:37.176+0800: 45.446: [GC (Allocation Failure) 2018-11-10T19:41:37.176+0800: 45.446: [ParNew: 448431K->15633K(480640K), 0.0543751 secs] 625757K->192959K(8344960K), 0.0545185 secs] [Times: user=0.18 sys=0.00, real=0.05 secs]
2018-11-10T19:41:38.555+0800: 46.826: [GC (Allocation Failure) 2018-11-10T19:41:38.555+0800: 46.826: [ParNew: 452625K->33991K(480640K), 0.0447259 secs] 629951K->211317K(8344960K), 0.0448667 secs] [Times: user=0.15 sys=0.01, real=0.05 secs]
2018-11-10T19:41:39.883+0800: 48.153: [GC (Allocation Failure) 2018-11-10T19:41:39.883+0800: 48.153: [ParNew: 470983K->28665K(480640K), 0.0789511 secs] 648309K->214120K(8344960K), 0.0791006 secs] [Times: user=0.29 sys=0.00, real=0.08 secs]
2018-11-10T19:41:41.398+0800: 49.668: [GC (Allocation Failure) 2018-11-10T19:41:41.398+0800: 49.668: [ParNew: 465657K->20537K(480640K), 0.0465116 secs] 651112K->208942K(8344960K), 0.0466590 secs] [Times: user=0.16 sys=0.00, real=0.04 secs]
2018-11-10T19:41:42.709+0800: 50.980: [GC (Allocation Failure) 2018-11-10T19:41:42.709+0800: 50.980: [ParNew: 457529K->23887K(480640K), 0.0544823 secs] 645934K->212292K(8344960K), 0.0546942 secs] [Times: user=0.15 sys=0.00, real=0.05 secs]
2018-11-10T19:41:44.059+0800: 52.330: [GC (Allocation Failure) 2018-11-10T19:41:44.059+0800: 52.330: [ParNew: 460879K->28867K(480640K), 0.0393534 secs] 649284K->217272K(8344960K), 0.0395257 secs] [Times: user=0.15 sys=0.00, real=0.04 secs]
2018-11-10T19:41:48.662+0800: 56.933: [GC (Allocation Failure) 2018-11-10T19:41:48.662+0800: 56.933: [ParNew: 465859K->35667K(480640K), 0.0461213 secs] 654264K->224071K(8344960K), 0.0463357 secs] [Times: user=0.17 sys=0.00, real=0.05 secs]
2018-11-10T19:41:50.402+0800: 58.673: [GC (Allocation Failure) 2018-11-10T19:41:50.402+0800: 58.673: [ParNew: 472659K->43647K(480640K), 0.0735302 secs] 661063K->245491K(8344960K), 0.0737555 secs] [Times: user=0.22 sys=0.00, real=0.08 secs]
2018-11-10T19:41:52.458+0800: 60.729: [GC (Allocation Failure) 2018-11-10T19:41:52.458+0800: 60.729: [ParNew: 480639K->31522K(480640K), 0.0767679 secs] 682483K->250882K(8344960K), 0.0770004 secs] [Times: user=0.22 sys=0.00, real=0.08 secs]
2018-11-10T19:41:53.882+0800: 62.153: [GC (Allocation Failure) 2018-11-10T19:41:53.882+0800: 62.153: [ParNew: 468514K->17678K(480640K), 0.0513767 secs] 687874K->237039K(8344960K), 0.0515628 secs] [Times: user=0.20 sys=0.00, real=0.05 secs]
2018-11-10T19:41:54.767+0800: 63.038: [GC (Allocation Failure) 2018-11-10T19:41:54.767+0800: 63.038: [ParNew: 454670K->18970K(480640K), 0.0520469 secs] 674031K->238330K(8344960K), 0.0522465 secs] [Times: user=0.15 sys=0.01, real=0.05 secs]
2018-11-10T19:41:55.628+0800: 63.899: [GC (Allocation Failure) 2018-11-10T19:41:55.628+0800: 63.899: [ParNew: 455962K->25834K(480640K), 0.0437278 secs] 675322K->245194K(8344960K), 0.0439273 secs] [Times: user=0.16 sys=0.00, real=0.04 secs]
2018-11-10T19:41:59.674+0800: 67.945: [GC (CMS Initial Mark) [1 CMS-initial-mark: 219360K(7864320K)] 640238K(8344960K), 0.0604037 secs] [Times: user=0.21 sys=0.00, real=0.06 secs]
2018-11-10T19:41:59.735+0800: 68.005: [CMS-concurrent-mark-start]
2018-11-10T19:41:59.803+0800: 68.073: [GC (Allocation Failure) 2018-11-10T19:41:59.803+0800: 68.073: [ParNew: 462826K->33973K(480640K), 0.0691247 secs] 682186K->253334K(8344960K), 0.0693296 secs] [Times: user=0.23 sys=0.00, real=0.07 secs]
2018-11-10T19:42:00.188+0800: 68.459: [CMS-concurrent-mark: 0.325/0.453 secs] [Times: user=1.49 sys=0.02, real=0.46 secs]
2018-11-10T19:42:00.190+0800: 68.460: [CMS-concurrent-preclean-start]
2018-11-10T19:42:00.209+0800: 68.480: [CMS-concurrent-preclean: 0.020/0.020 secs] [Times: user=0.06 sys=0.00, real=0.02 secs]
2018-11-10T19:42:00.211+0800: 68.482: [CMS-concurrent-abortable-preclean-start]
2018-11-10T19:42:02.546+0800: 70.817: [GC (GCLocker Initiated GC) 2018-11-10T19:42:02.546+0800: 70.817: [ParNew: 471646K->43648K(480640K), 0.1063595 secs] 691006K->282539K(8344960K), 0.1065910 secs] [Times: user=0.30 sys=0.01, real=0.10 secs]
2018-11-10T19:42:04.422+0800: 72.693: [CMS-concurrent-abortable-preclean: 3.516/4.211 secs] [Times: user=9.59 sys=0.20, real=4.21 secs]
2018-11-10T19:42:04.423+0800: 72.693: [GC (CMS Final Remark) [YG occupancy: 316243 K (480640 K)]2018-11-10T19:42:04.423+0800: 72.693: [Rescan (parallel) , 0.0651451 secs]2018-11-10T19:42:04.488+0800: 72.759: [weak refs processing, 0.0003618 secs]2018-11-10T19:42:04.488+0800: 72.759: [class unloading, 0.0431705 secs]2018-11-10T19:42:04.532+0800: 72.802: [scrub symbol table, 0.0246841 secs]2018-11-10T19:42:04.556+0800: 72.827: [scrub string table, 0.0027990 secs][1 CMS-remark: 238891K(7864320K)] 555135K(8344960K), 0.1376167 secs] [Times: user=0.28 sys=0.00, real=0.14 secs]
2018-11-10T19:42:04.561+0800: 72.831: [CMS-concurrent-sweep-start]
2018-11-10T19:42:04.673+0800: 72.944: [CMS-concurrent-sweep: 0.107/0.112 secs] [Times: user=0.34 sys=0.01, real=0.11 secs]
2018-11-10T19:42:04.673+0800: 72.944: [CMS-concurrent-reset-start]
2018-11-10T19:42:04.696+0800: 72.966: [CMS-concurrent-reset: 0.023/0.023 secs] [Times: user=0.06 sys=0.00, real=0.03 secs]
2018-11-10T19:42:05.092+0800: 73.362: [GC (Allocation Failure) 2018-11-10T19:42:05.092+0800: 73.362: [ParNew: 480640K->21365K(480640K), 0.0741833 secs] 693232K->250836K(8344960K), 0.0744031 secs] [Times: user=0.21 sys=0.00, real=0.08 secs]
2018-11-10T19:42:08.131+0800: 76.401: [GC (Allocation Failure) 2018-11-10T19:42:08.131+0800: 76.401: [ParNew: 458357K->8702K(480640K), 0.0381750 secs] 687828K->238173K(8344960K), 0.0384129 secs] [Times: user=0.13 sys=0.00, real=0.04 secs]
2018-11-10T19:42:11.139+0800: 79.409: [GC (Allocation Failure) 2018-11-10T19:42:11.139+0800: 79.409: [ParNew: 445694K->29888K(480640K), 0.0651293 secs] 675165K->259360K(8344960K), 0.0653560 secs] [Times: user=0.24 sys=0.00, real=0.06 secs]
2018-11-10T19:42:13.075+0800: 81.346: [GC (Allocation Failure) 2018-11-10T19:42:13.076+0800: 81.346: [ParNew: 466868K->6719K(480640K), 0.0371076 secs] 696340K->239886K(8344960K), 0.0373679 secs] [Times: user=0.13 sys=0.00, real=0.03 secs]
2018-11-10T19:42:15.830+0800: 84.100: [GC (Allocation Failure) 2018-11-10T19:42:15.830+0800: 84.100: [ParNew: 443711K->11198K(480640K), 0.0500776 secs] 676878K->244365K(8344960K), 0.0503094 secs] [Times: user=0.18 sys=0.00, real=0.05 secs]
2018-11-10T19:42:18.894+0800: 87.165: [GC (Allocation Failure) 2018-11-10T19:42:18.894+0800: 87.165: [ParNew: 448190K->12718K(480640K), 0.0385539 secs] 681357K->245885K(8344960K), 0.0387771 secs] [Times: user=0.12 sys=0.00, real=0.04 secs]
2018-11-10T19:42:20.497+0800: 88.768: [GC (Allocation Failure) 2018-11-10T19:42:20.497+0800: 88.768: [ParNew: 449710K->16910K(480640K), 0.0372274 secs] 682877K->250077K(8344960K), 0.0374461 secs] [Times: user=0.13 sys=0.00, real=0.03 secs]
2018-11-10T19:42:22.267+0800: 90.538: [GC (Allocation Failure) 2018-11-10T19:42:22.268+0800: 90.538: [ParNew: 453902K->13340K(480640K), 0.0418821 secs] 687069K->246507K(8344960K), 0.0421086 secs] [Times: user=0.16 sys=0.00, real=0.04 secs]
2018-11-10T19:42:23.304+0800: 91.575: [GC (Allocation Failure) 2018-11-10T19:42:23.304+0800: 91.575: [ParNew: 450332K->9428K(480640K), 0.0385480 secs] 683499K->242595K(8344960K), 0.0387677 secs] [Times: user=0.14 sys=0.00, real=0.04 secs]
2018-11-10T19:42:24.737+0800: 93.008: [GC (Allocation Failure) 2018-11-10T19:42:24.737+0800: 93.008: [ParNew: 446420K->11343K(480640K), 0.0330324 secs] 679587K->244510K(8344960K), 0.0332420 secs] [Times: user=0.12 sys=0.00, real=0.03 secs]
2018-11-10T19:42:27.378+0800: 95.649: [GC (Allocation Failure) 2018-11-10T19:42:27.378+0800: 95.649: [ParNew: 448335K->18142K(480640K), 0.0393374 secs] 681502K->251310K(8344960K), 0.0395738 secs] [Times: user=0.14 sys=0.00, real=0.04 secs]
2018-11-10T19:42:29.021+0800: 97.292: [GC (Allocation Failure) 2018-11-10T19:42:29.021+0800: 97.292: [ParNew: 455134K->16239K(480640K), 0.0477662 secs] 688302K->249406K(8344960K), 0.0480068 secs] [Times: user=0.13 sys=0.00, real=0.05 secs]
2018-11-10T19:42:31.218+0800: 99.489: [GC (Allocation Failure) 2018-11-10T19:42:31.218+0800: 99.489: [ParNew: 453231K->22834K(480640K), 0.0686605 secs] 686398K->256001K(8344960K), 0.0689044 secs] [Times: user=0.17 sys=0.00, real=0.07 secs]
2018-11-10T19:42:32.200+0800: 100.471: [GC (Allocation Failure) 2018-11-10T19:42:32.200+0800: 100.471: [ParNew: 459826K->20382K(480640K), 0.0513803 secs] 692993K->253549K(8344960K), 0.0515909 secs] [Times: user=0.13 sys=0.00, real=0.05 secs]
2018-11-10T19:42:34.748+0800: 103.018: [GC (Allocation Failure) 2018-11-10T19:42:34.748+0800: 103.018: [ParNew: 457374K->15741K(480640K), 0.0436208 secs] 690541K->248908K(8344960K), 0.0438196 secs] [Times: user=0.16 sys=0.00, real=0.04 secs]
2018-11-10T19:42:36.245+0800: 104.516: [GC (Allocation Failure) 2018-11-10T19:42:36.245+0800: 104.516: [ParNew: 452733K->19219K(480640K), 0.0572769 secs] 685900K->252386K(8344960K), 0.0575132 secs] [Times: user=0.16 sys=0.00, real=0.05 secs]
2018-11-10T19:42:37.735+0800: 106.006: [GC (Allocation Failure) 2018-11-10T19:42:37.735+0800: 106.006: [ParNew: 456211K->27484K(480640K), 0.0504125 secs] 689378K->260651K(8344960K), 0.0506361 secs] [Times: user=0.16 sys=0.00, real=0.05 secs]
2018-11-10T19:42:39.480+0800: 107.751: [GC (Allocation Failure) 2018-11-10T19:42:39.481+0800: 107.751: [ParNew: 464476K->22678K(480640K), 0.0507918 secs] 697643K->255845K(8344960K), 0.0510571 secs] [Times: user=0.14 sys=0.00, real=0.05 secs]
2018-11-10T19:42:43.142+0800: 111.412: [GC (Allocation Failure) 2018-11-10T19:42:43.142+0800: 111.413: [ParNew: 459670K->21943K(480640K), 0.0436179 secs] 692837K->255379K(8344960K), 0.0438722 secs] [Times: user=0.14 sys=0.00, real=0.05 secs]
2018-11-10T19:42:44.075+0800: 112.346: [GC (Allocation Failure) 2018-11-10T19:42:44.075+0800: 112.346: [ParNew: 458935K->16637K(480640K), 0.0398769 secs] 692371K->251231K(8344960K), 0.0401672 secs] [Times: user=0.15 sys=0.01, real=0.04 secs]
2018-11-10T19:42:46.922+0800: 115.193: [GC (Allocation Failure) 2018-11-10T19:42:46.922+0800: 115.193: [ParNew: 453629K->16031K(480640K), 0.0478592 secs] 688223K->251140K(8344960K), 0.0480846 secs] [Times: user=0.15 sys=0.00, real=0.05 secs]
2018-11-10T19:42:47.804+0800: 116.075: [GC (Allocation Failure) 2018-11-10T19:42:47.804+0800: 116.075: [ParNew: 451565K->14814K(480640K), 0.0401725 secs] 686675K->250197K(8344960K), 0.0404113 secs] [Times: user=0.14 sys=0.00, real=0.04 secs]
2018-11-10T19:42:48.580+0800: 116.851: [GC (Allocation Failure) 2018-11-10T19:42:48.580+0800: 116.851: [ParNew: 451806K->20453K(480640K), 0.0459619 secs] 687189K->256292K(8344960K), 0.0462038 secs] [Times: user=0.15 sys=0.00, real=0.05 secs]
2018-11-10T19:42:49.371+0800: 117.641: [GC (Allocation Failure) 2018-11-10T19:42:49.371+0800: 117.641: [ParNew: 457445K->22430K(480640K), 0.0464932 secs] 693284K->259922K(8344960K), 0.0467064 secs] [Times: user=0.14 sys=0.00, real=0.05 secs]
2018-11-10T19:42:50.309+0800: 118.579: [GC (Allocation Failure) 2018-11-10T19:42:50.309+0800: 118.579: [ParNew: 459422K->28842K(480640K), 0.0329469 secs] 696914K->266980K(8344960K), 0.0331663 secs] [Times: user=0.12 sys=0.00, real=0.03 secs]
2018-11-10T19:42:51.048+0800: 119.319: [GC (Allocation Failure) 2018-11-10T19:42:51.048+0800: 119.319: [ParNew: 465834K->38176K(480640K), 0.0516516 secs] 703972K->278010K(8344960K), 0.0519121 secs] [Times: user=0.16 sys=0.00, real=0.05 secs]
2018-11-10T19:42:51.676+0800: 119.947: [GC (Allocation Failure) 2018-11-10T19:42:51.676+0800: 119.947: [ParNew: 475168K->19158K(480640K), 0.0344578 secs] 715002K->263395K(8344960K), 0.0346722 secs] [Times: user=0.13 sys=0.00, real=0.03 secs]
2018-11-10T19:42:54.748+0800: 123.019: [GC (Allocation Failure) 2018-11-10T19:42:54.748+0800: 123.019: [ParNew: 456150K->41363K(480640K), 0.0488972 secs] 700387K->285599K(8344960K), 0.0491219 secs] [Times: user=0.17 sys=0.01, real=0.05 secs]
2018-11-10T19:42:56.774+0800: 125.044: [GC (Allocation Failure) 2018-11-10T19:42:56.774+0800: 125.044: [ParNew: 478355K->29752K(480640K), 0.0488787 secs] 722591K->300864K(8344960K), 0.0491316 secs] [Times: user=0.14 sys=0.01, real=0.05 secs]
2018-11-10T19:42:58.801+0800: 127.072: [GC (Allocation Failure) 2018-11-10T19:42:58.801+0800: 127.072: [ParNew: 466744K->13140K(480640K), 0.0427323 secs] 737856K->302346K(8344960K), 0.0430143 secs] [Times: user=0.14 sys=0.00, real=0.04 secs]
2018-11-10T19:43:01.654+0800: 129.924: [GC (Allocation Failure) 2018-11-10T19:43:01.654+0800: 129.925: [ParNew: 450132K->12389K(480640K), 0.0431165 secs] 739338K->301595K(8344960K), 0.0433687 secs] [Times: user=0.15 sys=0.01, real=0.05 secs]
2018-11-10T19:43:04.032+0800: 132.302: [GC (Allocation Failure) 2018-11-10T19:43:04.032+0800: 132.303: [ParNew: 449381K->17126K(480640K), 0.0422659 secs] 738587K->306331K(8344960K), 0.0425241 secs] [Times: user=0.12 sys=0.00, real=0.04 secs]
2018-11-10T19:43:07.143+0800: 135.414: [GC (Allocation Failure) 2018-11-10T19:43:07.143+0800: 135.414: [ParNew: 454118K->11373K(480640K), 0.0328151 secs] 743323K->300578K(8344960K), 0.0330312 secs] [Times: user=0.11 sys=0.00, real=0.04 secs]
2018-11-10T19:43:12.016+0800: 140.286: [GC (Allocation Failure) 2018-11-10T19:43:12.016+0800: 140.286: [ParNew: 448365K->15992K(480640K), 0.0343058 secs] 737570K->305197K(8344960K), 0.0345778 secs] [Times: user=0.11 sys=0.00, real=0.03 secs]
2018-11-10T19:43:14.972+0800: 143.243: [GC (Allocation Failure) 2018-11-10T19:43:14.972+0800: 143.243: [ParNew: 452984K->17146K(480640K), 0.0364311 secs] 742189K->306352K(8344960K), 0.0366685 secs] [Times: user=0.13 sys=0.00, real=0.04 secs]
2018-11-10T19:43:21.084+0800: 149.354: [GC (Allocation Failure) 2018-11-10T19:43:21.084+0800: 149.354: [ParNew: 454138K->14552K(480640K), 0.0333986 secs] 743344K->303757K(8344960K), 0.0336378 secs] [Times: user=0.12 sys=0.00, real=0.04 secs]
2018-11-10T19:43:23.859+0800: 152.130: [GC (Allocation Failure) 2018-11-10T19:43:23.859+0800: 152.130: [ParNew: 451544K->20478K(480640K), 0.0364534 secs] 740749K->309684K(8344960K), 0.0366784 secs] [Times: user=0.12 sys=0.01, real=0.04 secs]
2018-11-10T19:43:24.898+0800: 153.168: [GC (Allocation Failure) 2018-11-10T19:43:24.898+0800: 153.168: [ParNew: 457470K->18601K(480640K), 0.0310671 secs] 746676K->307807K(8344960K), 0.0312814 secs] [Times: user=0.12 sys=0.00, real=0.03 secs]
2018-11-10T19:43:28.713+0800: 156.983: [GC (Allocation Failure) 2018-11-10T19:43:28.713+0800: 156.983: [ParNew: 455593K->20106K(480640K), 0.0330152 secs] 744799K->309312K(8344960K), 0.0332412 secs] [Times: user=0.11 sys=0.00, real=0.04 secs]
2018-11-10T19:43:30.675+0800: 158.945: [GC (Allocation Failure) 2018-11-10T19:43:30.675+0800: 158.945: [ParNew: 457098K->20908K(480640K), 0.0443788 secs] 746304K->310114K(8344960K), 0.0446385 secs] [Times: user=0.15 sys=0.00, real=0.05 secs]
2018-11-10T19:43:31.698+0800: 159.969: [GC (Allocation Failure) 2018-11-10T19:43:31.708+0800: 159.978: [ParNew: 457900K->27312K(480640K), 0.0360278 secs] 747106K->316517K(8344960K), 0.0457430 secs] [Times: user=0.13 sys=0.00, real=0.04 secs]
2018-11-10T19:43:35.822+0800: 164.093: [GC (Allocation Failure) 2018-11-10T19:43:35.822+0800: 164.093: [ParNew: 464304K->19926K(480640K), 0.0450782 secs] 753509K->309132K(8344960K), 0.0453588 secs] [Times: user=0.13 sys=0.00, real=0.05 secs]
2018-11-10T19:43:42.098+0800: 170.368: [GC (Allocation Failure) 2018-11-10T19:43:42.098+0800: 170.369: [ParNew: 456918K->29241K(480640K), 0.0366791 secs] 746124K->318447K(8344960K), 0.0369213 secs] [Times: user=0.13 sys=0.00, real=0.03 secs]
2018-11-10T19:43:42.717+0800: 170.988: [GC (Allocation Failure) 2018-11-10T19:43:42.718+0800: 170.988: [ParNew: 466233K->29491K(480640K), 0.0406358 secs] 755439K->322746K(8344960K), 0.0409032 secs] [Times: user=0.15 sys=0.00, real=0.04 secs]
2018-11-10T19:43:43.720+0800: 171.990: [GC (Allocation Failure) 2018-11-10T19:43:43.720+0800: 171.990: [ParNew: 466483K->26738K(480640K), 0.0333861 secs] 759738K->321431K(8344960K), 0.0336616 secs] [Times: user=0.12 sys=0.00, real=0.03 secs]
2018-11-10T19:43:44.582+0800: 172.853: [GC (Allocation Failure) 2018-11-10T19:43:44.582+0800: 172.853: [ParNew: 463730K->18266K(480640K), 0.0339086 secs] 758423K->312959K(8344960K), 0.0341325 secs] [Times: user=0.13 sys=0.00, real=0.04 secs]
2018-11-10T19:43:46.523+0800: 174.794: [GC (Allocation Failure) 2018-11-10T19:43:46.524+0800: 174.794: [ParNew: 455258K->16066K(480640K), 0.0338234 secs] 749951K->311417K(8344960K), 0.0340323 secs] [Times: user=0.11 sys=0.00, real=0.04 secs]
2018-11-10T19:43:48.272+0800: 176.543: [GC (Allocation Failure) 2018-11-10T19:43:48.272+0800: 176.543: [ParNew: 453058K->16467K(480640K), 0.0502976 secs] 748409K->311855K(8344960K), 0.0505318 secs] [Times: user=0.12 sys=0.00, real=0.05 secs]
2018-11-10T19:43:52.682+0800: 180.952: [GC (Allocation Failure) 2018-11-10T19:43:52.682+0800: 180.952: [ParNew: 453459K->10925K(480640K), 0.0388016 secs] 748847K->306734K(8344960K), 0.0390317 secs] [Times: user=0.12 sys=0.00, real=0.04 secs]
2018-11-10T19:43:54.055+0800: 182.326: [GC (Allocation Failure) 2018-11-10T19:43:54.056+0800: 182.326: [ParNew: 447917K->7822K(480640K), 0.0354461 secs] 743726K->303859K(8344960K), 0.0356684 secs] [Times: user=0.12 sys=0.01, real=0.03 secs]
2018-11-10T19:43:55.752+0800: 184.022: [GC (Allocation Failure) 2018-11-10T19:43:55.752+0800: 184.022: [ParNew: 444809K->10000K(480640K), 0.0438743 secs] 740845K->306081K(8344960K), 0.0440981 secs] [Times: user=0.14 sys=0.00, real=0.05 secs]
2018-11-10T19:43:57.679+0800: 185.949: [GC (Allocation Failure) 2018-11-10T19:43:57.679+0800: 185.949: [ParNew: 446992K->11348K(480640K), 0.0312359 secs] 743073K->307524K(8344960K), 0.0314796 secs] [Times: user=0.12 sys=0.00, real=0.03 secs]
2018-11-10T19:43:58.671+0800: 186.941: [GC (Allocation Failure) 2018-11-10T19:43:58.671+0800: 186.941: [ParNew: 447157K->30310K(480640K), 0.0667127 secs] 743333K->326585K(8344960K), 0.0669963 secs] [Times: user=0.17 sys=0.01, real=0.07 secs]
2018-11-10T19:43:59.728+0800: 187.999: [GC (Allocation Failure) 2018-11-10T19:43:59.729+0800: 187.999: [ParNew: 467302K->14285K(480640K), 0.0395484 secs] 763577K->314076K(8344960K), 0.0397815 secs] [Times: user=0.14 sys=0.00, real=0.04 secs]
2018-11-10T19:44:00.865+0800: 189.135: [GC (Allocation Failure) 2018-11-10T19:44:00.865+0800: 189.135: [ParNew: 451277K->8073K(480640K), 0.0303831 secs] 751068K->307864K(8344960K), 0.0306717 secs] [Times: user=0.12 sys=0.00, real=0.04 secs]
2018-11-10T19:44:04.459+0800: 192.730: [GC (Allocation Failure) 2018-11-10T19:44:04.459+0800: 192.730: [ParNew: 445065K->15496K(480640K), 0.0350621 secs] 744856K->315287K(8344960K), 0.0352836 secs] [Times: user=0.12 sys=0.00, real=0.03 secs]
2018-11-10T19:44:06.693+0800: 194.964: [GC (Allocation Failure) 2018-11-10T19:44:06.693+0800: 194.964: [ParNew: 452487K->18374K(480640K), 0.0319754 secs] 752279K->318165K(8344960K), 0.0322122 secs] [Times: user=0.12 sys=0.00, real=0.04 secs]
2018-11-10T19:44:07.685+0800: 195.955: [GC (Allocation Failure) 2018-11-10T19:44:07.685+0800: 195.956: [ParNew: 455366K->11278K(480640K), 0.0327153 secs] 755157K->311069K(8344960K), 0.0329597 secs] [Times: user=0.12 sys=0.00, real=0.04 secs]
2018-11-10T19:44:09.637+0800: 197.907: [GC (Allocation Failure) 2018-11-10T19:44:09.637+0800: 197.907: [ParNew: 448181K->16011K(480640K), 0.0387414 secs] 747972K->315802K(8344960K), 0.0389823 secs] [Times: user=0.14 sys=0.00, real=0.04 secs]
2018-11-10T19:44:13.822+0800: 202.093: [GC (Allocation Failure) 2018-11-10T19:44:13.822+0800: 202.093: [ParNew: 453003K->13418K(480640K), 0.0351900 secs] 752794K->313209K(8344960K), 0.0354255 secs] [Times: user=0.12 sys=0.00, real=0.04 secs]
2018-11-10T19:44:16.123+0800: 204.393: [GC (Allocation Failure) 2018-11-10T19:44:16.123+0800: 204.393: [ParNew: 450329K->13408K(480640K), 0.0373678 secs] 750120K->313200K(8344960K), 0.0376073 secs] [Times: user=0.12 sys=0.00, real=0.04 secs]
2018-11-10T19:44:17.925+0800: 206.196: [GC (Allocation Failure) 2018-11-10T19:44:17.925+0800: 206.196: [ParNew: 450400K->14854K(480640K), 0.0405254 secs] 750192K->314645K(8344960K), 0.0407791 secs] [Times: user=0.14 sys=0.00, real=0.05 secs]
2018-11-10T19:44:22.289+0800: 210.559: [GC (Allocation Failure) 2018-11-10T19:44:22.289+0800: 210.559: [ParNew: 451846K->22671K(480640K), 0.0420072 secs] 751637K->322462K(8344960K), 0.0422780 secs] [Times: user=0.13 sys=0.00, real=0.04 secs]
2018-11-10T19:44:25.673+0800: 213.944: [GC (Allocation Failure) 2018-11-10T19:44:25.673+0800: 213.944: [ParNew: 459663K->23809K(480640K), 0.0455110 secs] 759454K->323600K(8344960K), 0.0457737 secs] [Times: user=0.13 sys=0.00, real=0.05 secs]
2018-11-10T19:44:28.261+0800: 216.532: [GC (Allocation Failure) 2018-11-10T19:44:28.261+0800: 216.532: [ParNew: 460801K->16588K(480640K), 0.0336379 secs] 760592K->316380K(8344960K), 0.0338670 secs] [Times: user=0.11 sys=0.00, real=0.03 secs]
2018-11-10T19:44:31.597+0800: 219.868: [GC (Allocation Failure) 2018-11-10T19:44:31.597+0800: 219.868: [ParNew: 450210K->26417K(480640K), 0.0403354 secs] 750001K->326208K(8344960K), 0.0405557 secs] [Times: user=0.13 sys=0.00, real=0.04 secs]
2018-11-10T19:44:34.022+0800: 222.293: [GC (Allocation Failure) 2018-11-10T19:44:34.022+0800: 222.293: [ParNew: 463409K->14959K(480640K), 0.0355297 secs] 763200K->314750K(8344960K), 0.0357933 secs] [Times: user=0.12 sys=0.00, real=0.04 secs]
2018-11-10T19:44:36.590+0800: 224.861: [GC (Allocation Failure) 2018-11-10T19:44:36.590+0800: 224.861: [ParNew: 451951K->14269K(480640K), 0.0345652 secs] 751742K->314060K(8344960K), 0.0347956 secs] [Times: user=0.12 sys=0.00, real=0.04 secs]
2018-11-10T19:44:39.741+0800: 228.012: [GC (Allocation Failure) 2018-11-10T19:44:39.741+0800: 228.012: [ParNew: 451261K->13227K(480640K), 0.0388787 secs] 751052K->313595K(8344960K), 0.0391569 secs] [Times: user=0.13 sys=0.01, real=0.04 secs]
2018-11-10T19:44:40.920+0800: 229.190: [GC (Allocation Failure) 2018-11-10T19:44:40.920+0800: 229.190: [ParNew: 450219K->12022K(480640K), 0.0487005 secs] 750587K->316707K(8344960K), 0.0489221 secs] [Times: user=0.14 sys=0.00, real=0.05 secs]
2018-11-10T19:44:44.183+0800: 232.454: [GC (Allocation Failure) 2018-11-10T19:44:44.183+0800: 232.454: [ParNew: 449014K->14851K(480640K), 0.0365071 secs] 753699K->319603K(8344960K), 0.0367837 secs] [Times: user=0.13 sys=0.01, real=0.04 secs]
2018-11-10T19:44:46.176+0800: 234.446: [GC (Allocation Failure) 2018-11-10T19:44:46.176+0800: 234.446: [ParNew: 451843K->18250K(480640K), 0.0630650 secs] 756595K->323102K(8344960K), 0.0633461 secs] [Times: user=0.14 sys=0.00, real=0.06 secs]
2018-11-10T19:44:47.190+0800: 235.461: [GC (Allocation Failure) 2018-11-10T19:44:47.190+0800: 235.461: [ParNew: 455242K->12009K(480640K), 0.0588059 secs] 760094K->316865K(8344960K), 0.0590543 secs] [Times: user=0.14 sys=0.00, real=0.06 secs]
2018-11-10T19:44:48.084+0800: 236.354: [GC (Allocation Failure) 2018-11-10T19:44:48.084+0800: 236.354: [ParNew: 449001K->13261K(480640K), 0.0312986 secs] 753857K->318131K(8344960K), 0.0315197 secs] [Times: user=0.11 sys=0.00, real=0.03 secs]
2018-11-10T19:44:51.752+0800: 240.023: [GC (Allocation Failure) 2018-11-10T19:44:51.752+0800: 240.023: [ParNew: 450253K->14893K(480640K), 0.0382624 secs] 755123K->319832K(8344960K), 0.0384956 secs] [Times: user=0.13 sys=0.00, real=0.04 secs]
2018-11-10T19:44:54.213+0800: 242.484: [GC (Allocation Failure) 2018-11-10T19:44:54.213+0800: 242.484: [ParNew: 451885K->13902K(480640K), 0.0413967 secs] 756824K->318938K(8344960K), 0.0417050 secs] [Times: user=0.15 sys=0.00, real=0.04 secs]
2018-11-10T19:44:55.779+0800: 244.050: [GC (Allocation Failure) 2018-11-10T19:44:55.779+0800: 244.050: [ParNew: 450894K->14308K(480640K), 0.0394629 secs] 755930K->319380K(8344960K), 0.0396909 secs] [Times: user=0.13 sys=0.00, real=0.04 secs]
2018-11-10T19:44:59.637+0800: 247.908: [GC (Allocation Failure) 2018-11-10T19:44:59.637+0800: 247.908: [ParNew: 451300K->15518K(480640K), 0.0359410 secs] 756372K->320615K(8344960K), 0.0361860 secs] [Times: user=0.12 sys=0.00, real=0.03 secs]
2018-11-10T19:45:00.850+0800: 249.120: [GC (Allocation Failure) 2018-11-10T19:45:00.850+0800: 249.120: [ParNew: 452510K->14895K(480640K), 0.0596835 secs] 757607K->320019K(8344960K), 0.0598989 secs] [Times: user=0.16 sys=0.01, real=0.06 secs]
2018-11-10T19:45:01.692+0800: 249.963: [GC (Allocation Failure) 2018-11-10T19:45:01.692+0800: 249.963: [ParNew: 451887K->16393K(480640K), 0.0493581 secs] 757011K->321593K(8344960K), 0.0496180 secs] [Times: user=0.16 sys=0.00, real=0.05 secs]
2018-11-10T19:45:02.511+0800: 250.781: [GC (Allocation Failure) 2018-11-10T19:45:02.511+0800: 250.781: [ParNew: 453385K->17503K(480640K), 0.0320691 secs] 758585K->322863K(8344960K), 0.0322900 secs] [Times: user=0.12 sys=0.00, real=0.03 secs]
2018-11-10T19:45:04.243+0800: 252.514: [GC (Allocation Failure) 2018-11-10T19:45:04.243+0800: 252.514: [ParNew: 454495K->17963K(480640K), 0.0418872 secs] 759855K->323338K(8344960K), 0.0421071 secs] [Times: user=0.14 sys=0.00, real=0.05 secs]
2018-11-10T19:45:10.757+0800: 259.027: [GC (Allocation Failure) 2018-11-10T19:45:10.757+0800: 259.028: [ParNew: 454955K->8114K(480640K), 0.0339456 secs] 760330K->313604K(8344960K), 0.0341859 secs] [Times: user=0.11 sys=0.00, real=0.03 secs]
2018-11-10T19:45:12.230+0800: 260.501: [GC (Allocation Failure) 2018-11-10T19:45:12.230+0800: 260.501: [ParNew: 445106K->13193K(480640K), 0.0624138 secs] 750596K->318719K(8344960K), 0.0626349 secs] [Times: user=0.20 sys=0.00, real=0.06 secs]
2018-11-10T19:45:16.841+0800: 265.111: [GC (Allocation Failure) 2018-11-10T19:45:16.841+0800: 265.111: [ParNew: 450213K->9253K(480640K), 0.0363793 secs] 755739K->314796K(8344960K), 0.0366201 secs] [Times: user=0.12 sys=0.01, real=0.04 secs]
2018-11-10T19:45:16.882+0800: 265.152: [GC (GCLocker Initiated GC) 2018-11-10T19:45:16.882+0800: 265.152: [ParNew: 12161K->7896K(480640K), 0.0414110 secs] 317703K->313480K(8344960K), 0.0416077 secs] [Times: user=0.12 sys=0.00, real=0.04 secs]
2018-11-10T19:45:17.713+0800: 265.984: [GC (Allocation Failure) 2018-11-10T19:45:17.713+0800: 265.984: [ParNew: 444887K->14402K(480640K), 0.0405928 secs] 750471K->320003K(8344960K), 0.0408358 secs] [Times: user=0.14 sys=0.00, real=0.04 secs]
2018-11-10T19:45:19.196+0800: 267.467: [GC (Allocation Failure) 2018-11-10T19:45:19.196+0800: 267.467: [ParNew: 451394K->11637K(480640K), 0.0323906 secs] 756995K->317257K(8344960K), 0.0326487 secs] [Times: user=0.12 sys=0.00, real=0.03 secs]
2018-11-10T19:45:20.380+0800: 268.650: [GC (Allocation Failure) 2018-11-10T19:45:20.380+0800: 268.650: [ParNew: 448629K->9156K(480640K), 0.0378811 secs] 754249K->314844K(8344960K), 0.0381094 secs] [Times: user=0.14 sys=0.00, real=0.04 secs]
2018-11-10T19:45:21.132+0800: 269.403: [GC (Allocation Failure) 2018-11-10T19:45:21.132+0800: 269.403: [ParNew: 446148K->6468K(480640K), 0.0353853 secs] 751836K->312206K(8344960K), 0.0356556 secs] [Times: user=0.12 sys=0.00, real=0.04 secs]
2018-11-10T19:45:25.843+0800: 274.114: [GC (Allocation Failure) 2018-11-10T19:45:25.844+0800: 274.114: [ParNew: 443460K->18276K(480640K), 0.0392630 secs] 749198K->324033K(8344960K), 0.0395395 secs] [Times: user=0.13 sys=0.00, real=0.04 secs]
2018-11-10T19:45:27.256+0800: 275.526: [GC (Allocation Failure) 2018-11-10T19:45:27.256+0800: 275.526: [ParNew: 455268K->14767K(480640K), 0.0478582 secs] 761025K->320554K(8344960K), 0.0480828 secs] [Times: user=0.15 sys=0.00, real=0.04 secs]
2018-11-10T19:45:28.496+0800: 276.766: [GC (Allocation Failure) 2018-11-10T19:45:28.496+0800: 276.766: [ParNew: 451759K->12945K(480640K), 0.0469423 secs] 757546K->318772K(8344960K), 0.0471638 secs] [Times: user=0.18 sys=0.00, real=0.04 secs]
2018-11-10T19:45:30.446+0800: 278.717: [GC (Allocation Failure) 2018-11-10T19:45:30.446+0800: 278.717: [ParNew: 448261K->22656K(480640K), 0.0472311 secs] 754088K->328649K(8344960K), 0.0474807 secs] [Times: user=0.14 sys=0.00, real=0.04 secs]
2018-11-10T19:45:32.418+0800: 280.689: [GC (Allocation Failure) 2018-11-10T19:45:32.419+0800: 280.689: [ParNew: 459015K->28790K(480640K), 0.0502618 secs] 765008K->334803K(8344960K), 0.0504877 secs] [Times: user=0.13 sys=0.01, real=0.05 secs]
2018-11-10T19:45:34.868+0800: 283.138: [GC (Allocation Failure) 2018-11-10T19:45:34.868+0800: 283.139: [ParNew: 465782K->18425K(480640K), 0.0718405 secs] 771795K->330171K(8344960K), 0.0720565 secs] [Times: user=0.20 sys=0.01, real=0.07 secs]
2018-11-10T19:45:35.668+0800: 283.938: [GC (Allocation Failure) 2018-11-10T19:45:35.668+0800: 283.938: [ParNew: 451374K->30955K(480640K), 0.0334909 secs] 763121K->342701K(8344960K), 0.0337442 secs] [Times: user=0.12 sys=0.00, real=0.03 secs]
2018-11-10T19:45:38.249+0800: 286.519: [GC (Allocation Failure) 2018-11-10T19:45:38.249+0800: 286.519: [ParNew: 467947K->29199K(480640K), 0.0519835 secs] 779693K->359215K(8344960K), 0.0522100 secs] [Times: user=0.15 sys=0.00, real=0.05 secs]
2018-11-10T19:45:43.132+0800: 291.403: [GC (Allocation Failure) 2018-11-10T19:45:43.133+0800: 291.403: [ParNew: 466191K->11541K(480640K), 0.0425089 secs] 796207K->358329K(8344960K), 0.0427979 secs] [Times: user=0.15 sys=0.00, real=0.05 secs]
2018-11-10T19:45:44.034+0800: 292.304: [GC (Allocation Failure) 2018-11-10T19:45:44.034+0800: 292.304: [ParNew: 448533K->11608K(480640K), 0.0420976 secs] 795321K->358397K(8344960K), 0.0423812 secs] [Times: user=0.15 sys=0.00, real=0.05 secs]
2018-11-10T19:45:45.534+0800: 293.804: [GC (Allocation Failure) 2018-11-10T19:45:45.534+0800: 293.804: [ParNew: 448600K->8995K(480640K), 0.0317155 secs] 795389K->355783K(8344960K), 0.0319179 secs] [Times: user=0.12 sys=0.00, real=0.04 secs]
2018-11-10T19:45:48.807+0800: 297.078: [GC (Allocation Failure) 2018-11-10T19:45:48.807+0800: 297.078: [ParNew: 445987K->5947K(480640K), 0.0349477 secs] 792775K->352735K(8344960K), 0.0351666 secs] [Times: user=0.12 sys=0.00, real=0.03 secs]
2018-11-10T19:45:50.784+0800: 299.055: [GC (Allocation Failure) 2018-11-10T19:45:50.785+0800: 299.055: [ParNew: 442939K->7302K(480640K), 0.0391746 secs] 789727K->354090K(8344960K), 0.0393992 secs] [Times: user=0.14 sys=0.00, real=0.04 secs]
2018-11-10T19:45:53.677+0800: 301.948: [GC (Allocation Failure) 2018-11-10T19:45:53.677+0800: 301.948: [ParNew: 442536K->17209K(480640K), 0.0436615 secs] 789324K->363997K(8344960K), 0.0439199 secs] [Times: user=0.12 sys=0.00, real=0.04 secs]
2018-11-10T19:45:55.113+0800: 303.383: [GC (Allocation Failure) 2018-11-10T19:45:55.113+0800: 303.383: [ParNew: 454201K->2939K(480640K), 0.0345636 secs] 800989K->349728K(8344960K), 0.0347906 secs] [Times: user=0.12 sys=0.00, real=0.04 secs]
2018-11-10T19:45:59.324+0800: 307.594: [GC (Allocation Failure) 2018-11-10T19:45:59.324+0800: 307.594: [ParNew: 439128K->19363K(480640K), 0.0472446 secs] 785916K->366152K(8344960K), 0.0474712 secs] [Times: user=0.14 sys=0.00, real=0.05 secs]
2018-11-10T19:46:00.686+0800: 308.957: [GC (Allocation Failure) 2018-11-10T19:46:00.686+0800: 308.957: [ParNew: 456355K->23258K(480640K), 0.0406111 secs] 803144K->370046K(8344960K), 0.0408574 secs] [Times: user=0.13 sys=0.00, real=0.04 secs]
2018-11-10T19:46:02.708+0800: 310.979: [GC (Allocation Failure) 2018-11-10T19:46:02.708+0800: 310.979: [ParNew: 460250K->12694K(480640K), 0.0369282 secs] 807038K->359482K(8344960K), 0.0372007 secs] [Times: user=0.12 sys=0.00, real=0.04 secs]
2018-11-10T19:46:05.512+0800: 313.783: [GC (Allocation Failure) 2018-11-10T19:46:05.512+0800: 313.783: [ParNew: 449686K->13909K(480640K), 0.0355470 secs] 796474K->360698K(8344960K), 0.0357622 secs] [Times: user=0.12 sys=0.00, real=0.04 secs]
2018-11-10T19:46:07.744+0800: 316.015: [GC (Allocation Failure) 2018-11-10T19:46:07.745+0800: 316.015: [ParNew: 450901K->17202K(480640K), 0.0390769 secs] 797690K->363990K(8344960K), 0.0392941 secs] [Times: user=0.13 sys=0.00, real=0.04 secs]
2018-11-10T19:46:10.057+0800: 318.327: [GC (Allocation Failure) 2018-11-10T19:46:10.057+0800: 318.327: [ParNew: 454194K->31244K(480640K), 0.0430558 secs] 800982K->378032K(8344960K), 0.0433075 secs] [Times: user=0.13 sys=0.00, real=0.04 secs]
2018-11-10T19:46:14.128+0800: 322.398: [GC (Allocation Failure) 2018-11-10T19:46:14.128+0800: 322.398: [ParNew: 468236K->16839K(480640K), 0.0557356 secs] 815024K->365172K(8344960K), 0.0559647 secs] [Times: user=0.17 sys=0.00, real=0.05 secs]
2018-11-10T19:46:16.107+0800: 324.378: [GC (Allocation Failure) 2018-11-10T19:46:16.107+0800: 324.378: [ParNew: 453831K->22823K(480640K), 0.0472882 secs] 802164K->371156K(8344960K), 0.0475378 secs] [Times: user=0.15 sys=0.00, real=0.04 secs]
2018-11-10T19:46:18.667+0800: 326.938: [GC (Allocation Failure) 2018-11-10T19:46:18.667+0800: 326.938: [ParNew: 459815K->34629K(480640K), 0.0401265 secs] 808148K->383200K(8344960K), 0.0403810 secs] [Times: user=0.13 sys=0.00, real=0.04 secs]
2018-11-10T19:46:21.137+0800: 329.408: [GC (Allocation Failure) 2018-11-10T19:46:21.137+0800: 329.408: [ParNew: 471621K->10225K(480640K), 0.0472322 secs] 820192K->383565K(8344960K), 0.0475264 secs] [Times: user=0.14 sys=0.01, real=0.04 secs]
2018-11-10T19:46:23.437+0800: 331.708: [GC (Allocation Failure) 2018-11-10T19:46:23.437+0800: 331.708: [ParNew: 447217K->20361K(480640K), 0.0346106 secs] 820557K->393700K(8344960K), 0.0348489 secs] [Times: user=0.12 sys=0.01, real=0.03 secs]
2018-11-10T19:46:24.379+0800: 332.650: [GC (Allocation Failure) 2018-11-10T19:46:24.379+0800: 332.650: [ParNew: 457353K->25898K(480640K), 0.0301289 secs] 830692K->399237K(8344960K), 0.0303366 secs] [Times: user=0.11 sys=0.00, real=0.03 secs]
2018-11-10T19:46:26.078+0800: 334.349: [GC (Allocation Failure) 2018-11-10T19:46:26.079+0800: 334.349: [ParNew: 462890K->29843K(480640K), 0.0382142 secs] 836229K->403182K(8344960K), 0.0384347 secs] [Times: user=0.12 sys=0.00, real=0.04 secs]
2018-11-10T19:46:28.202+0800: 336.473: [GC (Allocation Failure) 2018-11-10T19:46:28.202+0800: 336.473: [ParNew: 466835K->21129K(480640K), 0.0427791 secs] 840174K->404111K(8344960K), 0.0429929 secs] [Times: user=0.14 sys=0.01, real=0.04 secs]
2018-11-10T19:46:32.152+0800: 340.422: [GC (Allocation Failure) 2018-11-10T19:46:32.152+0800: 340.422: [ParNew: 458121K->27011K(480640K), 0.0625338 secs] 841103K->409993K(8344960K), 0.0627440 secs] [Times: user=0.14 sys=0.00, real=0.06 secs]
2018-11-10T19:46:36.838+0800: 345.109: [GC (Allocation Failure) 2018-11-10T19:46:36.838+0800: 345.109: [ParNew: 464003K->14114K(480640K), 0.0438609 secs] 846985K->404786K(8344960K), 0.0440911 secs] [Times: user=0.14 sys=0.00, real=0.04 secs]
2018-11-10T19:46:41.071+0800: 349.342: [GC (Allocation Failure) 2018-11-10T19:46:41.071+0800: 349.342: [ParNew: 451106K->24184K(480640K), 0.0400550 secs] 841778K->414856K(8344960K), 0.0403021 secs] [Times: user=0.13 sys=0.00, real=0.04 secs]
2018-11-10T19:46:42.791+0800: 351.062: [GC (Allocation Failure) 2018-11-10T19:46:42.791+0800: 351.062: [ParNew: 461176K->8442K(480640K), 0.0424735 secs] 851848K->399114K(8344960K), 0.0426962 secs] [Times: user=0.13 sys=0.00, real=0.04 secs]
2018-11-10T19:46:44.949+0800: 353.220: [GC (Allocation Failure) 2018-11-10T19:46:44.949+0800: 353.220: [ParNew: 445434K->37429K(480640K), 0.0547579 secs] 836106K->428101K(8344960K), 0.0549765 secs] [Times: user=0.17 sys=0.00, real=0.05 secs]
2018-11-10T19:46:47.064+0800: 355.334: [GC (Allocation Failure) 2018-11-10T19:46:47.064+0800: 355.334: [ParNew: 474421K->17728K(480640K), 0.0420140 secs] 865093K->411658K(8344960K), 0.0422199 secs] [Times: user=0.15 sys=0.00, real=0.05 secs]
2018-11-10T19:46:48.267+0800: 356.538: [GC (Allocation Failure) 2018-11-10T19:46:48.267+0800: 356.538: [ParNew: 454720K->31481K(480640K), 0.0340961 secs] 848650K->425412K(8344960K), 0.0343782 secs] [Times: user=0.12 sys=0.00, real=0.03 secs]
2018-11-10T19:46:49.533+0800: 357.804: [GC (Allocation Failure) 2018-11-10T19:46:49.533+0800: 357.804: [ParNew: 468473K->35418K(480640K), 0.0496862 secs] 862404K->432485K(8344960K), 0.0499211 secs] [Times: user=0.17 sys=0.00, real=0.05 secs]
2018-11-10T19:46:52.462+0800: 360.733: [GC (Allocation Failure) 2018-11-10T19:46:52.463+0800: 360.733: [ParNew: 472410K->41796K(480640K), 0.0538722 secs] 869477K->452520K(8344960K), 0.0540942 secs] [Times: user=0.16 sys=0.01, real=0.06 secs]
2018-11-10T19:46:53.641+0800: 361.912: [GC (Allocation Failure) 2018-11-10T19:46:53.641+0800: 361.912: [ParNew: 478788K->29337K(480640K), 0.0501615 secs] 889512K->456596K(8344960K), 0.0503883 secs] [Times: user=0.17 sys=0.00, real=0.05 secs]
2018-11-10T19:46:57.595+0800: 365.865: [GC (Allocation Failure) 2018-11-10T19:46:57.595+0800: 365.865: [ParNew: 466329K->31249K(480640K), 0.0552058 secs] 893588K->470057K(8344960K), 0.0554877 secs] [Times: user=0.15 sys=0.01, real=0.06 secs]
2018-11-10T19:46:59.307+0800: 367.577: [GC (Allocation Failure) 2018-11-10T19:46:59.307+0800: 367.577: [ParNew: 468241K->34682K(480640K), 0.0488719 secs] 907049K->484293K(8344960K), 0.0490992 secs] [Times: user=0.14 sys=0.01, real=0.05 secs]
2018-11-10T19:47:00.836+0800: 369.106: [GC (Allocation Failure) 2018-11-10T19:47:00.836+0800: 369.106: [ParNew: 471674K->21450K(480640K), 0.0459019 secs] 921285K->493610K(8344960K), 0.0461210 secs] [Times: user=0.14 sys=0.01, real=0.04 secs]
2018-11-10T19:47:02.151+0800: 370.421: [GC (Allocation Failure) 2018-11-10T19:47:02.151+0800: 370.421: [ParNew: 458442K->20231K(480640K), 0.0395475 secs] 930602K->492390K(8344960K), 0.0397633 secs] [Times: user=0.12 sys=0.00, real=0.04 secs]
2018-11-10T19:47:02.732+0800: 371.003: [GC (Allocation Failure) 2018-11-10T19:47:02.732+0800: 371.003: [ParNew: 457223K->30955K(480640K), 0.0313209 secs] 929382K->503115K(8344960K), 0.0364582 secs] [Times: user=0.12 sys=0.00, real=0.04 secs]
2018-11-10T19:47:03.300+0800: 371.570: [GC (Allocation Failure) 2018-11-10T19:47:03.300+0800: 371.570: [ParNew: 467947K->28252K(480640K), 0.0378502 secs] 940107K->509180K(8344960K), 0.0380640 secs] [Times: user=0.13 sys=0.01, real=0.04 secs]
2018-11-10T19:47:06.087+0800: 374.358: [GC (Allocation Failure) 2018-11-10T19:47:06.087+0800: 374.358: [ParNew: 465244K->13947K(480640K), 0.0436246 secs] 946172K->494874K(8344960K), 0.0438402 secs] [Times: user=0.13 sys=0.00, real=0.04 secs]
2018-11-10T19:47:09.777+0800: 378.048: [GC (Allocation Failure) 2018-11-10T19:47:09.777+0800: 378.048: [ParNew: 450939K->8729K(480640K), 0.0323384 secs] 931866K->489657K(8344960K), 0.0325834 secs] [Times: user=0.11 sys=0.00, real=0.03 secs]
2018-11-10T19:47:14.028+0800: 382.298: [GC (Allocation Failure) 2018-11-10T19:47:14.028+0800: 382.298: [ParNew: 443979K->12464K(480640K), 0.0460806 secs] 924907K->493392K(8344960K), 0.0463023 secs] [Times: user=0.13 sys=0.01, real=0.04 secs]
2018-11-10T19:47:16.405+0800: 384.676: [GC (Allocation Failure) 2018-11-10T19:47:16.405+0800: 384.676: [ParNew: 449443K->14499K(480640K), 0.0541185 secs] 930371K->495427K(8344960K), 0.0543605 secs] [Times: user=0.12 sys=0.00, real=0.06 secs]
2018-11-10T19:47:20.720+0800: 388.991: [GC (Allocation Failure) 2018-11-10T19:47:20.720+0800: 388.991: [ParNew: 451491K->11902K(480640K), 0.0374220 secs] 932419K->492830K(8344960K), 0.0376528 secs] [Times: user=0.12 sys=0.00, real=0.04 secs]
2018-11-10T19:47:25.243+0800: 393.513: [GC (Allocation Failure) 2018-11-10T19:47:25.243+0800: 393.514: [ParNew: 448894K->17643K(480640K), 0.0480499 secs] 929822K->498571K(8344960K), 0.0482978 secs] [Times: user=0.15 sys=0.00, real=0.05 secs]
2018-11-10T19:47:29.463+0800: 397.734: [GC (Allocation Failure) 2018-11-10T19:47:29.463+0800: 397.734: [ParNew: 454635K->15924K(480640K), 0.0652524 secs] 935563K->496852K(8344960K), 0.0654628 secs] [Times: user=0.14 sys=0.00, real=0.07 secs]
2018-11-10T19:47:35.419+0800: 403.690: [GC (Allocation Failure) 2018-11-10T19:47:35.419+0800: 403.690: [ParNew: 452916K->20529K(480640K), 0.0532744 secs] 933844K->501457K(8344960K), 0.0535538 secs] [Times: user=0.13 sys=0.00, real=0.05 secs]
2018-11-10T19:47:36.391+0800: 404.661: [GC (Allocation Failure) 2018-11-10T19:47:36.391+0800: 404.661: [ParNew: 457521K->14607K(480640K), 0.0356128 secs] 938449K->495535K(8344960K), 0.0358472 secs] [Times: user=0.13 sys=0.00, real=0.04 secs]
2018-11-10T19:47:40.861+0800: 409.131: [GC (Allocation Failure) 2018-11-10T19:47:40.861+0800: 409.132: [ParNew: 451599K->10786K(480640K), 0.0332022 secs] 932527K->491714K(8344960K), 0.0334799 secs] [Times: user=0.11 sys=0.01, real=0.03 secs]
2018-11-10T19:47:45.404+0800: 413.675: [GC (Allocation Failure) 2018-11-10T19:47:45.404+0800: 413.675: [ParNew: 447778K->10119K(480640K), 0.0344000 secs] 928706K->491047K(8344960K), 0.0346520 secs] [Times: user=0.12 sys=0.00, real=0.04 secs]
2018-11-10T19:47:49.409+0800: 417.679: [GC (Allocation Failure) 2018-11-10T19:47:49.409+0800: 417.679: [ParNew: 447111K->17145K(480640K), 0.0372400 secs] 928039K->498073K(8344960K), 0.0374888 secs] [Times: user=0.13 sys=0.00, real=0.04 secs]
2018-11-10T19:47:50.681+0800: 418.952: [GC (Allocation Failure) 2018-11-10T19:47:50.681+0800: 418.952: [ParNew: 454137K->12420K(480640K), 0.0484240 secs] 935065K->493884K(8344960K), 0.0487061 secs] [Times: user=0.16 sys=0.00, real=0.05 secs]
2018-11-10T19:47:53.568+0800: 421.839: [GC (Allocation Failure) 2018-11-10T19:47:53.568+0800: 421.839: [ParNew: 449412K->12820K(480640K), 0.0470246 secs] 930876K->494290K(8344960K), 0.0472577 secs] [Times: user=0.15 sys=0.00, real=0.05 secs]
2018-11-10T19:47:58.702+0800: 426.973: [GC (Allocation Failure) 2018-11-10T19:47:58.702+0800: 426.973: [ParNew: 449812K->12210K(480640K), 0.0375527 secs] 931282K->493733K(8344960K), 0.0377830 secs] [Times: user=0.12 sys=0.01, real=0.04 secs]
2018-11-10T19:48:00.671+0800: 428.942: [GC (Allocation Failure) 2018-11-10T19:48:00.671+0800: 428.942: [ParNew: 449202K->10026K(480640K), 0.0508520 secs] 930725K->494183K(8344960K), 0.0511056 secs] [Times: user=0.13 sys=0.00, real=0.05 secs]
2018-11-10T19:48:04.043+0800: 432.313: [GC (Allocation Failure) 2018-11-10T19:48:04.043+0800: 432.313: [ParNew: 447018K->11051K(480640K), 0.0537736 secs] 931175K->495235K(8344960K), 0.0540276 secs] [Times: user=0.14 sys=0.00, real=0.06 secs]
2018-11-10T19:48:05.500+0800: 433.771: [GC (Allocation Failure) 2018-11-10T19:48:05.500+0800: 433.771: [ParNew: 448043K->10028K(480640K), 0.0425115 secs] 932227K->494321K(8344960K), 0.0427862 secs] [Times: user=0.14 sys=0.00, real=0.04 secs]
2018-11-10T19:48:07.510+0800: 435.781: [GC (Allocation Failure) 2018-11-10T19:48:07.510+0800: 435.781: [ParNew: 447020K->7184K(480640K), 0.0301252 secs] 931313K->491486K(8344960K), 0.0303393 secs] [Times: user=0.11 sys=0.00, real=0.03 secs]
2018-11-10T19:48:12.307+0800: 440.578: [GC (Allocation Failure) 2018-11-10T19:48:12.307+0800: 440.578: [ParNew: 444176K->5552K(480640K), 0.0346963 secs] 928478K->489864K(8344960K), 0.0349281 secs] [Times: user=0.11 sys=0.00, real=0.03 secs]
2018-11-10T19:48:16.906+0800: 445.177: [GC (Allocation Failure) 2018-11-10T19:48:16.906+0800: 445.177: [ParNew: 442544K->12976K(480640K), 0.0428145 secs] 926856K->497310K(8344960K), 0.0430982 secs] [Times: user=0.13 sys=0.00, real=0.04 secs]
2018-11-10T19:48:19.072+0800: 447.343: [GC (Allocation Failure) 2018-11-10T19:48:19.073+0800: 447.343: [ParNew: 449968K->9683K(480640K), 0.0482845 secs] 934302K->494113K(8344960K), 0.0485131 secs] [Times: user=0.18 sys=0.00, real=0.05 secs]
2018-11-10T19:48:23.128+0800: 451.399: [GC (Allocation Failure) 2018-11-10T19:48:23.129+0800: 451.399: [ParNew: 446675K->10305K(480640K), 0.0320451 secs] 931105K->494808K(8344960K), 0.0322800 secs] [Times: user=0.11 sys=0.00, real=0.03 secs]
2018-11-10T19:48:27.065+0800: 455.336: [GC (Allocation Failure) 2018-11-10T19:48:27.065+0800: 455.336: [ParNew: 447297K->8256K(480640K), 0.0452390 secs] 931800K->492761K(8344960K), 0.0454622 secs] [Times: user=0.14 sys=0.00, real=0.05 secs]
2018-11-10T19:48:27.709+0800: 455.980: [GC (Allocation Failure) 2018-11-10T19:48:27.710+0800: 455.980: [ParNew: 445248K->11447K(480640K), 0.0362775 secs] 929753K->495963K(8344960K), 0.0365493 secs] [Times: user=0.13 sys=0.00, real=0.04 secs]
2018-11-10T19:48:29.856+0800: 458.126: [GC (Allocation Failure) 2018-11-10T19:48:29.856+0800: 458.126: [ParNew: 448439K->6876K(480640K), 0.0471806 secs] 932955K->491432K(8344960K), 0.0474184 secs] [Times: user=0.15 sys=0.00, real=0.04 secs]
2018-11-10T19:48:32.624+0800: 460.895: [GC (Allocation Failure) 2018-11-10T19:48:32.625+0800: 460.895: [ParNew: 443868K->15379K(480640K), 0.0398462 secs] 928424K->499955K(8344960K), 0.0400806 secs] [Times: user=0.13 sys=0.00, real=0.04 secs]
2018-11-10T19:48:33.476+0800: 461.747: [GC (Allocation Failure) 2018-11-10T19:48:33.477+0800: 461.747: [ParNew: 452371K->11338K(480640K), 0.0354124 secs] 936947K->495918K(8344960K), 0.0356407 secs] [Times: user=0.13 sys=0.00, real=0.03 secs]
2018-11-10T19:48:36.662+0800: 464.932: [GC (Allocation Failure) 2018-11-10T19:48:36.662+0800: 464.933: [ParNew: 448330K->9589K(480640K), 0.0355970 secs] 932910K->494280K(8344960K), 0.0358353 secs] [Times: user=0.12 sys=0.01, real=0.04 secs]
2018-11-10T19:48:41.013+0800: 469.284: [GC (Allocation Failure) 2018-11-10T19:48:41.013+0800: 469.284: [ParNew: 443868K->15886K(480640K), 0.0425821 secs] 928559K->500589K(8344960K), 0.0428187 secs] [Times: user=0.13 sys=0.00, real=0.05 secs]
2018-11-10T19:48:43.941+0800: 472.212: [GC (Allocation Failure) 2018-11-10T19:48:43.942+0800: 472.212: [ParNew: 452878K->10577K(480640K), 0.0340234 secs] 937581K->495312K(8344960K), 0.0342965 secs] [Times: user=0.12 sys=0.01, real=0.04 secs]
2018-11-10T19:48:46.753+0800: 475.024: [GC (Allocation Failure) 2018-11-10T19:48:46.753+0800: 475.024: [ParNew: 447569K->6746K(480640K), 0.0315805 secs] 932304K->491532K(8344960K), 0.0318178 secs] [Times: user=0.11 sys=0.00, real=0.03 secs]
2018-11-10T19:48:48.903+0800: 477.174: [GC (Allocation Failure) 2018-11-10T19:48:48.904+0800: 477.174: [ParNew: 443738K->6570K(480640K), 0.0295992 secs] 928524K->491357K(8344960K), 0.0298375 secs] [Times: user=0.11 sys=0.00, real=0.03 secs]
2018-11-10T19:48:51.885+0800: 480.155: [GC (Allocation Failure) 2018-11-10T19:48:51.885+0800: 480.155: [ParNew: 443562K->5780K(480640K), 0.0349781 secs] 928349K->490573K(8344960K), 0.0352042 secs] [Times: user=0.13 sys=0.00, real=0.04 secs]
2018-11-10T19:48:56.080+0800: 484.351: [GC (Allocation Failure) 2018-11-10T19:48:56.080+0800: 484.351: [ParNew: 442772K->14579K(480640K), 0.0436784 secs] 927565K->499470K(8344960K), 0.0439666 secs] [Times: user=0.13 sys=0.00, real=0.04 secs]
2018-11-10T19:48:58.701+0800: 486.971: [GC (Allocation Failure) 2018-11-10T19:48:58.701+0800: 486.971: [ParNew: 451571K->5769K(480640K), 0.0382375 secs] 936462K->490863K(8344960K), 0.0385018 secs] [Times: user=0.14 sys=0.00, real=0.04 secs]
2018-11-10T19:49:00.234+0800: 488.505: [GC (Allocation Failure) 2018-11-10T19:49:00.234+0800: 488.505: [ParNew: 442761K->11505K(480640K), 0.0342305 secs] 927855K->496604K(8344960K), 0.0344808 secs] [Times: user=0.12 sys=0.00, real=0.04 secs]
2018-11-10T19:49:00.774+0800: 489.045: [GC (Allocation Failure) 2018-11-10T19:49:00.774+0800: 489.045: [ParNew: 448497K->22142K(480640K), 0.0456196 secs] 933596K->507260K(8344960K), 0.0458492 secs] [Times: user=0.13 sys=0.00, real=0.05 secs]
2018-11-10T19:49:01.366+0800: 489.637: [GC (Allocation Failure) 2018-11-10T19:49:01.367+0800: 489.637: [ParNew: 459134K->17182K(480640K), 0.0332431 secs] 944252K->502313K(8344960K), 0.0334773 secs] [Times: user=0.12 sys=0.00, real=0.03 secs]
2018-11-10T19:49:05.537+0800: 493.808: [GC (Allocation Failure) 2018-11-10T19:49:05.537+0800: 493.808: [ParNew: 454174K->15875K(480640K), 0.0497362 secs] 939305K->501011K(8344960K), 0.0499713 secs] [Times: user=0.14 sys=0.01, real=0.05 secs]
2018-11-10T19:49:09.385+0800: 497.655: [GC (Allocation Failure) 2018-11-10T19:49:09.385+0800: 497.655: [ParNew: 452867K->13546K(480640K), 0.0369536 secs] 938003K->498684K(8344960K), 0.0371798 secs] [Times: user=0.12 sys=0.00, real=0.04 secs]
2018-11-10T19:49:10.787+0800: 499.058: [GC (Allocation Failure) 2018-11-10T19:49:10.787+0800: 499.058: [ParNew: 449868K->25129K(480640K), 0.0593579 secs] 935006K->510273K(8344960K), 0.0595772 secs] [Times: user=0.15 sys=0.01, real=0.06 secs]
2018-11-10T19:49:15.464+0800: 503.734: [GC (Allocation Failure) 2018-11-10T19:49:15.464+0800: 503.734: [ParNew: 462100K->12957K(480640K), 0.0422705 secs] 947244K->499273K(8344960K), 0.0425263 secs] [Times: user=0.13 sys=0.00, real=0.05 secs]
2018-11-10T19:49:17.654+0800: 505.925: [GC (Allocation Failure) 2018-11-10T19:49:17.654+0800: 505.925: [ParNew: 449949K->8385K(480640K), 0.0375619 secs] 936265K->494700K(8344960K), 0.0378053 secs] [Times: user=0.12 sys=0.00, real=0.04 secs]
2018-11-10T19:49:22.802+0800: 511.072: [GC (Allocation Failure) 2018-11-10T19:49:22.802+0800: 511.073: [ParNew: 445377K->8839K(480640K), 0.0429910 secs] 931692K->495154K(8344960K), 0.0432557 secs] [Times: user=0.13 sys=0.00, real=0.04 secs]
2018-11-10T19:49:24.286+0800: 512.557: [GC (Allocation Failure) 2018-11-10T19:49:24.286+0800: 512.557: [ParNew: 445831K->9220K(480640K), 0.0385434 secs] 932146K->495535K(8344960K), 0.0388235 secs] [Times: user=0.12 sys=0.00, real=0.04 secs]
2018-11-10T19:49:27.212+0800: 515.483: [GC (Allocation Failure) 2018-11-10T19:49:27.212+0800: 515.483: [ParNew: 446212K->16792K(480640K), 0.0411774 secs] 932527K->503107K(8344960K), 0.0414272 secs] [Times: user=0.13 sys=0.00, real=0.04 secs]
2018-11-10T19:49:30.047+0800: 518.318: [GC (Allocation Failure) 2018-11-10T19:49:30.047+0800: 518.318: [ParNew: 453784K->8927K(480640K), 0.0348943 secs] 940099K->495243K(8344960K), 0.0351897 secs] [Times: user=0.11 sys=0.00, real=0.03 secs]
2018-11-10T19:49:31.464+0800: 519.734: [GC (Allocation Failure) 2018-11-10T19:49:31.464+0800: 519.735: [ParNew: 445919K->12541K(480640K), 0.0302703 secs] 932235K->498857K(8344960K), 0.0305706 secs] [Times: user=0.11 sys=0.00, real=0.03 secs]
2018-11-10T19:49:35.615+0800: 523.885: [GC (Allocation Failure) 2018-11-10T19:49:35.615+0800: 523.885: [ParNew: 449533K->9622K(480640K), 0.0397497 secs] 935849K->495937K(8344960K), 0.0399972 secs] [Times: user=0.12 sys=0.00, real=0.04 secs]
2018-11-10T19:49:36.862+0800: 525.133: [GC (Allocation Failure) 2018-11-10T19:49:36.862+0800: 525.133: [ParNew: 446606K->9731K(480640K), 0.0300403 secs] 932922K->496046K(8344960K), 0.0302842 secs] [Times: user=0.11 sys=0.00, real=0.03 secs]
2018-11-10T19:49:42.657+0800: 530.927: [GC (Allocation Failure) 2018-11-10T19:49:42.657+0800: 530.927: [ParNew: 446723K->11992K(480640K), 0.0307618 secs] 933038K->498307K(8344960K), 0.0309915 secs] [Times: user=0.11 sys=0.00, real=0.03 secs]
2018-11-10T19:49:43.970+0800: 532.240: [GC (Allocation Failure) 2018-11-10T19:49:43.970+0800: 532.240: [ParNew: 448984K->17263K(480640K), 0.0331984 secs] 935299K->503578K(8344960K), 0.0334303 secs] [Times: user=0.12 sys=0.00, real=0.03 secs]
2018-11-10T19:49:45.605+0800: 533.875: [GC (Allocation Failure) 2018-11-10T19:49:45.605+0800: 533.876: [ParNew: 454255K->10653K(480640K), 0.0490551 secs] 940570K->496968K(8344960K), 0.0492864 secs] [Times: user=0.12 sys=0.00, real=0.05 secs]
2018-11-10T19:49:48.976+0800: 537.247: [GC (Allocation Failure) 2018-11-10T19:49:48.976+0800: 537.247: [ParNew: 447645K->8351K(480640K), 0.0328733 secs] 933960K->494666K(8344960K), 0.0330857 secs] [Times: user=0.11 sys=0.00, real=0.03 secs]
2018-11-10T19:49:50.454+0800: 538.725: [GC (Allocation Failure) 2018-11-10T19:49:50.454+0800: 538.725: [ParNew: 444252K->17656K(480640K), 0.0391941 secs] 930567K->503971K(8344960K), 0.0394286 secs] [Times: user=0.11 sys=0.00, real=0.04 secs]
2018-11-10T19:49:55.817+0800: 544.087: [GC (Allocation Failure) 2018-11-10T19:49:55.817+0800: 544.087: [ParNew: 454648K->11237K(480640K), 0.0334800 secs] 940963K->497553K(8344960K), 0.0337016 secs] [Times: user=0.10 sys=0.00, real=0.03 secs]
2018-11-10T19:49:59.220+0800: 547.491: [GC (Allocation Failure) 2018-11-10T19:49:59.220+0800: 547.491: [ParNew: 448229K->15853K(480640K), 0.0346557 secs] 934545K->503071K(8344960K), 0.0348733 secs] [Times: user=0.12 sys=0.00, real=0.03 secs]
2018-11-10T19:50:02.644+0800: 550.915: [GC (Allocation Failure) 2018-11-10T19:50:02.644+0800: 550.915: [ParNew: 452845K->16131K(480640K), 0.0417044 secs] 940063K->503467K(8344960K), 0.0419426 secs] [Times: user=0.12 sys=0.00, real=0.05 secs]
2018-11-10T19:50:03.951+0800: 552.222: [GC (Allocation Failure) 2018-11-10T19:50:03.951+0800: 552.222: [ParNew: 453123K->9020K(480640K), 0.0416790 secs] 940459K->496381K(8344960K), 0.0419397 secs] [Times: user=0.11 sys=0.00, real=0.04 secs]
2018-11-10T19:50:10.706+0800: 558.976: [GC (Allocation Failure) 2018-11-10T19:50:10.706+0800: 558.976: [ParNew: 446012K->10721K(480640K), 0.0357049 secs] 933373K->498091K(8344960K), 0.0359454 secs] [Times: user=0.11 sys=0.00, real=0.03 secs]
2018-11-10T19:50:12.174+0800: 560.444: [GC (Allocation Failure) 2018-11-10T19:50:12.174+0800: 560.445: [ParNew: 447713K->12242K(480640K), 0.0377098 secs] 935083K->499618K(8344960K), 0.0379282 secs] [Times: user=0.12 sys=0.00, real=0.04 secs]
2018-11-10T19:50:14.889+0800: 563.159: [GC (Allocation Failure) 2018-11-10T19:50:14.889+0800: 563.159: [ParNew: 449234K->17837K(480640K), 0.0480716 secs] 936610K->505228K(8344960K), 0.0482899 secs] [Times: user=0.13 sys=0.00, real=0.05 secs]
2018-11-10T19:50:19.259+0800: 567.529: [GC (Allocation Failure) 2018-11-10T19:50:19.259+0800: 567.530: [ParNew: 454829K->8215K(480640K), 0.0311103 secs] 942220K->495607K(8344960K), 0.0314003 secs] [Times: user=0.12 sys=0.00, real=0.03 secs]
2018-11-10T19:50:22.527+0800: 570.798: [GC (Allocation Failure) 2018-11-10T19:50:22.528+0800: 570.798: [ParNew: 445207K->9605K(480640K), 0.0398567 secs] 932599K->497037K(8344960K), 0.0401184 secs] [Times: user=0.14 sys=0.00, real=0.04 secs]
2018-11-10T19:50:26.620+0800: 574.891: [GC (Allocation Failure) 2018-11-10T19:50:26.620+0800: 574.891: [ParNew: 446597K->18136K(480640K), 0.0377224 secs] 934029K->505587K(8344960K), 0.0379653 secs] [Times: user=0.13 sys=0.00, real=0.04 secs]
2018-11-10T19:50:27.101+0800: 575.372: [GC (Allocation Failure) 2018-11-10T19:50:27.101+0800: 575.372: [ParNew: 455128K->28003K(480640K), 0.0450108 secs] 942579K->515468K(8344960K), 0.0452234 secs] [Times: user=0.13 sys=0.00, real=0.05 secs]
2018-11-10T19:50:28.368+0800: 576.639: [GC (Allocation Failure) 2018-11-10T19:50:28.368+0800: 576.639: [ParNew: 464991K->13015K(480640K), 0.0502378 secs] 952456K->506977K(8344960K), 0.0504691 secs] [Times: user=0.17 sys=0.00, real=0.05 secs]
2018-11-10T19:50:29.537+0800: 577.808: [GC (Allocation Failure) 2018-11-10T19:50:29.537+0800: 577.808: [ParNew: 450007K->11263K(480640K), 0.0565764 secs] 943969K->505226K(8344960K), 0.0568043 secs] [Times: user=0.12 sys=0.00, real=0.05 secs]
2018-11-10T19:50:30.499+0800: 578.770: [GC (Allocation Failure) 2018-11-10T19:50:30.500+0800: 578.770: [ParNew: 448255K->12766K(480640K), 0.0297100 secs] 942218K->506728K(8344960K), 0.0299106 secs] [Times: user=0.11 sys=0.00, real=0.03 secs]
2018-11-10T19:50:37.611+0800: 585.881: [GC (Allocation Failure) 2018-11-10T19:50:37.611+0800: 585.881: [ParNew: 449758K->14426K(480640K), 0.0390390 secs] 943720K->508388K(8344960K), 0.0392856 secs] [Times: user=0.13 sys=0.00, real=0.04 secs]
2018-11-10T19:50:41.961+0800: 590.231: [GC (Allocation Failure) 2018-11-10T19:50:41.961+0800: 590.231: [ParNew: 451418K->13093K(480640K), 0.0348200 secs] 945380K->507056K(8344960K), 0.0350590 secs] [Times: user=0.12 sys=0.00, real=0.04 secs]
2018-11-10T19:50:44.439+0800: 592.710: [GC (Allocation Failure) 2018-11-10T19:50:44.439+0800: 592.710: [ParNew: 450085K->13703K(480640K), 0.0313688 secs] 944048K->507665K(8344960K), 0.0315821 secs] [Times: user=0.11 sys=0.01, real=0.03 secs]
2018-11-10T19:50:47.616+0800: 595.887: [GC (Allocation Failure) 2018-11-10T19:50:47.616+0800: 595.887: [ParNew: 450695K->17508K(480640K), 0.0424835 secs] 944657K->511470K(8344960K), 0.0426919 secs] [Times: user=0.13 sys=0.00, real=0.04 secs]
2018-11-10T19:50:48.625+0800: 596.896: [GC (Allocation Failure) 2018-11-10T19:50:48.625+0800: 596.896: [ParNew: 454500K->19184K(480640K), 0.0307088 secs] 948462K->513147K(8344960K), 0.0309277 secs] [Times: user=0.12 sys=0.00, real=0.04 secs]
2018-11-10T19:50:51.224+0800: 599.495: [GC (Allocation Failure) 2018-11-10T19:50:51.224+0800: 599.495: [ParNew: 456176K->17952K(480640K), 0.0381314 secs] 950139K->511914K(8344960K), 0.0383803 secs] [Times: user=0.13 sys=0.00, real=0.04 secs]
2018-11-10T19:50:53.830+0800: 602.100: [GC (Allocation Failure) 2018-11-10T19:50:53.830+0800: 602.101: [ParNew: 454944K->16201K(480640K), 0.0355626 secs] 948906K->510164K(8344960K), 0.0358057 secs] [Times: user=0.13 sys=0.00, real=0.04 secs]
2018-11-10T19:50:57.797+0800: 606.068: [GC (Allocation Failure) 2018-11-10T19:50:57.798+0800: 606.068: [ParNew: 453193K->21219K(480640K), 0.0468933 secs] 947156K->515182K(8344960K), 0.0471395 secs] [Times: user=0.14 sys=0.00, real=0.04 secs]
2018-11-10T19:51:00.841+0800: 609.112: [GC (Allocation Failure) 2018-11-10T19:51:00.842+0800: 609.112: [ParNew: 456241K->14967K(480640K), 0.0344160 secs] 950203K->508930K(8344960K), 0.0346411 secs] [Times: user=0.11 sys=0.00, real=0.04 secs]
2018-11-10T19:51:02.698+0800: 610.969: [GC (Allocation Failure) 2018-11-10T19:51:02.698+0800: 610.969: [ParNew: 451952K->40347K(480640K), 0.0465543 secs] 945914K->534309K(8344960K), 0.0468160 secs] [Times: user=0.14 sys=0.00, real=0.04 secs]
2018-11-10T19:51:04.727+0800: 612.998: [GC (Allocation Failure) 2018-11-10T19:51:04.727+0800: 612.998: [ParNew: 477339K->12504K(480640K), 0.0415246 secs] 971301K->513300K(8344960K), 0.0417393 secs] [Times: user=0.14 sys=0.00, real=0.04 secs]
2018-11-10T19:51:05.906+0800: 614.177: [GC (Allocation Failure) 2018-11-10T19:51:05.906+0800: 614.177: [ParNew: 449496K->8813K(480640K), 0.0286551 secs] 950292K->509609K(8344960K), 0.0288971 secs] [Times: user=0.11 sys=0.00, real=0.03 secs]
2018-11-10T19:51:07.729+0800: 615.999: [GC (Allocation Failure) 2018-11-10T19:51:07.729+0800: 615.999: [ParNew: 445805K->10048K(480640K), 0.0322721 secs] 946601K->510844K(8344960K), 0.0325015 secs] [Times: user=0.11 sys=0.00, real=0.03 secs]
2018-11-10T19:51:12.534+0800: 620.805: [GC (Allocation Failure) 2018-11-10T19:51:12.534+0800: 620.805: [ParNew: 447040K->11374K(480640K), 0.0340761 secs] 947836K->512170K(8344960K), 0.0343479 secs] [Times: user=0.11 sys=0.00, real=0.04 secs]
2018-11-10T19:51:16.067+0800: 624.338: [GC (Allocation Failure) 2018-11-10T19:51:16.067+0800: 624.338: [ParNew: 448366K->13524K(480640K), 0.0405092 secs] 949162K->514319K(8344960K), 0.0407578 secs] [Times: user=0.13 sys=0.00, real=0.04 secs]
2018-11-10T19:51:17.428+0800: 625.699: [GC (Allocation Failure) 2018-11-10T19:51:17.429+0800: 625.699: [ParNew: 450516K->19879K(480640K), 0.0353981 secs] 951311K->520675K(8344960K), 0.0356212 secs] [Times: user=0.11 sys=0.00, real=0.03 secs]
2018-11-10T19:51:18.587+0800: 626.857: [GC (Allocation Failure) 2018-11-10T19:51:18.587+0800: 626.857: [ParNew: 456871K->21842K(480640K), 0.0319628 secs] 957667K->522638K(8344960K), 0.0321788 secs] [Times: user=0.12 sys=0.00, real=0.03 secs]
2018-11-10T19:51:19.336+0800: 627.607: [GC (Allocation Failure) 2018-11-10T19:51:19.336+0800: 627.607: [ParNew: 458834K->18706K(480640K), 0.0434454 secs] 959630K->519502K(8344960K), 0.0436596 secs] [Times: user=0.11 sys=0.00, real=0.04 secs]
2018-11-10T19:51:20.203+0800: 628.474: [GC (Allocation Failure) 2018-11-10T19:51:20.203+0800: 628.474: [ParNew: 455698K->17170K(480640K), 0.0468312 secs] 956494K->517965K(8344960K), 0.0470667 secs] [Times: user=0.12 sys=0.01, real=0.05 secs]
2018-11-10T19:51:22.900+0800: 631.171: [GC (Allocation Failure) 2018-11-10T19:51:22.900+0800: 631.171: [ParNew: 454162K->17275K(480640K), 0.0310136 secs] 954957K->518071K(8344960K), 0.0312276 secs] [Times: user=0.11 sys=0.00, real=0.03 secs]
2018-11-10T19:51:25.650+0800: 633.921: [GC (Allocation Failure) 2018-11-10T19:51:25.650+0800: 633.921: [ParNew: 454267K->12173K(480640K), 0.0312140 secs] 955063K->512969K(8344960K), 0.0314337 secs] [Times: user=0.10 sys=0.00, real=0.03 secs]
2018-11-10T19:51:29.659+0800: 637.929: [GC (Allocation Failure) 2018-11-10T19:51:29.659+0800: 637.929: [ParNew: 449165K->18658K(480640K), 0.0396243 secs] 949961K->519454K(8344960K), 0.0398440 secs] [Times: user=0.12 sys=0.00, real=0.04 secs]
2018-11-10T19:51:31.021+0800: 639.292: [GC (Allocation Failure) 2018-11-10T19:51:31.022+0800: 639.292: [ParNew: 455650K->33793K(480640K), 0.0356647 secs] 956446K->534589K(8344960K), 0.0358988 secs] [Times: user=0.13 sys=0.00, real=0.04 secs]
2018-11-10T19:51:31.833+0800: 640.103: [GC (Allocation Failure) 2018-11-10T19:51:31.833+0800: 640.104: [ParNew: 470785K->25005K(480640K), 0.0560641 secs] 971581K->537065K(8344960K), 0.0562886 secs] [Times: user=0.16 sys=0.01, real=0.06 secs]
2018-11-10T19:51:32.506+0800: 640.777: [GC (Allocation Failure) 2018-11-10T19:51:32.506+0800: 640.777: [ParNew: 461997K->43647K(480640K), 0.0592435 secs] 974057K->559689K(8344960K), 0.0594520 secs] [Times: user=0.15 sys=0.00, real=0.06 secs]
2018-11-10T19:51:33.558+0800: 641.829: [GC (Allocation Failure) 2018-11-10T19:51:33.559+0800: 641.829: [ParNew: 480639K->15325K(480640K), 0.0496078 secs] 996681K->565719K(8344960K), 0.0498279 secs] [Times: user=0.17 sys=0.01, real=0.05 secs]
2018-11-10T19:51:34.729+0800: 642.999: [GC (Allocation Failure) 2018-11-10T19:51:34.729+0800: 642.999: [ParNew: 452317K->20899K(480640K), 0.0319488 secs] 1002711K->571293K(8344960K), 0.0321708 secs] [Times: user=0.11 sys=0.00, real=0.03 secs]
2018-11-10T19:51:37.674+0800: 645.944: [GC (Allocation Failure) 2018-11-10T19:51:37.674+0800: 645.944: [ParNew: 457891K->17216K(480640K), 0.0299720 secs] 1008285K->567610K(8344960K), 0.0301891 secs] [Times: user=0.11 sys=0.00, real=0.03 secs]
2018-11-10T19:51:46.892+0800: 655.163: [GC (Allocation Failure) 2018-11-10T19:51:46.892+0800: 655.163: [ParNew: 454208K->17997K(480640K), 0.0344867 secs] 1004602K->568391K(8344960K), 0.0347106 secs] [Times: user=0.11 sys=0.00, real=0.04 secs]
2018-11-10T19:51:55.325+0800: 663.595: [GC (Allocation Failure) 2018-11-10T19:51:55.325+0800: 663.595: [ParNew: 454989K->24095K(480640K), 0.0587271 secs] 1005383K->574489K(8344960K), 0.0589534 secs] [Times: user=0.15 sys=0.00, real=0.06 secs]
2018-11-10T19:51:59.014+0800: 667.284: [GC (Allocation Failure) 2018-11-10T19:51:59.014+0800: 667.284: [ParNew: 461087K->21169K(480640K), 0.0397424 secs] 1011481K->572866K(8344960K), 0.0399523 secs] [Times: user=0.13 sys=0.00, real=0.04 secs]
2018-11-10T19:52:04.147+0800: 672.417: [GC (Allocation Failure) 2018-11-10T19:52:04.147+0800: 672.417: [ParNew: 458161K->22666K(480640K), 0.0534112 secs] 1009858K->574363K(8344960K), 0.0536384 secs] [Times: user=0.15 sys=0.00, real=0.05 secs]
2018-11-10T19:52:08.828+0800: 677.099: [GC (Allocation Failure) 2018-11-10T19:52:08.828+0800: 677.099: [ParNew: 459658K->16482K(480640K), 0.0393643 secs] 1011355K->568179K(8344960K), 0.0396215 secs] [Times: user=0.13 sys=0.00, real=0.04 secs]
2018-11-10T19:52:13.326+0800: 681.596: [GC (Allocation Failure) 2018-11-10T19:52:13.326+0800: 681.597: [ParNew: 453474K->24901K(480640K), 0.0443632 secs] 1005171K->576598K(8344960K), 0.0446047 secs] [Times: user=0.14 sys=0.00, real=0.04 secs]
2018-11-10T19:52:18.990+0800: 687.260: [GC (Allocation Failure) 2018-11-10T19:52:18.990+0800: 687.260: [ParNew: 461893K->6796K(480640K), 0.0311223 secs] 1013590K->568235K(8344960K), 0.0313445 secs] [Times: user=0.11 sys=0.01, real=0.03 secs]
2018-11-10T19:52:29.018+0800: 697.289: [GC (Allocation Failure) 2018-11-10T19:52:29.018+0800: 697.289: [ParNew: 443788K->7658K(480640K), 0.0441381 secs] 1005227K->569096K(8344960K), 0.0444079 secs] [Times: user=0.13 sys=0.01, real=0.04 secs]
2018-11-10T19:52:33.028+0800: 701.299: [GC (Allocation Failure) 2018-11-10T19:52:33.029+0800: 701.299: [ParNew: 444650K->6163K(480640K), 0.0306928 secs] 1006088K->567601K(8344960K), 0.0309190 secs] [Times: user=0.11 sys=0.00, real=0.03 secs]
2018-11-10T19:52:37.725+0800: 705.996: [GC (Allocation Failure) 2018-11-10T19:52:37.725+0800: 705.996: [ParNew: 443155K->12011K(480640K), 0.0408121 secs] 1004593K->573450K(8344960K), 0.0410400 secs] [Times: user=0.12 sys=0.00, real=0.04 secs]
2018-11-10T19:52:39.763+0800: 708.033: [GC (Allocation Failure) 2018-11-10T19:52:39.763+0800: 708.033: [ParNew: 449003K->13085K(480640K), 0.0382819 secs] 1010442K->574523K(8344960K), 0.0385311 secs] [Times: user=0.12 sys=0.00, real=0.04 secs]
2018-11-10T19:52:40.494+0800: 708.765: [GC (Allocation Failure) 2018-11-10T19:52:40.494+0800: 708.765: [ParNew: 450077K->34316K(480640K), 0.0518826 secs] 1011515K->595755K(8344960K), 0.0521027 secs] [Times: user=0.16 sys=0.01, real=0.06 secs]
2018-11-10T19:52:41.780+0800: 710.051: [GC (Allocation Failure) 2018-11-10T19:52:41.780+0800: 710.051: [ParNew: 471294K->25588K(480640K), 0.0453491 secs] 1032732K->588899K(8344960K), 0.0455801 secs] [Times: user=0.13 sys=0.00, real=0.05 secs]
2018-11-10T19:52:45.676+0800: 713.947: [GC (Allocation Failure) 2018-11-10T19:52:45.676+0800: 713.947: [ParNew: 462580K->43647K(480640K), 0.0533344 secs] 1025891K->626540K(8344960K), 0.0535736 secs] [Times: user=0.14 sys=0.01, real=0.05 secs]
2018-11-10T19:52:47.156+0800: 715.427: [GC (Allocation Failure) 2018-11-10T19:52:47.156+0800: 715.427: [ParNew: 480639K->43043K(480640K), 0.0774508 secs] 1063532K->649912K(8344960K), 0.0776603 secs] [Times: user=0.16 sys=0.01, real=0.07 secs]
2018-11-10T19:52:51.796+0800: 720.066: [GC (Allocation Failure) 2018-11-10T19:52:51.796+0800: 720.066: [ParNew: 480035K->22324K(480640K), 0.0532117 secs] 1086904K->660570K(8344960K), 0.0534268 secs] [Times: user=0.16 sys=0.01, real=0.05 secs]
2018-11-10T19:52:55.684+0800: 723.955: [GC (Allocation Failure) 2018-11-10T19:52:55.684+0800: 723.955: [ParNew: 459316K->20563K(480640K), 0.0414694 secs] 1097562K->658810K(8344960K), 0.0417149 secs] [Times: user=0.13 sys=0.01, real=0.05 secs]
2018-11-10T19:52:58.720+0800: 726.990: [GC (Allocation Failure) 2018-11-10T19:52:58.720+0800: 726.990: [ParNew: 457555K->18687K(480640K), 0.0415604 secs] 1095802K->656933K(8344960K), 0.0417701 secs] [Times: user=0.14 sys=0.00, real=0.04 secs]
2018-11-10T19:53:03.862+0800: 732.133: [GC (Allocation Failure) 2018-11-10T19:53:03.862+0800: 732.133: [ParNew: 455679K->16817K(480640K), 0.0351768 secs] 1093925K->655064K(8344960K), 0.0354026 secs] [Times: user=0.13 sys=0.00, real=0.04 secs]
2018-11-10T19:53:11.620+0800: 739.891: [GC (Allocation Failure) 2018-11-10T19:53:11.621+0800: 739.891: [ParNew: 453809K->21210K(480640K), 0.0366347 secs] 1092056K->659456K(8344960K), 0.0368835 secs] [Times: user=0.12 sys=0.00, real=0.04 secs]
2018-11-10T19:53:14.957+0800: 743.228: [GC (Allocation Failure) 2018-11-10T19:53:14.957+0800: 743.228: [ParNew: 458202K->22406K(480640K), 0.0381026 secs] 1096448K->660653K(8344960K), 0.0383533 secs] [Times: user=0.12 sys=0.00, real=0.04 secs]
2018-11-10T19:53:18.563+0800: 746.834: [GC (Allocation Failure) 2018-11-10T19:53:18.563+0800: 746.834: [ParNew: 459398K->30914K(480640K), 0.0455446 secs] 1097645K->669161K(8344960K), 0.0457726 secs] [Times: user=0.13 sys=0.00, real=0.05 secs]
2018-11-10T19:53:23.395+0800: 751.666: [GC (Allocation Failure) 2018-11-10T19:53:23.395+0800: 751.666: [ParNew: 467485K->11747K(480640K), 0.0403312 secs] 1105732K->660955K(8344960K), 0.0405588 secs] [Times: user=0.12 sys=0.01, real=0.04 secs]
2018-11-10T19:53:29.440+0800: 757.710: [GC (Allocation Failure) 2018-11-10T19:53:29.440+0800: 757.710: [ParNew: 448716K->15005K(480640K), 0.0520569 secs] 1097924K->664214K(8344960K), 0.0522706 secs] [Times: user=0.12 sys=0.00, real=0.05 secs]
2018-11-10T19:53:33.962+0800: 762.233: [GC (Allocation Failure) 2018-11-10T19:53:33.962+0800: 762.233: [ParNew: 451997K->8440K(480640K), 0.0387416 secs] 1101206K->657649K(8344960K), 0.0389785 secs] [Times: user=0.13 sys=0.00, real=0.04 secs]
2018-11-10T19:53:35.776+0800: 764.047: [GC (Allocation Failure) 2018-11-10T19:53:35.776+0800: 764.047: [ParNew: 445432K->13414K(480640K), 0.0412930 secs] 1094641K->662622K(8344960K), 0.0415158 secs] [Times: user=0.12 sys=0.00, real=0.04 secs]
2018-11-10T19:53:40.540+0800: 768.810: [GC (Allocation Failure) 2018-11-10T19:53:40.540+0800: 768.810: [ParNew: 450406K->8155K(480640K), 0.0381945 secs] 1099614K->657363K(8344960K), 0.0384315 secs] [Times: user=0.12 sys=0.00, real=0.04 secs]
2018-11-10T19:53:41.706+0800: 769.977: [GC (Allocation Failure) 2018-11-10T19:53:41.707+0800: 769.977: [ParNew: 445147K->2880K(480640K), 0.0329373 secs] 1094355K->652088K(8344960K), 0.0331539 secs] [Times: user=0.12 sys=0.00, real=0.03 secs]
2018-11-10T19:53:46.978+0800: 775.249: [GC (Allocation Failure) 2018-11-10T19:53:46.978+0800: 775.249: [ParNew: 439872K->6711K(480640K), 0.0307661 secs] 1089080K->655919K(8344960K), 0.0310147 secs] [Times: user=0.11 sys=0.00, real=0.03 secs]
2018-11-10T19:53:49.418+0800: 777.689: [GC (Allocation Failure) 2018-11-10T19:53:49.419+0800: 777.689: [ParNew: 443703K->11951K(480640K), 0.0407313 secs] 1092911K->661160K(8344960K), 0.0409664 secs] [Times: user=0.12 sys=0.00, real=0.04 secs]
2018-11-10T19:53:53.279+0800: 781.549: [GC (Allocation Failure) 2018-11-10T19:53:53.279+0800: 781.549: [ParNew: 448275K->15572K(480640K), 0.0516144 secs] 1097484K->664780K(8344960K), 0.0518607 secs] [Times: user=0.14 sys=0.01, real=0.05 secs]
2018-11-10T19:53:59.134+0800: 787.405: [GC (Allocation Failure) 2018-11-10T19:53:59.135+0800: 787.405: [ParNew: 452564K->12583K(480640K), 0.0380025 secs] 1101772K->661817K(8344960K), 0.0382486 secs] [Times: user=0.12 sys=0.00, real=0.04 secs]
2018-11-10T19:54:03.725+0800: 791.995: [GC (Allocation Failure) 2018-11-10T19:54:03.725+0800: 791.995: [ParNew: 449575K->6413K(480640K), 0.0316854 secs] 1098809K->655662K(8344960K), 0.0318900 secs] [Times: user=0.11 sys=0.00, real=0.04 secs]
2018-11-10T19:54:08.791+0800: 797.061: [GC (Allocation Failure) 2018-11-10T19:54:08.791+0800: 797.061: [ParNew: 443405K->17415K(480640K), 0.0346129 secs] 1092654K->666683K(8344960K), 0.0348608 secs] [Times: user=0.11 sys=0.00, real=0.04 secs]
2018-11-10T19:54:13.362+0800: 801.633: [GC (Allocation Failure) 2018-11-10T19:54:13.362+0800: 801.633: [ParNew: 454407K->10207K(480640K), 0.0446406 secs] 1103675K->659500K(8344960K), 0.0448784 secs] [Times: user=0.14 sys=0.00, real=0.05 secs]
2018-11-10T19:54:16.218+0800: 804.488: [GC (Allocation Failure) 2018-11-10T19:54:16.218+0800: 804.489: [ParNew: 447199K->10030K(480640K), 0.0415637 secs] 1096492K->659338K(8344960K), 0.0418147 secs] [Times: user=0.13 sys=0.00, real=0.04 secs]
2018-11-10T19:54:17.087+0800: 805.358: [GC (Allocation Failure) 2018-11-10T19:54:17.087+0800: 805.358: [ParNew: 447022K->12703K(480640K), 0.0324793 secs] 1096330K->662017K(8344960K), 0.0326917 secs] [Times: user=0.11 sys=0.00, real=0.03 secs]
2018-11-10T19:54:19.941+0800: 808.212: [GC (Allocation Failure) 2018-11-10T19:54:19.941+0800: 808.212: [ParNew: 449695K->9354K(480640K), 0.0320106 secs] 1099009K->658679K(8344960K), 0.0322472 secs] [Times: user=0.11 sys=0.00, real=0.03 secs]
2018-11-10T19:54:21.655+0800: 809.926: [GC (Allocation Failure) 2018-11-10T19:54:21.655+0800: 809.926: [ParNew: 446346K->10446K(480640K), 0.0343557 secs] 1095671K->659870K(8344960K), 0.0346397 secs] [Times: user=0.12 sys=0.00, real=0.04 secs]
2018-11-10T19:54:25.860+0800: 814.131: [GC (Allocation Failure) 2018-11-10T19:54:25.860+0800: 814.131: [ParNew: 447438K->10181K(480640K), 0.0512650 secs] 1096862K->659740K(8344960K), 0.0514784 secs] [Times: user=0.19 sys=0.01, real=0.05 secs]
2018-11-10T19:54:28.770+0800: 817.040: [GC (Allocation Failure) 2018-11-10T19:54:28.770+0800: 817.041: [ParNew: 447173K->11588K(480640K), 0.0404981 secs] 1096732K->661148K(8344960K), 0.0407118 secs] [Times: user=0.13 sys=0.00, real=0.04 secs]
2018-11-10T19:54:31.133+0800: 819.404: [GC (Allocation Failure) 2018-11-10T19:54:31.133+0800: 819.404: [ParNew: 448580K->12498K(480640K), 0.0381445 secs] 1098140K->662072K(8344960K), 0.0383725 secs] [Times: user=0.12 sys=0.00, real=0.04 secs]
2018-11-10T19:54:32.016+0800: 820.286: [GC (Allocation Failure) 2018-11-10T19:54:32.016+0800: 820.287: [ParNew: 449490K->11017K(480640K), 0.0289999 secs] 1099064K->660592K(8344960K), 0.0292000 secs] [Times: user=0.11 sys=0.00, real=0.02 secs]
2018-11-10T19:54:38.869+0800: 827.139: [GC (Allocation Failure) 2018-11-10T19:54:38.869+0800: 827.139: [ParNew: 448009K->9746K(480640K), 0.0396770 secs] 1097584K->659328K(8344960K), 0.0398986 secs] [Times: user=0.12 sys=0.00, real=0.04 secs]
2018-11-10T19:54:40.520+0800: 828.790: [GC (Allocation Failure) 2018-11-10T19:54:40.520+0800: 828.790: [ParNew: 446471K->7364K(480640K), 0.0323717 secs] 1096054K->656965K(8344960K), 0.0325920 secs] [Times: user=0.11 sys=0.01, real=0.03 secs]
2018-11-10T19:54:41.919+0800: 830.190: [GC (Allocation Failure) 2018-11-10T19:54:41.919+0800: 830.190: [ParNew: 444356K->3852K(480640K), 0.0299910 secs] 1093957K->653476K(8344960K), 0.0302231 secs] [Times: user=0.11 sys=0.01, real=0.03 secs]
2018-11-10T19:54:45.807+0800: 834.077: [GC (Allocation Failure) 2018-11-10T19:54:45.807+0800: 834.077: [ParNew: 440844K->11003K(480640K), 0.0315325 secs] 1090468K->660646K(8344960K), 0.0317556 secs] [Times: user=0.11 sys=0.00, real=0.03 secs]
2018-11-10T19:54:46.742+0800: 835.013: [GC (Allocation Failure) 2018-11-10T19:54:46.742+0800: 835.013: [ParNew: 447995K->14250K(480640K), 0.0400731 secs] 1097638K->663914K(8344960K), 0.0403152 secs] [Times: user=0.12 sys=0.00, real=0.04 secs]
2018-11-10T19:54:50.285+0800: 838.556: [GC (Allocation Failure) 2018-11-10T19:54:50.285+0800: 838.556: [ParNew: 451242K->11850K(480640K), 0.0347376 secs] 1100906K->661528K(8344960K), 0.0349829 secs] [Times: user=0.11 sys=0.00, real=0.04 secs]
2018-11-10T19:54:51.218+0800: 839.488: [GC (Allocation Failure) 2018-11-10T19:54:51.218+0800: 839.488: [ParNew: 448842K->18835K(480640K), 0.0496083 secs] 1098520K->668558K(8344960K), 0.0498516 secs] [Times: user=0.13 sys=0.00, real=0.05 secs]
2018-11-10T19:54:52.128+0800: 840.399: [GC (Allocation Failure) 2018-11-10T19:54:52.128+0800: 840.399: [ParNew: 455625K->13875K(480640K), 0.0329176 secs] 1105348K->663617K(8344960K), 0.0331653 secs] [Times: user=0.12 sys=0.01, real=0.03 secs]
2018-11-10T19:54:54.118+0800: 842.388: [GC (Allocation Failure) 2018-11-10T19:54:54.118+0800: 842.388: [ParNew: 450867K->14876K(480640K), 0.0483225 secs] 1100609K->664620K(8344960K), 0.0485408 secs] [Times: user=0.12 sys=0.00, real=0.05 secs]
2018-11-10T19:54:57.674+0800: 845.945: [GC (Allocation Failure) 2018-11-10T19:54:57.674+0800: 845.945: [ParNew: 451868K->14536K(480640K), 0.0413707 secs] 1101612K->664287K(8344960K), 0.0415981 secs] [Times: user=0.12 sys=0.00, real=0.05 secs]
2018-11-10T19:54:58.994+0800: 847.265: [GC (Allocation Failure) 2018-11-10T19:54:58.994+0800: 847.265: [ParNew: 451528K->7395K(480640K), 0.0285610 secs] 1101279K->657149K(8344960K), 0.0287781 secs] [Times: user=0.11 sys=0.00, real=0.03 secs]
2018-11-10T19:55:03.429+0800: 851.700: [GC (Allocation Failure) 2018-11-10T19:55:03.430+0800: 851.700: [ParNew: 444387K->18160K(480640K), 0.0478911 secs] 1094141K->667939K(8344960K), 0.0481106 secs] [Times: user=0.16 sys=0.00, real=0.05 secs]
2018-11-10T19:55:07.117+0800: 855.387: [GC (Allocation Failure) 2018-11-10T19:55:07.117+0800: 855.387: [ParNew: 455152K->10542K(480640K), 0.0330245 secs] 1104931K->660351K(8344960K), 0.0332851 secs] [Times: user=0.12 sys=0.00, real=0.03 secs]
2018-11-10T19:55:09.863+0800: 858.134: [GC (Allocation Failure) 2018-11-10T19:55:09.864+0800: 858.134: [ParNew: 447534K->5227K(480640K), 0.0296902 secs] 1097343K->655044K(8344960K), 0.0299327 secs] [Times: user=0.11 sys=0.00, real=0.03 secs]
2018-11-10T19:55:11.415+0800: 859.686: [GC (Allocation Failure) 2018-11-10T19:55:11.415+0800: 859.686: [ParNew: 442219K->6857K(480640K), 0.0389266 secs] 1092036K->656675K(8344960K), 0.0391833 secs] [Times: user=0.12 sys=0.00, real=0.04 secs]
2018-11-10T19:55:14.452+0800: 862.722: [GC (Allocation Failure) 2018-11-10T19:55:14.452+0800: 862.723: [ParNew: 443849K->13362K(480640K), 0.0458491 secs] 1093667K->663189K(8344960K), 0.0460918 secs] [Times: user=0.15 sys=0.00, real=0.05 secs]
2018-11-10T19:55:17.698+0800: 865.969: [GC (Allocation Failure) 2018-11-10T19:55:17.698+0800: 865.969: [ParNew: 450354K->9803K(480640K), 0.0309960 secs] 1100181K->659637K(8344960K), 0.0312158 secs] [Times: user=0.11 sys=0.01, real=0.03 secs]
2018-11-10T19:55:21.804+0800: 870.074: [GC (Allocation Failure) 2018-11-10T19:55:21.804+0800: 870.074: [ParNew: 446795K->19280K(480640K), 0.0470506 secs] 1096629K->669115K(8344960K), 0.0473315 secs] [Times: user=0.15 sys=0.00, real=0.05 secs]
2018-11-10T19:55:27.974+0800: 876.245: [GC (Allocation Failure) 2018-11-10T19:55:27.974+0800: 876.245: [ParNew: 456272K->8591K(480640K), 0.0429923 secs] 1106107K->658512K(8344960K), 0.0432236 secs] [Times: user=0.11 sys=0.00, real=0.05 secs]
2018-11-10T19:55:30.828+0800: 879.099: [GC (Allocation Failure) 2018-11-10T19:55:30.828+0800: 879.099: [ParNew: 445583K->12706K(480640K), 0.0386638 secs] 1095504K->662632K(8344960K), 0.0388845 secs] [Times: user=0.12 sys=0.00, real=0.04 secs]
2018-11-10T19:55:34.500+0800: 882.771: [GC (Allocation Failure) 2018-11-10T19:55:34.501+0800: 882.771: [ParNew: 449698K->20552K(480640K), 0.0388802 secs] 1099624K->670488K(8344960K), 0.0390969 secs] [Times: user=0.12 sys=0.01, real=0.04 secs]
2018-11-10T19:55:37.693+0800: 885.964: [GC (Allocation Failure) 2018-11-10T19:55:37.693+0800: 885.964: [ParNew: 457544K->18910K(480640K), 0.0440808 secs] 1107480K->668850K(8344960K), 0.0443094 secs] [Times: user=0.13 sys=0.00, real=0.05 secs]
2018-11-10T19:55:38.453+0800: 886.724: [GC (Allocation Failure) 2018-11-10T19:55:38.453+0800: 886.724: [ParNew: 455902K->28262K(480640K), 0.0508249 secs] 1105842K->678206K(8344960K), 0.0510374 secs] [Times: user=0.12 sys=0.00, real=0.05 secs]
2018-11-10T19:55:41.749+0800: 890.019: [GC (Allocation Failure) 2018-11-10T19:55:41.749+0800: 890.019: [ParNew: 465254K->10730K(480640K), 0.0337884 secs] 1115198K->662054K(8344960K), 0.0340387 secs] [Times: user=0.12 sys=0.00, real=0.03 secs]
2018-11-10T19:55:46.687+0800: 894.958: [GC (Allocation Failure) 2018-11-10T19:55:46.687+0800: 894.958: [ParNew: 447722K->15808K(480640K), 0.0341051 secs] 1099046K->667132K(8344960K), 0.0343538 secs] [Times: user=0.12 sys=0.00, real=0.03 secs]
2018-11-10T19:55:51.784+0800: 900.055: [GC (Allocation Failure) 2018-11-10T19:55:51.784+0800: 900.055: [ParNew: 452800K->8855K(480640K), 0.0324044 secs] 1104124K->660179K(8344960K), 0.0326293 secs] [Times: user=0.11 sys=0.00, real=0.04 secs]
2018-11-10T19:55:56.968+0800: 905.238: [GC (Allocation Failure) 2018-11-10T19:55:56.968+0800: 905.239: [ParNew: 445847K->11879K(480640K), 0.0398799 secs] 1097171K->663204K(8344960K), 0.0401171 secs] [Times: user=0.12 sys=0.00, real=0.04 secs]
2018-11-10T19:55:59.445+0800: 907.716: [GC (Allocation Failure) 2018-11-10T19:55:59.445+0800: 907.716: [ParNew: 448871K->12102K(480640K), 0.0579231 secs] 1100196K->663426K(8344960K), 0.0581898 secs] [Times: user=0.15 sys=0.00, real=0.06 secs]
2018-11-10T19:56:03.400+0800: 911.671: [GC (Allocation Failure) 2018-11-10T19:56:03.400+0800: 911.671: [ParNew: 449094K->18698K(480640K), 0.0409045 secs] 1100418K->670022K(8344960K), 0.0411359 secs] [Times: user=0.12 sys=0.00, real=0.04 secs]
2018-11-10T19:56:04.748+0800: 913.019: [GC (Allocation Failure) 2018-11-10T19:56:04.748+0800: 913.019: [ParNew: 452463K->15369K(480640K), 0.0459784 secs] 1103787K->666694K(8344960K), 0.0461919 secs] [Times: user=0.14 sys=0.00, real=0.04 secs]
2018-11-10T19:56:05.463+0800: 913.734: [GC (Allocation Failure) 2018-11-10T19:56:05.463+0800: 913.734: [ParNew: 452361K->19994K(480640K), 0.0429417 secs] 1103686K->671318K(8344960K), 0.0431859 secs] [Times: user=0.14 sys=0.00, real=0.05 secs]
2018-11-10T19:56:06.529+0800: 914.799: [GC (Allocation Failure) 2018-11-10T19:56:06.529+0800: 914.800: [ParNew: 456978K->16994K(480640K), 0.0400222 secs] 1108302K->668318K(8344960K), 0.0402359 secs] [Times: user=0.12 sys=0.00, real=0.04 secs]
2018-11-10T19:56:07.864+0800: 916.134: [GC (Allocation Failure) 2018-11-10T19:56:07.864+0800: 916.134: [ParNew: 453986K->7511K(480640K), 0.0304640 secs] 1105310K->658835K(8344960K), 0.0306706 secs] [Times: user=0.11 sys=0.00, real=0.03 secs]
2018-11-10T19:56:12.229+0800: 920.500: [GC (Allocation Failure) 2018-11-10T19:56:12.229+0800: 920.500: [ParNew: 444503K->9715K(480640K), 0.0367041 secs] 1095827K->661040K(8344960K), 0.0370076 secs] [Times: user=0.12 sys=0.00, real=0.04 secs]
2018-11-10T19:56:13.111+0800: 921.381: [GC (Allocation Failure) 2018-11-10T19:56:13.111+0800: 921.381: [ParNew: 446707K->19876K(480640K), 0.0465958 secs] 1098032K->671201K(8344960K), 0.0468292 secs] [Times: user=0.12 sys=0.01, real=0.05 secs]
2018-11-10T19:56:13.940+0800: 922.211: [GC (Allocation Failure) 2018-11-10T19:56:13.940+0800: 922.211: [ParNew: 456868K->10426K(480640K), 0.0512551 secs] 1108193K->661750K(8344960K), 0.0514925 secs] [Times: user=0.19 sys=0.00, real=0.05 secs]
2018-11-10T19:56:15.160+0800: 923.431: [GC (Allocation Failure) 2018-11-10T19:56:15.161+0800: 923.431: [ParNew: 447418K->11087K(480640K), 0.0573258 secs] 1098742K->662411K(8344960K), 0.0576022 secs] [Times: user=0.14 sys=0.00, real=0.06 secs]
2018-11-10T19:56:18.458+0800: 926.729: [GC (Allocation Failure) 2018-11-10T19:56:18.458+0800: 926.729: [ParNew: 448079K->9941K(480640K), 0.0343851 secs] 1099403K->661265K(8344960K), 0.0346294 secs] [Times: user=0.12 sys=0.00, real=0.03 secs]
2018-11-10T19:56:22.295+0800: 930.566: [GC (Allocation Failure) 2018-11-10T19:56:22.295+0800: 930.566: [ParNew: 446933K->12782K(480640K), 0.0425720 secs] 1098257K->664168K(8344960K), 0.0428112 secs] [Times: user=0.14 sys=0.00, real=0.05 secs]
2018-11-10T19:56:23.358+0800: 931.629: [GC (Allocation Failure) 2018-11-10T19:56:23.358+0800: 931.629: [ParNew: 449385K->17688K(480640K), 0.0444708 secs] 1100771K->669124K(8344960K), 0.0447005 secs] [Times: user=0.13 sys=0.01, real=0.04 secs]
2018-11-10T19:56:26.094+0800: 934.364: [GC (Allocation Failure) 2018-11-10T19:56:26.094+0800: 934.365: [ParNew: 454680K->10143K(480640K), 0.0374955 secs] 1106116K->661622K(8344960K), 0.0377514 secs] [Times: user=0.13 sys=0.01, real=0.04 secs]
2018-11-10T19:56:26.961+0800: 935.232: [GC (Allocation Failure) 2018-11-10T19:56:26.961+0800: 935.232: [ParNew: 447135K->17570K(480640K), 0.0339736 secs] 1098614K->669061K(8344960K), 0.0342261 secs] [Times: user=0.13 sys=0.00, real=0.04 secs]
2018-11-10T19:56:27.543+0800: 935.814: [GC (Allocation Failure) 2018-11-10T19:56:27.544+0800: 935.814: [ParNew: 454562K->17785K(480640K), 0.0445412 secs] 1106053K->669288K(8344960K), 0.0447924 secs] [Times: user=0.16 sys=0.00, real=0.05 secs]
2018-11-10T19:56:28.349+0800: 936.619: [GC (Allocation Failure) 2018-11-10T19:56:28.349+0800: 936.619: [ParNew: 454777K->13774K(480640K), 0.0308727 secs] 1106280K->665302K(8344960K), 0.0310973 secs] [Times: user=0.11 sys=0.00, real=0.03 secs]
2018-11-10T19:56:30.976+0800: 939.246: [GC (Allocation Failure) 2018-11-10T19:56:30.976+0800: 939.246: [ParNew: 450766K->15134K(480640K), 0.0304822 secs] 1102294K->666675K(8344960K), 0.0307222 secs] [Times: user=0.11 sys=0.00, real=0.03 secs]
2018-11-10T19:56:32.308+0800: 940.578: [GC (Allocation Failure) 2018-11-10T19:56:32.308+0800: 940.578: [ParNew: 452126K->18568K(480640K), 0.0459889 secs] 1103667K->670115K(8344960K), 0.0462015 secs] [Times: user=0.16 sys=0.00, real=0.04 secs]
2018-11-10T19:56:35.079+0800: 943.350: [GC (Allocation Failure) 2018-11-10T19:56:35.079+0800: 943.350: [ParNew: 455112K->31319K(480640K), 0.0493603 secs] 1106658K->682869K(8344960K), 0.0495789 secs] [Times: user=0.13 sys=0.00, real=0.05 secs]
2018-11-10T19:56:38.624+0800: 946.895: [GC (Allocation Failure) 2018-11-10T19:56:38.624+0800: 946.895: [ParNew: 468311K->13922K(480640K), 0.0465243 secs] 1119861K->666683K(8344960K), 0.0467531 secs] [Times: user=0.14 sys=0.00, real=0.05 secs]
2018-11-10T19:56:41.920+0800: 950.191: [GC (Allocation Failure) 2018-11-10T19:56:41.920+0800: 950.191: [ParNew: 450641K->24444K(480640K), 0.0570674 secs] 1103402K->677206K(8344960K), 0.0573110 secs] [Times: user=0.14 sys=0.00, real=0.06 secs]
2018-11-10T19:56:46.115+0800: 954.386: [GC (Allocation Failure) 2018-11-10T19:56:46.115+0800: 954.386: [ParNew: 461436K->13168K(480640K), 0.0373601 secs] 1114198K->666549K(8344960K), 0.0376177 secs] [Times: user=0.12 sys=0.00, real=0.03 secs]
2018-11-10T19:56:49.248+0800: 957.519: [GC (Allocation Failure) 2018-11-10T19:56:49.248+0800: 957.519: [ParNew: 450160K->10733K(480640K), 0.0313672 secs] 1103541K->664113K(8344960K), 0.0315820 secs] [Times: user=0.11 sys=0.00, real=0.03 secs]
2018-11-10T19:56:51.596+0800: 959.866: [GC (Allocation Failure) 2018-11-10T19:56:51.596+0800: 959.866: [ParNew: 447725K->9070K(480640K), 0.0329906 secs] 1101105K->662450K(8344960K), 0.0332132 secs] [Times: user=0.11 sys=0.00, real=0.03 secs]
2018-11-10T19:56:53.958+0800: 962.229: [GC (Allocation Failure) 2018-11-10T19:56:53.958+0800: 962.229: [ParNew: 446062K->10957K(480640K), 0.0372020 secs] 1099442K->664338K(8344960K), 0.0374566 secs] [Times: user=0.11 sys=0.01, real=0.04 secs]
2018-11-10T19:56:58.141+0800: 966.411: [GC (Allocation Failure) 2018-11-10T19:56:58.141+0800: 966.412: [ParNew: 447949K->16996K(480640K), 0.0436232 secs] 1101330K->670377K(8344960K), 0.0438569 secs] [Times: user=0.13 sys=0.00, real=0.04 secs]
2018-11-10T19:57:01.251+0800: 969.521: [GC (Allocation Failure) 2018-11-10T19:57:01.251+0800: 969.522: [ParNew: 453988K->21379K(480640K), 0.0528285 secs] 1107369K->674759K(8344960K), 0.0530713 secs] [Times: user=0.15 sys=0.00, real=0.05 secs]
2018-11-10T19:57:03.578+0800: 971.848: [GC (Allocation Failure) 2018-11-10T19:57:03.578+0800: 971.848: [ParNew: 458371K->16134K(480640K), 0.0475272 secs] 1111751K->669514K(8344960K), 0.0477677 secs] [Times: user=0.13 sys=0.00, real=0.05 secs]
2018-11-10T19:57:06.853+0800: 975.124: [GC (Allocation Failure) 2018-11-10T19:57:06.853+0800: 975.124: [ParNew: 453126K->9491K(480640K), 0.0453767 secs] 1106506K->662871K(8344960K), 0.0456040 secs] [Times: user=0.14 sys=0.00, real=0.05 secs]
2018-11-10T19:57:08.630+0800: 976.900: [GC (Allocation Failure) 2018-11-10T19:57:08.630+0800: 976.900: [ParNew: 446483K->20767K(480640K), 0.0445648 secs] 1099863K->674148K(8344960K), 0.0448402 secs] [Times: user=0.14 sys=0.00, real=0.04 secs]
2018-11-10T19:57:10.464+0800: 978.735: [GC (Allocation Failure) 2018-11-10T19:57:10.464+0800: 978.735: [ParNew: 457759K->13020K(480640K), 0.0342444 secs] 1111140K->666400K(8344960K), 0.0344808 secs] [Times: user=0.12 sys=0.00, real=0.04 secs]
2018-11-10T19:57:14.850+0800: 983.120: [GC (Allocation Failure) 2018-11-10T19:57:14.850+0800: 983.120: [ParNew: 450012K->11522K(480640K), 0.0380444 secs] 1103392K->664902K(8344960K), 0.0382756 secs] [Times: user=0.13 sys=0.00, real=0.04 secs]
2018-11-10T19:57:21.157+0800: 989.428: [GC (Allocation Failure) 2018-11-10T19:57:21.157+0800: 989.428: [ParNew: 448514K->13383K(480640K), 0.0352584 secs] 1101894K->666763K(8344960K), 0.0355167 secs] [Times: user=0.12 sys=0.00, real=0.03 secs]
2018-11-10T19:57:22.378+0800: 990.649: [GC (Allocation Failure) 2018-11-10T19:57:22.378+0800: 990.649: [ParNew: 450375K->18258K(480640K), 0.0515365 secs] 1103755K->671639K(8344960K), 0.0517694 secs] [Times: user=0.15 sys=0.00, real=0.05 secs]
2018-11-10T19:57:23.867+0800: 992.138: [GC (Allocation Failure) 2018-11-10T19:57:23.867+0800: 992.138: [ParNew: 455250K->24342K(480640K), 0.0381458 secs] 1108631K->677722K(8344960K), 0.0384071 secs] [Times: user=0.14 sys=0.00, real=0.04 secs]
2018-11-10T19:57:24.727+0800: 992.998: [GC (Allocation Failure) 2018-11-10T19:57:24.727+0800: 992.998: [ParNew: 461334K->30475K(480640K), 0.0589464 secs] 1114714K->683855K(8344960K), 0.0592311 secs] [Times: user=0.17 sys=0.00, real=0.06 secs]
2018-11-10T19:57:25.729+0800: 994.000: [GC (Allocation Failure) 2018-11-10T19:57:25.729+0800: 994.000: [ParNew: 467467K->29228K(480640K), 0.0439650 secs] 1120847K->685055K(8344960K), 0.0442255 secs] [Times: user=0.14 sys=0.00, real=0.04 secs]
2018-11-10T19:57:26.705+0800: 994.975: [GC (Allocation Failure) 2018-11-10T19:57:26.705+0800: 994.975: [ParNew: 466220K->20088K(480640K), 0.0424243 secs] 1122047K->675936K(8344960K), 0.0426646 secs] [Times: user=0.16 sys=0.01, real=0.05 secs]
2018-11-10T19:57:30.811+0800: 999.082: [GC (Allocation Failure) 2018-11-10T19:57:30.811+0800: 999.082: [ParNew: 457080K->17633K(480640K), 0.0466204 secs] 1112928K->673488K(8344960K), 0.0468594 secs] [Times: user=0.15 sys=0.00, real=0.05 secs]
2018-11-10T19:57:32.750+0800: 1001.020: [GC (Allocation Failure) 2018-11-10T19:57:32.750+0800: 1001.020: [ParNew: 454625K->21414K(480640K), 0.0432212 secs] 1110480K->677323K(8344960K), 0.0434682 secs] [Times: user=0.13 sys=0.00, real=0.04 secs]
2018-11-10T19:57:34.150+0800: 1002.420: [GC (Allocation Failure) 2018-11-10T19:57:34.150+0800: 1002.420: [ParNew: 458406K->11070K(480640K), 0.0380745 secs] 1114315K->667069K(8344960K), 0.0382912 secs] [Times: user=0.12 sys=0.00, real=0.04 secs]
2018-11-10T19:57:36.757+0800: 1005.028: [GC (Allocation Failure) 2018-11-10T19:57:36.757+0800: 1005.028: [ParNew: 448062K->16040K(480640K), 0.0380438 secs] 1104061K->672057K(8344960K), 0.0382676 secs] [Times: user=0.14 sys=0.00, real=0.04 secs]
2018-11-10T19:57:42.367+0800: 1010.637: [GC (Allocation Failure) 2018-11-10T19:57:42.367+0800: 1010.637: [ParNew: 453032K->11727K(480640K), 0.0538882 secs] 1109049K->667807K(8344960K), 0.0541329 secs] [Times: user=0.14 sys=0.00, real=0.05 secs]
2018-11-10T19:57:45.730+0800: 1014.001: [GC (Allocation Failure) 2018-11-10T19:57:45.730+0800: 1014.001: [ParNew: 448719K->7410K(480640K), 0.0308633 secs] 1104799K->663510K(8344960K), 0.0311084 secs] [Times: user=0.11 sys=0.00, real=0.03 secs]
2018-11-10T19:57:47.882+0800: 1016.152: [GC (Allocation Failure) 2018-11-10T19:57:47.882+0800: 1016.152: [ParNew: 444372K->10175K(480640K), 0.0331124 secs] 1100471K->666314K(8344960K), 0.0333410 secs] [Times: user=0.11 sys=0.00, real=0.03 secs]
2018-11-10T19:57:50.820+0800: 1019.090: [GC (Allocation Failure) 2018-11-10T19:57:50.820+0800: 1019.090: [ParNew: 447167K->13016K(480640K), 0.0375726 secs] 1103306K->669194K(8344960K), 0.0378102 secs] [Times: user=0.11 sys=0.00, real=0.04 secs]
2018-11-10T19:57:53.920+0800: 1022.191: [GC (Allocation Failure) 2018-11-10T19:57:53.920+0800: 1022.191: [ParNew: 450008K->5771K(480640K), 0.0303021 secs] 1106186K->662035K(8344960K), 0.0305562 secs] [Times: user=0.10 sys=0.00, real=0.03 secs]
2018-11-10T19:57:56.265+0800: 1024.536: [GC (Allocation Failure) 2018-11-10T19:57:56.265+0800: 1024.536: [ParNew: 442763K->7814K(480640K), 0.0330459 secs] 1099027K->664125K(8344960K), 0.0332505 secs] [Times: user=0.11 sys=0.00, real=0.03 secs]
2018-11-10T19:57:57.931+0800: 1026.202: [GC (Allocation Failure) 2018-11-10T19:57:57.931+0800: 1026.202: [ParNew: 444806K->8259K(480640K), 0.0305851 secs] 1101117K->664640K(8344960K), 0.0308013 secs] [Times: user=0.11 sys=0.01, real=0.03 secs]
2018-11-10T19:58:01.185+0800: 1029.456: [GC (Allocation Failure) 2018-11-10T19:58:01.185+0800: 1029.456: [ParNew: 445251K->9052K(480640K), 0.0455113 secs] 1101632K->665435K(8344960K), 0.0457516 secs] [Times: user=0.12 sys=0.00, real=0.04 secs]
2018-11-10T19:58:04.889+0800: 1033.160: [GC (Allocation Failure) 2018-11-10T19:58:04.889+0800: 1033.160: [ParNew: 446044K->7182K(480640K), 0.0322128 secs] 1102427K->663569K(8344960K), 0.0324250 secs] [Times: user=0.11 sys=0.00, real=0.03 secs]
2018-11-10T19:58:07.918+0800: 1036.188: [GC (Allocation Failure) 2018-11-10T19:58:07.918+0800: 1036.188: [ParNew: 441640K->18503K(480640K), 0.0333489 secs] 1098026K->674891K(8344960K), 0.0335799 secs] [Times: user=0.11 sys=0.00, real=0.03 secs]
2018-11-10T19:58:08.592+0800: 1036.863: [GC (Allocation Failure) 2018-11-10T19:58:08.592+0800: 1036.863: [ParNew: 455495K->33728K(480640K), 0.0602499 secs] 1111883K->690117K(8344960K), 0.0604783 secs] [Times: user=0.15 sys=0.00, real=0.06 secs]
2018-11-10T19:58:10.077+0800: 1038.348: [GC (Allocation Failure) 2018-11-10T19:58:10.077+0800: 1038.348: [ParNew: 470720K->9630K(480640K), 0.0561019 secs] 1127109K->673376K(8344960K), 0.0563595 secs] [Times: user=0.18 sys=0.01, real=0.05 secs]
2018-11-10T19:58:11.185+0800: 1039.456: [GC (Allocation Failure) 2018-11-10T19:58:11.185+0800: 1039.456: [ParNew: 446622K->13248K(480640K), 0.0314080 secs] 1110368K->676994K(8344960K), 0.0316211 secs] [Times: user=0.12 sys=0.00, real=0.04 secs]
2018-11-10T19:58:12.373+0800: 1040.644: [GC (Allocation Failure) 2018-11-10T19:58:12.373+0800: 1040.644: [ParNew: 449602K->11148K(480640K), 0.0292569 secs] 1113347K->674893K(8344960K), 0.0295387 secs] [Times: user=0.10 sys=0.00, real=0.03 secs]
2018-11-10T19:58:14.209+0800: 1042.480: [GC (Allocation Failure) 2018-11-10T19:58:14.209+0800: 1042.480: [ParNew: 446446K->15558K(480640K), 0.0330800 secs] 1110191K->679303K(8344960K), 0.0333685 secs] [Times: user=0.11 sys=0.00, real=0.03 secs]
2018-11-10T19:58:14.783+0800: 1043.054: [GC (Allocation Failure) 2018-11-10T19:58:14.783+0800: 1043.054: [ParNew: 452550K->31439K(480640K), 0.0434034 secs] 1116295K->695185K(8344960K), 0.0436454 secs] [Times: user=0.16 sys=0.00, real=0.05 secs]
2018-11-10T19:58:15.301+0800: 1043.571: [GC (Allocation Failure) 2018-11-10T19:58:15.301+0800: 1043.571: [ParNew: 468431K->25240K(480640K), 0.0556235 secs] 1132177K->698976K(8344960K), 0.0558937 secs] [Times: user=0.16 sys=0.00, real=0.06 secs]
2018-11-10T19:58:18.623+0800: 1046.894: [GC (Allocation Failure) 2018-11-10T19:58:18.624+0800: 1046.894: [ParNew: 462232K->39545K(480640K), 0.0468226 secs] 1135968K->713281K(8344960K), 0.0470470 secs] [Times: user=0.15 sys=0.00, real=0.05 secs]
2018-11-10T19:58:20.818+0800: 1049.089: [GC (Allocation Failure) 2018-11-10T19:58:20.818+0800: 1049.089: [ParNew: 476537K->14576K(480640K), 0.0483074 secs] 1150273K->721082K(8344960K), 0.0485294 secs] [Times: user=0.16 sys=0.02, real=0.05 secs]
2018-11-10T19:58:21.811+0800: 1050.082: [GC (Allocation Failure) 2018-11-10T19:58:21.811+0800: 1050.082: [ParNew: 451568K->14266K(480640K), 0.0381932 secs] 1158074K->720772K(8344960K), 0.0384171 secs] [Times: user=0.12 sys=0.00, real=0.04 secs]
2018-11-10T19:58:23.197+0800: 1051.468: [GC (Allocation Failure) 2018-11-10T19:58:23.197+0800: 1051.468: [ParNew: 451258K->12272K(480640K), 0.0323799 secs] 1157764K->718777K(8344960K), 0.0326059 secs] [Times: user=0.11 sys=0.01, real=0.03 secs]
2018-11-10T19:58:25.173+0800: 1053.444: [GC (Allocation Failure) 2018-11-10T19:58:25.174+0800: 1053.444: [ParNew: 449264K->43457K(480640K), 0.0513804 secs] 1155769K->749962K(8344960K), 0.0517473 secs] [Times: user=0.14 sys=0.01, real=0.05 secs]
2018-11-10T19:58:26.592+0800: 1054.863: [GC (Allocation Failure) 2018-11-10T19:58:26.593+0800: 1054.863: [ParNew: 480449K->14359K(480640K), 0.0495757 secs] 1186954K->741633K(8344960K), 0.0498516 secs] [Times: user=0.14 sys=0.01, real=0.05 secs]
2018-11-10T19:58:27.510+0800: 1055.781: [GC (Allocation Failure) 2018-11-10T19:58:27.510+0800: 1055.781: [ParNew: 451345K->12045K(480640K), 0.0286419 secs] 1178619K->739319K(8344960K), 0.0288889 secs] [Times: user=0.11 sys=0.00, real=0.03 secs]
2018-11-10T19:58:28.530+0800: 1056.800: [GC (Allocation Failure) 2018-11-10T19:58:28.530+0800: 1056.801: [ParNew: 449037K->13990K(480640K), 0.0317774 secs] 1176311K->741263K(8344960K), 0.0320008 secs] [Times: user=0.12 sys=0.00, real=0.03 secs]
2018-11-10T19:58:30.359+0800: 1058.630: [GC (Allocation Failure) 2018-11-10T19:58:30.359+0800: 1058.630: [ParNew: 450982K->13702K(480640K), 0.0402928 secs] 1178255K->740975K(8344960K), 0.0405309 secs] [Times: user=0.12 sys=0.00, real=0.04 secs]
2018-11-10T19:58:36.641+0800: 1064.912: [GC (Allocation Failure) 2018-11-10T19:58:36.641+0800: 1064.912: [ParNew: 450694K->16289K(480640K), 0.0360498 secs] 1177967K->743563K(8344960K), 0.0363181 secs] [Times: user=0.12 sys=0.00, real=0.04 secs]
2018-11-10T19:58:38.288+0800: 1066.558: [GC (Allocation Failure) 2018-11-10T19:58:38.288+0800: 1066.558: [ParNew: 453281K->15444K(480640K), 0.0342139 secs] 1180555K->742717K(8344960K), 0.0344502 secs] [Times: user=0.11 sys=0.00, real=0.03 secs]
2018-11-10T19:58:41.335+0800: 1069.606: [GC (Allocation Failure) 2018-11-10T19:58:41.335+0800: 1069.606: [ParNew: 452436K->16215K(480640K), 0.0324173 secs] 1179709K->743488K(8344960K), 0.0326593 secs] [Times: user=0.11 sys=0.00, real=0.03 secs]
2018-11-10T19:58:42.314+0800: 1070.585: [GC (Allocation Failure) 2018-11-10T19:58:42.315+0800: 1070.585: [ParNew: 453207K->25104K(480640K), 0.0315663 secs] 1180480K->752378K(8344960K), 0.0318100 secs] [Times: user=0.10 sys=0.00, real=0.04 secs]
2018-11-10T19:58:42.812+0800: 1071.082: [GC (Allocation Failure) 2018-11-10T19:58:42.812+0800: 1071.083: [ParNew: 462096K->36445K(480640K), 0.0418824 secs] 1189370K->763718K(8344960K), 0.0421497 secs] [Times: user=0.12 sys=0.00, real=0.04 secs]
2018-11-10T19:58:43.878+0800: 1072.149: [GC (Allocation Failure) 2018-11-10T19:58:43.878+0800: 1072.149: [ParNew: 473437K->14039K(480640K), 0.0369271 secs] 1200710K->748631K(8344960K), 0.0371413 secs] [Times: user=0.12 sys=0.01, real=0.04 secs]
2018-11-10T19:58:45.490+0800: 1073.761: [GC (Allocation Failure) 2018-11-10T19:58:45.490+0800: 1073.761: [ParNew: 451031K->23635K(480640K), 0.0548909 secs] 1185623K->758227K(8344960K), 0.0551929 secs] [Times: user=0.15 sys=0.00, real=0.06 secs]
2018-11-10T19:58:50.730+0800: 1079.001: [GC (Allocation Failure) 2018-11-10T19:58:50.730+0800: 1079.001: [ParNew: 460627K->23909K(480640K), 0.0306115 secs] 1195219K->758501K(8344960K), 0.0308517 secs] [Times: user=0.11 sys=0.00, real=0.03 secs]
2018-11-10T19:58:53.169+0800: 1081.439: [GC (Allocation Failure) 2018-11-10T19:58:53.169+0800: 1081.439: [ParNew: 460901K->23448K(480640K), 0.0315866 secs] 1195493K->758040K(8344960K), 0.0318250 secs] [Times: user=0.12 sys=0.00, real=0.03 secs]
2018-11-10T19:58:56.131+0800: 1084.402: [GC (Allocation Failure) 2018-11-10T19:58:56.131+0800: 1084.402: [ParNew: 460440K->22297K(480640K), 0.0322902 secs] 1195032K->756889K(8344960K), 0.0325449 secs] [Times: user=0.11 sys=0.00, real=0.03 secs]
2018-11-10T19:58:58.331+0800: 1086.602: [GC (Allocation Failure) 2018-11-10T19:58:58.331+0800: 1086.602: [ParNew: 459289K->40051K(480640K), 0.0396357 secs] 1193881K->774642K(8344960K), 0.0398727 secs] [Times: user=0.11 sys=0.00, real=0.04 secs]
2018-11-10T19:59:01.350+0800: 1089.621: [GC (Allocation Failure) 2018-11-10T19:59:01.350+0800: 1089.621: [ParNew: 475664K->18953K(480640K), 0.0466537 secs] 1210256K->769241K(8344960K), 0.0469171 secs] [Times: user=0.13 sys=0.01, real=0.05 secs]
2018-11-10T19:59:07.109+0800: 1095.380: [GC (Allocation Failure) 2018-11-10T19:59:07.109+0800: 1095.380: [ParNew: 455945K->12760K(480640K), 0.0420446 secs] 1206233K->763048K(8344960K), 0.0423588 secs] [Times: user=0.12 sys=0.00, real=0.04 secs]
2018-11-10T19:59:10.509+0800: 1098.779: [GC (Allocation Failure) 2018-11-10T19:59:10.509+0800: 1098.780: [ParNew: 449752K->16186K(480640K), 0.0355936 secs] 1200040K->766474K(8344960K), 0.0358393 secs] [Times: user=0.12 sys=0.01, real=0.03 secs]
2018-11-10T19:59:12.288+0800: 1100.558: [GC (Allocation Failure) 2018-11-10T19:59:12.288+0800: 1100.558: [ParNew: 453178K->20950K(480640K), 0.0483061 secs] 1203466K->771238K(8344960K), 0.0485907 secs] [Times: user=0.13 sys=0.01, real=0.05 secs]
2018-11-10T19:59:20.830+0800: 1109.101: [GC (Allocation Failure) 2018-11-10T19:59:20.830+0800: 1109.101: [ParNew: 457942K->12642K(480640K), 0.0314904 secs] 1208230K->762930K(8344960K), 0.0317209 secs] [Times: user=0.11 sys=0.00, real=0.03 secs]
2018-11-10T19:59:27.858+0800: 1116.129: [GC (Allocation Failure) 2018-11-10T19:59:27.859+0800: 1116.129: [ParNew: 449634K->12036K(480640K), 0.0430644 secs] 1199922K->762324K(8344960K), 0.0432961 secs] [Times: user=0.14 sys=0.00, real=0.04 secs]
2018-11-10T19:59:33.456+0800: 1121.727: [GC (Allocation Failure) 2018-11-10T19:59:33.457+0800: 1121.727: [ParNew: 449028K->11783K(480640K), 0.0357114 secs] 1199316K->762071K(8344960K), 0.0359535 secs] [Times: user=0.12 sys=0.00, real=0.03 secs]
2018-11-10T19:59:37.944+0800: 1126.215: [GC (Allocation Failure) 2018-11-10T19:59:37.944+0800: 1126.215: [ParNew: 448773K->14198K(480640K), 0.0346559 secs] 1199062K->764486K(8344960K), 0.0348797 secs] [Times: user=0.12 sys=0.00, real=0.04 secs]
2018-11-10T19:59:39.420+0800: 1127.690: [GC (Allocation Failure) 2018-11-10T19:59:39.420+0800: 1127.691: [ParNew: 451190K->15617K(480640K), 0.0343514 secs] 1201478K->765905K(8344960K), 0.0345790 secs] [Times: user=0.11 sys=0.00, real=0.03 secs]
2018-11-10T19:59:44.339+0800: 1132.610: [GC (Allocation Failure) 2018-11-10T19:59:44.339+0800: 1132.610: [ParNew: 452609K->18277K(480640K), 0.0370630 secs] 1202897K->768565K(8344960K), 0.0373170 secs] [Times: user=0.12 sys=0.00, real=0.04 secs]
2018-11-10T19:59:45.674+0800: 1133.945: [GC (Allocation Failure) 2018-11-10T19:59:45.674+0800: 1133.945: [ParNew: 455269K->17928K(480640K), 0.0290020 secs] 1205557K->768216K(8344960K), 0.0292236 secs] [Times: user=0.10 sys=0.00, real=0.03 secs]
2018-11-10T19:59:46.692+0800: 1134.963: [GC (Allocation Failure) 2018-11-10T19:59:46.692+0800: 1134.963: [ParNew: 454920K->18339K(480640K), 0.0284870 secs] 1205208K->768627K(8344960K), 0.0287076 secs] [Times: user=0.10 sys=0.00, real=0.03 secs]
2018-11-10T19:59:49.110+0800: 1137.380: [GC (Allocation Failure) 2018-11-10T19:59:49.110+0800: 1137.380: [ParNew: 455331K->13916K(480640K), 0.0321723 secs] 1205619K->764204K(8344960K), 0.0323999 secs] [Times: user=0.11 sys=0.00, real=0.03 secs]
2018-11-10T19:59:53.125+0800: 1141.395: [GC (Allocation Failure) 2018-11-10T19:59:53.125+0800: 1141.395: [ParNew: 450908K->17267K(480640K), 0.0405772 secs] 1201196K->767555K(8344960K), 0.0408153 secs] [Times: user=0.13 sys=0.00, real=0.05 secs]
2018-11-10T19:59:55.740+0800: 1144.011: [GC (Allocation Failure) 2018-11-10T19:59:55.740+0800: 1144.011: [ParNew: 454259K->14914K(480640K), 0.0350649 secs] 1204547K->765216K(8344960K), 0.0353216 secs] [Times: user=0.11 sys=0.00, real=0.04 secs]
2018-11-10T19:59:58.932+0800: 1147.202: [GC (Allocation Failure) 2018-11-10T19:59:58.932+0800: 1147.202: [ParNew: 448972K->24342K(480640K), 0.0445900 secs] 1199275K->777382K(8344960K), 0.0448108 secs] [Times: user=0.12 sys=0.00, real=0.05 secs]
2018-11-10T20:00:01.853+0800: 1150.124: [GC (Allocation Failure) 2018-11-10T20:00:01.853+0800: 1150.124: [ParNew: 461334K->8308K(480640K), 0.0343822 secs] 1214374K->764102K(8344960K), 0.0346278 secs] [Times: user=0.11 sys=0.01, real=0.04 secs]
2018-11-10T20:00:04.828+0800: 1153.098: [GC (Allocation Failure) 2018-11-10T20:00:04.828+0800: 1153.099: [ParNew: 445300K->11093K(480640K), 0.0364768 secs] 1201094K->766907K(8344960K), 0.0367113 secs] [Times: user=0.12 sys=0.00, real=0.03 secs]
2018-11-10T20:00:06.969+0800: 1155.239: [GC (Allocation Failure) 2018-11-10T20:00:06.969+0800: 1155.239: [ParNew: 448085K->16326K(480640K), 0.0321004 secs] 1203899K->772143K(8344960K), 0.0323099 secs] [Times: user=0.11 sys=0.00, real=0.03 secs]
2018-11-10T20:00:09.451+0800: 1157.721: [GC (Allocation Failure) 2018-11-10T20:00:09.451+0800: 1157.721: [ParNew: 453318K->17922K(480640K), 0.0512374 secs] 1209135K->773756K(8344960K), 0.0514770 secs] [Times: user=0.13 sys=0.00, real=0.05 secs]
2018-11-10T20:00:10.245+0800: 1158.515: [GC (Allocation Failure) 2018-11-10T20:00:10.245+0800: 1158.515: [ParNew: 454914K->10215K(480640K), 0.0315509 secs] 1210748K->766119K(8344960K), 0.0317855 secs] [Times: user=0.11 sys=0.00, real=0.04 secs]
2018-11-10T20:00:12.939+0800: 1161.209: [GC (Allocation Failure) 2018-11-10T20:00:12.939+0800: 1161.209: [ParNew: 447207K->8195K(480640K), 0.0400807 secs] 1203111K->764218K(8344960K), 0.0402972 secs] [Times: user=0.12 sys=0.00, real=0.04 secs]
2018-11-10T20:00:15.535+0800: 1163.805: [GC (Allocation Failure) 2018-11-10T20:00:15.535+0800: 1163.806: [ParNew: 445187K->9320K(480640K), 0.0348695 secs] 1201210K->765365K(8344960K), 0.0351218 secs] [Times: user=0.12 sys=0.00, real=0.04 secs]
2018-11-10T20:00:17.575+0800: 1165.845: [GC (Allocation Failure) 2018-11-10T20:00:17.575+0800: 1165.846: [ParNew: 445801K->15018K(480640K), 0.0363870 secs] 1201846K->771091K(8344960K), 0.0366151 secs] [Times: user=0.12 sys=0.00, real=0.04 secs]
2018-11-10T20:00:20.113+0800: 1168.383: [GC (Allocation Failure) 2018-11-10T20:00:20.113+0800: 1168.383: [ParNew: 452010K->22002K(480640K), 0.0413358 secs] 1208083K->778184K(8344960K), 0.0415511 secs] [Times: user=0.13 sys=0.00, real=0.04 secs]
2018-11-10T20:00:21.182+0800: 1169.453: [GC (Allocation Failure) 2018-11-10T20:00:21.182+0800: 1169.453: [ParNew: 456506K->26649K(480640K), 0.0482834 secs] 1212688K->782833K(8344960K), 0.0484958 secs] [Times: user=0.13 sys=0.00, real=0.05 secs]
2018-11-10T20:00:23.955+0800: 1172.226: [GC (Allocation Failure) 2018-11-10T20:00:23.955+0800: 1172.226: [ParNew: 463641K->17067K(480640K), 0.0490968 secs] 1219825K->774461K(8344960K), 0.0493211 secs] [Times: user=0.13 sys=0.00, real=0.05 secs]
2018-11-10T20:00:25.596+0800: 1173.866: [GC (Allocation Failure) 2018-11-10T20:00:25.596+0800: 1173.866: [ParNew: 454059K->19159K(480640K), 0.0414854 secs] 1211453K->776553K(8344960K), 0.0416917 secs] [Times: user=0.13 sys=0.00, real=0.04 secs]
2018-11-10T20:00:31.415+0800: 1179.686: [GC (Allocation Failure) 2018-11-10T20:00:31.415+0800: 1179.686: [ParNew: 456151K->25666K(480640K), 0.0380490 secs] 1213545K->783060K(8344960K), 0.0382918 secs] [Times: user=0.12 sys=0.01, real=0.04 secs]
2018-11-10T20:00:33.429+0800: 1181.700: [GC (Allocation Failure) 2018-11-10T20:00:33.429+0800: 1181.700: [ParNew: 462658K->15724K(480640K), 0.0422494 secs] 1220052K->787025K(8344960K), 0.0424784 secs] [Times: user=0.14 sys=0.00, real=0.04 secs]
2018-11-10T20:00:35.334+0800: 1183.604: [GC (Allocation Failure) 2018-11-10T20:00:35.334+0800: 1183.604: [ParNew: 452716K->25754K(480640K), 0.0401481 secs] 1224017K->797055K(8344960K), 0.0403791 secs] [Times: user=0.13 sys=0.00, real=0.04 secs]
2018-11-10T20:00:39.754+0800: 1188.024: [GC (Allocation Failure) 2018-11-10T20:00:39.754+0800: 1188.025: [ParNew: 462746K->31658K(480640K), 0.0496851 secs] 1234047K->807541K(8344960K), 0.0499328 secs] [Times: user=0.15 sys=0.01, real=0.05 secs]
2018-11-10T20:00:43.963+0800: 1192.234: [GC (Allocation Failure) 2018-11-10T20:00:43.963+0800: 1192.234: [ParNew: 468650K->9009K(480640K), 0.0375246 secs] 1244533K->798863K(8344960K), 0.0377744 secs] [Times: user=0.12 sys=0.01, real=0.04 secs]
2018-11-10T20:00:46.750+0800: 1195.020: [GC (Allocation Failure) 2018-11-10T20:00:46.750+0800: 1195.020: [ParNew: 446001K->9304K(480640K), 0.0319714 secs] 1235855K->799158K(8344960K), 0.0321958 secs] [Times: user=0.11 sys=0.00, real=0.03 secs]
2018-11-10T20:00:48.960+0800: 1197.231: [GC (Allocation Failure) 2018-11-10T20:00:48.961+0800: 1197.231: [ParNew: 446296K->22218K(480640K), 0.0525372 secs] 1236150K->812073K(8344960K), 0.0527824 secs] [Times: user=0.14 sys=0.00, real=0.05 secs]
2018-11-10T20:00:50.468+0800: 1198.738: [GC (Allocation Failure) 2018-11-10T20:00:50.468+0800: 1198.739: [ParNew: 459210K->15624K(480640K), 0.0482048 secs] 1249065K->805479K(8344960K), 0.0485018 secs] [Times: user=0.12 sys=0.00, real=0.05 secs]
2018-11-10T20:00:52.016+0800: 1200.287: [GC (Allocation Failure) 2018-11-10T20:00:52.016+0800: 1200.287: [ParNew: 452616K->18547K(480640K), 0.0361101 secs] 1242471K->808401K(8344960K), 0.0363411 secs] [Times: user=0.14 sys=0.00, real=0.03 secs]
2018-11-10T20:00:52.867+0800: 1201.137: [GC (Allocation Failure) 2018-11-10T20:00:52.867+0800: 1201.137: [ParNew: 455539K->23288K(480640K), 0.0350762 secs] 1245393K->813143K(8344960K), 0.0353189 secs] [Times: user=0.12 sys=0.00, real=0.03 secs]
2018-11-10T20:00:53.830+0800: 1202.101: [GC (Allocation Failure) 2018-11-10T20:00:53.830+0800: 1202.101: [ParNew: 460275K->19023K(480640K), 0.0315885 secs] 1250130K->808877K(8344960K), 0.0318393 secs] [Times: user=0.11 sys=0.00, real=0.03 secs]
2018-11-10T20:00:54.469+0800: 1202.739: [GC (Allocation Failure) 2018-11-10T20:00:54.469+0800: 1202.739: [ParNew: 456015K->25976K(480640K), 0.0316063 secs] 1245869K->815830K(8344960K), 0.0318505 secs] [Times: user=0.12 sys=0.00, real=0.03 secs]
2018-11-10T20:00:57.028+0800: 1205.299: [GC (Allocation Failure) 2018-11-10T20:00:57.029+0800: 1205.299: [ParNew: 462968K->20558K(480640K), 0.0434922 secs] 1252822K->810763K(8344960K), 0.0437930 secs] [Times: user=0.12 sys=0.00, real=0.04 secs]
2018-11-10T20:01:00.488+0800: 1208.759: [GC (Allocation Failure) 2018-11-10T20:01:00.488+0800: 1208.759: [ParNew: 457310K->7238K(480640K), 0.0419355 secs] 1247514K->797442K(8344960K), 0.0422091 secs] [Times: user=0.12 sys=0.00, real=0.04 secs]
2018-11-10T20:01:06.390+0800: 1214.661: [GC (Allocation Failure) 2018-11-10T20:01:06.390+0800: 1214.661: [ParNew: 444230K->7002K(480640K), 0.0345826 secs] 1234434K->797206K(8344960K), 0.0348026 secs] [Times: user=0.11 sys=0.00, real=0.03 secs]
2018-11-10T20:01:08.728+0800: 1216.998: [GC (Allocation Failure) 2018-11-10T20:01:08.728+0800: 1216.999: [ParNew: 443994K->11855K(480640K), 0.0349070 secs] 1234198K->802060K(8344960K), 0.0351464 secs] [Times: user=0.13 sys=0.00, real=0.03 secs]
2018-11-10T20:01:11.693+0800: 1219.964: [GC (Allocation Failure) 2018-11-10T20:01:11.694+0800: 1219.964: [ParNew: 448847K->7767K(480640K), 0.0307899 secs] 1239052K->797971K(8344960K), 0.0310040 secs] [Times: user=0.11 sys=0.00, real=0.03 secs]
2018-11-10T20:01:14.789+0800: 1223.059: [GC (Allocation Failure) 2018-11-10T20:01:14.789+0800: 1223.059: [ParNew: 444759K->4776K(480640K), 0.0322486 secs] 1234963K->794980K(8344960K), 0.0325013 secs] [Times: user=0.11 sys=0.00, real=0.03 secs]
2018-11-10T20:01:17.543+0800: 1225.814: [GC (Allocation Failure) 2018-11-10T20:01:17.543+0800: 1225.814: [ParNew: 441768K->12246K(480640K), 0.0415812 secs] 1231972K->802450K(8344960K), 0.0418022 secs] [Times: user=0.13 sys=0.00, real=0.04 secs]
2018-11-10T20:01:22.335+0800: 1230.606: [GC (GCLocker Initiated GC) 2018-11-10T20:01:22.335+0800: 1230.606: [ParNew: 449238K->12402K(480640K), 0.0448726 secs] 1239442K->802606K(8344960K), 0.0451005 secs] [Times: user=0.13 sys=0.00, real=0.04 secs]
2018-11-10T20:01:29.768+0800: 1238.039: [GC (Allocation Failure) 2018-11-10T20:01:29.768+0800: 1238.039: [ParNew: 449394K->14524K(480640K), 0.0375869 secs] 1239598K->804728K(8344960K), 0.0378518 secs] [Times: user=0.11 sys=0.00, real=0.04 secs]
2018-11-10T20:01:33.400+0800: 1241.670: [GC (Allocation Failure) 2018-11-10T20:01:33.400+0800: 1241.671: [ParNew: 451516K->7796K(480640K), 0.0379668 secs] 1241720K->798000K(8344960K), 0.0381908 secs] [Times: user=0.11 sys=0.00, real=0.04 secs]
2018-11-10T20:01:36.991+0800: 1245.261: [GC (Allocation Failure) 2018-11-10T20:01:36.991+0800: 1245.261: [ParNew: 444788K->19413K(480640K), 0.0429283 secs] 1234992K->809617K(8344960K), 0.0431785 secs] [Times: user=0.13 sys=0.00, real=0.04 secs]
2018-11-10T20:01:38.550+0800: 1246.821: [GC (Allocation Failure) 2018-11-10T20:01:38.550+0800: 1246.821: [ParNew: 456405K->17919K(480640K), 0.0327158 secs] 1246609K->808124K(8344960K), 0.0329356 secs] [Times: user=0.12 sys=0.00, real=0.03 secs]
2018-11-10T20:01:39.528+0800: 1247.799: [GC (Allocation Failure) 2018-11-10T20:01:39.528+0800: 1247.799: [ParNew: 454911K->19424K(480640K), 0.0317690 secs] 1245116K->809635K(8344960K), 0.0319664 secs] [Times: user=0.12 sys=0.00, real=0.03 secs]
2018-11-10T20:01:40.153+0800: 1248.423: [GC (Allocation Failure) 2018-11-10T20:01:40.153+0800: 1248.423: [ParNew: 456416K->14919K(480640K), 0.0417208 secs] 1246627K->805135K(8344960K), 0.0419999 secs] [Times: user=0.13 sys=0.00, real=0.04 secs]
2018-11-10T20:01:44.786+0800: 1253.056: [GC (Allocation Failure) 2018-11-10T20:01:44.786+0800: 1253.056: [ParNew: 451911K->10550K(480640K), 0.0352228 secs] 1242127K->800771K(8344960K), 0.0354352 secs] [Times: user=0.12 sys=0.00, real=0.03 secs]
2018-11-10T20:01:51.162+0800: 1259.433: [GC (Allocation Failure) 2018-11-10T20:01:51.162+0800: 1259.433: [ParNew: 447542K->13024K(480640K), 0.0378892 secs] 1237763K->803265K(8344960K), 0.0381252 secs] [Times: user=0.12 sys=0.00, real=0.04 secs]
2018-11-10T20:01:52.748+0800: 1261.018: [GC (Allocation Failure) 2018-11-10T20:01:52.748+0800: 1261.018: [ParNew: 450016K->32579K(480640K), 0.0535997 secs] 1240257K->822838K(8344960K), 0.0538357 secs] [Times: user=0.16 sys=0.00, real=0.05 secs]
2018-11-10T20:01:57.004+0800: 1265.274: [GC (Allocation Failure) 2018-11-10T20:01:57.004+0800: 1265.274: [ParNew: 469571K->12051K(480640K), 0.0457679 secs] 1259830K->803601K(8344960K), 0.0459991 secs] [Times: user=0.14 sys=0.01, real=0.05 secs]
2018-11-10T20:02:00.269+0800: 1268.540: [GC (Allocation Failure) 2018-11-10T20:02:00.269+0800: 1268.540: [ParNew: 449031K->11720K(480640K), 0.0370660 secs] 1240581K->803270K(8344960K), 0.0373456 secs] [Times: user=0.13 sys=0.00, real=0.04 secs]
2018-11-10T20:02:04.678+0800: 1272.949: [GC (Allocation Failure) 2018-11-10T20:02:04.678+0800: 1272.949: [ParNew: 448712K->9555K(480640K), 0.0336296 secs] 1240262K->801106K(8344960K), 0.0338624 secs] [Times: user=0.11 sys=0.00, real=0.03 secs]
2018-11-10T20:02:09.748+0800: 1278.018: [GC (Allocation Failure) 2018-11-10T20:02:09.748+0800: 1278.018: [ParNew: 443591K->17474K(480640K), 0.0557634 secs] 1235141K->809024K(8344960K), 0.0560027 secs] [Times: user=0.15 sys=0.00, real=0.05 secs]
2018-11-10T20:02:12.463+0800: 1280.734: [GC (Allocation Failure) 2018-11-10T20:02:12.463+0800: 1280.734: [ParNew: 454466K->11526K(480640K), 0.0310943 secs] 1246016K->803076K(8344960K), 0.0313155 secs] [Times: user=0.11 sys=0.00, real=0.03 secs]
2018-11-10T20:02:17.917+0800: 1286.187: [GC (Allocation Failure) 2018-11-10T20:02:17.917+0800: 1286.187: [ParNew: 448518K->10873K(480640K), 0.0329511 secs] 1240068K->802423K(8344960K), 0.0332062 secs] [Times: user=0.11 sys=0.00, real=0.03 secs]
2018-11-10T20:02:22.367+0800: 1290.637: [GC (Allocation Failure) 2018-11-10T20:02:22.367+0800: 1290.637: [ParNew: 447865K->17364K(480640K), 0.0376929 secs] 1239415K->808915K(8344960K), 0.0379180 secs] [Times: user=0.13 sys=0.00, real=0.03 secs]
2018-11-10T20:02:23.437+0800: 1291.708: [GC (Allocation Failure) 2018-11-10T20:02:23.437+0800: 1291.708: [ParNew: 454356K->14350K(480640K), 0.0309838 secs] 1245907K->805900K(8344960K), 0.0312352 secs] [Times: user=0.12 sys=0.00, real=0.03 secs]
2018-11-10T20:02:27.134+0800: 1295.405: [GC (Allocation Failure) 2018-11-10T20:02:27.134+0800: 1295.405: [ParNew: 451342K->12402K(480640K), 0.0333053 secs] 1242892K->803952K(8344960K), 0.0335541 secs] [Times: user=0.12 sys=0.00, real=0.04 secs]
2018-11-10T20:02:30.006+0800: 1298.276: [GC (Allocation Failure) 2018-11-10T20:02:30.006+0800: 1298.277: [ParNew: 449394K->18086K(480640K), 0.0430950 secs] 1240944K->809636K(8344960K), 0.0433247 secs] [Times: user=0.13 sys=0.00, real=0.04 secs]
2018-11-10T20:02:31.140+0800: 1299.411: [GC (Allocation Failure) 2018-11-10T20:02:31.141+0800: 1299.411: [ParNew: 455078K->16970K(480640K), 0.0401462 secs] 1246628K->808520K(8344960K), 0.0403948 secs] [Times: user=0.13 sys=0.00, real=0.04 secs]
2018-11-10T20:02:33.439+0800: 1301.710: [GC (Allocation Failure) 2018-11-10T20:02:33.439+0800: 1301.710: [ParNew: 453962K->21531K(480640K), 0.0442731 secs] 1245512K->813081K(8344960K), 0.0445291 secs] [Times: user=0.12 sys=0.01, real=0.04 secs]
2018-11-10T20:02:35.858+0800: 1304.129: [GC (Allocation Failure) 2018-11-10T20:02:35.858+0800: 1304.129: [ParNew: 458523K->27150K(480640K), 0.0440392 secs] 1250073K->818701K(8344960K), 0.0442873 secs] [Times: user=0.12 sys=0.00, real=0.04 secs]
2018-11-10T20:02:37.944+0800: 1306.215: [GC (Allocation Failure) 2018-11-10T20:02:37.944+0800: 1306.215: [ParNew: 464142K->6431K(480640K), 0.0353423 secs] 1255693K->802623K(8344960K), 0.0355793 secs] [Times: user=0.11 sys=0.00, real=0.04 secs]
2018-11-10T20:02:41.900+0800: 1310.171: [GC (Allocation Failure) 2018-11-10T20:02:41.900+0800: 1310.171: [ParNew: 443423K->5655K(480640K), 0.0338728 secs] 1239615K->801848K(8344960K), 0.0341087 secs] [Times: user=0.12 sys=0.00, real=0.03 secs]
2018-11-10T20:02:45.643+0800: 1313.913: [GC (Allocation Failure) 2018-11-10T20:02:45.643+0800: 1313.914: [ParNew: 442647K->10765K(480640K), 0.0370351 secs] 1238840K->806958K(8344960K), 0.0372743 secs] [Times: user=0.11 sys=0.00, real=0.04 secs]
2018-11-10T20:02:48.067+0800: 1316.338: [GC (Allocation Failure) 2018-11-10T20:02:48.067+0800: 1316.338: [ParNew: 447757K->8245K(480640K), 0.0397347 secs] 1243950K->804455K(8344960K), 0.0399864 secs] [Times: user=0.13 sys=0.01, real=0.04 secs]
2018-11-10T20:02:49.971+0800: 1318.241: [GC (Allocation Failure) 2018-11-10T20:02:49.971+0800: 1318.241: [ParNew: 445237K->13302K(480640K), 0.0427362 secs] 1241447K->809558K(8344960K), 0.0429827 secs] [Times: user=0.13 sys=0.00, real=0.04 secs]
2018-11-10T20:02:51.712+0800: 1319.983: [GC (Allocation Failure) 2018-11-10T20:02:51.712+0800: 1319.983: [ParNew: 450294K->10458K(480640K), 0.0422201 secs] 1246550K->806858K(8344960K), 0.0425171 secs] [Times: user=0.13 sys=0.00, real=0.04 secs]
2018-11-10T20:02:55.712+0800: 1323.983: [GC (Allocation Failure) 2018-11-10T20:02:55.713+0800: 1323.983: [ParNew: 447450K->9672K(480640K), 0.0495353 secs] 1243850K->806081K(8344960K), 0.0497856 secs] [Times: user=0.16 sys=0.00, real=0.05 secs]
2018-11-10T20:02:58.972+0800: 1327.242: [GC (Allocation Failure) 2018-11-10T20:02:58.972+0800: 1327.242: [ParNew: 446664K->6341K(480640K), 0.0358585 secs] 1243073K->802807K(8344960K), 0.0361009 secs] [Times: user=0.12 sys=0.00, real=0.04 secs]
2018-11-10T20:03:02.521+0800: 1330.792: [GC (Allocation Failure) 2018-11-10T20:03:02.522+0800: 1330.792: [ParNew: 443333K->10383K(480640K), 0.0353351 secs] 1239799K->806858K(8344960K), 0.0355988 secs] [Times: user=0.12 sys=0.00, real=0.04 secs]
2018-11-10T20:03:05.385+0800: 1333.655: [GC (Allocation Failure) 2018-11-10T20:03:05.385+0800: 1333.655: [ParNew: 447375K->6623K(480640K), 0.0296104 secs] 1243850K->803107K(8344960K), 0.0298307 secs] [Times: user=0.11 sys=0.00, real=0.03 secs]
2018-11-10T20:03:07.262+0800: 1335.533: [GC (Allocation Failure) 2018-11-10T20:03:07.262+0800: 1335.533: [ParNew: 443615K->14857K(480640K), 0.0400239 secs] 1240099K->811350K(8344960K), 0.0402887 secs] [Times: user=0.12 sys=0.01, real=0.04 secs]
2018-11-10T20:03:08.751+0800: 1337.022: [GC (Allocation Failure) 2018-11-10T20:03:08.751+0800: 1337.022: [ParNew: 451849K->16581K(480640K), 0.0427618 secs] 1248342K->813083K(8344960K), 0.0430366 secs] [Times: user=0.12 sys=0.00, real=0.04 secs]
2018-11-10T20:03:13.068+0800: 1341.339: [GC (Allocation Failure) 2018-11-10T20:03:13.069+0800: 1341.339: [ParNew: 453573K->13924K(480640K), 0.0390400 secs] 1250075K->810454K(8344960K), 0.0392864 secs] [Times: user=0.12 sys=0.00, real=0.04 secs]
2018-11-10T20:03:15.087+0800: 1343.358: [GC (Allocation Failure) 2018-11-10T20:03:15.088+0800: 1343.358: [ParNew: 447121K->24102K(480640K), 0.0392294 secs] 1243652K->820716K(8344960K), 0.0394713 secs] [Times: user=0.11 sys=0.00, real=0.04 secs]
2018-11-10T20:03:19.861+0800: 1348.131: [GC (Allocation Failure) 2018-11-10T20:03:19.861+0800: 1348.131: [ParNew: 461094K->9002K(480640K), 0.0350036 secs] 1257708K->806570K(8344960K), 0.0352686 secs] [Times: user=0.11 sys=0.00, real=0.04 secs]
2018-11-10T20:03:22.058+0800: 1350.329: [GC (Allocation Failure) 2018-11-10T20:03:22.058+0800: 1350.329: [ParNew: 445994K->5192K(480640K), 0.0319270 secs] 1243562K->802760K(8344960K), 0.0321515 secs] [Times: user=0.10 sys=0.00, real=0.03 secs]
2018-11-10T20:03:25.865+0800: 1354.136: [GC (Allocation Failure) 2018-11-10T20:03:25.866+0800: 1354.136: [ParNew: 442184K->10961K(480640K), 0.0420938 secs] 1239752K->808529K(8344960K), 0.0423229 secs] [Times: user=0.13 sys=0.00, real=0.04 secs]
2018-11-10T20:03:30.907+0800: 1359.178: [GC (Allocation Failure) 2018-11-10T20:03:30.907+0800: 1359.178: [ParNew: 447953K->5838K(480640K), 0.0566467 secs] 1245521K->803406K(8344960K), 0.0569004 secs] [Times: user=0.15 sys=0.01, real=0.05 secs]
2018-11-10T20:03:32.823+0800: 1361.094: [GC (Allocation Failure) 2018-11-10T20:03:32.824+0800: 1361.094: [ParNew: 442830K->13971K(480640K), 0.0354758 secs] 1240398K->811539K(8344960K), 0.0357119 secs] [Times: user=0.12 sys=0.00, real=0.04 secs]
2018-11-10T20:03:33.977+0800: 1362.248: [GC (Allocation Failure) 2018-11-10T20:03:33.977+0800: 1362.248: [ParNew: 450963K->9173K(480640K), 0.0430032 secs] 1248531K->806741K(8344960K), 0.0432555 secs] [Times: user=0.13 sys=0.01, real=0.04 secs]
2018-11-10T20:03:37.523+0800: 1365.793: [GC (Allocation Failure) 2018-11-10T20:03:37.523+0800: 1365.793: [ParNew: 446165K->18312K(480640K), 0.0488595 secs] 1243733K->815881K(8344960K), 0.0491018 secs] [Times: user=0.15 sys=0.00, real=0.05 secs]
2018-11-10T20:03:38.130+0800: 1366.401: [GC (Allocation Failure) 2018-11-10T20:03:38.130+0800: 1366.401: [ParNew: 455304K->16073K(480640K), 0.0346526 secs] 1252873K->813641K(8344960K), 0.0349186 secs] [Times: user=0.12 sys=0.00, real=0.03 secs]
2018-11-10T20:03:39.105+0800: 1367.376: [GC (Allocation Failure) 2018-11-10T20:03:39.105+0800: 1367.376: [ParNew: 452942K->10797K(480640K), 0.0340437 secs] 1250511K->808365K(8344960K), 0.0343282 secs] [Times: user=0.12 sys=0.00, real=0.04 secs]
2018-11-10T20:03:41.847+0800: 1370.118: [GC (Allocation Failure) 2018-11-10T20:03:41.847+0800: 1370.118: [ParNew: 447789K->13653K(480640K), 0.0421262 secs] 1245357K->811221K(8344960K), 0.0424255 secs] [Times: user=0.14 sys=0.01, real=0.04 secs]
2018-11-10T20:03:43.149+0800: 1371.419: [GC (Allocation Failure) 2018-11-10T20:03:43.149+0800: 1371.420: [ParNew: 450645K->14248K(480640K), 0.0404589 secs] 1248213K->811816K(8344960K), 0.0406748 secs] [Times: user=0.12 sys=0.00, real=0.04 secs]
2018-11-10T20:03:44.532+0800: 1372.803: [GC (Allocation Failure) 2018-11-10T20:03:44.532+0800: 1372.803: [ParNew: 451164K->39048K(480640K), 0.0560934 secs] 1248732K->836617K(8344960K), 0.0563515 secs] [Times: user=0.14 sys=0.00, real=0.06 secs]
2018-11-10T20:03:48.301+0800: 1376.572: [GC (Allocation Failure) 2018-11-10T20:03:48.301+0800: 1376.572: [ParNew: 476040K->5344K(480640K), 0.0402969 secs] 1273609K->803803K(8344960K), 0.0405547 secs] [Times: user=0.13 sys=0.00, real=0.04 secs]
2018-11-10T20:03:51.198+0800: 1379.468: [GC (Allocation Failure) 2018-11-10T20:03:51.198+0800: 1379.468: [ParNew: 442336K->13181K(480640K), 0.0301329 secs] 1240795K->811640K(8344960K), 0.0303822 secs] [Times: user=0.10 sys=0.00, real=0.03 secs]
2018-11-10T20:03:53.972+0800: 1382.243: [GC (Allocation Failure) 2018-11-10T20:03:53.972+0800: 1382.243: [ParNew: 450173K->16346K(480640K), 0.0375710 secs] 1248632K->814805K(8344960K), 0.0377993 secs] [Times: user=0.11 sys=0.00, real=0.04 secs]
2018-11-10T20:03:54.551+0800: 1382.821: [GC (Allocation Failure) 2018-11-10T20:03:54.551+0800: 1382.821: [ParNew: 453338K->10677K(480640K), 0.0273439 secs] 1251797K->809136K(8344960K), 0.0275803 secs] [Times: user=0.10 sys=0.00, real=0.03 secs]
2018-11-10T20:03:57.612+0800: 1385.883: [GC (Allocation Failure) 2018-11-10T20:03:57.613+0800: 1385.883: [ParNew: 447669K->10341K(480640K), 0.0336899 secs] 1246128K->808800K(8344960K), 0.0339795 secs] [Times: user=0.11 sys=0.00, real=0.04 secs]
2018-11-10T20:04:00.057+0800: 1388.327: [GC (Allocation Failure) 2018-11-10T20:04:00.057+0800: 1388.328: [ParNew: 447333K->5635K(480640K), 0.0358085 secs] 1245792K->804094K(8344960K), 0.0360447 secs] [Times: user=0.12 sys=0.00, real=0.03 secs]
2018-11-10T20:04:04.943+0800: 1393.214: [GC (Allocation Failure) 2018-11-10T20:04:04.943+0800: 1393.214: [ParNew: 442144K->11463K(480640K), 0.0454457 secs] 1240603K->809922K(8344960K), 0.0456943 secs] [Times: user=0.14 sys=0.01, real=0.05 secs]
2018-11-10T20:04:07.009+0800: 1395.280: [GC (Allocation Failure) 2018-11-10T20:04:07.009+0800: 1395.280: [ParNew: 448455K->14688K(480640K), 0.0334524 secs] 1246914K->813147K(8344960K), 0.0337187 secs] [Times: user=0.12 sys=0.00, real=0.03 secs]
2018-11-10T20:04:11.552+0800: 1399.823: [GC (Allocation Failure) 2018-11-10T20:04:11.552+0800: 1399.823: [ParNew: 450313K->18766K(480640K), 0.0400565 secs] 1248772K->817225K(8344960K), 0.0403163 secs] [Times: user=0.12 sys=0.00, real=0.04 secs]
2018-11-10T20:04:12.717+0800: 1400.988: [GC (Allocation Failure) 2018-11-10T20:04:12.717+0800: 1400.988: [ParNew: 455758K->20664K(480640K), 0.0476074 secs] 1254217K->819124K(8344960K), 0.0478326 secs] [Times: user=0.13 sys=0.00, real=0.04 secs]
2018-11-10T20:04:13.495+0800: 1401.766: [GC (Allocation Failure) 2018-11-10T20:04:13.495+0800: 1401.766: [ParNew: 457656K->7098K(480640K), 0.0405879 secs] 1256116K->805558K(8344960K), 0.0408600 secs] [Times: user=0.13 sys=0.01, real=0.05 secs]
2018-11-10T20:04:17.337+0800: 1405.608: [GC (Allocation Failure) 2018-11-10T20:04:17.337+0800: 1405.608: [ParNew: 441977K->10076K(480640K), 0.0328045 secs] 1240436K->808535K(8344960K), 0.0331059 secs] [Times: user=0.11 sys=0.01, real=0.03 secs]
2018-11-10T20:04:20.249+0800: 1408.520: [GC (Allocation Failure) 2018-11-10T20:04:20.249+0800: 1408.520: [ParNew: 447068K->13147K(480640K), 0.0374304 secs] 1245527K->811607K(8344960K), 0.0377212 secs] [Times: user=0.12 sys=0.00, real=0.04 secs]
2018-11-10T20:04:23.166+0800: 1411.437: [GC (Allocation Failure) 2018-11-10T20:04:23.166+0800: 1411.437: [ParNew: 450139K->11180K(480640K), 0.0459629 secs] 1248599K->809639K(8344960K), 0.0462186 secs] [Times: user=0.12 sys=0.00, real=0.04 secs]
2018-11-10T20:04:25.651+0800: 1413.921: [GC (Allocation Failure) 2018-11-10T20:04:25.651+0800: 1413.922: [ParNew: 448172K->31172K(480640K), 0.0481653 secs] 1246631K->829631K(8344960K), 0.0484005 secs] [Times: user=0.14 sys=0.00, real=0.05 secs]
2018-11-10T20:04:30.828+0800: 1419.099: [GC (Allocation Failure) 2018-11-10T20:04:30.828+0800: 1419.099: [ParNew: 468164K->12038K(480640K), 0.0500869 secs] 1266623K->812037K(8344960K), 0.0503603 secs] [Times: user=0.13 sys=0.00, real=0.05 secs]
2018-11-10T20:04:32.583+0800: 1420.854: [GC (Allocation Failure) 2018-11-10T20:04:32.583+0800: 1420.854: [ParNew: 449030K->12889K(480640K), 0.0474019 secs] 1249029K->812888K(8344960K), 0.0476358 secs] [Times: user=0.18 sys=0.00, real=0.05 secs]
2018-11-10T20:04:34.004+0800: 1422.275: [GC (Allocation Failure) 2018-11-10T20:04:34.004+0800: 1422.275: [ParNew: 449881K->6928K(480640K), 0.0473639 secs] 1249880K->806927K(8344960K), 0.0475881 secs] [Times: user=0.16 sys=0.00, real=0.05 secs]
2018-11-10T20:04:37.408+0800: 1425.678: [GC (Allocation Failure) 2018-11-10T20:04:37.408+0800: 1425.679: [ParNew: 443920K->7034K(480640K), 0.0297349 secs] 1243919K->807032K(8344960K), 0.0299687 secs] [Times: user=0.11 sys=0.00, real=0.03 secs]
2018-11-10T20:04:46.307+0800: 1434.578: [GC (Allocation Failure) 2018-11-10T20:04:46.307+0800: 1434.578: [ParNew: 443966K->6298K(480640K), 0.0329260 secs] 1243965K->806297K(8344960K), 0.0331982 secs] [Times: user=0.12 sys=0.00, real=0.03 secs]
2018-11-10T20:04:47.061+0800: 1435.332: [GC (Allocation Failure) 2018-11-10T20:04:47.061+0800: 1435.332: [ParNew: 443290K->11999K(480640K), 0.0427291 secs] 1243289K->811998K(8344960K), 0.0430005 secs] [Times: user=0.14 sys=0.00, real=0.04 secs]
2018-11-10T20:04:50.141+0800: 1438.411: [GC (Allocation Failure) 2018-11-10T20:04:50.141+0800: 1438.412: [ParNew: 448991K->12639K(480640K), 0.0328484 secs] 1248990K->812638K(8344960K), 0.0331186 secs] [Times: user=0.11 sys=0.00, real=0.03 secs]
2018-11-10T20:04:53.046+0800: 1441.317: [GC (Allocation Failure) 2018-11-10T20:04:53.047+0800: 1441.317: [ParNew: 449631K->9020K(480640K), 0.0381140 secs] 1249630K->809019K(8344960K), 0.0383595 secs] [Times: user=0.12 sys=0.00, real=0.03 secs]
2018-11-10T20:04:55.260+0800: 1443.531: [GC (Allocation Failure) 2018-11-10T20:04:55.260+0800: 1443.531: [ParNew: 445916K->5736K(480640K), 0.0310909 secs] 1245915K->805735K(8344960K), 0.0313147 secs] [Times: user=0.11 sys=0.00, real=0.03 secs]
2018-11-10T20:04:59.802+0800: 1448.072: [GC (Allocation Failure) 2018-11-10T20:04:59.802+0800: 1448.073: [ParNew: 442728K->15923K(480640K), 0.0478832 secs] 1242727K->815922K(8344960K), 0.0481248 secs] [Times: user=0.14 sys=0.00, real=0.05 secs]
2018-11-10T20:05:03.055+0800: 1451.325: [GC (Allocation Failure) 2018-11-10T20:05:03.055+0800: 1451.325: [ParNew: 452856K->8552K(480640K), 0.0360129 secs] 1252855K->808551K(8344960K), 0.0362347 secs] [Times: user=0.12 sys=0.00, real=0.04 secs]
2018-11-10T20:05:09.155+0800: 1457.425: [GC (Allocation Failure) 2018-11-10T20:05:09.155+0800: 1457.426: [ParNew: 445544K->10399K(480640K), 0.0341719 secs] 1245543K->810397K(8344960K), 0.0344045 secs] [Times: user=0.12 sys=0.00, real=0.04 secs]
2018-11-10T20:05:12.037+0800: 1460.308: [GC (Allocation Failure) 2018-11-10T20:05:12.037+0800: 1460.308: [ParNew: 447391K->13230K(480640K), 0.0465127 secs] 1247389K->813229K(8344960K), 0.0467384 secs] [Times: user=0.14 sys=0.00, real=0.04 secs]
2018-11-10T20:05:14.580+0800: 1462.851: [GC (Allocation Failure) 2018-11-10T20:05:14.580+0800: 1462.851: [ParNew: 450222K->5501K(480640K), 0.0326925 secs] 1250221K->805500K(8344960K), 0.0329558 secs] [Times: user=0.11 sys=0.00, real=0.03 secs]
2018-11-10T20:05:23.005+0800: 1471.276: [GC (Allocation Failure) 2018-11-10T20:05:23.005+0800: 1471.276: [ParNew: 435877K->17133K(480640K), 0.0415929 secs] 1235876K->817132K(8344960K), 0.0418823 secs] [Times: user=0.14 sys=0.00, real=0.05 secs]
2018-11-10T20:05:28.183+0800: 1476.454: [GC (Allocation Failure) 2018-11-10T20:05:28.183+0800: 1476.454: [ParNew: 454125K->18086K(480640K), 0.0396126 secs] 1254124K->818159K(8344960K), 0.0398561 secs] [Times: user=0.12 sys=0.00, real=0.04 secs]
2018-11-10T20:05:29.694+0800: 1477.964: [GC (Allocation Failure) 2018-11-10T20:05:29.694+0800: 1477.964: [ParNew: 455078K->9645K(480640K), 0.0444641 secs] 1255151K->809730K(8344960K), 0.0447043 secs] [Times: user=0.13 sys=0.00, real=0.05 secs]
2018-11-10T20:05:30.962+0800: 1479.233: [GC (Allocation Failure) 2018-11-10T20:05:30.962+0800: 1479.233: [ParNew: 446637K->25768K(480640K), 0.0410895 secs] 1246722K->825854K(8344960K), 0.0413413 secs] [Times: user=0.12 sys=0.00, real=0.04 secs]
2018-11-10T20:05:37.239+0800: 1485.509: [GC (Allocation Failure) 2018-11-10T20:05:37.239+0800: 1485.510: [ParNew: 462760K->15967K(480640K), 0.0389409 secs] 1262846K->817620K(8344960K), 0.0391969 secs] [Times: user=0.12 sys=0.00, real=0.04 secs]
2018-11-10T20:05:37.964+0800: 1486.235: [GC (Allocation Failure) 2018-11-10T20:05:37.965+0800: 1486.235: [ParNew: 452959K->16767K(480640K), 0.0498451 secs] 1254612K->818419K(8344960K), 0.0500857 secs] [Times: user=0.14 sys=0.00, real=0.05 secs]
2018-11-10T20:05:38.824+0800: 1487.094: [GC (Allocation Failure) 2018-11-10T20:05:38.824+0800: 1487.094: [ParNew: 453759K->22469K(480640K), 0.0367239 secs] 1255411K->824122K(8344960K), 0.0369557 secs] [Times: user=0.13 sys=0.00, real=0.04 secs]
2018-11-10T20:05:39.540+0800: 1487.810: [GC (Allocation Failure) 2018-11-10T20:05:39.540+0800: 1487.810: [ParNew: 459461K->35604K(480640K), 0.0353618 secs] 1261114K->837257K(8344960K), 0.0356249 secs] [Times: user=0.12 sys=0.00, real=0.04 secs]
2018-11-10T20:05:40.260+0800: 1488.531: [GC (Allocation Failure) 2018-11-10T20:05:40.261+0800: 1488.531: [ParNew: 472596K->14062K(480640K), 0.0406070 secs] 1274249K->818542K(8344960K), 0.0408638 secs] [Times: user=0.14 sys=0.00, real=0.04 secs]
2018-11-10T20:05:41.440+0800: 1489.711: [GC (Allocation Failure) 2018-11-10T20:05:41.440+0800: 1489.711: [ParNew: 451054K->20947K(480640K), 0.0319461 secs] 1255534K->825427K(8344960K), 0.0321584 secs] [Times: user=0.12 sys=0.01, real=0.03 secs]
2018-11-10T20:05:42.642+0800: 1490.912: [GC (Allocation Failure) 2018-11-10T20:05:42.642+0800: 1490.912: [ParNew: 457939K->21757K(480640K), 0.0335021 secs] 1262419K->826237K(8344960K), 0.0337291 secs] [Times: user=0.13 sys=0.00, real=0.04 secs]
2018-11-10T20:05:43.546+0800: 1491.817: [GC (Allocation Failure) 2018-11-10T20:05:43.546+0800: 1491.817: [ParNew: 458749K->30570K(480640K), 0.0398892 secs] 1263229K->835050K(8344960K), 0.0401747 secs] [Times: user=0.15 sys=0.00, real=0.04 secs]
2018-11-10T20:05:44.943+0800: 1493.213: [GC (Allocation Failure) 2018-11-10T20:05:44.943+0800: 1493.213: [ParNew: 467562K->19860K(480640K), 0.0401400 secs] 1272042K->828014K(8344960K), 0.0403741 secs] [Times: user=0.15 sys=0.00, real=0.04 secs]
2018-11-10T20:05:45.965+0800: 1494.236: [GC (Allocation Failure) 2018-11-10T20:05:45.965+0800: 1494.236: [ParNew: 456852K->22715K(480640K), 0.0304948 secs] 1265006K->830869K(8344960K), 0.0307359 secs] [Times: user=0.12 sys=0.00, real=0.04 secs]
2018-11-10T20:05:47.596+0800: 1495.866: [GC (Allocation Failure) 2018-11-10T20:05:47.596+0800: 1495.866: [ParNew: 459707K->23115K(480640K), 0.0491069 secs] 1267861K->831268K(8344960K), 0.0493845 secs] [Times: user=0.14 sys=0.00, real=0.04 secs]
2018-11-10T20:05:51.555+0800: 1499.826: [GC (Allocation Failure) 2018-11-10T20:05:51.555+0800: 1499.826: [ParNew: 460107K->20739K(480640K), 0.0437868 secs] 1268260K->828893K(8344960K), 0.0440471 secs] [Times: user=0.12 sys=0.00, real=0.05 secs]
2018-11-10T20:05:53.602+0800: 1501.872: [GC (Allocation Failure) 2018-11-10T20:05:53.602+0800: 1501.873: [ParNew: 456373K->37686K(480640K), 0.0482519 secs] 1264527K->845840K(8344960K), 0.0485207 secs] [Times: user=0.14 sys=0.00, real=0.05 secs]
2018-11-10T20:05:54.892+0800: 1503.163: [GC (Allocation Failure) 2018-11-10T20:05:54.892+0800: 1503.163: [ParNew: 473075K->24243K(480640K), 0.0407109 secs] 1281229K->843707K(8344960K), 0.0409606 secs] [Times: user=0.12 sys=0.00, real=0.04 secs]
2018-11-10T20:06:00.002+0800: 1508.272: [GC (Allocation Failure) 2018-11-10T20:06:00.002+0800: 1508.272: [ParNew: 461235K->42704K(480640K), 0.0456979 secs] 1280699K->862167K(8344960K), 0.0459736 secs] [Times: user=0.13 sys=0.00, real=0.05 secs]
2018-11-10T20:06:00.976+0800: 1509.247: [GC (Allocation Failure) 2018-11-10T20:06:00.976+0800: 1509.247: [ParNew: 477790K->14204K(480640K), 0.0529897 secs] 1297253K->864622K(8344960K), 0.0532314 secs] [Times: user=0.15 sys=0.01, real=0.05 secs]
2018-11-10T20:06:04.114+0800: 1512.384: [GC (Allocation Failure) 2018-11-10T20:06:04.114+0800: 1512.385: [ParNew: 451196K->19605K(480640K), 0.0381628 secs] 1301614K->870023K(8344960K), 0.0384126 secs] [Times: user=0.12 sys=0.00, real=0.04 secs]
2018-11-10T20:06:04.890+0800: 1513.161: [GC (Allocation Failure) 2018-11-10T20:06:04.890+0800: 1513.161: [ParNew: 456597K->17774K(480640K), 0.0309205 secs] 1307015K->868192K(8344960K), 0.0311716 secs] [Times: user=0.11 sys=0.00, real=0.03 secs]
2018-11-10T20:06:05.737+0800: 1514.007: [GC (Allocation Failure) 2018-11-10T20:06:05.737+0800: 1514.007: [ParNew: 454766K->13485K(480640K), 0.0297851 secs] 1305184K->863903K(8344960K), 0.0299946 secs] [Times: user=0.10 sys=0.00, real=0.03 secs]
2018-11-10T20:06:08.631+0800: 1516.902: [GC (Allocation Failure) 2018-11-10T20:06:08.631+0800: 1516.902: [ParNew: 450477K->13863K(480640K), 0.0313463 secs] 1300895K->864281K(8344960K), 0.0315723 secs] [Times: user=0.11 sys=0.00, real=0.03 secs]
2018-11-10T20:06:12.914+0800: 1521.185: [GC (Allocation Failure) 2018-11-10T20:06:12.914+0800: 1521.185: [ParNew: 450855K->12346K(480640K), 0.0316182 secs] 1301273K->862764K(8344960K), 0.0318502 secs] [Times: user=0.10 sys=0.00, real=0.04 secs]
2018-11-10T20:06:15.372+0800: 1523.642: [GC (Allocation Failure) 2018-11-10T20:06:15.372+0800: 1523.642: [ParNew: 449338K->23120K(480640K), 0.0415871 secs] 1299756K->873539K(8344960K), 0.0418552 secs] [Times: user=0.12 sys=0.00, real=0.04 secs]
2018-11-10T20:06:18.049+0800: 1526.319: [GC (Allocation Failure) 2018-11-10T20:06:18.049+0800: 1526.320: [ParNew: 460112K->12425K(480640K), 0.0386240 secs] 1310531K->867922K(8344960K), 0.0388619 secs] [Times: user=0.12 sys=0.00, real=0.04 secs]
2018-11-10T20:06:19.657+0800: 1527.928: [GC (Allocation Failure) 2018-11-10T20:06:19.658+0800: 1527.928: [ParNew: 449417K->8827K(480640K), 0.0422604 secs] 1304914K->864325K(8344960K), 0.0425155 secs] [Times: user=0.11 sys=0.01, real=0.04 secs]
2018-11-10T20:06:21.429+0800: 1529.700: [GC (Allocation Failure) 2018-11-10T20:06:21.429+0800: 1529.700: [ParNew: 445819K->15337K(480640K), 0.0464825 secs] 1301317K->870835K(8344960K), 0.0467435 secs] [Times: user=0.13 sys=0.00, real=0.05 secs]
2018-11-10T20:06:22.350+0800: 1530.621: [GC (Allocation Failure) 2018-11-10T20:06:22.351+0800: 1530.621: [ParNew: 452329K->21331K(480640K), 0.0410645 secs] 1307827K->876829K(8344960K), 0.0412890 secs] [Times: user=0.13 sys=0.00, real=0.04 secs]
2018-11-10T20:06:23.165+0800: 1531.435: [GC (Allocation Failure) 2018-11-10T20:06:23.165+0800: 1531.436: [ParNew: 458323K->21288K(480640K), 0.0322678 secs] 1313821K->876786K(8344960K), 0.0325176 secs] [Times: user=0.12 sys=0.00, real=0.04 secs]
2018-11-10T20:06:24.149+0800: 1532.420: [GC (Allocation Failure) 2018-11-10T20:06:24.149+0800: 1532.420: [ParNew: 458280K->18248K(480640K), 0.0312592 secs] 1313778K->873746K(8344960K), 0.0314897 secs] [Times: user=0.11 sys=0.00, real=0.03 secs]
2018-11-10T20:06:25.170+0800: 1533.440: [GC (Allocation Failure) 2018-11-10T20:06:25.170+0800: 1533.440: [ParNew: 455240K->16988K(480640K), 0.0316075 secs] 1310738K->872486K(8344960K), 0.0318477 secs] [Times: user=0.11 sys=0.00, real=0.03 secs]
2018-11-10T20:06:27.748+0800: 1536.019: [GC (Allocation Failure) 2018-11-10T20:06:27.748+0800: 1536.019: [ParNew: 453980K->13679K(480640K), 0.0342883 secs] 1309478K->869177K(8344960K), 0.0345213 secs] [Times: user=0.12 sys=0.00, real=0.03 secs]
2018-11-10T20:06:37.470+0800: 1545.740: [GC (Allocation Failure) 2018-11-10T20:06:37.470+0800: 1545.740: [ParNew: 450671K->9316K(480640K), 0.0335795 secs] 1306169K->864814K(8344960K), 0.0338503 secs] [Times: user=0.12 sys=0.01, real=0.03 secs]
2018-11-10T20:06:40.519+0800: 1548.790: [GC (Allocation Failure) 2018-11-10T20:06:40.519+0800: 1548.790: [ParNew: 446308K->9544K(480640K), 0.0525440 secs] 1301806K->865042K(8344960K), 0.0527883 secs] [Times: user=0.14 sys=0.00, real=0.05 secs]
2018-11-10T20:06:42.246+0800: 1550.517: [GC (Allocation Failure) 2018-11-10T20:06:42.246+0800: 1550.517: [ParNew: 446536K->12729K(480640K), 0.0404114 secs] 1302034K->868236K(8344960K), 0.0406560 secs] [Times: user=0.14 sys=0.00, real=0.04 secs]
2018-11-10T20:06:43.616+0800: 1551.887: [GC (Allocation Failure) 2018-11-10T20:06:43.616+0800: 1551.887: [ParNew: 449721K->19959K(480640K), 0.0396682 secs] 1305228K->875474K(8344960K), 0.0399008 secs] [Times: user=0.15 sys=0.00, real=0.04 secs]
2018-11-10T20:06:44.762+0800: 1553.032: [GC (Allocation Failure) 2018-11-10T20:06:44.762+0800: 1553.032: [ParNew: 456951K->20069K(480640K), 0.0333588 secs] 1312466K->875611K(8344960K), 0.0335795 secs] [Times: user=0.13 sys=0.00, real=0.03 secs]
2018-11-10T20:06:45.443+0800: 1553.714: [GC (Allocation Failure) 2018-11-10T20:06:45.444+0800: 1553.714: [ParNew: 457061K->21917K(480640K), 0.0373225 secs] 1312603K->877477K(8344960K), 0.0375675 secs] [Times: user=0.13 sys=0.00, real=0.04 secs]
2018-11-10T20:06:46.521+0800: 1554.792: [GC (Allocation Failure) 2018-11-10T20:06:46.521+0800: 1554.792: [ParNew: 458909K->14670K(480640K), 0.0334160 secs] 1314469K->870371K(8344960K), 0.0336659 secs] [Times: user=0.12 sys=0.01, real=0.03 secs]
2018-11-10T20:06:51.309+0800: 1559.580: [GC (Allocation Failure) 2018-11-10T20:06:51.309+0800: 1559.580: [ParNew: 451662K->8908K(480640K), 0.0346447 secs] 1307363K->864620K(8344960K), 0.0348689 secs] [Times: user=0.12 sys=0.00, real=0.03 secs]
2018-11-10T20:06:53.833+0800: 1562.103: [GC (Allocation Failure) 2018-11-10T20:06:53.833+0800: 1562.103: [ParNew: 438581K->27093K(480640K), 0.0471436 secs] 1294293K->882866K(8344960K), 0.0474197 secs] [Times: user=0.14 sys=0.00, real=0.05 secs]
2018-11-10T20:06:55.695+0800: 1563.966: [GC (Allocation Failure) 2018-11-10T20:06:55.695+0800: 1563.966: [ParNew: 464085K->12305K(480640K), 0.0407445 secs] 1319858K->869759K(8344960K), 0.0410254 secs] [Times: user=0.14 sys=0.00, real=0.05 secs]
2018-11-10T20:06:59.030+0800: 1567.300: [GC (Allocation Failure) 2018-11-10T20:06:59.030+0800: 1567.300: [ParNew: 449297K->29069K(480640K), 0.0525669 secs] 1306751K->886523K(8344960K), 0.0528581 secs] [Times: user=0.16 sys=0.00, real=0.05 secs]
