


Java HotSpot(TM) 64-Bit Server VM (25.144-b01) for linux-amd64 JRE (1.8.0_144-b01), built on Jul 21 2017 21:57:33 by "java_re" with gcc 4.3.0 20080428 (Red Hat 4.3.0-8)
Memory: 4k page, physical 16267728k(3859188k free), swap 0k(0k free)
CommandLine flags: -XX:+CMSClassUnloadingEnabled -XX:CMSInitiatingOccupancyFraction=80
-XX:CMSMaxAbortablePrecleanTime=5000
-XX:+ExplicitGCInvokesConcurrent -XX:+HeapDumpOnOutOfMemoryError
-XX:HeapDumpPath=/java.hprof -XX:InitialHeapSize=8589934592
-XX:MaxDirectMemorySize=4294967296 -XX:MaxHeapSize=8589934592 -XX:MaxNewSize=536870912
-XX:NewSize=536870912 -XX:OldPLABSize=16 -XX:ParallelGCThreads=4 -XX:+PrintGC
-XX:+PrintGCDateStamps -XX:+PrintGCDetails -XX:+PrintGCTimeStamps -XX:SurvivorRatio=10
-XX:+UseCMSCompactAtFullCollection -XX:+UseCMSInitiatingOccupancyOnly
-XX:+UseCompressedClassPointers -XX:+UseCompressedOops -XX:+UseConcMarkSweepGC -XX:+UseParNewGC
2018-10-26T15:04:56.565+0800: 4.199: [GC (Allocation Failure) 2018-10-26T15:04:56.565+0800: 4.199: [ParNew: 436992K->29946K(480640K), 0.0867648 secs] 436992K->29946K(8344960K), 0.0869238 secs] [Times: user=0.16 sys=0.02, real=0.09 secs]
2018-10-26T15:04:56.655+0800: 4.288: [GC (CMS Initial Mark) [1 CMS-initial-mark: 0K(7864320K)] 38686K(8344960K), 0.0062361 secs] [Times: user=0.02 sys=0.00, real=0.01 secs]
2018-10-26T15:04:56.667+0800: 4.300: [CMS-concurrent-mark-start]
2018-10-26T15:04:56.731+0800: 4.364: [CMS-concurrent-mark: 0.064/0.064 secs] [Times: user=0.16 sys=0.00, real=0.06 secs]
2018-10-26T15:04:56.731+0800: 4.365: [CMS-concurrent-preclean-start]
2018-10-26T15:04:56.743+0800: 4.377: [CMS-concurrent-preclean: 0.012/0.012 secs] [Times: user=0.03 sys=0.00, real=0.01 secs]
2018-10-26T15:04:56.743+0800: 4.377: [CMS-concurrent-abortable-preclean-start]
2018-10-26T15:04:57.943+0800: 5.577: [GC (Allocation Failure) 2018-10-26T15:04:57.943+0800: 5.577: [ParNew: 466938K->31557K(480640K), 0.1959494 secs] 466938K->48131K(8344960K), 0.1960680 secs] [Times: user=0.43 sys=0.03, real=0.20 secs]
2018-10-26T15:04:58.933+0800: 6.566: [CMS-concurrent-abortable-preclean: 1.090/2.190 secs] [Times: user=4.57 sys=0.46, real=2.19 secs]
2018-10-26T15:04:58.934+0800: 6.568: [GC (CMS Final Remark) [YG occupancy: 294905 K (480640 K)]2018-10-26T15:04:58.934+0800: 6.568: [Rescan (parallel) , 0.0546321 secs]2018-10-26T15:04:58.989+0800: 6.622: [weak refs processing, 0.0000568 secs]2018-10-26T15:04:58.989+0800: 6.622: [class unloading, 0.0054825 secs]2018-10-26T15:04:58.994+0800: 6.628: [scrub symbol table, 0.0029629 secs]2018-10-26T15:04:58.997+0800: 6.631: [scrub string table, 0.0008593 secs][1 CMS-remark: 16573K(7864320K)] 311479K(8344960K), 0.0650457 secs] [Times: user=0.17 sys=0.00, real=0.07 secs]
2018-10-26T15:04:59.000+0800: 6.633: [CMS-concurrent-sweep-start]
2018-10-26T15:04:59.028+0800: 6.662: [CMS-concurrent-sweep: 0.029/0.029 secs] [Times: user=0.06 sys=0.00, real=0.03 secs]
2018-10-26T15:04:59.029+0800: 6.662: [CMS-concurrent-reset-start]
2018-10-26T15:04:59.351+0800: 6.984: [CMS-concurrent-reset: 0.322/0.322 secs] [Times: user=0.53 sys=0.20, real=0.32 secs]
2018-10-26T15:04:59.649+0800: 7.282: [GC (Allocation Failure) 2018-10-26T15:04:59.649+0800: 7.282: [ParNew: 468549K->43648K(480640K), 0.1025781 secs] 485123K->64203K(8344960K), 0.1026929 secs] [Times: user=0.23 sys=0.02, real=0.10 secs]
2018-10-26T15:05:00.741+0800: 8.374: [GC (Allocation Failure) 2018-10-26T15:05:00.741+0800: 8.374: [ParNew: 480640K->43648K(480640K), 0.1483791 secs] 501195K->73812K(8344960K), 0.1485357 secs] [Times: user=0.23 sys=0.02, real=0.15 secs]
2018-10-26T15:05:02.060+0800: 9.693: [GC (Allocation Failure) 2018-10-26T15:05:02.060+0800: 9.693: [ParNew: 480640K->43648K(480640K), 0.0955815 secs] 510804K->79029K(8344960K), 0.0956979 secs] [Times: user=0.17 sys=0.00, real=0.09 secs]
2018-10-26T15:05:03.146+0800: 10.779: [GC (Allocation Failure) 2018-10-26T15:05:03.146+0800: 10.779: [ParNew: 480640K->43648K(480640K), 0.1098813 secs] 516021K->89798K(8344960K), 0.1099857 secs] [Times: user=0.21 sys=0.00, real=0.11 secs]
2018-10-26T15:05:04.519+0800: 12.153: [GC (Allocation Failure) 2018-10-26T15:05:04.519+0800: 12.153: [ParNew: 480640K->26539K(480640K), 0.0745022 secs] 526790K->74270K(8344960K), 0.0746682 secs] [Times: user=0.16 sys=0.00, real=0.07 secs]
2018-10-26T15:05:05.942+0800: 13.575: [GC (Allocation Failure) 2018-10-26T15:05:05.942+0800: 13.575: [ParNew: 463531K->4715K(480640K), 0.0753482 secs] 511262K->54681K(8344960K), 0.0754799 secs] [Times: user=0.15 sys=0.01, real=0.08 secs]
2018-10-26T15:05:09.959+0800: 17.592: [GC (Allocation Failure) 2018-10-26T15:05:09.959+0800: 17.592: [ParNew: 441707K->21901K(480640K), 0.0674843 secs] 491673K->71868K(8344960K), 0.0675984 secs] [Times: user=0.15 sys=0.00, real=0.07 secs]
2018-10-26T15:05:12.805+0800: 20.439: [GC (Allocation Failure) 2018-10-26T15:05:12.805+0800: 20.439: [ParNew: 458893K->17493K(480640K), 0.0970037 secs] 508860K->67459K(8344960K), 0.0971758 secs] [Times: user=0.21 sys=0.00, real=0.10 secs]
2018-10-26T15:05:14.910+0800: 22.543: [GC (CMS Initial Mark) [1 CMS-initial-mark: 49966K(7864320K)] 405404K(8344960K), 0.0786820 secs] [Times: user=0.19 sys=0.00, real=0.08 secs]
2018-10-26T15:05:14.991+0800: 22.624: [CMS-concurrent-mark-start]
2018-10-26T15:05:15.207+0800: 22.841: [CMS-concurrent-mark: 0.214/0.216 secs] [Times: user=0.43 sys=0.03, real=0.22 secs]
2018-10-26T15:05:15.208+0800: 22.841: [CMS-concurrent-preclean-start]
2018-10-26T15:05:15.255+0800: 22.888: [CMS-concurrent-preclean: 0.047/0.047 secs] [Times: user=0.09 sys=0.00, real=0.04 secs]
2018-10-26T15:05:15.260+0800: 22.893: [CMS-concurrent-abortable-preclean-start]
2018-10-26T15:05:16.575+0800: 24.209: [GC (Allocation Failure) 2018-10-26T15:05:16.576+0800: 24.209: [ParNew: 454485K->29310K(480640K), 0.1070738 secs] 504451K->79277K(8344960K), 0.1072496 secs] [Times: user=0.25 sys=0.01, real=0.11 secs]
2018-10-26T15:05:18.394+0800: 26.028: [CMS-concurrent-abortable-preclean: 2.430/3.135 secs] [Times: user=6.92 sys=0.19, real=3.13 secs]
2018-10-26T15:05:18.402+0800: 26.036: [GC (CMS Final Remark) [YG occupancy: 254911 K (480640 K)]2018-10-26T15:05:18.402+0800: 26.036: [Rescan (parallel) , 0.0927906 secs]2018-10-26T15:05:18.495+0800: 26.128: [weak refs processing, 0.0005798 secs]2018-10-26T15:05:18.496+0800: 26.129: [class unloading, 0.0189913 secs]2018-10-26T15:05:18.515+0800: 26.148: [scrub symbol table, 0.0157266 secs]2018-10-26T15:05:18.530+0800: 26.164: [scrub string table, 0.0022549 secs][1 CMS-remark: 49966K(7864320K)] 304878K(8344960K), 0.1321022 secs] [Times: user=0.26 sys=0.00, real=0.13 secs]
2018-10-26T15:05:18.552+0800: 26.186: [CMS-concurrent-sweep-start]
2018-10-26T15:05:18.599+0800: 26.232: [CMS-concurrent-sweep: 0.047/0.047 secs] [Times: user=0.11 sys=0.00, real=0.05 secs]
2018-10-26T15:05:18.599+0800: 26.233: [CMS-concurrent-reset-start]
2018-10-26T15:05:18.623+0800: 26.257: [CMS-concurrent-reset: 0.024/0.024 secs] [Times: user=0.05 sys=0.00, real=0.02 secs]
2018-10-26T15:05:19.770+0800: 27.403: [GC (Allocation Failure) 2018-10-26T15:05:19.770+0800: 27.404: [ParNew: 466302K->30966K(480640K), 0.1325390 secs] 486797K->55887K(8344960K), 0.1327017 secs] [Times: user=0.33 sys=0.01, real=0.13 secs]
2018-10-26T15:05:22.288+0800: 29.922: [GC (Allocation Failure) 2018-10-26T15:05:22.289+0800: 29.922: [ParNew: 467958K->42239K(480640K), 0.4066209 secs] 492879K->69742K(8344960K), 0.4068094 secs] [Times: user=1.04 sys=0.01, real=0.40 secs]
2018-10-26T15:05:24.663+0800: 32.297: [GC (Allocation Failure) 2018-10-26T15:05:24.663+0800: 32.297: [ParNew: 479231K->34843K(480640K), 0.1672432 secs] 506734K->77339K(8344960K), 0.1674183 secs] [Times: user=0.36 sys=0.00, real=0.17 secs]
2018-10-26T15:05:27.298+0800: 34.932: [GC (Allocation Failure) 2018-10-26T15:05:27.298+0800: 34.932: [ParNew: 471835K->33110K(480640K), 0.1596734 secs] 514331K->80875K(8344960K), 0.1598419 secs] [Times: user=0.35 sys=0.00, real=0.16 secs]
2018-10-26T15:05:30.850+0800: 38.483: [GC (Allocation Failure) 2018-10-26T15:05:30.850+0800: 38.483: [ParNew: 470102K->20351K(480640K), 0.1594544 secs] 517867K->77650K(8344960K), 0.1596283 secs] [Times: user=0.32 sys=0.01, real=0.16 secs]
2018-10-26T15:05:33.497+0800: 41.131: [GC (Allocation Failure) 2018-10-26T15:05:33.497+0800: 41.131: [ParNew: 457343K->33671K(480640K), 0.1619120 secs] 514642K->90969K(8344960K), 0.1621137 secs] [Times: user=0.38 sys=0.01, real=0.16 secs]
2018-10-26T15:05:35.477+0800: 43.111: [GC (Allocation Failure) 2018-10-26T15:05:35.477+0800: 43.111: [ParNew: 470663K->17724K(480640K), 0.2528831 secs] 527961K->94926K(8344960K), 0.2531465 secs] [Times: user=0.59 sys=0.02, real=0.25 secs]
2018-10-26T15:05:45.891+0800: 53.524: [GC (Allocation Failure) 2018-10-26T15:05:45.891+0800: 53.524: [ParNew: 454716K->22038K(480640K), 0.0854437 secs] 531918K->99240K(8344960K), 0.0856540 secs] [Times: user=0.17 sys=0.00, real=0.09 secs]
2018-10-26T15:18:46.461+0800: 834.094: [GC (Allocation Failure) 2018-10-26T15:18:46.461+0800: 834.094: [ParNew: 459030K->28732K(480640K), 0.0560694 secs] 536232K->105935K(8344960K), 0.0563257 secs] [Times: user=0.15 sys=0.00, real=0.06 secs]
2018-10-26T15:35:14.051+0800: 1821.685: [GC (Allocation Failure) 2018-10-26T15:35:14.051+0800: 1821.685: [ParNew: 465724K->24307K(480640K), 0.0601941 secs] 542927K->101509K(8344960K), 0.0604777 secs] [Times: user=0.17 sys=0.00, real=0.06 secs]
2018-10-26T15:50:04.858+0800: 2712.492: [GC (Allocation Failure) 2018-10-26T15:50:04.858+0800: 2712.492: [ParNew: 461299K->25137K(480640K), 0.0527023 secs] 538501K->102340K(8344960K), 0.0529669 secs] [Times: user=0.15 sys=0.00, real=0.05 secs]
2018-10-26T16:00:01.542+0800: 3309.175: [GC (Allocation Failure) 2018-10-26T16:00:01.542+0800: 3309.175: [ParNew: 462129K->33899K(480640K), 0.0616722 secs] 539332K->111102K(8344960K), 0.0619469 secs] [Times: user=0.21 sys=0.00, real=0.06 secs]
2018-10-26T16:00:03.604+0800: 3311.237: [GC (CMS Initial Mark) [1 CMS-initial-mark: 77202K(7864320K)] 361224K(8344960K), 0.0340364 secs] [Times: user=0.12 sys=0.00, real=0.04 secs]
2018-10-26T16:00:03.638+0800: 3311.272: [CMS-concurrent-mark-start]
2018-10-26T16:00:03.784+0800: 3311.417: [CMS-concurrent-mark: 0.146/0.146 secs] [Times: user=0.39 sys=0.00, real=0.14 secs]
2018-10-26T16:00:03.784+0800: 3311.417: [CMS-concurrent-preclean-start]
2018-10-26T16:00:03.798+0800: 3311.432: [CMS-concurrent-preclean: 0.014/0.015 secs] [Times: user=0.03 sys=0.00, real=0.02 secs]
2018-10-26T16:00:03.799+0800: 3311.432: [CMS-concurrent-abortable-preclean-start]
 CMS: abort preclean due to time 2018-10-26T16:00:08.863+0800: 3316.497: [CMS-concurrent-abortable-preclean: 3.277/5.065 secs] [Times: user=5.81 sys=0.07, real=5.06 secs]
2018-10-26T16:00:08.864+0800: 3316.498: [GC (CMS Final Remark) [YG occupancy: 344853 K (480640 K)]2018-10-26T16:00:08.864+0800: 3316.498: [Rescan (parallel) , 0.0508861 secs]2018-10-26T16:00:08.915+0800: 3316.549: [weak refs processing, 0.0002485 secs]2018-10-26T16:00:08.915+0800: 3316.549: [class unloading, 0.0399263 secs]2018-10-26T16:00:08.955+0800: 3316.589: [scrub symbol table, 0.0275434 secs]2018-10-26T16:00:08.983+0800: 3316.617: [scrub string table, 0.0027970 secs][1 CMS-remark: 77202K(7864320K)] 422055K(8344960K), 0.1254511 secs] [Times: user=0.27 sys=0.00, real=0.13 secs]
2018-10-26T16:00:08.990+0800: 3316.623: [CMS-concurrent-sweep-start]
2018-10-26T16:00:09.019+0800: 3316.652: [CMS-concurrent-sweep: 0.029/0.029 secs] [Times: user=0.04 sys=0.00, real=0.03 secs]
2018-10-26T16:00:09.019+0800: 3316.652: [CMS-concurrent-reset-start]
2018-10-26T16:00:09.040+0800: 3316.674: [CMS-concurrent-reset: 0.021/0.021 secs] [Times: user=0.02 sys=0.00, real=0.02 secs]
2018-10-26T16:01:26.204+0800: 3393.837: [GC (Allocation Failure) 2018-10-26T16:01:26.204+0800: 3393.837: [ParNew: 470891K->24804K(480640K), 0.0710206 secs] 546147K->114094K(8344960K), 0.0712739 secs] [Times: user=0.21 sys=0.00, real=0.07 secs]
2018-10-26T16:15:37.301+0800: 4244.934: [GC (Allocation Failure) 2018-10-26T16:15:37.301+0800: 4244.934: [ParNew: 461796K->16113K(480640K), 0.0462438 secs] 551086K->105403K(8344960K), 0.0464988 secs] [Times: user=0.17 sys=0.00, real=0.05 secs]
2018-10-26T16:33:29.148+0800: 5316.781: [GC (Allocation Failure) 2018-10-26T16:33:29.148+0800: 5316.781: [ParNew: 453105K->16139K(480640K), 0.0443074 secs] 542395K->105429K(8344960K), 0.0445450 secs] [Times: user=0.16 sys=0.00, real=0.04 secs]
2018-10-26T16:49:39.951+0800: 6287.585: [GC (Allocation Failure) 2018-10-26T16:49:39.951+0800: 6287.585: [ParNew: 453131K->12440K(480640K), 0.0457686 secs] 542421K->101730K(8344960K), 0.0460385 secs] [Times: user=0.17 sys=0.00, real=0.05 secs]
2018-10-26T17:00:21.419+0800: 6929.052: [GC (Allocation Failure) 2018-10-26T17:00:21.419+0800: 6929.052: [ParNew: 449432K->16503K(480640K), 0.0497858 secs] 538722K->105793K(8344960K), 0.0500476 secs] [Times: user=0.18 sys=0.00, real=0.05 secs]
2018-10-26T17:15:37.409+0800: 7845.043: [GC (Allocation Failure) 2018-10-26T17:15:37.409+0800: 7845.043: [ParNew: 453495K->15183K(480640K), 0.0493285 secs] 542785K->104473K(8344960K), 0.0496757 secs] [Times: user=0.17 sys=0.00, real=0.05 secs]
2018-10-26T17:34:12.933+0800: 8960.567: [GC (Allocation Failure) 2018-10-26T17:34:12.933+0800: 8960.567: [ParNew: 452175K->17463K(480640K), 0.0465490 secs] 541465K->106754K(8344960K), 0.0468327 secs] [Times: user=0.16 sys=0.00, real=0.05 secs]
2018-10-26T17:50:31.195+0800: 9938.828: [GC (Allocation Failure) 2018-10-26T17:50:31.195+0800: 9938.828: [ParNew: 454455K->12144K(480640K), 0.0454411 secs] 543746K->101434K(8344960K), 0.0457058 secs] [Times: user=0.17 sys=0.00, real=0.05 secs]
2018-10-26T18:00:15.770+0800: 10523.404: [GC (Allocation Failure) 2018-10-26T18:00:15.771+0800: 10523.404: [ParNew: 449136K->14564K(480640K), 0.0591276 secs] 538426K->103854K(8344960K), 0.0593855 secs] [Times: user=0.19 sys=0.00, real=0.06 secs]
2018-10-26T18:07:15.456+0800: 10943.089: [GC (Allocation Failure) 2018-10-26T18:07:15.456+0800: 10943.089: [ParNew: 451556K->21010K(480640K), 0.0547980 secs] 540846K->110300K(8344960K), 0.0550607 secs] [Times: user=0.17 sys=0.00, real=0.05 secs]
2018-10-26T18:20:12.622+0800: 11720.256: [GC (Allocation Failure) 2018-10-26T18:20:12.623+0800: 11720.256: [ParNew: 458002K->18787K(480640K), 0.0566420 secs] 547292K->108077K(8344960K), 0.0568841 secs] [Times: user=0.17 sys=0.00, real=0.06 secs]
2018-10-26T18:28:54.957+0800: 12242.591: [GC (Allocation Failure) 2018-10-26T18:28:54.957+0800: 12242.591: [ParNew: 455779K->29434K(480640K), 0.0735378 secs] 545069K->118999K(8344960K), 0.0738161 secs] [Times: user=0.21 sys=0.00, real=0.07 secs]
2018-10-26T18:45:37.302+0800: 13244.936: [GC (Allocation Failure) 2018-10-26T18:45:37.302+0800: 13244.936: [ParNew: 466426K->14572K(480640K), 0.0485955 secs] 555991K->104175K(8344960K), 0.0488739 secs] [Times: user=0.18 sys=0.00, real=0.05 secs]
2018-10-26T18:59:09.956+0800: 14057.589: [GC (Allocation Failure) 2018-10-26T18:59:09.956+0800: 14057.590: [ParNew: 451564K->21125K(480640K), 0.0637313 secs] 541167K->110754K(8344960K), 0.0640660 secs] [Times: user=0.19 sys=0.00, real=0.06 secs]
2018-10-26T19:09:06.181+0800: 14653.814: [GC (Allocation Failure) 2018-10-26T19:09:06.181+0800: 14653.814: [ParNew: 458117K->14291K(480640K), 0.0546054 secs] 547746K->108284K(8344960K), 0.0548747 secs] [Times: user=0.19 sys=0.00, real=0.05 secs]
2018-10-26T19:22:06.502+0800: 15434.136: [GC (Allocation Failure) 2018-10-26T19:22:06.502+0800: 15434.136: [ParNew: 451283K->11214K(480640K), 0.0561088 secs] 545276K->107904K(8344960K), 0.0563895 secs] [Times: user=0.18 sys=0.00, real=0.06 secs]
2018-10-26T19:38:27.190+0800: 16414.824: [GC (Allocation Failure) 2018-10-26T19:38:27.190+0800: 16414.824: [ParNew: 448206K->4327K(480640K), 0.0410268 secs] 544896K->101184K(8344960K), 0.0412823 secs] [Times: user=0.15 sys=0.00, real=0.04 secs]
2018-10-26T19:52:13.539+0800: 17241.172: [GC (Allocation Failure) 2018-10-26T19:52:13.539+0800: 17241.172: [ParNew: 441319K->9515K(480640K), 0.0495936 secs] 538176K->106387K(8344960K), 0.0498411 secs] [Times: user=0.16 sys=0.00, real=0.05 secs]
2018-10-26T20:02:14.226+0800: 17841.860: [GC (Allocation Failure) 2018-10-26T20:02:14.227+0800: 17841.860: [ParNew: 446507K->6168K(480640K), 0.0419587 secs] 543379K->103063K(8344960K), 0.0421881 secs] [Times: user=0.15 sys=0.00, real=0.04 secs]
2018-10-26T20:18:40.888+0800: 18828.521: [GC (Allocation Failure) 2018-10-26T20:18:40.888+0800: 18828.521: [ParNew: 443160K->4615K(480640K), 0.0358583 secs] 540055K->101527K(8344960K), 0.0361079 secs] [Times: user=0.13 sys=0.00, real=0.03 secs]
2018-10-26T20:35:37.293+0800: 19844.927: [GC (Allocation Failure) 2018-10-26T20:35:37.293+0800: 19844.927: [ParNew: 441607K->7362K(480640K), 0.0361878 secs] 538519K->104286K(8344960K), 0.0364571 secs] [Times: user=0.13 sys=0.00, real=0.04 secs]
2018-10-26T20:53:33.647+0800: 20921.280: [GC (Allocation Failure) 2018-10-26T20:53:33.647+0800: 20921.280: [ParNew: 444354K->6419K(480640K), 0.0416982 secs] 541278K->103360K(8344960K), 0.0419352 secs] [Times: user=0.15 sys=0.00, real=0.04 secs]
2018-10-26T21:03:31.252+0800: 21518.886: [GC (Allocation Failure) 2018-10-26T21:03:31.252+0800: 21518.886: [ParNew: 443411K->5810K(480640K), 0.0414922 secs] 540352K->102759K(8344960K), 0.0417270 secs] [Times: user=0.14 sys=0.00, real=0.04 secs]
2018-10-26T21:19:53.760+0800: 22501.394: [GC (Allocation Failure) 2018-10-26T21:19:53.760+0800: 22501.394: [ParNew: 442802K->4313K(480640K), 0.0376478 secs] 539751K->101283K(8344960K), 0.0379476 secs] [Times: user=0.14 sys=0.00, real=0.04 secs]
2018-10-26T21:36:12.265+0800: 23479.898: [GC (Allocation Failure) 2018-10-26T21:36:12.265+0800: 23479.898: [ParNew: 441305K->3696K(480640K), 0.0390461 secs] 538275K->101633K(8344960K), 0.0392920 secs] [Times: user=0.14 sys=0.00, real=0.04 secs]
2018-10-26T21:50:15.458+0800: 24323.091: [GC (Allocation Failure) 2018-10-26T21:50:15.458+0800: 24323.091: [ParNew: 440688K->8200K(480640K), 0.0508479 secs] 538625K->106188K(8344960K), 0.0511287 secs] [Times: user=0.16 sys=0.00, real=0.05 secs]
2018-10-26T22:00:18.021+0800: 24925.654: [GC (Allocation Failure) 2018-10-26T22:00:18.021+0800: 24925.654: [ParNew: 445192K->4564K(480640K), 0.0454514 secs] 543180K->102565K(8344960K), 0.0457204 secs] [Times: user=0.16 sys=0.00, real=0.05 secs]
2018-10-26T22:16:43.302+0800: 25910.936: [GC (Allocation Failure) 2018-10-26T22:16:43.302+0800: 25910.936: [ParNew: 441556K->3115K(480640K), 0.0391557 secs] 539557K->101119K(8344960K), 0.0394000 secs] [Times: user=0.13 sys=0.00, real=0.04 secs]
2018-10-26T22:35:21.289+0800: 27028.922: [GC (Allocation Failure) 2018-10-26T22:35:21.289+0800: 27028.922: [ParNew: 440107K->3001K(480640K), 0.0371038 secs] 538111K->101019K(8344960K), 0.0373808 secs] [Times: user=0.14 sys=0.00, real=0.04 secs]
2018-10-26T22:51:50.310+0800: 28017.944: [GC (Allocation Failure) 2018-10-26T22:51:50.311+0800: 28017.944: [ParNew: 439993K->2953K(480640K), 0.0359101 secs] 538011K->101006K(8344960K), 0.0361675 secs] [Times: user=0.13 sys=0.00, real=0.04 secs]
2018-10-26T23:01:48.655+0800: 28616.289: [GC (Allocation Failure) 2018-10-26T23:01:48.656+0800: 28616.289: [ParNew: 439945K->4481K(480640K), 0.0399178 secs] 537998K->102603K(8344960K), 0.0402089 secs] [Times: user=0.14 sys=0.00, real=0.04 secs]
2018-10-26T23:18:15.217+0800: 29602.850: [GC (Allocation Failure) 2018-10-26T23:18:15.217+0800: 29602.850: [ParNew: 441473K->2935K(480640K), 0.0333314 secs] 539595K->101059K(8344960K), 0.0335625 secs] [Times: user=0.12 sys=0.00, real=0.03 secs]
2018-10-26T23:35:37.291+0800: 30644.924: [GC (Allocation Failure) 2018-10-26T23:35:37.291+0800: 30644.924: [ParNew: 439927K->5479K(480640K), 0.0347333 secs] 538051K->103614K(8344960K), 0.0349746 secs] [Times: user=0.13 sys=0.00, real=0.03 secs]
2018-10-26T23:53:27.565+0800: 31715.198: [GC (Allocation Failure) 2018-10-26T23:53:27.565+0800: 31715.199: [ParNew: 442471K->4414K(480640K), 0.0393156 secs] 540606K->102552K(8344960K), 0.0395774 secs] [Times: user=0.15 sys=0.00, real=0.04 secs]
2018-10-27T00:03:22.165+0800: 32309.799: [GC (Allocation Failure) 2018-10-27T00:03:22.165+0800: 32309.799: [ParNew: 441406K->4686K(480640K), 0.0385809 secs] 539544K->102831K(8344960K), 0.0388181 secs] [Times: user=0.14 sys=0.00, real=0.04 secs]
2018-10-27T00:19:49.458+0800: 33297.091: [GC (Allocation Failure) 2018-10-27T00:19:49.458+0800: 33297.091: [ParNew: 441678K->2864K(480640K), 0.0333116 secs] 539823K->101012K(8344960K), 0.0335631 secs] [Times: user=0.12 sys=0.00, real=0.03 secs]
2018-10-27T00:36:15.890+0800: 34283.524: [GC (Allocation Failure) 2018-10-27T00:36:15.890+0800: 34283.524: [ParNew: 439856K->3171K(480640K), 0.0350943 secs] 538004K->101319K(8344960K), 0.0353589 secs] [Times: user=0.13 sys=0.00, real=0.03 secs]
2018-10-27T00:54:55.115+0800: 35402.748: [GC (Allocation Failure) 2018-10-27T00:54:55.115+0800: 35402.749: [ParNew: 440163K->3288K(480640K), 0.0386279 secs] 538311K->101438K(8344960K), 0.0389139 secs] [Times: user=0.14 sys=0.00, real=0.04 secs]
2018-10-27T01:04:52.851+0800: 36000.485: [GC (Allocation Failure) 2018-10-27T01:04:52.852+0800: 36000.485: [ParNew: 440280K->4876K(480640K), 0.0376015 secs] 538430K->103029K(8344960K), 0.0378624 secs] [Times: user=0.13 sys=0.00, real=0.04 secs]
2018-10-27T01:21:12.310+0800: 36979.943: [GC (Allocation Failure) 2018-10-27T01:21:12.310+0800: 36979.943: [ParNew: 441861K->3524K(480640K), 0.0369095 secs] 540014K->101681K(8344960K), 0.0372132 secs] [Times: user=0.14 sys=0.00, real=0.04 secs]
2018-10-27T01:37:43.660+0800: 37971.294: [GC (Allocation Failure) 2018-10-27T01:37:43.660+0800: 37971.294: [ParNew: 440516K->3338K(480640K), 0.0363007 secs] 538673K->101511K(8344960K), 0.0365656 secs] [Times: user=0.14 sys=0.00, real=0.04 secs]
2018-10-27T01:55:33.433+0800: 39041.066: [GC (Allocation Failure) 2018-10-27T01:55:33.433+0800: 39041.066: [ParNew: 440330K->5351K(480640K), 0.0422383 secs] 538503K->103538K(8344960K), 0.0424830 secs] [Times: user=0.16 sys=0.00, real=0.04 secs]
2018-10-27T02:05:33.434+0800: 39641.068: [GC (Allocation Failure) 2018-10-27T02:05:33.434+0800: 39641.068: [ParNew: 442343K->7237K(480640K), 0.0413725 secs] 540530K->105425K(8344960K), 0.0416193 secs] [Times: user=0.14 sys=0.00, real=0.05 secs]
2018-10-27T02:18:13.087+0800: 40400.720: [GC (Allocation Failure) 2018-10-27T02:18:13.087+0800: 40400.721: [ParNew: 444229K->10073K(480640K), 0.0503079 secs] 542417K->108263K(8344960K), 0.0505528 secs] [Times: user=0.16 sys=0.00, real=0.05 secs]
2018-10-27T02:35:37.286+0800: 41444.919: [GC (Allocation Failure) 2018-10-27T02:35:37.286+0800: 41444.919: [ParNew: 447065K->4566K(480640K), 0.0367472 secs] 545255K->102765K(8344960K), 0.0370347 secs] [Times: user=0.14 sys=0.00, real=0.03 secs]
2018-10-27T02:53:24.066+0800: 42511.700: [GC (Allocation Failure) 2018-10-27T02:53:24.066+0800: 42511.700: [ParNew: 441558K->4530K(480640K), 0.0402541 secs] 539757K->102763K(8344960K), 0.0405103 secs] [Times: user=0.15 sys=0.00, real=0.04 secs]
2018-10-27T03:03:17.330+0800: 43104.963: [GC (Allocation Failure) 2018-10-27T03:03:17.330+0800: 43104.963: [ParNew: 441522K->4659K(480640K), 0.0404796 secs] 539755K->102893K(8344960K), 0.0407282 secs] [Times: user=0.14 sys=0.00, real=0.04 secs]
2018-10-27T03:19:49.225+0800: 44096.859: [GC (Allocation Failure) 2018-10-27T03:19:49.225+0800: 44096.859: [ParNew: 441651K->3163K(480640K), 0.0347046 secs] 539885K->101397K(8344960K), 0.0349580 secs] [Times: user=0.12 sys=0.00, real=0.04 secs]
2018-10-27T03:36:19.928+0800: 45087.561: [GC (Allocation Failure) 2018-10-27T03:36:19.928+0800: 45087.561: [ParNew: 440155K->3209K(480640K), 0.0397565 secs] 538389K->101445K(8344960K), 0.0400427 secs] [Times: user=0.14 sys=0.00, real=0.04 secs]
2018-10-27T03:55:02.951+0800: 46210.585: [GC (Allocation Failure) 2018-10-27T03:55:02.952+0800: 46210.585: [ParNew: 440201K->3257K(480640K), 0.0342566 secs] 538437K->101790K(8344960K), 0.0345055 secs] [Times: user=0.13 sys=0.00, real=0.04 secs]
2018-10-27T04:04:57.359+0800: 46804.993: [GC (Allocation Failure) 2018-10-27T04:04:57.360+0800: 46804.993: [ParNew: 440249K->4394K(480640K), 0.0445678 secs] 538782K->102938K(8344960K), 0.0448266 secs] [Times: user=0.14 sys=0.00, real=0.04 secs]
2018-10-27T04:21:23.195+0800: 47790.829: [GC (Allocation Failure) 2018-10-27T04:21:23.195+0800: 47790.829: [ParNew: 441386K->3085K(480640K), 0.0396730 secs] 539930K->101631K(8344960K), 0.0399812 secs] [Times: user=0.12 sys=0.00, real=0.04 secs]
2018-10-27T04:37:52.007+0800: 48779.640: [GC (Allocation Failure) 2018-10-27T04:37:52.007+0800: 48779.640: [ParNew: 440077K->3202K(480640K), 0.0343111 secs] 538623K->101750K(8344960K), 0.0345845 secs] [Times: user=0.13 sys=0.00, real=0.03 secs]
2018-10-27T04:55:33.438+0800: 49841.071: [GC (Allocation Failure) 2018-10-27T04:55:33.438+0800: 49841.071: [ParNew: 440194K->5120K(480640K), 0.0372948 secs] 538742K->103680K(8344960K), 0.0375434 secs] [Times: user=0.14 sys=0.00, real=0.03 secs]
2018-10-27T05:05:36.590+0800: 50444.224: [GC (Allocation Failure) 2018-10-27T05:05:36.590+0800: 50444.224: [ParNew: 442112K->5956K(480640K), 0.0431979 secs] 540672K->104517K(8344960K), 0.0434526 secs] [Times: user=0.14 sys=0.00, real=0.04 secs]
2018-10-27T05:23:09.521+0800: 51497.155: [GC (Allocation Failure) 2018-10-27T05:23:09.521+0800: 51497.155: [ParNew: 442948K->3047K(480640K), 0.0410108 secs] 541509K->101617K(8344960K), 0.0412547 secs] [Times: user=0.16 sys=0.00, real=0.04 secs]
2018-10-27T05:39:43.449+0800: 52491.082: [GC (Allocation Failure) 2018-10-27T05:39:43.449+0800: 52491.083: [ParNew: 440039K->3195K(480640K), 0.0368989 secs] 538609K->101769K(8344960K), 0.0371643 secs] [Times: user=0.14 sys=0.00, real=0.04 secs]
2018-10-27T05:56:07.751+0800: 53475.385: [GC (Allocation Failure) 2018-10-27T05:56:07.752+0800: 53475.385: [ParNew: 440187K->2370K(480640K), 0.0406233 secs] 538761K->100949K(8344960K), 0.0408906 secs] [Times: user=0.15 sys=0.00, real=0.04 secs]
2018-10-27T06:06:04.401+0800: 54072.035: [GC (Allocation Failure) 2018-10-27T06:06:04.402+0800: 54072.035: [ParNew: 439362K->4574K(480640K), 0.0405848 secs] 537941K->103179K(8344960K), 0.0408333 secs] [Times: user=0.14 sys=0.00, real=0.04 secs]
2018-10-27T06:24:44.175+0800: 55191.809: [GC (Allocation Failure) 2018-10-27T06:24:44.175+0800: 55191.809: [ParNew: 441566K->3316K(480640K), 0.0349060 secs] 540171K->101922K(8344960K), 0.0351383 secs] [Times: user=0.13 sys=0.00, real=0.04 secs]
2018-10-27T06:41:11.880+0800: 56179.513: [GC (Allocation Failure) 2018-10-27T06:41:11.880+0800: 56179.513: [ParNew: 440308K->2391K(480640K), 0.0395123 secs] 538914K->100998K(8344960K), 0.0397508 secs] [Times: user=0.13 sys=0.00, real=0.04 secs]
2018-10-27T06:57:43.067+0800: 57170.700: [GC (Allocation Failure) 2018-10-27T06:57:43.067+0800: 57170.700: [ParNew: 439383K->2962K(480640K), 0.0338043 secs] 537990K->101573K(8344960K), 0.0340622 secs] [Times: user=0.13 sys=0.00, real=0.03 secs]
2018-10-27T07:07:42.671+0800: 57770.305: [GC (Allocation Failure) 2018-10-27T07:07:42.672+0800: 57770.305: [ParNew: 439954K->4732K(480640K), 0.0418751 secs] 538565K->103346K(8344960K), 0.0421376 secs] [Times: user=0.14 sys=0.00, real=0.04 secs]
2018-10-27T07:25:33.447+0800: 58841.080: [GC (Allocation Failure) 2018-10-27T07:25:33.447+0800: 58841.080: [ParNew: 441724K->5075K(480640K), 0.0390621 secs] 540338K->103693K(8344960K), 0.0393563 secs] [Times: user=0.14 sys=0.00, real=0.04 secs]
2018-10-27T07:42:55.677+0800: 59883.310: [GC (Allocation Failure) 2018-10-27T07:42:55.677+0800: 59883.310: [ParNew: 442067K->4244K(480640K), 0.0339500 secs] 540685K->102863K(8344960K), 0.0342247 secs] [Times: user=0.12 sys=0.00, real=0.03 secs]
2018-10-27T07:59:24.844+0800: 60872.478: [GC (Allocation Failure) 2018-10-27T07:59:24.844+0800: 60872.478: [ParNew: 441236K->2765K(480640K), 0.0421093 secs] 539855K->101391K(8344960K), 0.0423703 secs] [Times: user=0.16 sys=0.00, real=0.05 secs]
2018-10-27T08:09:28.374+0800: 61476.007: [GC (Allocation Failure) 2018-10-27T08:09:28.374+0800: 61476.007: [ParNew: 439757K->4675K(480640K), 0.0401611 secs] 538383K->103302K(8344960K), 0.0404250 secs] [Times: user=0.14 sys=0.00, real=0.04 secs]
2018-10-27T08:25:49.511+0800: 62457.145: [GC (Allocation Failure) 2018-10-27T08:25:49.511+0800: 62457.145: [ParNew: 441667K->3306K(480640K), 0.0346820 secs] 540294K->101934K(8344960K), 0.0349353 secs] [Times: user=0.13 sys=0.00, real=0.04 secs]
2018-10-27T08:44:33.487+0800: 63581.121: [GC (Allocation Failure) 2018-10-27T08:44:33.487+0800: 63581.121: [ParNew: 440298K->3399K(480640K), 0.0367984 secs] 538926K->102028K(8344960K), 0.0371039 secs] [Times: user=0.13 sys=0.00, real=0.03 secs]
2018-10-27T09:00:02.741+0800: 64510.375: [GC (Allocation Failure) 2018-10-27T09:00:02.741+0800: 64510.375: [ParNew: 440391K->3074K(480640K), 0.0477664 secs] 539020K->101708K(8344960K), 0.0480103 secs] [Times: user=0.17 sys=0.00, real=0.05 secs]
2018-10-27T09:11:12.470+0800: 65180.104: [GC (Allocation Failure) 2018-10-27T09:11:12.470+0800: 65180.104: [ParNew: 440066K->4686K(480640K), 0.0641620 secs] 538700K->103320K(8344960K), 0.0643926 secs] [Times: user=0.13 sys=0.00, real=0.06 secs]
2018-10-27T09:27:48.037+0800: 66175.670: [GC (Allocation Failure) 2018-10-27T09:27:48.037+0800: 66175.670: [ParNew: 441678K->2466K(480640K), 0.0354046 secs] 540312K->101102K(8344960K), 0.0356643 secs] [Times: user=0.13 sys=0.00, real=0.03 secs]
2018-10-27T09:41:42.698+0800: 67010.332: [GC (Allocation Failure) 2018-10-27T09:41:42.698+0800: 67010.332: [ParNew: 439458K->8105K(480640K), 0.0526330 secs] 538094K->106743K(8344960K), 0.0529381 secs] [Times: user=0.17 sys=0.00, real=0.05 secs]
2018-10-27T09:52:12.510+0800: 67640.144: [GC (Allocation Failure) 2018-10-27T09:52:12.511+0800: 67640.144: [ParNew: 445097K->12340K(480640K), 0.0535551 secs] 543735K->110998K(8344960K), 0.0538057 secs] [Times: user=0.15 sys=0.00, real=0.05 secs]
2018-10-27T10:00:00.207+0800: 68107.840: [GC (Allocation Failure) 2018-10-27T10:00:00.207+0800: 68107.840: [ParNew: 449311K->15848K(480640K), 0.0855624 secs] 547968K->114507K(8344960K), 0.0858217 secs] [Times: user=0.23 sys=0.00, real=0.08 secs]
2018-10-27T10:02:03.121+0800: 68230.754: [GC (Allocation Failure) 2018-10-27T10:02:03.121+0800: 68230.754: [ParNew: 452840K->16572K(480640K), 0.0647420 secs] 551499K->115233K(8344960K), 0.0649860 secs] [Times: user=0.16 sys=0.00, real=0.06 secs]
2018-10-27T10:15:37.283+0800: 69044.916: [GC (Allocation Failure) 2018-10-27T10:15:37.283+0800: 69044.916: [ParNew: 453564K->9134K(480640K), 0.0499737 secs] 552225K->107797K(8344960K), 0.0502431 secs] [Times: user=0.17 sys=0.00, real=0.05 secs]
2018-10-27T10:27:05.944+0800: 69733.578: [GC (Allocation Failure) 2018-10-27T10:27:05.944+0800: 69733.578: [ParNew: 446126K->10659K(480640K), 0.0568188 secs] 544789K->109350K(8344960K), 0.0570738 secs] [Times: user=0.17 sys=0.00, real=0.06 secs]
2018-10-27T10:37:32.813+0800: 70360.447: [GC (Allocation Failure) 2018-10-27T10:37:32.814+0800: 70360.447: [ParNew: 447651K->12204K(480640K), 0.0613941 secs] 546342K->110897K(8344960K), 0.0616371 secs] [Times: user=0.18 sys=0.00, real=0.06 secs]
2018-10-27T10:52:11.805+0800: 71239.438: [GC (Allocation Failure) 2018-10-27T10:52:11.805+0800: 71239.438: [ParNew: 449196K->7540K(480640K), 0.0470807 secs] 547889K->106234K(8344960K), 0.0473284 secs] [Times: user=0.16 sys=0.00, real=0.05 secs]
2018-10-27T11:00:08.668+0800: 71716.301: [GC (Allocation Failure) 2018-10-27T11:00:08.668+0800: 71716.301: [ParNew: 444532K->11926K(480640K), 0.0587797 secs] 543226K->110619K(8344960K), 0.0590573 secs] [Times: user=0.18 sys=0.00, real=0.06 secs]
2018-10-27T11:10:17.471+0800: 72325.105: [GC (Allocation Failure) 2018-10-27T11:10:17.471+0800: 72325.105: [ParNew: 448918K->10116K(480640K), 0.0498008 secs] 547611K->108815K(8344960K), 0.0500767 secs] [Times: user=0.16 sys=0.00, real=0.05 secs]
2018-10-27T11:24:00.027+0800: 73147.660: [GC (Allocation Failure) 2018-10-27T11:24:00.027+0800: 73147.660: [ParNew: 447108K->8221K(480640K), 0.0454577 secs] 545807K->106920K(8344960K), 0.0457319 secs] [Times: user=0.14 sys=0.00, real=0.04 secs]
2018-10-27T11:33:29.649+0800: 73717.282: [GC (Allocation Failure) 2018-10-27T11:33:29.649+0800: 73717.282: [ParNew: 445213K->13839K(480640K), 0.0583916 secs] 543912K->112539K(8344960K), 0.0586664 secs] [Times: user=0.16 sys=0.00, real=0.06 secs]
2018-10-27T11:42:34.406+0800: 74262.040: [GC (Allocation Failure) 2018-10-27T11:42:34.407+0800: 74262.040: [ParNew: 450831K->13431K(480640K), 0.0612525 secs] 549531K->112132K(8344960K), 0.0615174 secs] [Times: user=0.17 sys=0.00, real=0.06 secs]
2018-10-27T11:55:33.436+0800: 75041.069: [GC (Allocation Failure) 2018-10-27T11:55:33.436+0800: 75041.069: [ParNew: 450423K->11439K(480640K), 0.0494471 secs] 549124K->110144K(8344960K), 0.0497447 secs] [Times: user=0.16 sys=0.00, real=0.04 secs]
2018-10-27T12:05:33.436+0800: 75641.070: [GC (Allocation Failure) 2018-10-27T12:05:33.436+0800: 75641.070: [ParNew: 448431K->8184K(480640K), 0.0443194 secs] 547136K->106891K(8344960K), 0.0446430 secs] [Times: user=0.15 sys=0.00, real=0.04 secs]
2018-10-27T12:15:04.937+0800: 76212.570: [GC (Allocation Failure) 2018-10-27T12:15:04.937+0800: 76212.570: [ParNew: 445176K->19065K(480640K), 0.0742444 secs] 543883K->117778K(8344960K), 0.0745984 secs] [Times: user=0.22 sys=0.00, real=0.07 secs]
2018-10-27T12:15:25.219+0800: 76232.852: [GC (Allocation Failure) 2018-10-27T12:15:25.219+0800: 76232.852: [ParNew: 456057K->20678K(480640K), 0.0453191 secs] 554770K->119397K(8344960K), 0.0455902 secs] [Times: user=0.14 sys=0.00, real=0.04 secs]
2018-10-27T12:15:30.751+0800: 76238.385: [GC (Allocation Failure) 2018-10-27T12:15:30.751+0800: 76238.385: [ParNew: 457670K->43648K(480640K), 0.0934419 secs] 556389K->175208K(8344960K), 0.0936946 secs] [Times: user=0.27 sys=0.00, real=0.09 secs]
2018-10-27T12:15:45.181+0800: 76252.815: [GC (Allocation Failure) 2018-10-27T12:15:45.181+0800: 76252.815: [ParNew: 476833K->41020K(480640K), 0.0856083 secs] 608394K->198114K(8344960K), 0.0858659 secs] [Times: user=0.31 sys=0.00, real=0.09 secs]
2018-10-27T12:15:55.950+0800: 76263.583: [GC (Allocation Failure) 2018-10-27T12:15:55.950+0800: 76263.583: [ParNew: 477328K->21526K(480640K), 0.0384759 secs] 634422K->196740K(8344960K), 0.0387353 secs] [Times: user=0.14 sys=0.00, real=0.04 secs]
2018-10-27T12:16:11.824+0800: 76279.457: [GC (Allocation Failure) 2018-10-27T12:16:11.824+0800: 76279.457: [ParNew: 447602K->43061K(480640K), 0.0412408 secs] 622816K->230062K(8344960K), 0.0415061 secs] [Times: user=0.16 sys=0.00, real=0.04 secs]
2018-10-27T12:16:12.157+0800: 76279.791: [GC (Allocation Failure) 2018-10-27T12:16:12.157+0800: 76279.791: [ParNew: 479261K->37427K(480640K), 0.0650892 secs] 666263K->273688K(8344960K), 0.0653435 secs] [Times: user=0.23 sys=0.00, real=0.06 secs]
2018-10-27T12:16:31.511+0800: 76299.144: [GC (Allocation Failure) 2018-10-27T12:16:31.511+0800: 76299.145: [ParNew: 468774K->43648K(480640K), 0.0453009 secs] 705035K->282742K(8344960K), 0.0455686 secs] [Times: user=0.17 sys=0.00, real=0.05 secs]
2018-10-27T12:16:31.830+0800: 76299.464: [GC (Allocation Failure) 2018-10-27T12:16:31.831+0800: 76299.464: [ParNew: 470948K->41306K(480640K), 0.0607549 secs] 710042K->307653K(8344960K), 0.0610054 secs] [Times: user=0.17 sys=0.00, real=0.06 secs]
2018-10-27T12:16:37.881+0800: 76305.514: [GC (Allocation Failure) 2018-10-27T12:16:37.881+0800: 76305.514: [ParNew: 478298K->2536K(480640K), 0.0297570 secs] 744645K->268884K(8344960K), 0.0300499 secs] [Times: user=0.11 sys=0.00, real=0.03 secs]
2018-10-27T12:16:50.564+0800: 76318.197: [GC (Allocation Failure) 2018-10-27T12:16:50.564+0800: 76318.197: [ParNew: 439122K->18043K(480640K), 0.0402265 secs] 705470K->284391K(8344960K), 0.0404826 secs] [Times: user=0.13 sys=0.00, real=0.04 secs]
2018-10-27T12:17:00.015+0800: 76327.649: [GC (Allocation Failure) 2018-10-27T12:17:00.015+0800: 76327.649: [ParNew: 455035K->22195K(480640K), 0.0424129 secs] 721383K->288543K(8344960K), 0.0426724 secs] [Times: user=0.14 sys=0.00, real=0.05 secs]
2018-10-27T12:17:21.530+0800: 76349.164: [GC (Allocation Failure) 2018-10-27T12:17:21.530+0800: 76349.164: [ParNew: 439135K->32792K(480640K), 0.0402798 secs] 705484K->299140K(8344960K), 0.0405374 secs] [Times: user=0.14 sys=0.00, real=0.04 secs]
2018-10-27T12:17:21.829+0800: 76349.462: [GC (Allocation Failure) 2018-10-27T12:17:21.829+0800: 76349.463: [ParNew: 469784K->39783K(480640K), 0.0519796 secs] 736132K->339924K(8344960K), 0.0522345 secs] [Times: user=0.19 sys=0.00, real=0.05 secs]
2018-10-27T12:17:35.822+0800: 76363.455: [GC (Allocation Failure) 2018-10-27T12:17:35.822+0800: 76363.455: [ParNew: 464428K->36146K(480640K), 0.0372071 secs] 764568K->336288K(8344960K), 0.0374592 secs] [Times: user=0.15 sys=0.00, real=0.04 secs]
2018-10-27T12:17:36.079+0800: 76363.712: [GC (Allocation Failure) 2018-10-27T12:17:36.079+0800: 76363.712: [ParNew: 471087K->21219K(480640K), 0.0440312 secs] 771230K->331892K(8344960K), 0.0442931 secs] [Times: user=0.15 sys=0.00, real=0.04 secs]
2018-10-27T12:17:47.295+0800: 76374.929: [GC (Allocation Failure) 2018-10-27T12:17:47.295+0800: 76374.929: [ParNew: 449762K->18220K(480640K), 0.0326672 secs] 760435K->328894K(8344960K), 0.0329231 secs] [Times: user=0.12 sys=0.00, real=0.04 secs]
2018-10-27T12:18:02.530+0800: 76390.164: [GC (Allocation Failure) 2018-10-27T12:18:02.530+0800: 76390.164: [ParNew: 454407K->17265K(480640K), 0.0389324 secs] 765080K->327938K(8344960K), 0.0391542 secs] [Times: user=0.15 sys=0.00, real=0.04 secs]
2018-10-27T12:18:02.853+0800: 76390.487: [GC (Allocation Failure) 2018-10-27T12:18:02.854+0800: 76390.487: [ParNew: 442747K->43648K(480640K), 0.0413851 secs] 753420K->367248K(8344960K), 0.0415946 secs] [Times: user=0.16 sys=0.00, real=0.04 secs]
2018-10-27T12:18:17.762+0800: 76405.396: [GC (Allocation Failure) 2018-10-27T12:18:17.762+0800: 76405.396: [ParNew: 480640K->14037K(480640K), 0.0341989 secs] 804240K->337713K(8344960K), 0.0344471 secs] [Times: user=0.13 sys=0.00, real=0.04 secs]
2018-10-27T12:18:21.198+0800: 76408.832: [GC (Allocation Failure) 2018-10-27T12:18:21.199+0800: 76408.832: [ParNew: 443042K->41035K(480640K), 0.0353151 secs] 766718K->364711K(8344960K), 0.0355458 secs] [Times: user=0.14 sys=0.00, real=0.03 secs]
2018-10-27T12:18:21.478+0800: 76409.111: [GC (Allocation Failure) 2018-10-27T12:18:21.478+0800: 76409.111: [ParNew: 478027K->39039K(480640K), 0.0846353 secs] 801703K->415611K(8344960K), 0.0848647 secs] [Times: user=0.28 sys=0.00, real=0.08 secs]
2018-10-27T12:18:31.681+0800: 76419.314: [GC (Allocation Failure) 2018-10-27T12:18:31.681+0800: 76419.314: [ParNew: 473772K->16130K(480640K), 0.0417824 secs] 850343K->392702K(8344960K), 0.0420616 secs] [Times: user=0.14 sys=0.00, real=0.04 secs]
2018-10-27T12:18:42.099+0800: 76429.733: [GC (Allocation Failure) 2018-10-27T12:18:42.099+0800: 76429.733: [ParNew: 451100K->22363K(480640K), 0.0345190 secs] 827672K->398935K(8344960K), 0.0347806 secs] [Times: user=0.13 sys=0.00, real=0.03 secs]
2018-10-27T12:18:51.742+0800: 76439.375: [GC (Allocation Failure) 2018-10-27T12:18:51.742+0800: 76439.376: [ParNew: 458216K->11417K(480640K), 0.0399295 secs] 834788K->387988K(8344960K), 0.0401999 secs] [Times: user=0.15 sys=0.00, real=0.04 secs]
2018-10-27T12:19:13.710+0800: 76461.344: [GC (Allocation Failure) 2018-10-27T12:19:13.710+0800: 76461.344: [ParNew: 439202K->43648K(480640K), 0.0678411 secs] 815774K->443944K(8344960K), 0.0681063 secs] [Times: user=0.21 sys=0.00, real=0.07 secs]
2018-10-27T12:19:14.062+0800: 76461.695: [GC (Allocation Failure) 2018-10-27T12:19:14.062+0800: 76461.695: [ParNew: 480640K->18558K(480640K), 0.0423784 secs] 880936K->424443K(8344960K), 0.0426059 secs] [Times: user=0.15 sys=0.00, real=0.04 secs]
2018-10-27T12:19:28.554+0800: 76476.187: [GC (Allocation Failure) 2018-10-27T12:19:28.554+0800: 76476.187: [ParNew: 455291K->25162K(480640K), 0.0336675 secs] 861175K->431047K(8344960K), 0.0339145 secs] [Times: user=0.13 sys=0.00, real=0.04 secs]
2018-10-27T12:19:28.826+0800: 76476.460: [GC (Allocation Failure) 2018-10-27T12:19:28.826+0800: 76476.460: [ParNew: 460602K->14364K(480640K), 0.0507340 secs] 866487K->430728K(8344960K), 0.0509866 secs] [Times: user=0.17 sys=0.00, real=0.05 secs]
2018-10-27T12:19:40.001+0800: 76487.634: [GC (Allocation Failure) 2018-10-27T12:19:40.001+0800: 76487.634: [ParNew: 437414K->30677K(480640K), 0.0347054 secs] 853778K->447042K(8344960K), 0.0349720 secs] [Times: user=0.13 sys=0.00, real=0.03 secs]
2018-10-27T12:19:54.507+0800: 76502.140: [GC (Allocation Failure) 2018-10-27T12:19:54.507+0800: 76502.140: [ParNew: 454969K->39191K(480640K), 0.0361753 secs] 871333K->455655K(8344960K), 0.0364185 secs] [Times: user=0.13 sys=0.00, real=0.03 secs]
2018-10-27T12:19:54.791+0800: 76502.425: [GC (Allocation Failure) 2018-10-27T12:19:54.791+0800: 76502.425: [ParNew: 476183K->35770K(480640K), 0.0459975 secs] 892647K->476256K(8344960K), 0.0462260 secs] [Times: user=0.16 sys=0.00, real=0.05 secs]
2018-10-27T12:20:12.974+0800: 76520.608: [GC (Allocation Failure) 2018-10-27T12:20:12.974+0800: 76520.608: [ParNew: 472762K->33070K(480640K), 0.0415026 secs] 913248K->473558K(8344960K), 0.0417918 secs] [Times: user=0.16 sys=0.00, real=0.05 secs]
2018-10-27T12:20:13.255+0800: 76520.888: [GC (Allocation Failure) 2018-10-27T12:20:13.255+0800: 76520.888: [ParNew: 462382K->41092K(480640K), 0.0605900 secs] 902871K->532331K(8344960K), 0.0608565 secs] [Times: user=0.21 sys=0.00, real=0.06 secs]
2018-10-27T12:20:13.588+0800: 76521.222: [GC (Allocation Failure) 2018-10-27T12:20:13.588+0800: 76521.222: [ParNew: 478084K->18882K(480640K), 0.0366964 secs] 969323K->510121K(8344960K), 0.0369252 secs] [Times: user=0.14 sys=0.00, real=0.03 secs]
2018-10-27T12:20:23.047+0800: 76530.680: [GC (Allocation Failure) 2018-10-27T12:20:23.047+0800: 76530.680: [ParNew: 453461K->19922K(480640K), 0.0406391 secs] 944701K->511162K(8344960K), 0.0408848 secs] [Times: user=0.14 sys=0.00, real=0.04 secs]
2018-10-27T12:20:32.700+0800: 76540.333: [GC (Allocation Failure) 2018-10-27T12:20:32.700+0800: 76540.333: [ParNew: 456914K->24683K(480640K), 0.0312641 secs] 948154K->515923K(8344960K), 0.0315068 secs] [Times: user=0.12 sys=0.00, real=0.03 secs]
2018-10-27T12:20:47.858+0800: 76555.491: [GC (Allocation Failure) 2018-10-27T12:20:47.858+0800: 76555.491: [ParNew: 460944K->10706K(480640K), 0.0449069 secs] 952183K->502161K(8344960K), 0.0451721 secs] [Times: user=0.15 sys=0.00, real=0.04 secs]
2018-10-27T12:21:01.264+0800: 76568.897: [GC (Allocation Failure) 2018-10-27T12:21:01.264+0800: 76568.897: [ParNew: 445827K->37407K(480640K), 0.0402716 secs] 937281K->528862K(8344960K), 0.0405162 secs] [Times: user=0.16 sys=0.00, real=0.04 secs]
2018-10-27T12:21:01.586+0800: 76569.219: [GC (Allocation Failure) 2018-10-27T12:21:01.586+0800: 76569.219: [ParNew: 465053K->22352K(480640K), 0.0630432 secs] 956507K->526277K(8344960K), 0.0632701 secs] [Times: user=0.16 sys=0.00, real=0.07 secs]
2018-10-27T12:21:14.723+0800: 76582.357: [GC (Allocation Failure) 2018-10-27T12:21:14.723+0800: 76582.357: [ParNew: 459344K->43648K(480640K), 0.0469198 secs] 963269K->561241K(8344960K), 0.0471825 secs] [Times: user=0.17 sys=0.00, real=0.05 secs]
2018-10-27T12:21:15.009+0800: 76582.642: [GC (Allocation Failure) 2018-10-27T12:21:15.009+0800: 76582.642: [ParNew: 473278K->16684K(480640K), 0.0424945 secs] 990872K->540216K(8344960K), 0.0427564 secs] [Times: user=0.15 sys=0.00, real=0.04 secs]
2018-10-27T12:21:26.049+0800: 76593.682: [GC (Allocation Failure) 2018-10-27T12:21:26.049+0800: 76593.683: [ParNew: 446332K->38869K(480640K), 0.0397101 secs] 969864K->562401K(8344960K), 0.0399396 secs] [Times: user=0.15 sys=0.00, real=0.04 secs]
2018-10-27T12:21:39.990+0800: 76607.623: [GC (Allocation Failure) 2018-10-27T12:21:39.990+0800: 76607.623: [ParNew: 471745K->40000K(480640K), 0.0373928 secs] 995277K->563602K(8344960K), 0.0376330 secs] [Times: user=0.14 sys=0.00, real=0.04 secs]
2018-10-27T12:21:40.244+0800: 76607.878: [GC (Allocation Failure) 2018-10-27T12:21:40.244+0800: 76607.878: [ParNew: 474977K->39000K(480640K), 0.0524171 secs] 998578K->588123K(8344960K), 0.0526495 secs] [Times: user=0.17 sys=0.00, real=0.06 secs]
2018-10-27T12:21:57.651+0800: 76625.284: [GC (Allocation Failure) 2018-10-27T12:21:57.651+0800: 76625.285: [ParNew: 475654K->43648K(480640K), 0.0465955 secs] 1024777K->609659K(8344960K), 0.0468683 secs] [Times: user=0.18 sys=0.00, real=0.05 secs]
2018-10-27T12:21:57.924+0800: 76625.558: [GC (Allocation Failure) 2018-10-27T12:21:57.924+0800: 76625.558: [ParNew: 479435K->30196K(480640K), 0.0767762 secs] 1045446K->630075K(8344960K), 0.0770162 secs] [Times: user=0.20 sys=0.00, real=0.08 secs]
2018-10-27T12:21:58.242+0800: 76625.875: [GC (Allocation Failure) 2018-10-27T12:21:58.242+0800: 76625.875: [ParNew: 456065K->38633K(480640K), 0.0320490 secs] 1055945K->638513K(8344960K), 0.0322893 secs] [Times: user=0.13 sys=0.00, real=0.03 secs]
2018-10-27T12:22:08.286+0800: 76635.919: [GC (Allocation Failure) 2018-10-27T12:22:08.286+0800: 76635.919: [ParNew: 475552K->8625K(480640K), 0.0297446 secs] 1075432K->608506K(8344960K), 0.0300024 secs] [Times: user=0.11 sys=0.00, real=0.04 secs]
2018-10-27T12:22:17.055+0800: 76644.689: [GC (Allocation Failure) 2018-10-27T12:22:17.056+0800: 76644.689: [ParNew: 443854K->11248K(480640K), 0.0323276 secs] 1043735K->611129K(8344960K), 0.0325598 secs] [Times: user=0.12 sys=0.00, real=0.04 secs]
2018-10-27T12:22:43.886+0800: 76671.519: [GC (Allocation Failure) 2018-10-27T12:22:43.886+0800: 76671.519: [ParNew: 448240K->15460K(480640K), 0.0427219 secs] 1048121K->615341K(8344960K), 0.0429760 secs] [Times: user=0.13 sys=0.00, real=0.04 secs]
2018-10-27T12:22:47.131+0800: 76674.765: [GC (Allocation Failure) 2018-10-27T12:22:47.131+0800: 76674.765: [ParNew: 432669K->41167K(480640K), 0.0387329 secs] 1032550K->653822K(8344960K), 0.0390216 secs] [Times: user=0.14 sys=0.00, real=0.04 secs]
2018-10-27T12:22:47.446+0800: 76675.079: [GC (Allocation Failure) 2018-10-27T12:22:47.446+0800: 76675.079: [ParNew: 475638K->24505K(480640K), 0.0426208 secs] 1088293K->650188K(8344960K), 0.0428626 secs] [Times: user=0.15 sys=0.00, real=0.04 secs]
2018-10-27T12:23:01.493+0800: 76689.127: [GC (Allocation Failure) 2018-10-27T12:23:01.493+0800: 76689.127: [ParNew: 460015K->22765K(480640K), 0.0379253 secs] 1085698K->648448K(8344960K), 0.0381892 secs] [Times: user=0.15 sys=0.00, real=0.04 secs]
2018-10-27T12:23:01.769+0800: 76689.402: [GC (Allocation Failure) 2018-10-27T12:23:01.769+0800: 76689.402: [ParNew: 454392K->28761K(480640K), 0.0379043 secs] 1080075K->654444K(8344960K), 0.0381286 secs] [Times: user=0.13 sys=0.00, real=0.04 secs]
2018-10-27T12:23:13.560+0800: 76701.194: [GC (Allocation Failure) 2018-10-27T12:23:13.561+0800: 76701.194: [ParNew: 461930K->36342K(480640K), 0.0320072 secs] 1087614K->662047K(8344960K), 0.0322691 secs] [Times: user=0.12 sys=0.00, real=0.03 secs]
2018-10-27T12:23:29.185+0800: 76716.819: [GC (Allocation Failure) 2018-10-27T12:23:29.186+0800: 76716.819: [ParNew: 472586K->29216K(480640K), 0.0358948 secs] 1098291K->654977K(8344960K), 0.0361815 secs] [Times: user=0.14 sys=0.00, real=0.04 secs]
2018-10-27T12:23:29.457+0800: 76717.090: [GC (Allocation Failure) 2018-10-27T12:23:29.457+0800: 76717.091: [ParNew: 461986K->43383K(480640K), 0.0564350 secs] 1087748K->694783K(8344960K), 0.0566669 secs] [Times: user=0.19 sys=0.00, real=0.05 secs]
2018-10-27T12:23:48.064+0800: 76735.697: [GC (Allocation Failure) 2018-10-27T12:23:48.064+0800: 76735.698: [ParNew: 469339K->43648K(480640K), 0.0514831 secs] 1120739K->704059K(8344960K), 0.0517630 secs] [Times: user=0.19 sys=0.00, real=0.06 secs]
2018-10-27T12:23:48.357+0800: 76735.990: [GC (Allocation Failure) 2018-10-27T12:23:48.357+0800: 76735.990: [ParNew: 476304K->40311K(480640K), 0.0473977 secs] 1136716K->725741K(8344960K), 0.0476092 secs] [Times: user=0.17 sys=0.00, real=0.04 secs]
2018-10-27T12:23:48.634+0800: 76736.267: [GC (Allocation Failure) 2018-10-27T12:23:48.634+0800: 76736.267: [ParNew: 468504K->19846K(480640K), 0.0262265 secs] 1153935K->705278K(8344960K), 0.0264611 secs] [Times: user=0.10 sys=0.00, real=0.03 secs]
2018-10-27T12:23:58.305+0800: 76745.938: [GC (Allocation Failure) 2018-10-27T12:23:58.305+0800: 76745.938: [ParNew: 453149K->11223K(480640K), 0.0294916 secs] 1138580K->696655K(8344960K), 0.0297331 secs] [Times: user=0.11 sys=0.00, real=0.03 secs]
2018-10-27T12:24:15.798+0800: 76763.431: [GC (Allocation Failure) 2018-10-27T12:24:15.798+0800: 76763.431: [ParNew: 447549K->19009K(480640K), 0.0508920 secs] 1132981K->704440K(8344960K), 0.0511269 secs] [Times: user=0.13 sys=0.00, real=0.05 secs]
2018-10-27T12:24:30.804+0800: 76778.438: [GC (Allocation Failure) 2018-10-27T12:24:30.805+0800: 76778.438: [ParNew: 455955K->15254K(480640K), 0.0306202 secs] 1141387K->700686K(8344960K), 0.0308448 secs] [Times: user=0.11 sys=0.00, real=0.03 secs]
2018-10-27T12:24:41.416+0800: 76789.049: [GC (Allocation Failure) 2018-10-27T12:24:41.416+0800: 76789.049: [ParNew: 451963K->15363K(480640K), 0.0293103 secs] 1137395K->700795K(8344960K), 0.0295665 secs] [Times: user=0.11 sys=0.00, real=0.03 secs]
2018-10-27T12:25:00.295+0800: 76807.928: [GC (Allocation Failure) 2018-10-27T12:25:00.295+0800: 76807.928: [ParNew: 452355K->17180K(480640K), 0.0391938 secs] 1137787K->702612K(8344960K), 0.0394386 secs] [Times: user=0.13 sys=0.00, real=0.04 secs]
2018-10-27T12:25:12.241+0800: 76819.875: [GC (Allocation Failure) 2018-10-27T12:25:12.242+0800: 76819.875: [ParNew: 453657K->19945K(480640K), 0.0334615 secs] 1139089K->705377K(8344960K), 0.0337217 secs] [Times: user=0.13 sys=0.00, real=0.03 secs]
2018-10-27T12:25:12.521+0800: 76820.155: [GC (Allocation Failure) 2018-10-27T12:25:12.522+0800: 76820.155: [ParNew: 453322K->20831K(480640K), 0.0314947 secs] 1138754K->706262K(8344960K), 0.0317215 secs] [Times: user=0.12 sys=0.00, real=0.03 secs]
2018-10-27T12:25:30.181+0800: 76837.815: [GC (Allocation Failure) 2018-10-27T12:25:30.182+0800: 76837.815: [ParNew: 453742K->28026K(480640K), 0.0494404 secs] 1139174K->713458K(8344960K), 0.0496964 secs] [Times: user=0.13 sys=0.00, real=0.05 secs]
2018-10-27T12:25:56.815+0800: 76864.448: [GC (Allocation Failure) 2018-10-27T12:25:56.815+0800: 76864.448: [ParNew: 464367K->20532K(480640K), 0.0401988 secs] 1149799K->705993K(8344960K), 0.0404601 secs] [Times: user=0.14 sys=0.00, real=0.04 secs]
2018-10-27T12:25:57.137+0800: 76864.770: [GC (Allocation Failure) 2018-10-27T12:25:57.137+0800: 76864.770: [ParNew: 448498K->43648K(480640K), 0.0395350 secs] 1133959K->744614K(8344960K), 0.0397592 secs] [Times: user=0.15 sys=0.00, real=0.04 secs]
2018-10-27T12:26:03.321+0800: 76870.954: [GC (Allocation Failure) 2018-10-27T12:26:03.321+0800: 76870.954: [ParNew: 479815K->10956K(480640K), 0.0336967 secs] 1180782K->713289K(8344960K), 0.0339370 secs] [Times: user=0.13 sys=0.00, real=0.03 secs]
2018-10-27T12:26:08.423+0800: 76876.057: [GC (Allocation Failure) 2018-10-27T12:26:08.423+0800: 76876.057: [ParNew: 447948K->13559K(480640K), 0.0298981 secs] 1150281K->715893K(8344960K), 0.0301488 secs] [Times: user=0.11 sys=0.00, real=0.03 secs]
2018-10-27T12:26:19.912+0800: 76887.546: [GC (Allocation Failure) 2018-10-27T12:26:19.912+0800: 76887.546: [ParNew: 449754K->41193K(480640K), 0.0312482 secs] 1152088K->743526K(8344960K), 0.0315089 secs] [Times: user=0.12 sys=0.00, real=0.03 secs]
2018-10-27T12:26:34.434+0800: 76902.068: [GC (Allocation Failure) 2018-10-27T12:26:34.435+0800: 76902.068: [ParNew: 475495K->41706K(480640K), 0.0354212 secs] 1177829K->744190K(8344960K), 0.0356934 secs] [Times: user=0.13 sys=0.00, real=0.04 secs]
2018-10-27T12:26:34.691+0800: 76902.325: [GC (Allocation Failure) 2018-10-27T12:26:34.691+0800: 76902.325: [ParNew: 478353K->25747K(480640K), 0.0644974 secs] 1180837K->767789K(8344960K), 0.0647277 secs] [Times: user=0.23 sys=0.00, real=0.07 secs]
2018-10-27T12:26:53.544+0800: 76921.177: [GC (Allocation Failure) 2018-10-27T12:26:53.544+0800: 76921.178: [ParNew: 445323K->43648K(480640K), 0.0482231 secs] 1187365K->793267K(8344960K), 0.0484773 secs] [Times: user=0.17 sys=0.00, real=0.05 secs]
2018-10-27T12:26:53.790+0800: 76921.423: [GC (Allocation Failure) 2018-10-27T12:26:53.790+0800: 76921.423: [ParNew: 465744K->41913K(480640K), 0.0501184 secs] 1215363K->818349K(8344960K), 0.0503431 secs] [Times: user=0.15 sys=0.00, real=0.05 secs]
2018-10-27T12:26:54.142+0800: 76921.775: [GC (Allocation Failure) 2018-10-27T12:26:54.142+0800: 76921.775: [ParNew: 478905K->24080K(480640K), 0.0291237 secs] 1255341K->800516K(8344960K), 0.0293632 secs] [Times: user=0.11 sys=0.00, real=0.03 secs]
2018-10-27T12:27:04.100+0800: 76931.734: [GC (Allocation Failure) 2018-10-27T12:27:04.100+0800: 76931.734: [ParNew: 456524K->11413K(480640K), 0.0284342 secs] 1232960K->787850K(8344960K), 0.0286651 secs] [Times: user=0.10 sys=0.00, real=0.03 secs]
2018-10-27T12:27:14.336+0800: 76941.969: [GC (Allocation Failure) 2018-10-27T12:27:14.336+0800: 76941.969: [ParNew: 447387K->11243K(480640K), 0.0274791 secs] 1223824K->787680K(8344960K), 0.0277031 secs] [Times: user=0.10 sys=0.00, real=0.03 secs]
2018-10-27T12:27:38.025+0800: 76965.659: [GC (Allocation Failure) 2018-10-27T12:27:38.026+0800: 76965.659: [ParNew: 440239K->43648K(480640K), 0.0525876 secs] 1216676K->821874K(8344960K), 0.0528706 secs] [Times: user=0.14 sys=0.00, real=0.06 secs]
2018-10-27T12:27:49.601+0800: 76977.235: [GC (Allocation Failure) 2018-10-27T12:27:49.602+0800: 76977.235: [ParNew: 480138K->21862K(480640K), 0.0440570 secs] 1258364K->808416K(8344960K), 0.0443141 secs] [Times: user=0.16 sys=0.00, real=0.05 secs]
2018-10-27T12:27:49.899+0800: 76977.533: [GC (Allocation Failure) 2018-10-27T12:27:49.899+0800: 76977.533: [ParNew: 445822K->14225K(480640K), 0.0288876 secs] 1232376K->800779K(8344960K), 0.0291197 secs] [Times: user=0.11 sys=0.00, real=0.03 secs]
2018-10-27T12:28:02.015+0800: 76989.648: [GC (Allocation Failure) 2018-10-27T12:28:02.015+0800: 76989.648: [ParNew: 451217K->40291K(480640K), 0.0331978 secs] 1237771K->826845K(8344960K), 0.0334267 secs] [Times: user=0.12 sys=0.00, real=0.04 secs]
2018-10-27T12:28:16.368+0800: 77004.002: [GC (Allocation Failure) 2018-10-27T12:28:16.368+0800: 77004.002: [ParNew: 470047K->43648K(480640K), 0.0480992 secs] 1256600K->846515K(8344960K), 0.0483492 secs] [Times: user=0.18 sys=0.00, real=0.05 secs]
2018-10-27T12:28:16.691+0800: 77004.324: [GC (Allocation Failure) 2018-10-27T12:28:16.691+0800: 77004.324: [ParNew: 480166K->23162K(480640K), 0.0380471 secs] 1283034K->835895K(8344960K), 0.0382863 secs] [Times: user=0.14 sys=0.00, real=0.04 secs]
2018-10-27T12:28:35.438+0800: 77023.071: [GC (Allocation Failure) 2018-10-27T12:28:35.438+0800: 77023.071: [ParNew: 456585K->43648K(480640K), 0.0540441 secs] 1269318K->866875K(8344960K), 0.0543415 secs] [Times: user=0.19 sys=0.00, real=0.05 secs]
2018-10-27T12:28:35.815+0800: 77023.449: [GC (Allocation Failure) 2018-10-27T12:28:35.815+0800: 77023.449: [ParNew: 476045K->42497K(480640K), 0.0440262 secs] 1299272K->890198K(8344960K), 0.0442530 secs] [Times: user=0.17 sys=0.00, real=0.05 secs]
2018-10-27T12:28:36.062+0800: 77023.695: [GC (Allocation Failure) 2018-10-27T12:28:36.062+0800: 77023.695: [ParNew: 473512K->20180K(480640K), 0.0304372 secs] 1321212K->867881K(8344960K), 0.0306605 secs] [Times: user=0.11 sys=0.00, real=0.03 secs]
2018-10-27T12:28:55.027+0800: 77042.660: [GC (Allocation Failure) 2018-10-27T12:28:55.027+0800: 77042.660: [ParNew: 451594K->12980K(480640K), 0.0406359 secs] 1299296K->860681K(8344960K), 0.0409089 secs] [Times: user=0.12 sys=0.00, real=0.04 secs]
2018-10-27T12:29:06.851+0800: 77054.484: [GC (Allocation Failure) 2018-10-27T12:29:06.851+0800: 77054.484: [ParNew: 449368K->4400K(480640K), 0.0352670 secs] 1297070K->852101K(8344960K), 0.0355256 secs] [Times: user=0.13 sys=0.00, real=0.04 secs]
2018-10-27T12:29:19.676+0800: 77067.310: [GC (Allocation Failure) 2018-10-27T12:29:19.677+0800: 77067.310: [ParNew: 436372K->40558K(480640K), 0.0359181 secs] 1284073K->888259K(8344960K), 0.0361515 secs] [Times: user=0.13 sys=0.00, real=0.03 secs]
2018-10-27T12:29:30.502+0800: 77078.136: [GC (Allocation Failure) 2018-10-27T12:29:30.502+0800: 77078.136: [ParNew: 475488K->17058K(480640K), 0.0324142 secs] 1323189K->864838K(8344960K), 0.0327054 secs] [Times: user=0.12 sys=0.00, real=0.03 secs]
2018-10-27T12:29:30.753+0800: 77078.386: [GC (Allocation Failure) 2018-10-27T12:29:30.753+0800: 77078.386: [ParNew: 448790K->18278K(480640K), 0.0326558 secs] 1296570K->866057K(8344960K), 0.0329015 secs] [Times: user=0.11 sys=0.00, real=0.03 secs]
2018-10-27T12:29:41.768+0800: 77089.402: [GC (Allocation Failure) 2018-10-27T12:29:41.769+0800: 77089.402: [ParNew: 455226K->37556K(480640K), 0.0378256 secs] 1303006K->885335K(8344960K), 0.0380511 secs] [Times: user=0.13 sys=0.00, real=0.04 secs]
2018-10-27T12:29:56.803+0800: 77104.436: [GC (Allocation Failure) 2018-10-27T12:29:56.803+0800: 77104.436: [ParNew: 472370K->32624K(480640K), 0.0580510 secs] 1320150K->907479K(8344960K), 0.0583418 secs] [Times: user=0.22 sys=0.00, real=0.06 secs]
2018-10-27T12:29:57.125+0800: 77104.758: [GC (Allocation Failure) 2018-10-27T12:29:57.125+0800: 77104.758: [ParNew: 469616K->24763K(480640K), 0.0531973 secs] 1344471K->911881K(8344960K), 0.0534429 secs] [Times: user=0.19 sys=0.00, real=0.06 secs]
2018-10-27T12:30:15.647+0800: 77123.280: [GC (Allocation Failure) 2018-10-27T12:30:15.647+0800: 77123.280: [ParNew: 443820K->43648K(480640K), 0.0572003 secs] 1330937K->940708K(8344960K), 0.0574809 secs] [Times: user=0.20 sys=0.00, real=0.05 secs]
2018-10-27T12:30:16.002+0800: 77123.636: [GC (Allocation Failure) 2018-10-27T12:30:16.002+0800: 77123.636: [ParNew: 473625K->32028K(480640K), 0.0608024 secs] 1370685K->970776K(8344960K), 0.0610519 secs] [Times: user=0.23 sys=0.00, real=0.06 secs]
2018-10-27T12:30:16.272+0800: 77123.905: [GC (Allocation Failure) 2018-10-27T12:30:16.272+0800: 77123.905: [ParNew: 457708K->20111K(480640K), 0.0325347 secs] 1396457K->958973K(8344960K), 0.0327779 secs] [Times: user=0.12 sys=0.00, real=0.03 secs]
2018-10-27T12:30:26.125+0800: 77133.758: [GC (Allocation Failure) 2018-10-27T12:30:26.125+0800: 77133.758: [ParNew: 455827K->9982K(480640K), 0.0351687 secs] 1394689K->948844K(8344960K), 0.0354400 secs] [Times: user=0.13 sys=0.00, real=0.04 secs]
2018-10-27T12:45:33.445+0800: 78041.079: [GC (Allocation Failure) 2018-10-27T12:45:33.446+0800: 78041.079: [ParNew: 446974K->5906K(480640K), 0.0430645 secs] 1385836K->944768K(8344960K), 0.0434194 secs] [Times: user=0.14 sys=0.00, real=0.05 secs]
2018-10-27T13:00:04.172+0800: 78911.806: [GC (Allocation Failure) 2018-10-27T13:00:04.172+0800: 78911.806: [ParNew: 442898K->6111K(480640K), 0.0427648 secs] 1381760K->944973K(8344960K), 0.0430397 secs] [Times: user=0.15 sys=0.00, real=0.04 secs]
2018-10-27T13:05:33.432+0800: 79241.066: [GC (Allocation Failure) 2018-10-27T13:05:33.432+0800: 79241.066: [ParNew: 443103K->15116K(480640K), 0.0622030 secs] 1381965K->953978K(8344960K), 0.0624968 secs] [Times: user=0.17 sys=0.00, real=0.06 secs]
2018-10-27T13:17:07.252+0800: 79934.886: [GC (Allocation Failure) 2018-10-27T13:17:07.252+0800: 79934.886: [ParNew: 452104K->10030K(480640K), 0.0454977 secs] 1390966K->948892K(8344960K), 0.0457379 secs] [Times: user=0.13 sys=0.00, real=0.05 secs]
2018-10-27T13:27:15.218+0800: 80542.852: [GC (Allocation Failure) 2018-10-27T13:27:15.219+0800: 80542.852: [ParNew: 447022K->13020K(480640K), 0.0619143 secs] 1385884K->951882K(8344960K), 0.0621613 secs] [Times: user=0.14 sys=0.00, real=0.06 secs]
2018-10-27T13:45:05.407+0800: 81613.041: [GC (Allocation Failure) 2018-10-27T13:45:05.408+0800: 81613.041: [ParNew: 450012K->4018K(480640K), 0.0372416 secs] 1388874K->942880K(8344960K), 0.0375313 secs] [Times: user=0.14 sys=0.00, real=0.03 secs]
2018-10-27T13:57:51.449+0800: 82379.082: [GC (Allocation Failure) 2018-10-27T13:57:51.449+0800: 82379.082: [ParNew: 441010K->7302K(480640K), 0.0437756 secs] 1379872K->946164K(8344960K), 0.0440394 secs] [Times: user=0.14 sys=0.00, real=0.04 secs]
2018-10-27T14:08:04.015+0800: 82991.648: [GC (Allocation Failure) 2018-10-27T14:08:04.015+0800: 82991.648: [ParNew: 444294K->5063K(480640K), 0.0393301 secs] 1383156K->943925K(8344960K), 0.0395691 secs] [Times: user=0.14 sys=0.00, real=0.04 secs]
2018-10-27T14:25:37.277+0800: 84044.911: [GC (Allocation Failure) 2018-10-27T14:25:37.277+0800: 84044.911: [ParNew: 442055K->3464K(480640K), 0.0395705 secs] 1380917K->942326K(8344960K), 0.0398137 secs] [Times: user=0.15 sys=0.00, real=0.04 secs]
2018-10-27T14:43:13.110+0800: 85100.743: [GC (Allocation Failure) 2018-10-27T14:43:13.110+0800: 85100.743: [ParNew: 440456K->3758K(480640K), 0.0363534 secs] 1379318K->942620K(8344960K), 0.0366296 secs] [Times: user=0.14 sys=0.00, real=0.04 secs]
2018-10-27T14:59:37.797+0800: 86085.430: [GC (Allocation Failure) 2018-10-27T14:59:37.797+0800: 86085.430: [ParNew: 440750K->3094K(480640K), 0.0361235 secs] 1379612K->941956K(8344960K), 0.0363765 secs] [Times: user=0.14 sys=0.00, real=0.03 secs]
2018-10-27T15:09:53.860+0800: 86701.494: [GC (Allocation Failure) 2018-10-27T15:09:53.860+0800: 86701.494: [ParNew: 440086K->4779K(480640K), 0.0417095 secs] 1378948K->943641K(8344960K), 0.0419999 secs] [Times: user=0.14 sys=0.00, real=0.04 secs]
2018-10-27T15:26:22.235+0800: 87689.869: [GC (Allocation Failure) 2018-10-27T15:26:22.236+0800: 87689.869: [ParNew: 441771K->3016K(480640K), 0.0347858 secs] 1380633K->941878K(8344960K), 0.0350314 secs] [Times: user=0.13 sys=0.00, real=0.04 secs]
2018-10-27T15:45:10.700+0800: 88818.333: [GC (Allocation Failure) 2018-10-27T15:45:10.700+0800: 88818.334: [ParNew: 440008K->3041K(480640K), 0.0360810 secs] 1378870K->941903K(8344960K), 0.0364019 secs] [Times: user=0.14 sys=0.00, real=0.04 secs]
2018-10-27T16:00:03.260+0800: 89710.893: [GC (Allocation Failure) 2018-10-27T16:00:03.260+0800: 89710.893: [ParNew: 440033K->3761K(480640K), 0.0399057 secs] 1378895K->942634K(8344960K), 0.0401789 secs] [Times: user=0.15 sys=0.00, real=0.04 secs]
2018-10-27T16:11:39.956+0800: 90407.589: [GC (Allocation Failure) 2018-10-27T16:11:39.956+0800: 90407.589: [ParNew: 440753K->4732K(480640K), 0.0401417 secs] 1379626K->943635K(8344960K), 0.0403993 secs] [Times: user=0.14 sys=0.00, real=0.04 secs]
2018-10-27T16:28:12.810+0800: 91400.443: [GC (Allocation Failure) 2018-10-27T16:28:12.810+0800: 91400.443: [ParNew: 441724K->3236K(480640K), 0.0404161 secs] 1380627K->942165K(8344960K), 0.0406783 secs] [Times: user=0.16 sys=0.00, real=0.04 secs]
2018-10-27T16:45:37.288+0800: 92444.921: [GC (Allocation Failure) 2018-10-27T16:45:37.288+0800: 92444.921: [ParNew: 440228K->5407K(480640K), 0.0363742 secs] 1379157K->944382K(8344960K), 0.0366985 secs] [Times: user=0.14 sys=0.00, real=0.03 secs]
2018-10-27T17:00:06.401+0800: 93314.035: [GC (Allocation Failure) 2018-10-27T17:00:06.401+0800: 93314.035: [ParNew: 442399K->5253K(480640K), 0.0398052 secs] 1381374K->944248K(8344960K), 0.0400642 secs] [Times: user=0.15 sys=0.00, real=0.04 secs]
2018-10-27T17:13:37.542+0800: 94125.176: [GC (Allocation Failure) 2018-10-27T17:13:37.542+0800: 94125.176: [ParNew: 442245K->4861K(480640K), 0.0401257 secs] 1381240K->943864K(8344960K), 0.0403931 secs] [Times: user=0.15 sys=0.00, real=0.04 secs]
2018-10-27T17:30:07.601+0800: 95115.234: [GC (Allocation Failure) 2018-10-27T17:30:07.601+0800: 95115.235: [ParNew: 441853K->2751K(480640K), 0.0398979 secs] 1380856K->941766K(8344960K), 0.0401635 secs] [Times: user=0.14 sys=0.00, real=0.04 secs]
2018-10-27T17:46:30.516+0800: 96098.150: [GC (Allocation Failure) 2018-10-27T17:46:30.516+0800: 96098.150: [ParNew: 439743K->3246K(480640K), 0.0342894 secs] 1378758K->942275K(8344960K), 0.0345725 secs] [Times: user=0.13 sys=0.00, real=0.03 secs]
2018-10-27T18:00:07.269+0800: 96914.902: [GC (Allocation Failure) 2018-10-27T18:00:07.269+0800: 96914.902: [ParNew: 440238K->5329K(480640K), 0.0392834 secs] 1379267K->944372K(8344960K), 0.0395384 secs] [Times: user=0.14 sys=0.00, real=0.04 secs]
2018-10-27T18:15:09.131+0800: 97816.764: [GC (Allocation Failure) 2018-10-27T18:15:09.131+0800: 97816.764: [ParNew: 442321K->4141K(480640K), 0.0482370 secs] 1381364K->943195K(8344960K), 0.0485839 secs] [Times: user=0.18 sys=0.00, real=0.05 secs]
2018-10-27T18:31:40.844+0800: 98808.477: [GC (Allocation Failure) 2018-10-27T18:31:40.844+0800: 98808.477: [ParNew: 441133K->2596K(480640K), 0.0349569 secs] 1380187K->941660K(8344960K), 0.0352469 secs] [Times: user=0.12 sys=0.00, real=0.04 secs]
2018-10-27T18:48:10.321+0800: 99797.954: [GC (Allocation Failure) 2018-10-27T18:48:10.321+0800: 99797.954: [ParNew: 439588K->2754K(480640K), 0.0327440 secs] 1378652K->941828K(8344960K), 0.0329917 secs] [Times: user=0.12 sys=0.00, real=0.03 secs]
2018-10-27T19:00:10.144+0800: 100517.777: [GC (Allocation Failure) 2018-10-27T19:00:10.144+0800: 100517.777: [ParNew: 439746K->5913K(480640K), 0.0422382 secs] 1378820K->944997K(8344960K), 0.0425580 secs] [Times: user=0.13 sys=0.00, real=0.05 secs]
2018-10-27T19:15:37.286+0800: 101444.920: [GC (Allocation Failure) 2018-10-27T19:15:37.287+0800: 101444.920: [ParNew: 442905K->5688K(480640K), 0.0357462 secs] 1381989K->944783K(8344960K), 0.0359973 secs] [Times: user=0.13 sys=0.00, real=0.03 secs]
2018-10-27T19:33:27.865+0800: 102515.499: [GC (Allocation Failure) 2018-10-27T19:33:27.865+0800: 102515.499: [ParNew: 442680K->4746K(480640K), 0.0341838 secs] 1381775K->943852K(8344960K), 0.0344632 secs] [Times: user=0.13 sys=0.00, real=0.04 secs]
2018-10-27T19:50:01.264+0800: 103508.898: [GC (Allocation Failure) 2018-10-27T19:50:01.265+0800: 103508.898: [ParNew: 441738K->2609K(480640K), 0.0394480 secs] 1380844K->941724K(8344960K), 0.0397741 secs] [Times: user=0.15 sys=0.00, real=0.04 secs]
2018-10-27T20:00:15.745+0800: 104123.379: [GC (Allocation Failure) 2018-10-27T20:00:15.746+0800: 104123.379: [ParNew: 439601K->4758K(480640K), 0.0414618 secs] 1378716K->943886K(8344960K), 0.0417435 secs] [Times: user=0.14 sys=0.00, real=0.05 secs]
2018-10-27T20:16:44.132+0800: 105111.765: [GC (Allocation Failure) 2018-10-27T20:16:44.132+0800: 105111.765: [ParNew: 441750K->3113K(480640K), 0.0377239 secs] 1380878K->942251K(8344960K), 0.0379887 secs] [Times: user=0.14 sys=0.00, real=0.04 secs]
2018-10-27T20:35:24.957+0800: 106232.590: [GC (Allocation Failure) 2018-10-27T20:35:24.957+0800: 106232.590: [ParNew: 440105K->2979K(480640K), 0.0357683 secs] 1379243K->942127K(8344960K), 0.0360190 secs] [Times: user=0.13 sys=0.00, real=0.03 secs]
2018-10-27T20:51:56.933+0800: 107224.566: [GC (Allocation Failure) 2018-10-27T20:51:56.933+0800: 107224.566: [ParNew: 439971K->2948K(480640K), 0.0315958 secs] 1379119K->942105K(8344960K), 0.0318486 secs] [Times: user=0.12 sys=0.00, real=0.03 secs]
2018-10-27T21:02:03.995+0800: 107831.629: [GC (Allocation Failure) 2018-10-27T21:02:03.995+0800: 107831.629: [ParNew: 439940K->4914K(480640K), 0.0382952 secs] 1379097K->944080K(8344960K), 0.0385659 secs] [Times: user=0.13 sys=0.00, real=0.04 secs]
2018-10-27T21:18:35.235+0800: 108822.868: [GC (Allocation Failure) 2018-10-27T21:18:35.235+0800: 108822.869: [ParNew: 441906K->3004K(480640K), 0.0412210 secs] 1381072K->942181K(8344960K), 0.0414700 secs] [Times: user=0.12 sys=0.00, real=0.05 secs]
2018-10-27T21:35:37.300+0800: 109844.933: [GC (Allocation Failure) 2018-10-27T21:35:37.300+0800: 109844.934: [ParNew: 439996K->4741K(480640K), 0.0391251 secs] 1379173K->943928K(8344960K), 0.0393699 secs] [Times: user=0.15 sys=0.00, real=0.04 secs]
2018-10-27T21:53:48.379+0800: 110936.012: [GC (Allocation Failure) 2018-10-27T21:53:48.379+0800: 110936.012: [ParNew: 441733K->4228K(480640K), 0.0360256 secs] 1380920K->943425K(8344960K), 0.0363182 secs] [Times: user=0.13 sys=0.00, real=0.03 secs]
2018-10-27T22:03:54.524+0800: 111542.157: [GC (Allocation Failure) 2018-10-27T22:03:54.524+0800: 111542.157: [ParNew: 441220K->4388K(480640K), 0.0379728 secs] 1380417K->943595K(8344960K), 0.0382428 secs] [Times: user=0.13 sys=0.00, real=0.04 secs]
2018-10-27T22:20:15.766+0800: 112523.400: [GC (Allocation Failure) 2018-10-27T22:20:15.767+0800: 112523.400: [ParNew: 441380K->2882K(480640K), 0.0375579 secs] 1380587K->942099K(8344960K), 0.0378387 secs] [Times: user=0.13 sys=0.00, real=0.03 secs]
2018-10-27T22:36:48.267+0800: 113515.901: [GC (Allocation Failure) 2018-10-27T22:36:48.268+0800: 113515.901: [ParNew: 439874K->3402K(480640K), 0.0321262 secs] 1379091K->942629K(8344960K), 0.0323676 secs] [Times: user=0.12 sys=0.00, real=0.03 secs]
2018-10-27T22:55:30.286+0800: 114637.920: [GC (Allocation Failure) 2018-10-27T22:55:30.286+0800: 114637.920: [ParNew: 440394K->2530K(480640K), 0.0337328 secs] 1379621K->941766K(8344960K), 0.0339916 secs] [Times: user=0.12 sys=0.00, real=0.03 secs]
2018-10-27T23:05:31.267+0800: 115238.901: [GC (Allocation Failure) 2018-10-27T23:05:31.267+0800: 115238.901: [ParNew: 439522K->4701K(480640K), 0.0486418 secs] 1378758K->943946K(8344960K), 0.0489401 secs] [Times: user=0.16 sys=0.00, real=0.05 secs]
2018-10-27T23:21:59.724+0800: 116227.357: [GC (Allocation Failure) 2018-10-27T23:21:59.724+0800: 116227.357: [ParNew: 441693K->3430K(480640K), 0.0331072 secs] 1380938K->942686K(8344960K), 0.0333730 secs] [Times: user=0.12 sys=0.00, real=0.04 secs]
2018-10-27T23:38:33.152+0800: 117220.785: [GC (Allocation Failure) 2018-10-27T23:38:33.152+0800: 117220.785: [ParNew: 440422K->2774K(480640K), 0.0316770 secs] 1379678K->942041K(8344960K), 0.0319259 secs] [Times: user=0.12 sys=0.00, real=0.03 secs]
2018-10-27T23:55:37.298+0800: 118244.931: [GC (Allocation Failure) 2018-10-27T23:55:37.298+0800: 118244.931: [ParNew: 439766K->5079K(480640K), 0.0342367 secs] 1379033K->944364K(8344960K), 0.0344921 secs] [Times: user=0.13 sys=0.00, real=0.03 secs]
2018-10-28T00:05:37.298+0800: 118844.932: [GC (Allocation Failure) 2018-10-28T00:05:37.299+0800: 118844.932: [ParNew: 442071K->7292K(480640K), 0.0421913 secs] 1381356K->946590K(8344960K), 0.0424734 secs] [Times: user=0.15 sys=0.00, real=0.04 secs]
2018-10-28T00:23:48.847+0800: 119936.480: [GC (Allocation Failure) 2018-10-28T00:23:48.847+0800: 119936.480: [ParNew: 444284K->4912K(480640K), 0.0337636 secs] 1383582K->944222K(8344960K), 0.0340865 secs] [Times: user=0.12 sys=0.00, real=0.03 secs]
2018-10-28T00:40:13.245+0800: 120920.878: [GC (Allocation Failure) 2018-10-28T00:40:13.245+0800: 120920.878: [ParNew: 441904K->3048K(480640K), 0.0341542 secs] 1381214K->942367K(8344960K), 0.0344147 secs] [Times: user=0.13 sys=0.00, real=0.04 secs]
2018-10-28T00:56:39.956+0800: 121907.589: [GC (Allocation Failure) 2018-10-28T00:56:39.956+0800: 121907.589: [ParNew: 440040K->2904K(480640K), 0.0305841 secs] 1379359K->942229K(8344960K), 0.0308390 secs] [Times: user=0.11 sys=0.00, real=0.04 secs]
2018-10-28T01:06:36.351+0800: 122503.985: [GC (Allocation Failure) 2018-10-28T01:06:36.352+0800: 122503.985: [ParNew: 439896K->5090K(480640K), 0.0379895 secs] 1379221K->944425K(8344960K), 0.0382308 secs] [Times: user=0.13 sys=0.00, real=0.04 secs]
2018-10-28T01:25:16.112+0800: 123623.745: [GC (Allocation Failure) 2018-10-28T01:25:16.112+0800: 123623.745: [ParNew: 442082K->3612K(480640K), 0.0342693 secs] 1381417K->942958K(8344960K), 0.0345244 secs] [Times: user=0.13 sys=0.00, real=0.04 secs]
2018-10-28T01:41:45.306+0800: 124612.939: [GC (Allocation Failure) 2018-10-28T01:41:45.306+0800: 124612.939: [ParNew: 440604K->3294K(480640K), 0.0330213 secs] 1379950K->942651K(8344960K), 0.0332694 secs] [Times: user=0.13 sys=0.00, real=0.04 secs]
2018-10-28T01:58:11.292+0800: 125598.925: [GC (Allocation Failure) 2018-10-28T01:58:11.292+0800: 125598.926: [ParNew: 440286K->3312K(480640K), 0.0330261 secs] 1379643K->942679K(8344960K), 0.0332759 secs] [Times: user=0.11 sys=0.00, real=0.03 secs]
2018-10-28T02:08:09.957+0800: 126197.590: [GC (Allocation Failure) 2018-10-28T02:08:09.957+0800: 126197.590: [ParNew: 440304K->5161K(480640K), 0.0384896 secs] 1379671K->944538K(8344960K), 0.0387598 secs] [Times: user=0.13 sys=0.00, real=0.03 secs]
2018-10-28T02:25:37.285+0800: 127244.918: [GC (Allocation Failure) 2018-10-28T02:25:37.285+0800: 127244.918: [ParNew: 442153K->5517K(480640K), 0.0378663 secs] 1381530K->944904K(8344960K), 0.0381227 secs] [Times: user=0.13 sys=0.00, real=0.04 secs]
2018-10-28T02:43:19.672+0800: 128307.306: [GC (Allocation Failure) 2018-10-28T02:43:19.672+0800: 128307.306: [ParNew: 442509K->4483K(480640K), 0.0460306 secs] 1381896K->943882K(8344960K), 0.0463380 secs] [Times: user=0.12 sys=0.00, real=0.05 secs]
2018-10-28T02:59:42.877+0800: 129290.510: [GC (Allocation Failure) 2018-10-28T02:59:42.877+0800: 129290.510: [ParNew: 441475K->3472K(480640K), 0.0318316 secs] 1380874K->942883K(8344960K), 0.0320826 secs] [Times: user=0.12 sys=0.00, real=0.03 secs]
2018-10-28T03:09:45.975+0800: 129893.609: [GC (Allocation Failure) 2018-10-28T03:09:45.975+0800: 129893.609: [ParNew: 440464K->4748K(480640K), 0.0377203 secs] 1379875K->944168K(8344960K), 0.0379639 secs] [Times: user=0.13 sys=0.00, real=0.04 secs]
2018-10-28T03:26:14.175+0800: 130881.809: [GC (Allocation Failure) 2018-10-28T03:26:14.175+0800: 130881.809: [ParNew: 441740K->3375K(480640K), 0.0351920 secs] 1381160K->942805K(8344960K), 0.0354569 secs] [Times: user=0.13 sys=0.00, real=0.04 secs]
2018-10-28T03:45:00.660+0800: 132008.293: [GC (Allocation Failure) 2018-10-28T03:45:00.660+0800: 132008.293: [ParNew: 440367K->3417K(480640K), 0.0339501 secs] 1379797K->942858K(8344960K), 0.0342071 secs] [Times: user=0.13 sys=0.00, real=0.03 secs]
2018-10-28T04:00:02.385+0800: 132910.019: [GC (Allocation Failure) 2018-10-28T04:00:02.385+0800: 132910.019: [ParNew: 440405K->4113K(480640K), 0.0459495 secs] 1379846K->943854K(8344960K), 0.0462337 secs] [Times: user=0.18 sys=0.00, real=0.05 secs]
2018-10-28T04:11:26.399+0800: 133594.032: [GC (Allocation Failure) 2018-10-28T04:11:26.399+0800: 133594.033: [ParNew: 441105K->4850K(480640K), 0.0380795 secs] 1380846K->944611K(8344960K), 0.0383593 secs] [Times: user=0.13 sys=0.00, real=0.04 secs]
2018-10-28T04:27:55.766+0800: 134583.400: [GC (Allocation Failure) 2018-10-28T04:27:55.767+0800: 134583.400: [ParNew: 441842K->2723K(480640K), 0.0320730 secs] 1381603K->942494K(8344960K), 0.0323157 secs] [Times: user=0.12 sys=0.00, real=0.03 secs]
2018-10-28T04:42:02.121+0800: 135429.754: [GC (Allocation Failure) 2018-10-28T04:42:02.121+0800: 135429.755: [ParNew: 439715K->8302K(480640K), 0.0466066 secs] 1379486K->948084K(8344960K), 0.0468814 secs] [Times: user=0.15 sys=0.00, real=0.05 secs]
2018-10-28T04:58:30.101+0800: 136417.734: [GC (Allocation Failure) 2018-10-28T04:58:30.101+0800: 136417.734: [ParNew: 445294K->3470K(480640K), 0.0309193 secs] 1385076K->943258K(8344960K), 0.0311539 secs] [Times: user=0.12 sys=0.00, real=0.03 secs]
2018-10-28T05:08:35.127+0800: 137022.760: [GC (Allocation Failure) 2018-10-28T05:08:35.127+0800: 137022.761: [ParNew: 440462K->4408K(480640K), 0.0433764 secs] 1380250K->944208K(8344960K), 0.0437132 secs] [Times: user=0.14 sys=0.00, real=0.04 secs]
2018-10-28T05:25:37.297+0800: 138044.931: [GC (Allocation Failure) 2018-10-28T05:25:37.297+0800: 138044.931: [ParNew: 441400K->4453K(480640K), 0.0340340 secs] 1381200K->944263K(8344960K), 0.0342762 secs] [Times: user=0.13 sys=0.00, real=0.03 secs]
2018-10-28T05:43:49.462+0800: 139137.095: [GC (Allocation Failure) 2018-10-28T05:43:49.462+0800: 139137.095: [ParNew: 441445K->4212K(480640K), 0.0321201 secs] 1381255K->944032K(8344960K), 0.0323810 secs] [Times: user=0.12 sys=0.00, real=0.03 secs]
2018-10-28T06:00:00.638+0800: 140108.271: [GC (Allocation Failure) 2018-10-28T06:00:00.638+0800: 140108.271: [ParNew: 441204K->3235K(480640K), 0.0466316 secs] 1381024K->943065K(8344960K), 0.0469157 secs] [Times: user=0.18 sys=0.00, real=0.04 secs]
2018-10-28T06:10:15.045+0800: 140722.678: [GC (Allocation Failure) 2018-10-28T06:10:15.045+0800: 140722.678: [ParNew: 440227K->4521K(480640K), 0.0395442 secs] 1380057K->944362K(8344960K), 0.0398015 secs] [Times: user=0.14 sys=0.00, real=0.04 secs]
2018-10-28T06:26:45.569+0800: 141713.202: [GC (Allocation Failure) 2018-10-28T06:26:45.569+0800: 141713.202: [ParNew: 441513K->3072K(480640K), 0.0337055 secs] 1381354K->942924K(8344960K), 0.0339746 secs] [Times: user=0.13 sys=0.00, real=0.03 secs]
2018-10-28T06:45:28.258+0800: 142835.891: [GC (Allocation Failure) 2018-10-28T06:45:28.258+0800: 142835.891: [ParNew: 440064K->3086K(480640K), 0.0381243 secs] 1379916K->942948K(8344960K), 0.0383691 secs] [Times: user=0.14 sys=0.00, real=0.04 secs]
2018-10-28T07:00:04.968+0800: 143712.602: [GC (Allocation Failure) 2018-10-28T07:00:04.968+0800: 143712.602: [ParNew: 440078K->3801K(480640K), 0.0474300 secs] 1379940K->943681K(8344960K), 0.0477611 secs] [Times: user=0.18 sys=0.00, real=0.05 secs]
2018-10-28T07:11:56.597+0800: 144424.230: [GC (Allocation Failure) 2018-10-28T07:11:56.597+0800: 144424.230: [ParNew: 440793K->4567K(480640K), 0.0375373 secs] 1380673K->944458K(8344960K), 0.0378020 secs] [Times: user=0.13 sys=0.00, real=0.03 secs]
2018-10-28T07:28:31.802+0800: 145419.435: [GC (Allocation Failure) 2018-10-28T07:28:31.802+0800: 145419.435: [ParNew: 441559K->3120K(480640K), 0.0402370 secs] 1381450K->943021K(8344960K), 0.0404642 secs] [Times: user=0.11 sys=0.00, real=0.04 secs]
2018-10-28T07:45:37.295+0800: 146444.928: [GC (Allocation Failure) 2018-10-28T07:45:37.295+0800: 146444.929: [ParNew: 440112K->5741K(480640K), 0.0329093 secs] 1380013K->945652K(8344960K), 0.0332455 secs] [Times: user=0.12 sys=0.00, real=0.04 secs]
2018-10-28T08:00:07.675+0800: 147315.308: [GC (Allocation Failure) 2018-10-28T08:00:07.675+0800: 147315.308: [ParNew: 442733K->5979K(480640K), 0.0452928 secs] 1382644K->945897K(8344960K), 0.0455842 secs] [Times: user=0.17 sys=0.00, real=0.05 secs]
2018-10-28T08:13:53.749+0800: 148141.383: [GC (Allocation Failure) 2018-10-28T08:13:53.749+0800: 148141.383: [ParNew: 442971K->4036K(480640K), 0.0345542 secs] 1382889K->943963K(8344960K), 0.0348046 secs] [Times: user=0.13 sys=0.00, real=0.03 secs]
2018-10-28T08:30:15.217+0800: 149122.851: [GC (Allocation Failure) 2018-10-28T08:30:15.217+0800: 149122.851: [ParNew: 441028K->3047K(480640K), 0.0352353 secs] 1380955K->943003K(8344960K), 0.0355323 secs] [Times: user=0.13 sys=0.00, real=0.03 secs]
2018-10-28T08:46:38.466+0800: 150106.100: [GC (Allocation Failure) 2018-10-28T08:46:38.466+0800: 150106.100: [ParNew: 440039K->2949K(480640K), 0.0312596 secs] 1379995K->942915K(8344960K), 0.0315183 secs] [Times: user=0.12 sys=0.00, real=0.03 secs]
2018-10-28T09:00:08.177+0800: 150915.810: [GC (Allocation Failure) 2018-10-28T09:00:08.177+0800: 150915.810: [ParNew: 439941K->4406K(480640K), 0.0394213 secs] 1379907K->944382K(8344960K), 0.0396912 secs] [Times: user=0.13 sys=0.00, real=0.04 secs]
2018-10-28T09:15:29.426+0800: 151837.060: [GC (Allocation Failure) 2018-10-28T09:15:29.426+0800: 151837.060: [ParNew: 441398K->4421K(480640K), 0.0341716 secs] 1381374K->944406K(8344960K), 0.0344481 secs] [Times: user=0.13 sys=0.00, real=0.03 secs]
2018-10-28T09:27:15.212+0800: 152542.845: [GC (Allocation Failure) 2018-10-28T09:27:15.212+0800: 152542.845: [ParNew: 441413K->7951K(480640K), 0.0458678 secs] 1381398K->947948K(8344960K), 0.0461145 secs] [Times: user=0.14 sys=0.00, real=0.05 secs]
2018-10-28T09:41:14.226+0800: 153381.860: [GC (Allocation Failure) 2018-10-28T09:41:14.227+0800: 153381.860: [ParNew: 444943K->7928K(480640K), 0.0451696 secs] 1384940K->947934K(8344960K), 0.0454233 secs] [Times: user=0.14 sys=0.00, real=0.04 secs]
2018-10-28T09:55:13.627+0800: 154221.261: [GC (Allocation Failure) 2018-10-28T09:55:13.627+0800: 154221.261: [ParNew: 444920K->8448K(480640K), 0.0436640 secs] 1384926K->948465K(8344960K), 0.0439199 secs] [Times: user=0.13 sys=0.00, real=0.04 secs]
2018-10-28T10:04:57.034+0800: 154804.667: [GC (Allocation Failure) 2018-10-28T10:04:57.034+0800: 154804.667: [ParNew: 445440K->4759K(480640K), 0.0384532 secs] 1385457K->944785K(8344960K), 0.0387184 secs] [Times: user=0.13 sys=0.00, real=0.04 secs]
2018-10-28T10:21:06.277+0800: 155773.910: [GC (Allocation Failure) 2018-10-28T10:21:06.277+0800: 155773.910: [ParNew: 441751K->3155K(480640K), 0.0317535 secs] 1381777K->943193K(8344960K), 0.0320087 secs] [Times: user=0.12 sys=0.00, real=0.03 secs]
2018-10-28T10:35:08.845+0800: 156616.478: [GC (Allocation Failure) 2018-10-28T10:35:08.845+0800: 156616.478: [ParNew: 440147K->8196K(480640K), 0.0451419 secs] 1380185K->948242K(8344960K), 0.0454211 secs] [Times: user=0.14 sys=0.00, real=0.05 secs]
2018-10-28T10:51:17.861+0800: 157585.494: [GC (Allocation Failure) 2018-10-28T10:51:17.861+0800: 157585.494: [ParNew: 445188K->3168K(480640K), 0.0325497 secs] 1385234K->943226K(8344960K), 0.0328247 secs] [Times: user=0.12 sys=0.00, real=0.03 secs]
2018-10-28T11:00:58.992+0800: 158166.625: [GC (Allocation Failure) 2018-10-28T11:00:58.992+0800: 158166.626: [ParNew: 440160K->4690K(480640K), 0.0378439 secs] 1380218K->944758K(8344960K), 0.0381105 secs] [Times: user=0.13 sys=0.00, real=0.04 secs]
2018-10-28T11:17:29.134+0800: 159156.768: [GC (Allocation Failure) 2018-10-28T11:17:29.135+0800: 159156.768: [ParNew: 441682K->3099K(480640K), 0.0330529 secs] 1381750K->943178K(8344960K), 0.0333248 secs] [Times: user=0.12 sys=0.00, real=0.04 secs]
2018-10-28T11:35:33.430+0800: 160241.063: [GC (Allocation Failure) 2018-10-28T11:35:33.430+0800: 160241.063: [ParNew: 440091K->4895K(480640K), 0.0463042 secs] 1380170K->944983K(8344960K), 0.0465613 secs] [Times: user=0.13 sys=0.00, real=0.05 secs]
2018-10-28T11:52:00.660+0800: 161228.293: [GC (Allocation Failure) 2018-10-28T11:52:00.660+0800: 161228.293: [ParNew: 441887K->4668K(480640K), 0.0332651 secs] 1381975K->944765K(8344960K), 0.0335097 secs] [Times: user=0.13 sys=0.00, real=0.03 secs]
2018-10-28T12:01:52.367+0800: 161820.001: [GC (Allocation Failure) 2018-10-28T12:01:52.367+0800: 161820.001: [ParNew: 441660K->4644K(480640K), 0.0420714 secs] 1381757K->944752K(8344960K), 0.0423257 secs] [Times: user=0.13 sys=0.00, real=0.04 secs]
2018-10-28T12:18:18.270+0800: 162805.904: [GC (Allocation Failure) 2018-10-28T12:18:18.270+0800: 162805.904: [ParNew: 441636K->3005K(480640K), 0.0327643 secs] 1381744K->943122K(8344960K), 0.0330247 secs] [Times: user=0.12 sys=0.00, real=0.03 secs]
2018-10-28T12:35:33.446+0800: 163841.079: [GC (Allocation Failure) 2018-10-28T12:35:33.446+0800: 163841.079: [ParNew: 439997K->3610K(480640K), 0.0324962 secs] 1380114K->943736K(8344960K), 0.0327679 secs] [Times: user=0.13 sys=0.00, real=0.04 secs]
2018-10-28T12:52:57.556+0800: 164885.189: [GC (Allocation Failure) 2018-10-28T12:52:57.556+0800: 164885.189: [ParNew: 440602K->3497K(480640K), 0.0322842 secs] 1380728K->943636K(8344960K), 0.0325957 secs] [Times: user=0.11 sys=0.00, real=0.04 secs]
2018-10-28T13:03:00.001+0800: 165487.634: [GC (Allocation Failure) 2018-10-28T13:03:00.001+0800: 165487.635: [ParNew: 440489K->4574K(480640K), 0.0545324 secs] 1380628K->944720K(8344960K), 0.0548075 secs] [Times: user=0.12 sys=0.00, real=0.06 secs]
2018-10-28T13:19:31.345+0800: 166478.978: [GC (Allocation Failure) 2018-10-28T13:19:31.345+0800: 166478.978: [ParNew: 441566K->2805K(480640K), 0.0326572 secs] 1381712K->942959K(8344960K), 0.0329067 secs] [Times: user=0.12 sys=0.00, real=0.04 secs]
2018-10-28T13:33:32.412+0800: 167320.046: [GC (Allocation Failure) 2018-10-28T13:33:32.412+0800: 167320.046: [ParNew: 439797K->8090K(480640K), 0.0434959 secs] 1379951K->948253K(8344960K), 0.0437547 secs] [Times: user=0.14 sys=0.00, real=0.05 secs]
2018-10-28T13:49:56.824+0800: 168304.457: [GC (Allocation Failure) 2018-10-28T13:49:56.824+0800: 168304.457: [ParNew: 445082K->3054K(480640K), 0.0320945 secs] 1385245K->943239K(8344960K), 0.0323628 secs] [Times: user=0.12 sys=0.00, real=0.04 secs]
2018-10-28T14:00:13.491+0800: 168921.125: [GC (Allocation Failure) 2018-10-28T14:00:13.492+0800: 168921.125: [ParNew: 439046K->6228K(480640K), 0.0409984 secs] 1379231K->946422K(8344960K), 0.0412827 secs] [Times: user=0.14 sys=0.00, real=0.04 secs]
2018-10-28T14:16:24.951+0800: 169892.585: [GC (Allocation Failure) 2018-10-28T14:16:24.952+0800: 169892.585: [ParNew: 443220K->4263K(480640K), 0.0331595 secs] 1383414K->944469K(8344960K), 0.0334170 secs] [Times: user=0.13 sys=0.00, real=0.03 secs]
2018-10-28T14:35:13.826+0800: 171021.459: [GC (Allocation Failure) 2018-10-28T14:35:13.826+0800: 171021.459: [ParNew: 441255K->2990K(480640K), 0.0327998 secs] 1381461K->943209K(8344960K), 0.0330413 secs] [Times: user=0.12 sys=0.00, real=0.03 secs]
2018-10-28T14:51:35.527+0800: 172003.161: [GC (Allocation Failure) 2018-10-28T14:51:35.527+0800: 172003.161: [ParNew: 439982K->3224K(480640K), 0.0323430 secs] 1380201K->943453K(8344960K), 0.0326002 secs] [Times: user=0.13 sys=0.00, real=0.03 secs]
2018-10-28T15:01:35.766+0800: 172603.400: [GC (Allocation Failure) 2018-10-28T15:01:35.766+0800: 172603.400: [ParNew: 440216K->4961K(480640K), 0.0411015 secs] 1380445K->945203K(8344960K), 0.0413682 secs] [Times: user=0.14 sys=0.00, real=0.04 secs]
2018-10-28T15:18:06.182+0800: 173593.815: [GC (Allocation Failure) 2018-10-28T15:18:06.182+0800: 173593.815: [ParNew: 441953K->2540K(480640K), 0.0327589 secs] 1382195K->942813K(8344960K), 0.0330413 secs] [Times: user=0.12 sys=0.00, real=0.03 secs]
2018-10-28T15:32:15.457+0800: 174443.090: [GC (Allocation Failure) 2018-10-28T15:32:15.457+0800: 174443.090: [ParNew: 439532K->8070K(480640K), 0.0419592 secs] 1379805K->948361K(8344960K), 0.0421995 secs] [Times: user=0.12 sys=0.00, real=0.04 secs]
2018-10-28T15:48:35.452+0800: 175423.086: [GC (Allocation Failure) 2018-10-28T15:48:35.452+0800: 175423.086: [ParNew: 445062K->3316K(480640K), 0.0357072 secs] 1385353K->943618K(8344960K), 0.0360568 secs] [Times: user=0.12 sys=0.00, real=0.04 secs]
2018-10-28T16:00:16.537+0800: 176124.170: [GC (Allocation Failure) 2018-10-28T16:00:16.537+0800: 176124.170: [ParNew: 440308K->5172K(480640K), 0.0476706 secs] 1380610K->945486K(8344960K), 0.0479524 secs] [Times: user=0.15 sys=0.00, real=0.04 secs]
2018-10-28T16:15:37.301+0800: 177044.934: [GC (Allocation Failure) 2018-10-28T16:15:37.301+0800: 177044.935: [ParNew: 442164K->5502K(480640K), 0.0353011 secs] 1382478K->945827K(8344960K), 0.0355939 secs] [Times: user=0.13 sys=0.00, real=0.04 secs]
2018-10-28T16:32:04.773+0800: 178032.406: [GC (Allocation Failure) 2018-10-28T16:32:04.773+0800: 178032.406: [ParNew: 442493K->6127K(480640K), 0.0368425 secs] 1382818K->946466K(8344960K), 0.0371463 secs] [Times: user=0.13 sys=0.00, real=0.04 secs]
2018-10-28T16:43:01.026+0800: 178688.660: [GC (Allocation Failure) 2018-10-28T16:43:01.026+0800: 178688.660: [ParNew: 443119K->11883K(480640K), 0.0520538 secs] 1383458K->952229K(8344960K), 0.0523255 secs] [Times: user=0.15 sys=0.00, real=0.05 secs]
2018-10-28T16:59:28.701+0800: 179676.334: [GC (Allocation Failure) 2018-10-28T16:59:28.701+0800: 179676.334: [ParNew: 448875K->3166K(480640K), 0.0400525 secs] 1389221K->943522K(8344960K), 0.0403075 secs] [Times: user=0.15 sys=0.00, real=0.04 secs]
2018-10-28T17:07:11.453+0800: 180139.087: [GC (Allocation Failure) 2018-10-28T17:07:11.453+0800: 180139.087: [ParNew: 440158K->6806K(480640K), 0.0417594 secs] 1380514K->947174K(8344960K), 0.0420090 secs] [Times: user=0.13 sys=0.00, real=0.04 secs]
2018-10-28T17:23:19.452+0800: 181107.085: [GC (Allocation Failure) 2018-10-28T17:23:19.452+0800: 181107.085: [ParNew: 443798K->6273K(480640K), 0.0388119 secs] 1384166K->946651K(8344960K), 0.0390651 secs] [Times: user=0.12 sys=0.00, real=0.04 secs]
2018-10-28T17:39:52.839+0800: 182100.473: [GC (Allocation Failure) 2018-10-28T17:39:52.839+0800: 182100.473: [ParNew: 443265K->3120K(480640K), 0.0344243 secs] 1383643K->943508K(8344960K), 0.0346679 secs] [Times: user=0.13 sys=0.00, real=0.03 secs]
2018-10-28T17:56:19.698+0800: 183087.331: [GC (Allocation Failure) 2018-10-28T17:56:19.698+0800: 183087.331: [ParNew: 440112K->2983K(480640K), 0.0368653 secs] 1380500K->943381K(8344960K), 0.0371264 secs] [Times: user=0.14 sys=0.00, real=0.03 secs]
2018-10-28T18:06:24.167+0800: 183691.801: [GC (Allocation Failure) 2018-10-28T18:06:24.167+0800: 183691.801: [ParNew: 439975K->4537K(480640K), 0.0386783 secs] 1380373K->944949K(8344960K), 0.0389432 secs] [Times: user=0.13 sys=0.00, real=0.04 secs]
2018-10-28T18:25:05.001+0800: 184812.635: [GC (Allocation Failure) 2018-10-28T18:25:05.001+0800: 184812.635: [ParNew: 441529K->3052K(480640K), 0.0323650 secs] 1381941K->943474K(8344960K), 0.0326102 secs] [Times: user=0.12 sys=0.00, real=0.03 secs]
2018-10-28T18:41:35.641+0800: 185803.275: [GC (Allocation Failure) 2018-10-28T18:41:35.642+0800: 185803.275: [ParNew: 440044K->2962K(480640K), 0.0336304 secs] 1380466K->943394K(8344960K), 0.0338789 secs] [Times: user=0.12 sys=0.00, real=0.03 secs]
2018-10-28T18:57:59.797+0800: 186787.430: [GC (Allocation Failure) 2018-10-28T18:57:59.797+0800: 186787.430: [ParNew: 439954K->3384K(480640K), 0.0345338 secs] 1380386K->943827K(8344960K), 0.0348009 secs] [Times: user=0.13 sys=0.00, real=0.03 secs]
2018-10-28T19:07:54.822+0800: 187382.455: [GC (Allocation Failure) 2018-10-28T19:07:54.822+0800: 187382.456: [ParNew: 440376K->4079K(480640K), 0.0369554 secs] 1380819K->944538K(8344960K), 0.0372096 secs] [Times: user=0.12 sys=0.00, real=0.04 secs]
2018-10-28T19:25:33.439+0800: 188441.072: [GC (Allocation Failure) 2018-10-28T19:25:33.439+0800: 188441.073: [ParNew: 441071K->5229K(480640K), 0.0346660 secs] 1381530K->945701K(8344960K), 0.0349238 secs] [Times: user=0.13 sys=0.00, real=0.03 secs]
2018-10-28T19:43:05.618+0800: 189493.252: [GC (Allocation Failure) 2018-10-28T19:43:05.618+0800: 189493.252: [ParNew: 442221K->4743K(480640K), 0.0326933 secs] 1382693K->945240K(8344960K), 0.0329276 secs] [Times: user=0.12 sys=0.00, real=0.03 secs]
2018-10-28T19:59:41.222+0800: 190488.856: [GC (Allocation Failure) 2018-10-28T19:59:41.222+0800: 190488.856: [ParNew: 441735K->2902K(480640K), 0.0346891 secs] 1382232K->943412K(8344960K), 0.0349583 secs] [Times: user=0.13 sys=0.00, real=0.04 secs]
2018-10-28T20:09:43.165+0800: 191090.798: [GC (Allocation Failure) 2018-10-28T20:09:43.165+0800: 191090.798: [ParNew: 439894K->4289K(480640K), 0.0419904 secs] 1380404K->944814K(8344960K), 0.0422481 secs] [Times: user=0.15 sys=0.00, real=0.05 secs]
2018-10-28T20:26:04.212+0800: 192071.845: [GC (Allocation Failure) 2018-10-28T20:26:04.212+0800: 192071.845: [ParNew: 441281K->2937K(480640K), 0.0352556 secs] 1381806K->943473K(8344960K), 0.0355074 secs] [Times: user=0.13 sys=0.00, real=0.04 secs]
2018-10-28T20:44:49.123+0800: 193196.756: [GC (Allocation Failure) 2018-10-28T20:44:49.123+0800: 193196.756: [ParNew: 439929K->2986K(480640K), 0.0330774 secs] 1380465K->943532K(8344960K), 0.0333731 secs] [Times: user=0.13 sys=0.00, real=0.04 secs]
2018-10-28T21:00:02.099+0800: 194109.732: [GC (Allocation Failure) 2018-10-28T21:00:02.099+0800: 194109.732: [ParNew: 439978K->3610K(480640K), 0.0391502 secs] 1380524K->944174K(8344960K), 0.0394446 secs] [Times: user=0.15 sys=0.00, real=0.04 secs]
2018-10-28T21:11:24.956+0800: 194792.589: [GC (Allocation Failure) 2018-10-28T21:11:24.956+0800: 194792.589: [ParNew: 440602K->5072K(480640K), 0.0394237 secs] 1381166K->945652K(8344960K), 0.0396861 secs] [Times: user=0.14 sys=0.00, real=0.03 secs]
2018-10-28T21:27:54.957+0800: 195782.591: [GC (Allocation Failure) 2018-10-28T21:27:54.957+0800: 195782.591: [ParNew: 442064K->2807K(480640K), 0.0320548 secs] 1382644K->943396K(8344960K), 0.0322976 secs] [Times: user=0.12 sys=0.00, real=0.03 secs]
2018-10-28T21:45:33.445+0800: 196841.079: [GC (Allocation Failure) 2018-10-28T21:45:33.446+0800: 196841.079: [ParNew: 439799K->4400K(480640K), 0.0325235 secs] 1380388K->944998K(8344960K), 0.0327674 secs] [Times: user=0.12 sys=0.00, real=0.04 secs]
2018-10-28T22:00:04.344+0800: 197711.977: [GC (Allocation Failure) 2018-10-28T22:00:04.344+0800: 197711.977: [ParNew: 441392K->5470K(480640K), 0.0448842 secs] 1381990K->946079K(8344960K), 0.0451648 secs] [Times: user=0.16 sys=0.00, real=0.05 secs]
2018-10-28T22:13:19.662+0800: 198507.295: [GC (Allocation Failure) 2018-10-28T22:13:19.662+0800: 198507.295: [ParNew: 442462K->4156K(480640K), 0.0430294 secs] 1383071K->944776K(8344960K), 0.0433619 secs] [Times: user=0.15 sys=0.00, real=0.04 secs]
2018-10-28T22:29:44.551+0800: 199492.185: [GC (Allocation Failure) 2018-10-28T22:29:44.551+0800: 199492.185: [ParNew: 441148K->2893K(480640K), 0.0322620 secs] 1381768K->943524K(8344960K), 0.0325264 secs] [Times: user=0.12 sys=0.00, real=0.03 secs]
2018-10-28T22:46:14.175+0800: 200481.809: [GC (Allocation Failure) 2018-10-28T22:46:14.176+0800: 200481.809: [ParNew: 439885K->2882K(480640K), 0.0339218 secs] 1380516K->943523K(8344960K), 0.0342108 secs] [Times: user=0.12 sys=0.00, real=0.04 secs]
2018-10-28T23:00:08.109+0800: 201315.743: [GC (Allocation Failure) 2018-10-28T23:00:08.110+0800: 201315.743: [ParNew: 439874K->4720K(480640K), 0.0389604 secs] 1380515K->945368K(8344960K), 0.0392217 secs] [Times: user=0.14 sys=0.00, real=0.04 secs]
2018-10-28T23:14:59.639+0800: 202207.272: [GC (Allocation Failure) 2018-10-28T23:14:59.639+0800: 202207.272: [ParNew: 441712K->5089K(480640K), 0.0437344 secs] 1382360K->945748K(8344960K), 0.0440418 secs] [Times: user=0.15 sys=0.00, real=0.04 secs]
2018-10-28T23:31:24.957+0800: 203192.590: [GC (Allocation Failure) 2018-10-28T23:31:24.957+0800: 203192.590: [ParNew: 442081K->2658K(480640K), 0.0469828 secs] 1382740K->943327K(8344960K), 0.0472523 secs] [Times: user=0.17 sys=0.00, real=0.04 secs]
2018-10-28T23:47:49.282+0800: 204176.915: [GC (Allocation Failure) 2018-10-28T23:47:49.282+0800: 204176.915: [ParNew: 439650K->3194K(480640K), 0.0339790 secs] 1380319K->943873K(8344960K), 0.0342458 secs] [Times: user=0.13 sys=0.00, real=0.04 secs]
2018-10-29T00:00:08.179+0800: 204915.813: [GC (Allocation Failure) 2018-10-29T00:00:08.180+0800: 204915.813: [ParNew: 440186K->5673K(480640K), 0.0423747 secs] 1380865K->946373K(8344960K), 0.0426688 secs] [Times: user=0.14 sys=0.00, real=0.04 secs]
2018-10-29T00:15:33.434+0800: 205841.068: [GC (Allocation Failure) 2018-10-29T00:15:33.435+0800: 205841.068: [ParNew: 442665K->6011K(480640K), 0.0352648 secs] 1383365K->946721K(8344960K), 0.0355349 secs] [Times: user=0.13 sys=0.00, real=0.04 secs]
2018-10-29T00:32:52.800+0800: 206880.434: [GC (Allocation Failure) 2018-10-29T00:32:52.801+0800: 206880.434: [ParNew: 443003K->3754K(480640K), 0.0308104 secs] 1383713K->944475K(8344960K), 0.0310863 secs] [Times: user=0.11 sys=0.00, real=0.03 secs]
2018-10-29T00:49:29.147+0800: 207876.780: [GC (Allocation Failure) 2018-10-29T00:49:29.147+0800: 207876.780: [ParNew: 440746K->3152K(480640K), 0.0329589 secs] 1381467K->943884K(8344960K), 0.0332189 secs] [Times: user=0.12 sys=0.00, real=0.03 secs]
2018-10-29T01:00:10.392+0800: 208518.025: [GC (Allocation Failure) 2018-10-29T01:00:10.392+0800: 208518.025: [ParNew: 440144K->6223K(480640K), 0.0428828 secs] 1380876K->946962K(8344960K), 0.0431612 secs] [Times: user=0.15 sys=0.00, real=0.04 secs]
2018-10-29T01:15:46.815+0800: 209454.449: [GC (Allocation Failure) 2018-10-29T01:15:46.815+0800: 209454.449: [ParNew: 443215K->4104K(480640K), 0.0529654 secs] 1383954K->944853K(8344960K), 0.0532064 secs] [Times: user=0.13 sys=0.00, real=0.06 secs]
2018-10-29T01:34:36.197+0800: 210583.830: [GC (Allocation Failure) 2018-10-29T01:34:36.197+0800: 210583.831: [ParNew: 441096K->4332K(480640K), 0.0362064 secs] 1381845K->945093K(8344960K), 0.0365035 secs] [Times: user=0.14 sys=0.00, real=0.03 secs]
2018-10-29T01:51:02.747+0800: 211570.381: [GC (Allocation Failure) 2018-10-29T01:51:02.747+0800: 211570.381: [ParNew: 441324K->2818K(480640K), 0.0546238 secs] 1382085K->943587K(8344960K), 0.0548657 secs] [Times: user=0.15 sys=0.00, real=0.05 secs]
2018-10-29T02:01:04.891+0800: 212172.524: [GC (Allocation Failure) 2018-10-29T02:01:04.891+0800: 212172.524: [ParNew: 439810K->5286K(480640K), 0.0406406 secs] 1380579K->946067K(8344960K), 0.0409286 secs] [Times: user=0.14 sys=0.00, real=0.04 secs]
2018-10-29T02:17:37.552+0800: 213165.185: [GC (Allocation Failure) 2018-10-29T02:17:37.552+0800: 213165.185: [ParNew: 442278K->3497K(480640K), 0.0347282 secs] 1383059K->944288K(8344960K), 0.0350639 secs] [Times: user=0.12 sys=0.00, real=0.04 secs]
2018-10-29T02:35:33.435+0800: 214241.068: [GC (Allocation Failure) 2018-10-29T02:35:33.435+0800: 214241.068: [ParNew: 440489K->5023K(480640K), 0.0388200 secs] 1381280K->945826K(8344960K), 0.0390767 secs] [Times: user=0.14 sys=0.00, real=0.04 secs]
2018-10-29T02:52:46.502+0800: 215274.135: [GC (Allocation Failure) 2018-10-29T02:52:46.502+0800: 215274.136: [ParNew: 442015K->4636K(480640K), 0.0336675 secs] 1382818K->945447K(8344960K), 0.0339208 secs] [Times: user=0.13 sys=0.00, real=0.04 secs]
2018-10-29T03:02:50.009+0800: 215877.643: [GC (Allocation Failure) 2018-10-29T03:02:50.009+0800: 215877.643: [ParNew: 441628K->4762K(480640K), 0.0391296 secs] 1382439K->945587K(8344960K), 0.0393903 secs] [Times: user=0.13 sys=0.00, real=0.04 secs]
2018-10-29T03:19:16.638+0800: 216864.271: [GC (Allocation Failure) 2018-10-29T03:19:16.638+0800: 216864.271: [ParNew: 441754K->3286K(480640K), 0.0342031 secs] 1382579K->944121K(8344960K), 0.0344666 secs] [Times: user=0.12 sys=0.00, real=0.03 secs]
2018-10-29T03:35:49.288+0800: 217856.922: [GC (Allocation Failure) 2018-10-29T03:35:49.288+0800: 217856.922: [ParNew: 440278K->3856K(480640K), 0.0344481 secs] 1381113K->944701K(8344960K), 0.0347144 secs] [Times: user=0.13 sys=0.00, real=0.03 secs]
2018-10-29T03:54:30.288+0800: 218977.921: [GC (Allocation Failure) 2018-10-29T03:54:30.288+0800: 218977.921: [ParNew: 440848K->3936K(480640K), 0.0317439 secs] 1381693K->945090K(8344960K), 0.0319933 secs] [Times: user=0.12 sys=0.00, real=0.03 secs]
2018-10-29T04:04:30.134+0800: 219577.767: [GC (Allocation Failure) 2018-10-29T04:04:30.134+0800: 219577.767: [ParNew: 440928K->4410K(480640K), 0.0467135 secs] 1382082K->945587K(8344960K), 0.0469716 secs] [Times: user=0.13 sys=0.00, real=0.05 secs]
2018-10-29T04:20:54.949+0800: 220562.583: [GC (Allocation Failure) 2018-10-29T04:20:54.949+0800: 220562.583: [ParNew: 441402K->3238K(480640K), 0.0336563 secs] 1382579K->944425K(8344960K), 0.0339167 secs] [Times: user=0.13 sys=0.00, real=0.03 secs]
2018-10-29T04:37:27.531+0800: 221555.165: [GC (Allocation Failure) 2018-10-29T04:37:27.531+0800: 221555.165: [ParNew: 440230K->2927K(480640K), 0.0336970 secs] 1381417K->944124K(8344960K), 0.0339948 secs] [Times: user=0.13 sys=0.00, real=0.03 secs]
2018-10-29T04:55:33.438+0800: 222641.072: [GC (Allocation Failure) 2018-10-29T04:55:33.438+0800: 222641.072: [ParNew: 439919K->5595K(480640K), 0.0348404 secs] 1381116K->946799K(8344960K), 0.0351207 secs] [Times: user=0.13 sys=0.00, real=0.03 secs]
2018-10-29T05:05:33.433+0800: 223241.067: [GC (Allocation Failure) 2018-10-29T05:05:33.434+0800: 223241.067: [ParNew: 442587K->8395K(480640K), 0.0422766 secs] 1383791K->949609K(8344960K), 0.0425842 secs] [Times: user=0.15 sys=0.00, real=0.05 secs]
2018-10-29T05:22:33.280+0800: 224260.914: [GC (Allocation Failure) 2018-10-29T05:22:33.280+0800: 224260.914: [ParNew: 445387K->5494K(480640K), 0.0359512 secs] 1386601K->946720K(8344960K), 0.0362069 secs] [Times: user=0.13 sys=0.00, real=0.04 secs]
2018-10-29T05:38:59.529+0800: 225247.162: [GC (Allocation Failure) 2018-10-29T05:38:59.529+0800: 225247.162: [ParNew: 442486K->2865K(480640K), 0.0312730 secs] 1383712K->944101K(8344960K), 0.0315048 secs] [Times: user=0.11 sys=0.00, real=0.03 secs]
2018-10-29T05:55:37.304+0800: 226244.937: [GC (Allocation Failure) 2018-10-29T05:55:37.304+0800: 226244.937: [ParNew: 439857K->4672K(480640K), 0.0362713 secs] 1381093K->945914K(8344960K), 0.0365130 secs] [Times: user=0.14 sys=0.00, real=0.04 secs]
2018-10-29T06:05:37.301+0800: 226844.934: [GC (Allocation Failure) 2018-10-29T06:05:37.301+0800: 226844.935: [ParNew: 441664K->7515K(480640K), 0.0446534 secs] 1382906K->948768K(8344960K), 0.0449312 secs] [Times: user=0.15 sys=0.00, real=0.05 secs]
2018-10-29T06:24:00.660+0800: 227948.293: [GC (Allocation Failure) 2018-10-29T06:24:00.660+0800: 227948.293: [ParNew: 444507K->5044K(480640K), 0.0354870 secs] 1385760K->946308K(8344960K), 0.0357794 secs] [Times: user=0.13 sys=0.00, real=0.03 secs]
2018-10-29T06:40:25.311+0800: 228932.944: [GC (Allocation Failure) 2018-10-29T06:40:25.311+0800: 228932.944: [ParNew: 442036K->3040K(480640K), 0.0351692 secs] 1383300K->944315K(8344960K), 0.0354278 secs] [Times: user=0.13 sys=0.00, real=0.04 secs]
2018-10-29T06:56:52.399+0800: 229920.033: [GC (Allocation Failure) 2018-10-29T06:56:52.400+0800: 229920.033: [ParNew: 440032K->3195K(480640K), 0.0351235 secs] 1381307K->944479K(8344960K), 0.0353820 secs] [Times: user=0.13 sys=0.00, real=0.03 secs]
2018-10-29T07:06:49.189+0800: 230516.823: [GC (Allocation Failure) 2018-10-29T07:06:49.189+0800: 230516.823: [ParNew: 440187K->4282K(480640K), 0.0437178 secs] 1381471K->945577K(8344960K), 0.0439848 secs] [Times: user=0.15 sys=0.00, real=0.04 secs]
2018-10-29T07:25:28.278+0800: 231635.911: [GC (Allocation Failure) 2018-10-29T07:25:28.278+0800: 231635.911: [ParNew: 441274K->3218K(480640K), 0.0352330 secs] 1382569K->944523K(8344960K), 0.0354870 secs] [Times: user=0.12 sys=0.00, real=0.03 secs]
2018-10-29T07:41:58.223+0800: 232625.857: [GC (Allocation Failure) 2018-10-29T07:41:58.223+0800: 232625.857: [ParNew: 440210K->3339K(480640K), 0.0352644 secs] 1381515K->944656K(8344960K), 0.0355315 secs] [Times: user=0.13 sys=0.00, real=0.04 secs]
2018-10-29T07:58:30.549+0800: 233618.182: [GC (Allocation Failure) 2018-10-29T07:58:30.549+0800: 233618.183: [ParNew: 440331K->2764K(480640K), 0.0368377 secs] 1381648K->944092K(8344960K), 0.0371225 secs] [Times: user=0.14 sys=0.00, real=0.04 secs]
2018-10-29T08:08:27.820+0800: 234215.454: [GC (Allocation Failure) 2018-10-29T08:08:27.820+0800: 234215.454: [ParNew: 439756K->4700K(480640K), 0.0362981 secs] 1381084K->946038K(8344960K), 0.0365579 secs] [Times: user=0.12 sys=0.00, real=0.04 secs]
2018-10-29T08:25:37.294+0800: 235244.927: [GC (Allocation Failure) 2018-10-29T08:25:37.294+0800: 235244.927: [ParNew: 441692K->6128K(480640K), 0.0323562 secs] 1383030K->947476K(8344960K), 0.0326084 secs] [Times: user=0.12 sys=0.00, real=0.04 secs]
2018-10-29T08:43:39.957+0800: 236327.590: [GC (Allocation Failure) 2018-10-29T08:43:39.957+0800: 236327.590: [ParNew: 443120K->5188K(480640K), 0.0338983 secs] 1384468K->946549K(8344960K), 0.0341173 secs] [Times: user=0.12 sys=0.00, real=0.03 secs]
2018-10-29T09:00:00.417+0800: 237308.050: [GC (Allocation Failure) 2018-10-29T09:00:00.417+0800: 237308.050: [ParNew: 442180K->2795K(480640K), 0.0389913 secs] 1383541K->944162K(8344960K), 0.0392704 secs] [Times: user=0.15 sys=0.00, real=0.04 secs]
2018-10-29T09:10:02.710+0800: 237910.343: [GC (Allocation Failure) 2018-10-29T09:10:02.710+0800: 237910.343: [ParNew: 439787K->5089K(480640K), 0.0386110 secs] 1381154K->946466K(8344960K), 0.0388566 secs] [Times: user=0.13 sys=0.00, real=0.04 secs]
2018-10-29T09:26:29.212+0800: 238896.845: [GC (Allocation Failure) 2018-10-29T09:26:29.212+0800: 238896.845: [ParNew: 442081K->2887K(480640K), 0.0333414 secs] 1383458K->944273K(8344960K), 0.0336360 secs] [Times: user=0.12 sys=0.00, real=0.03 secs]
2018-10-29T09:45:13.980+0800: 240021.614: [GC (Allocation Failure) 2018-10-29T09:45:13.981+0800: 240021.614: [ParNew: 439879K->3147K(480640K), 0.0385559 secs] 1381265K->944543K(8344960K), 0.0388136 secs] [Times: user=0.15 sys=0.00, real=0.04 secs]
2018-10-29T09:56:56.809+0800: 240724.443: [GC (Allocation Failure) 2018-10-29T09:56:56.809+0800: 240724.443: [ParNew: 440139K->8541K(480640K), 0.0490161 secs] 1381535K->949946K(8344960K), 0.0492797 secs] [Times: user=0.15 sys=0.00, real=0.05 secs]
2018-10-29T10:05:10.065+0800: 241217.698: [GC (Allocation Failure) 2018-10-29T10:05:10.065+0800: 241217.699: [ParNew: 445533K->9412K(480640K), 0.0510773 secs] 1386938K->950830K(8344960K), 0.0513752 secs] [Times: user=0.15 sys=0.00, real=0.06 secs]
2018-10-29T10:20:27.652+0800: 242135.285: [GC (Allocation Failure) 2018-10-29T10:20:27.652+0800: 242135.285: [ParNew: 446404K->4445K(480640K), 0.0424035 secs] 1387822K->945873K(8344960K), 0.0427225 secs] [Times: user=0.12 sys=0.00, real=0.04 secs]
2018-10-29T10:36:50.635+0800: 243118.269: [GC (Allocation Failure) 2018-10-29T10:36:50.635+0800: 243118.269: [ParNew: 441437K->3175K(480640K), 0.0327737 secs] 1382865K->944613K(8344960K), 0.0330081 secs] [Times: user=0.12 sys=0.00, real=0.04 secs]
2018-10-29T10:54:28.873+0800: 244176.506: [GC (Allocation Failure) 2018-10-29T10:54:28.873+0800: 244176.506: [ParNew: 440167K->3579K(480640K), 0.0361116 secs] 1381605K->945041K(8344960K), 0.0363667 secs] [Times: user=0.13 sys=0.00, real=0.04 secs]
2018-10-29T11:04:08.985+0800: 244756.618: [GC (Allocation Failure) 2018-10-29T11:04:08.985+0800: 244756.618: [ParNew: 440571K->4889K(480640K), 0.0394143 secs] 1382033K->946363K(8344960K), 0.0396775 secs] [Times: user=0.14 sys=0.00, real=0.04 secs]
2018-10-29T11:20:15.780+0800: 245723.414: [GC (Allocation Failure) 2018-10-29T11:20:15.781+0800: 245723.414: [ParNew: 441876K->3351K(480640K), 0.0386553 secs] 1383350K->944835K(8344960K), 0.0389482 secs] [Times: user=0.12 sys=0.00, real=0.04 secs]
2018-10-29T11:36:42.164+0800: 246709.798: [GC (Allocation Failure) 2018-10-29T11:36:42.165+0800: 246709.798: [ParNew: 440343K->3340K(480640K), 0.0339324 secs] 1381827K->944834K(8344960K), 0.0341789 secs] [Times: user=0.12 sys=0.00, real=0.04 secs]
2018-10-29T11:55:09.956+0800: 247817.589: [GC (Allocation Failure) 2018-10-29T11:55:09.956+0800: 247817.589: [ParNew: 440332K->3344K(480640K), 0.0326188 secs] 1381826K->944848K(8344960K), 0.0328752 secs] [Times: user=0.11 sys=0.00, real=0.03 secs]
2018-10-29T12:04:54.731+0800: 248402.364: [GC (Allocation Failure) 2018-10-29T12:04:54.731+0800: 248402.365: [ParNew: 440336K->4923K(480640K), 0.0403618 secs] 1381840K->946438K(8344960K), 0.0406237 secs] [Times: user=0.14 sys=0.00, real=0.04 secs]
2018-10-29T12:21:03.699+0800: 249371.332: [GC (Allocation Failure) 2018-10-29T12:21:03.699+0800: 249371.332: [ParNew: 441915K->3389K(480640K), 0.0338399 secs] 1383430K->944914K(8344960K), 0.0341140 secs] [Times: user=0.12 sys=0.00, real=0.03 secs]
2018-10-29T12:37:34.840+0800: 250362.474: [GC (Allocation Failure) 2018-10-29T12:37:34.840+0800: 250362.474: [ParNew: 440381K->3275K(480640K), 0.0345536 secs] 1381906K->944810K(8344960K), 0.0347979 secs] [Times: user=0.13 sys=0.00, real=0.03 secs]
2018-10-29T12:51:15.769+0800: 251183.403: [GC (Allocation Failure) 2018-10-29T12:51:15.770+0800: 251183.403: [ParNew: 440267K->8490K(480640K), 0.0483693 secs] 1381802K->950030K(8344960K), 0.0486369 secs] [Times: user=0.14 sys=0.00, real=0.05 secs]
2018-10-29T13:01:17.912+0800: 251785.545: [GC (Allocation Failure) 2018-10-29T13:01:17.912+0800: 251785.545: [ParNew: 445482K->4972K(480640K), 0.0413359 secs] 1387022K->946522K(8344960K), 0.0415947 secs] [Times: user=0.14 sys=0.00, real=0.04 secs]
2018-10-29T13:17:44.369+0800: 252772.003: [GC (Allocation Failure) 2018-10-29T13:17:44.369+0800: 252772.003: [ParNew: 441964K->3329K(480640K), 0.0338170 secs] 1383514K->944891K(8344960K), 0.0340645 secs] [Times: user=0.13 sys=0.00, real=0.03 secs]
2018-10-29T13:35:33.443+0800: 253841.076: [GC (Allocation Failure) 2018-10-29T13:35:33.443+0800: 253841.076: [ParNew: 440321K->4915K(480640K), 0.0371294 secs] 1381883K->946494K(8344960K), 0.0373810 secs] [Times: user=0.14 sys=0.00, real=0.04 secs]
2018-10-29T13:52:56.296+0800: 254883.930: [GC (Allocation Failure) 2018-10-29T13:52:56.297+0800: 254883.930: [ParNew: 441907K->4320K(480640K), 0.0376342 secs] 1383486K->945909K(8344960K), 0.0378895 secs] [Times: user=0.14 sys=0.00, real=0.03 secs]
2018-10-29T14:02:55.466+0800: 255483.100: [GC (Allocation Failure) 2018-10-29T14:02:55.467+0800: 255483.100: [ParNew: 441312K->4562K(480640K), 0.0423617 secs] 1382901K->946163K(8344960K), 0.0426432 secs] [Times: user=0.15 sys=0.00, real=0.04 secs]
2018-10-29T14:19:22.701+0800: 256470.335: [GC (Allocation Failure) 2018-10-29T14:19:22.702+0800: 256470.335: [ParNew: 441554K->3100K(480640K), 0.0360951 secs] 1383155K->944720K(8344960K), 0.0363499 secs] [Times: user=0.13 sys=0.00, real=0.04 secs]
2018-10-29T14:35:46.797+0800: 257454.431: [GC (Allocation Failure) 2018-10-29T14:35:46.798+0800: 257454.431: [ParNew: 440092K->3620K(480640K), 0.0434657 secs] 1381712K->945382K(8344960K), 0.0437071 secs] [Times: user=0.12 sys=0.00, real=0.04 secs]
2018-10-29T14:54:36.102+0800: 258583.735: [GC (Allocation Failure) 2018-10-29T14:54:36.102+0800: 258583.735: [ParNew: 440612K->3581K(480640K), 0.0354143 secs] 1382374K->945353K(8344960K), 0.0356866 secs] [Times: user=0.13 sys=0.00, real=0.04 secs]
2018-10-29T15:04:35.651+0800: 259183.285: [GC (Allocation Failure) 2018-10-29T15:04:35.652+0800: 259183.285: [ParNew: 440573K->4309K(480640K), 0.0379456 secs] 1382345K->946092K(8344960K), 0.0381940 secs] [Times: user=0.13 sys=0.00, real=0.04 secs]
2018-10-29T15:20:54.958+0800: 260162.592: [GC (Allocation Failure) 2018-10-29T15:20:54.958+0800: 260162.592: [ParNew: 441301K->3220K(480640K), 0.0328942 secs] 1383084K->945013K(8344960K), 0.0331539 secs] [Times: user=0.12 sys=0.00, real=0.03 secs]
2018-10-29T15:37:27.436+0800: 261155.070: [GC (Allocation Failure) 2018-10-29T15:37:27.437+0800: 261155.070: [ParNew: 440212K->3429K(480640K), 0.0408320 secs] 1382005K->945237K(8344960K), 0.0410797 secs] [Times: user=0.13 sys=0.00, real=0.04 secs]
2018-10-29T15:55:33.430+0800: 262241.063: [GC (Allocation Failure) 2018-10-29T15:55:33.430+0800: 262241.063: [ParNew: 440421K->5026K(480640K), 0.0328668 secs] 1382229K->946844K(8344960K), 0.0331076 secs] [Times: user=0.12 sys=0.00, real=0.03 secs]
2018-10-29T16:05:33.429+0800: 262841.062: [GC (Allocation Failure) 2018-10-29T16:05:33.429+0800: 262841.062: [ParNew: 442018K->8985K(480640K), 0.0421650 secs] 1383836K->950814K(8344960K), 0.0424366 secs] [Times: user=0.15 sys=0.00, real=0.04 secs]
2018-10-29T16:22:32.402+0800: 263860.035: [GC (Allocation Failure) 2018-10-29T16:22:32.402+0800: 263860.035: [ParNew: 445977K->5658K(480640K), 0.0341603 secs] 1387806K->947498K(8344960K), 0.0344101 secs] [Times: user=0.13 sys=0.00, real=0.04 secs]
2018-10-29T16:38:56.700+0800: 264844.333: [GC (Allocation Failure) 2018-10-29T16:38:56.700+0800: 264844.333: [ParNew: 442650K->2930K(480640K), 0.0329664 secs] 1384490K->944790K(8344960K), 0.0332203 secs] [Times: user=0.13 sys=0.00, real=0.03 secs]
2018-10-29T16:55:37.301+0800: 265844.934: [GC (Allocation Failure) 2018-10-29T16:55:37.301+0800: 265844.935: [ParNew: 439922K->5555K(480640K), 0.0319600 secs] 1381782K->947424K(8344960K), 0.0322114 secs] [Times: user=0.12 sys=0.00, real=0.03 secs]
2018-10-29T17:05:37.303+0800: 266444.937: [GC (Allocation Failure) 2018-10-29T17:05:37.303+0800: 266444.937: [ParNew: 442547K->8517K(480640K), 0.0475594 secs] 1384416K->950397K(8344960K), 0.0478422 secs] [Times: user=0.14 sys=0.00, real=0.05 secs]
2018-10-29T17:23:58.221+0800: 267545.854: [GC (Allocation Failure) 2018-10-29T17:23:58.221+0800: 267545.854: [ParNew: 445509K->3684K(480640K), 0.0350462 secs] 1387389K->945574K(8344960K), 0.0353501 secs] [Times: user=0.12 sys=0.00, real=0.04 secs]
2018-10-29T17:40:22.252+0800: 268529.885: [GC (Allocation Failure) 2018-10-29T17:40:22.252+0800: 268529.885: [ParNew: 440676K->2742K(480640K), 0.0335315 secs] 1382566K->944643K(8344960K), 0.0338426 secs] [Times: user=0.13 sys=0.00, real=0.03 secs]
2018-10-29T17:56:48.576+0800: 269516.209: [GC (Allocation Failure) 2018-10-29T17:56:48.576+0800: 269516.209: [ParNew: 439734K->3191K(480640K), 0.0334208 secs] 1381635K->945114K(8344960K), 0.0336911 secs] [Times: user=0.13 sys=0.00, real=0.04 secs]
2018-10-29T18:06:45.217+0800: 270112.851: [GC (Allocation Failure) 2018-10-29T18:06:45.217+0800: 270112.851: [ParNew: 440183K->4922K(480640K), 0.0462445 secs] 1382106K->946856K(8344960K), 0.0465799 secs] [Times: user=0.15 sys=0.00, real=0.04 secs]
2018-10-29T18:25:26.642+0800: 271234.275: [GC (Allocation Failure) 2018-10-29T18:25:26.642+0800: 271234.275: [ParNew: 441914K->3053K(480640K), 0.0324133 secs] 1383848K->944997K(8344960K), 0.0327258 secs] [Times: user=0.12 sys=0.00, real=0.03 secs]
2018-10-29T18:41:56.263+0800: 272223.896: [GC (Allocation Failure) 2018-10-29T18:41:56.263+0800: 272223.896: [ParNew: 440045K->3442K(480640K), 0.0332703 secs] 1381989K->945399K(8344960K), 0.0335347 secs] [Times: user=0.12 sys=0.00, real=0.04 secs]
2018-10-29T18:58:28.744+0800: 273216.377: [GC (Allocation Failure) 2018-10-29T18:58:28.744+0800: 273216.378: [ParNew: 440434K->2506K(480640K), 0.0324116 secs] 1382391K->944473K(8344960K), 0.0326679 secs] [Times: user=0.12 sys=0.00, real=0.04 secs]
2018-10-29T19:08:29.195+0800: 273816.828: [GC (Allocation Failure) 2018-10-29T19:08:29.195+0800: 273816.829: [ParNew: 439498K->4685K(480640K), 0.0385952 secs] 1381465K->946664K(8344960K), 0.0388530 secs] [Times: user=0.13 sys=0.00, real=0.04 secs]
2018-10-29T19:25:37.298+0800: 274844.932: [GC (Allocation Failure) 2018-10-29T19:25:37.299+0800: 274844.932: [ParNew: 441677K->5592K(480640K), 0.0326197 secs] 1383656K->947581K(8344960K), 0.0328702 secs] [Times: user=0.12 sys=0.00, real=0.03 secs]
2018-10-29T19:38:54.212+0800: 275641.845: [GC (Allocation Failure) 2018-10-29T19:38:54.212+0800: 275641.845: [ParNew: 442584K->10177K(480640K), 0.0586668 secs] 1384573K->952177K(8344960K), 0.0589638 secs] [Times: user=0.15 sys=0.00, real=0.06 secs]
2018-10-29T19:50:08.569+0800: 276316.203: [GC (Allocation Failure) 2018-10-29T19:50:08.569+0800: 276316.203: [ParNew: 447169K->11387K(480640K), 0.0522928 secs] 1389169K->953397K(8344960K), 0.0525415 secs] [Times: user=0.14 sys=0.00, real=0.05 secs]
2018-10-29T20:00:03.800+0800: 276911.433: [GC (Allocation Failure) 2018-10-29T20:00:03.800+0800: 276911.433: [ParNew: 448379K->11294K(480640K), 0.0616577 secs] 1390389K->953313K(8344960K), 0.0619490 secs] [Times: user=0.18 sys=0.00, real=0.06 secs]
2018-10-29T20:12:12.420+0800: 277640.054: [GC (Allocation Failure) 2018-10-29T20:12:12.420+0800: 277640.054: [ParNew: 448286K->5129K(480640K), 0.0364347 secs] 1390305K->947158K(8344960K), 0.0367061 secs] [Times: user=0.13 sys=0.00, real=0.04 secs]
2018-10-29T20:28:40.654+0800: 278628.287: [GC (Allocation Failure) 2018-10-29T20:28:40.654+0800: 278628.287: [ParNew: 442121K->2849K(480640K), 0.0361729 secs] 1384150K->944888K(8344960K), 0.0364346 secs] [Times: user=0.13 sys=0.00, real=0.04 secs]
2018-10-29T20:45:37.311+0800: 279644.945: [GC (Allocation Failure) 2018-10-29T20:45:37.311+0800: 279644.945: [ParNew: 439841K->4876K(480640K), 0.0343017 secs] 1381880K->946924K(8344960K), 0.0345714 secs] [Times: user=0.12 sys=0.00, real=0.04 secs]
2018-10-29T20:56:10.736+0800: 280278.370: [GC (Allocation Failure) 2018-10-29T20:56:10.736+0800: 280278.370: [ParNew: 441867K->12433K(480640K), 0.0517313 secs] 1383916K->954493K(8344960K), 0.0519731 secs] [Times: user=0.14 sys=0.00, real=0.05 secs]
2018-10-29T21:05:33.436+0800: 280841.069: [GC (Allocation Failure) 2018-10-29T21:05:33.436+0800: 280841.069: [ParNew: 449425K->8689K(480640K), 0.0414727 secs] 1391485K->950759K(8344960K), 0.0418267 secs] [Times: user=0.12 sys=0.00, real=0.04 secs]
2018-10-29T21:18:13.863+0800: 281601.496: [GC (Allocation Failure) 2018-10-29T21:18:13.863+0800: 281601.496: [ParNew: 445681K->9733K(480640K), 0.0412186 secs] 1387751K->951813K(8344960K), 0.0414879 secs] [Times: user=0.13 sys=0.00, real=0.04 secs]
2018-10-29T21:27:02.564+0800: 282130.197: [GC (Allocation Failure) 2018-10-29T21:27:02.564+0800: 282130.197: [ParNew: 446725K->14138K(480640K), 0.0711612 secs] 1388805K->956228K(8344960K), 0.0714676 secs] [Times: user=0.18 sys=0.00, real=0.07 secs]
2018-10-29T21:39:07.023+0800: 282854.657: [GC (Allocation Failure) 2018-10-29T21:39:07.023+0800: 282854.657: [ParNew: 451130K->11398K(480640K), 0.0481623 secs] 1393220K->953501K(8344960K), 0.0484339 secs] [Times: user=0.14 sys=0.00, real=0.05 secs]
2018-10-29T21:50:07.738+0800: 283515.372: [GC (Allocation Failure) 2018-10-29T21:50:07.738+0800: 283515.372: [ParNew: 448390K->11411K(480640K), 0.0518257 secs] 1390493K->953525K(8344960K), 0.0520663 secs] [Times: user=0.14 sys=0.00, real=0.05 secs]
2018-10-29T22:00:00.874+0800: 284108.508: [GC (Allocation Failure) 2018-10-29T22:00:00.874+0800: 284108.508: [ParNew: 448403K->12897K(480640K), 0.1039035 secs] 1390517K->955021K(8344960K), 0.1041604 secs] [Times: user=0.25 sys=0.00, real=0.11 secs]
2018-10-29T22:10:19.607+0800: 284727.240: [GC (Allocation Failure) 2018-10-29T22:10:19.607+0800: 284727.240: [ParNew: 449889K->4871K(480640K), 0.0368885 secs] 1392013K->947000K(8344960K), 0.0371440 secs] [Times: user=0.13 sys=0.00, real=0.03 secs]
2018-10-29T22:24:19.167+0800: 285566.801: [GC (Allocation Failure) 2018-10-29T22:24:19.168+0800: 285566.801: [ParNew: 441863K->8341K(480640K), 0.0433740 secs] 1383992K->950481K(8344960K), 0.0436679 secs] [Times: user=0.13 sys=0.00, real=0.06 secs]
2018-10-29T22:40:48.995+0800: 286556.628: [GC (Allocation Failure) 2018-10-29T22:40:48.995+0800: 286556.628: [ParNew: 445333K->3105K(480640K), 0.0344060 secs] 1387473K->945258K(8344960K), 0.0346779 secs] [Times: user=0.13 sys=0.00, real=0.04 secs]
2018-10-29T22:57:15.864+0800: 287543.497: [GC (Allocation Failure) 2018-10-29T22:57:15.864+0800: 287543.497: [ParNew: 440097K->2999K(480640K), 0.0304841 secs] 1382250K->945159K(8344960K), 0.0307423 secs] [Times: user=0.11 sys=0.00, real=0.03 secs]
2018-10-29T23:07:08.611+0800: 288136.244: [GC (Allocation Failure) 2018-10-29T23:07:08.611+0800: 288136.244: [ParNew: 439991K->4545K(480640K), 0.0385628 secs] 1382151K->946716K(8344960K), 0.0388484 secs] [Times: user=0.13 sys=0.00, real=0.04 secs]
2018-10-29T23:25:33.421+0800: 289241.055: [GC (Allocation Failure) 2018-10-29T23:25:33.421+0800: 289241.055: [ParNew: 441537K->4842K(480640K), 0.0330265 secs] 1383708K->947025K(8344960K), 0.0332991 secs] [Times: user=0.12 sys=0.00, real=0.03 secs]
2018-10-29T23:37:41.152+0800: 289968.785: [GC (Allocation Failure) 2018-10-29T23:37:41.152+0800: 289968.786: [ParNew: 441834K->9321K(480640K), 0.0441459 secs] 1384017K->951514K(8344960K), 0.0444097 secs] [Times: user=0.13 sys=0.00, real=0.05 secs]
2018-10-29T23:55:33.435+0800: 291041.069: [GC (Allocation Failure) 2018-10-29T23:55:33.435+0800: 291041.069: [ParNew: 446313K->4710K(480640K), 0.0328861 secs] 1388506K->946913K(8344960K), 0.0331346 secs] [Times: user=0.13 sys=0.00, real=0.04 secs]
2018-10-30T00:05:33.436+0800: 291641.069: [GC (Allocation Failure) 2018-10-30T00:05:33.436+0800: 291641.069: [ParNew: 441702K->8109K(480640K), 0.0405373 secs] 1383905K->950318K(8344960K), 0.0407982 secs] [Times: user=0.14 sys=0.00, real=0.05 secs]
2018-10-30T00:22:55.883+0800: 292683.517: [GC (Allocation Failure) 2018-10-30T00:22:55.883+0800: 292683.517: [ParNew: 445101K->5290K(480640K), 0.0325828 secs] 1387310K->947523K(8344960K), 0.0328420 secs] [Times: user=0.12 sys=0.00, real=0.04 secs]
2018-10-30T00:38:06.699+0800: 293594.333: [GC (Allocation Failure) 2018-10-30T00:38:06.699+0800: 293594.333: [ParNew: 442282K->4204K(480640K), 0.0361597 secs] 1384515K->946449K(8344960K), 0.0364186 secs] [Times: user=0.13 sys=0.00, real=0.03 secs]
2018-10-30T00:53:22.442+0800: 294510.075: [GC (Allocation Failure) 2018-10-30T00:53:22.442+0800: 294510.075: [ParNew: 441196K->7415K(480640K), 0.0421341 secs] 1383441K->949667K(8344960K), 0.0424119 secs] [Times: user=0.13 sys=0.00, real=0.04 secs]
2018-10-30T01:03:27.562+0800: 295115.196: [GC (Allocation Failure) 2018-10-30T01:03:27.563+0800: 295115.196: [ParNew: 444394K->5076K(480640K), 0.0377839 secs] 1386646K->947336K(8344960K), 0.0380809 secs] [Times: user=0.13 sys=0.00, real=0.04 secs]
2018-10-30T01:19:56.213+0800: 296103.847: [GC (Allocation Failure) 2018-10-30T01:19:56.214+0800: 296103.847: [ParNew: 442068K->3436K(480640K), 0.0310898 secs] 1384328K->945703K(8344960K), 0.0313478 secs] [Times: user=0.12 sys=0.00, real=0.03 secs]
2018-10-30T01:36:22.502+0800: 297090.135: [GC (Allocation Failure) 2018-10-30T01:36:22.502+0800: 297090.135: [ParNew: 440428K->3885K(480640K), 0.0344520 secs] 1382695K->946157K(8344960K), 0.0347398 secs] [Times: user=0.12 sys=0.00, real=0.04 secs]
2018-10-30T01:55:03.916+0800: 298211.549: [GC (Allocation Failure) 2018-10-30T01:55:03.916+0800: 298211.549: [ParNew: 440877K->2811K(480640K), 0.0335037 secs] 1383149K->945090K(8344960K), 0.0337733 secs] [Times: user=0.12 sys=0.00, real=0.04 secs]
2018-10-30T02:05:13.122+0800: 298820.755: [GC (Allocation Failure) 2018-10-30T02:05:13.122+0800: 298820.755: [ParNew: 439803K->5233K(480640K), 0.0419242 secs] 1382082K->947521K(8344960K), 0.0422414 secs] [Times: user=0.13 sys=0.00, real=0.04 secs]
2018-10-30T02:21:36.442+0800: 299804.075: [GC (Allocation Failure) 2018-10-30T02:21:36.442+0800: 299804.076: [ParNew: 442225K->3293K(480640K), 0.0395704 secs] 1384513K->945591K(8344960K), 0.0398556 secs] [Times: user=0.14 sys=0.00, real=0.04 secs]
2018-10-30T02:38:03.112+0800: 300790.746: [GC (Allocation Failure) 2018-10-30T02:38:03.112+0800: 300790.746: [ParNew: 440285K->3332K(480640K), 0.0337327 secs] 1382583K->945641K(8344960K), 0.0339699 secs] [Times: user=0.13 sys=0.00, real=0.04 secs]
2018-10-30T02:55:37.284+0800: 301844.917: [GC (Allocation Failure) 2018-10-30T02:55:37.284+0800: 301844.917: [ParNew: 440324K->4899K(480640K), 0.0382401 secs] 1382633K->947218K(8344960K), 0.0385067 secs] [Times: user=0.15 sys=0.00, real=0.04 secs]
2018-10-30T03:05:37.289+0800: 302444.922: [GC (Allocation Failure) 2018-10-30T03:05:37.289+0800: 302444.922: [ParNew: 441891K->7597K(480640K), 0.0489780 secs] 1384210K->949927K(8344960K), 0.0492500 secs] [Times: user=0.16 sys=0.00, real=0.05 secs]
2018-10-30T03:23:31.221+0800: 303518.855: [GC (Allocation Failure) 2018-10-30T03:23:31.221+0800: 303518.855: [ParNew: 444589K->5410K(480640K), 0.0332584 secs] 1386919K->947751K(8344960K), 0.0335231 secs] [Times: user=0.12 sys=0.00, real=0.03 secs]
2018-10-30T03:39:54.956+0800: 304502.589: [GC (Allocation Failure) 2018-10-30T03:39:54.956+0800: 304502.589: [ParNew: 442402K->3411K(480640K), 0.0374411 secs] 1384743K->945763K(8344960K), 0.0376983 secs] [Times: user=0.14 sys=0.00, real=0.03 secs]
2018-10-30T03:56:20.945+0800: 305488.578: [GC (Allocation Failure) 2018-10-30T03:56:20.945+0800: 305488.578: [ParNew: 440403K->3285K(480640K), 0.0378521 secs] 1382755K->945937K(8344960K), 0.0381067 secs] [Times: user=0.13 sys=0.00, real=0.04 secs]
2018-10-30T04:06:18.429+0800: 306086.062: [GC (Allocation Failure) 2018-10-30T04:06:18.429+0800: 306086.062: [ParNew: 440277K->4187K(480640K), 0.0403810 secs] 1382929K->946860K(8344960K), 0.0406552 secs] [Times: user=0.14 sys=0.00, real=0.04 secs]
2018-10-30T04:24:57.321+0800: 307204.955: [GC (Allocation Failure) 2018-10-30T04:24:57.322+0800: 307204.955: [ParNew: 441179K->3254K(480640K), 0.0379756 secs] 1383852K->945950K(8344960K), 0.0382985 secs] [Times: user=0.14 sys=0.00, real=0.04 secs]
2018-10-30T04:41:24.956+0800: 308192.589: [GC (Allocation Failure) 2018-10-30T04:41:24.956+0800: 308192.589: [ParNew: 440246K->3345K(480640K), 0.0335674 secs] 1382942K->946058K(8344960K), 0.0338391 secs] [Times: user=0.12 sys=0.00, real=0.03 secs]
2018-10-30T04:57:50.771+0800: 309178.404: [GC (Allocation Failure) 2018-10-30T04:57:50.771+0800: 309178.404: [ParNew: 440337K->2771K(480640K), 0.0341591 secs] 1383050K->945490K(8344960K), 0.0344127 secs] [Times: user=0.12 sys=0.00, real=0.03 secs]
2018-10-30T05:07:51.178+0800: 309778.812: [GC (Allocation Failure) 2018-10-30T05:07:51.178+0800: 309778.812: [ParNew: 439763K->4669K(480640K), 0.0386042 secs] 1382482K->947398K(8344960K), 0.0388573 secs] [Times: user=0.13 sys=0.00, real=0.04 secs]
2018-10-30T05:25:33.438+0800: 310841.071: [GC (Allocation Failure) 2018-10-30T05:25:33.438+0800: 310841.071: [ParNew: 441661K->5527K(480640K), 0.0321933 secs] 1384390K->948267K(8344960K), 0.0324878 secs] [Times: user=0.12 sys=0.00, real=0.03 secs]
2018-10-30T05:42:56.252+0800: 311883.885: [GC (Allocation Failure) 2018-10-30T05:42:56.252+0800: 311883.886: [ParNew: 442519K->4383K(480640K), 0.0330611 secs] 1385259K->947135K(8344960K), 0.0333344 secs] [Times: user=0.13 sys=0.00, real=0.03 secs]
2018-10-30T05:59:20.122+0800: 312867.755: [GC (Allocation Failure) 2018-10-30T05:59:20.122+0800: 312867.755: [ParNew: 441375K->2858K(480640K), 0.0322550 secs] 1384127K->945620K(8344960K), 0.0325179 secs] [Times: user=0.12 sys=0.00, real=0.03 secs]
2018-10-30T06:09:20.933+0800: 313468.567: [GC (Allocation Failure) 2018-10-30T06:09:20.933+0800: 313468.567: [ParNew: 439850K->4396K(480640K), 0.0397544 secs] 1382612K->947167K(8344960K), 0.0400114 secs] [Times: user=0.13 sys=0.00, real=0.04 secs]
2018-10-30T06:25:49.856+0800: 314457.489: [GC (Allocation Failure) 2018-10-30T06:25:49.856+0800: 314457.490: [ParNew: 441388K->3462K(480640K), 0.0327743 secs] 1384159K->946243K(8344960K), 0.0330384 secs] [Times: user=0.12 sys=0.00, real=0.03 secs]
2018-10-30T06:44:28.803+0800: 315576.437: [GC (Allocation Failure) 2018-10-30T06:44:28.804+0800: 315576.437: [ParNew: 440454K->3543K(480640K), 0.0334066 secs] 1383235K->946335K(8344960K), 0.0336531 secs] [Times: user=0.12 sys=0.00, real=0.04 secs]
2018-10-30T07:00:01.872+0800: 316509.505: [GC (Allocation Failure) 2018-10-30T07:00:01.872+0800: 316509.506: [ParNew: 440535K->3187K(480640K), 0.0616905 secs] 1383327K->945989K(8344960K), 0.0619989 secs] [Times: user=0.17 sys=0.00, real=0.06 secs]
2018-10-30T07:11:09.184+0800: 317176.817: [GC (Allocation Failure) 2018-10-30T07:11:09.184+0800: 317176.817: [ParNew: 440179K->4442K(480640K), 0.0378054 secs] 1382981K->947256K(8344960K), 0.0381899 secs] [Times: user=0.13 sys=0.00, real=0.05 secs]
2018-10-30T07:27:45.217+0800: 318172.851: [GC (Allocation Failure) 2018-10-30T07:27:45.218+0800: 318172.851: [ParNew: 441434K->3047K(480640K), 0.0369473 secs] 1384248K->945871K(8344960K), 0.0371930 secs] [Times: user=0.12 sys=0.00, real=0.03 secs]
2018-10-30T07:45:33.434+0800: 319241.068: [GC (Allocation Failure) 2018-10-30T07:45:33.434+0800: 319241.068: [ParNew: 440039K->4750K(480640K), 0.0329873 secs] 1382863K->947583K(8344960K), 0.0332621 secs] [Times: user=0.13 sys=0.00, real=0.04 secs]
2018-10-30T08:00:04.581+0800: 320112.214: [GC (Allocation Failure) 2018-10-30T08:00:04.581+0800: 320112.214: [ParNew: 441742K->5635K(480640K), 0.0384212 secs] 1384575K->948511K(8344960K), 0.0386758 secs] [Times: user=0.13 sys=0.00, real=0.04 secs]
2018-10-30T08:12:49.195+0800: 320876.828: [GC (Allocation Failure) 2018-10-30T08:12:49.195+0800: 320876.828: [ParNew: 442627K->4309K(480640K), 0.0343591 secs] 1385503K->947197K(8344960K), 0.0346224 secs] [Times: user=0.12 sys=0.00, real=0.04 secs]
2018-10-30T08:29:20.455+0800: 321868.088: [GC (Allocation Failure) 2018-10-30T08:29:20.455+0800: 321868.088: [ParNew: 441301K->3372K(480640K), 0.0325175 secs] 1384189K->946270K(8344960K), 0.0327814 secs] [Times: user=0.12 sys=0.00, real=0.04 secs]
2018-10-30T08:45:37.316+0800: 322844.950: [GC (Allocation Failure) 2018-10-30T08:45:37.316+0800: 322844.950: [ParNew: 440364K->4939K(480640K), 0.0469011 secs] 1383262K->947848K(8344960K), 0.0471900 secs] [Times: user=0.15 sys=0.00, real=0.04 secs]
2018-10-30T09:00:06.883+0800: 323714.517: [GC (Allocation Failure) 2018-10-30T09:00:06.884+0800: 323714.517: [ParNew: 441931K->5051K(480640K), 0.0428077 secs] 1384840K->947969K(8344960K), 0.0430981 secs] [Times: user=0.15 sys=0.00, real=0.05 secs]
2018-10-30T09:14:06.520+0800: 324554.154: [GC (Allocation Failure) 2018-10-30T09:14:06.521+0800: 324554.154: [ParNew: 442043K->4112K(480640K), 0.0355055 secs] 1384961K->947043K(8344960K), 0.0357547 secs] [Times: user=0.12 sys=0.00, real=0.04 secs]
2018-10-30T09:30:35.747+0800: 325543.381: [GC (Allocation Failure) 2018-10-30T09:30:35.747+0800: 325543.381: [ParNew: 441104K->3361K(480640K), 0.0356767 secs] 1384035K->946304K(8344960K), 0.0359753 secs] [Times: user=0.13 sys=0.00, real=0.03 secs]
2018-10-30T09:47:10.947+0800: 326538.581: [GC (Allocation Failure) 2018-10-30T09:47:10.947+0800: 326538.581: [ParNew: 440353K->2754K(480640K), 0.0392510 secs] 1383296K->945706K(8344960K), 0.0394872 secs] [Times: user=0.15 sys=0.00, real=0.04 secs]
2018-10-30T10:00:09.630+0800: 327317.264: [GC (Allocation Failure) 2018-10-30T10:00:09.631+0800: 327317.264: [ParNew: 439746K->4877K(480640K), 0.0438316 secs] 1382698K->947840K(8344960K), 0.0441438 secs] [Times: user=0.16 sys=0.00, real=0.04 secs]
2018-10-30T10:15:29.408+0800: 328237.042: [GC (Allocation Failure) 2018-10-30T10:15:29.409+0800: 328237.042: [ParNew: 441869K->4519K(480640K), 0.0367403 secs] 1384832K->947493K(8344960K), 0.0369942 secs] [Times: user=0.13 sys=0.00, real=0.03 secs]
2018-10-30T10:31:44.778+0800: 329212.411: [GC (Allocation Failure) 2018-10-30T10:31:44.778+0800: 329212.411: [ParNew: 441511K->2912K(480640K), 0.0345821 secs] 1384485K->945896K(8344960K), 0.0348506 secs] [Times: user=0.12 sys=0.00, real=0.03 secs]
2018-10-30T10:47:54.959+0800: 330182.593: [GC (Allocation Failure) 2018-10-30T10:47:54.959+0800: 330182.593: [ParNew: 439904K->3211K(480640K), 0.0317021 secs] 1382888K->946206K(8344960K), 0.0319373 secs] [Times: user=0.12 sys=0.00, real=0.03 secs]
2018-10-30T11:00:09.397+0800: 330917.030: [GC (Allocation Failure) 2018-10-30T11:00:09.397+0800: 330917.031: [ParNew: 440203K->5331K(480640K), 0.0427402 secs] 1383198K->948337K(8344960K), 0.0430435 secs] [Times: user=0.15 sys=0.00, real=0.04 secs]
2018-10-30T11:15:33.434+0800: 331841.067: [GC (Allocation Failure) 2018-10-30T11:15:33.434+0800: 331841.068: [ParNew: 442323K->5557K(480640K), 0.0341772 secs] 1385329K->948573K(8344960K), 0.0344598 secs] [Times: user=0.13 sys=0.00, real=0.04 secs]
2018-10-30T11:32:27.880+0800: 332855.514: [GC (Allocation Failure) 2018-10-30T11:32:27.880+0800: 332855.514: [ParNew: 442549K->4524K(480640K), 0.0319552 secs] 1385565K->947552K(8344960K), 0.0321911 secs] [Times: user=0.12 sys=0.00, real=0.03 secs]
2018-10-30T11:48:40.872+0800: 333828.506: [GC (Allocation Failure) 2018-10-30T11:48:40.873+0800: 333828.506: [ParNew: 441516K->3347K(480640K), 0.0323835 secs] 1384544K->946383K(8344960K), 0.0326412 secs] [Times: user=0.12 sys=0.00, real=0.03 secs]
2018-10-30T12:00:11.764+0800: 334519.397: [GC (Allocation Failure) 2018-10-30T12:00:11.764+0800: 334519.398: [ParNew: 440339K->4790K(480640K), 0.0381902 secs] 1383375K->947845K(8344960K), 0.0384406 secs] [Times: user=0.13 sys=0.00, real=0.04 secs]
2018-10-30T12:15:37.289+0800: 335444.922: [GC (Allocation Failure) 2018-10-30T12:15:37.289+0800: 335444.922: [ParNew: 441782K->5660K(480640K), 0.0330135 secs] 1384837K->948725K(8344960K), 0.0332714 secs] [Times: user=0.13 sys=0.00, real=0.03 secs]
2018-10-30T12:33:15.766+0800: 336503.400: [GC (Allocation Failure) 2018-10-30T12:33:15.767+0800: 336503.400: [ParNew: 442652K->4774K(480640K), 0.0338408 secs] 1385717K->947849K(8344960K), 0.0341264 secs] [Times: user=0.12 sys=0.00, real=0.03 secs]
2018-10-30T12:49:31.861+0800: 337479.494: [GC (Allocation Failure) 2018-10-30T12:49:31.861+0800: 337479.494: [ParNew: 441766K->3055K(480640K), 0.0446249 secs] 1384841K->946151K(8344960K), 0.0448837 secs] [Times: user=0.14 sys=0.00, real=0.04 secs]
2018-10-30T13:00:10.657+0800: 338118.290: [GC (Allocation Failure) 2018-10-30T13:00:10.657+0800: 338118.290: [ParNew: 440047K->5214K(480640K), 0.0462873 secs] 1383143K->948320K(8344960K), 0.0465755 secs] [Times: user=0.16 sys=0.00, real=0.04 secs]
2018-10-30T13:15:55.941+0800: 339063.575: [GC (Allocation Failure) 2018-10-30T13:15:55.941+0800: 339063.575: [ParNew: 442206K->4125K(480640K), 0.0323618 secs] 1385312K->947241K(8344960K), 0.0326164 secs] [Times: user=0.12 sys=0.00, real=0.03 secs]
2018-10-30T13:34:28.648+0800: 340176.281: [GC (Allocation Failure) 2018-10-30T13:34:28.648+0800: 340176.281: [ParNew: 441117K->2880K(480640K), 0.0330123 secs] 1384233K->946005K(8344960K), 0.0332621 secs] [Times: user=0.12 sys=0.00, real=0.03 secs]
2018-10-30T13:50:50.650+0800: 341158.283: [GC (Allocation Failure) 2018-10-30T13:50:50.650+0800: 341158.283: [ParNew: 439872K->3221K(480640K), 0.0359683 secs] 1382997K->946354K(8344960K), 0.0362823 secs] [Times: user=0.14 sys=0.00, real=0.04 secs]
2018-10-30T14:00:52.394+0800: 341760.027: [GC (Allocation Failure) 2018-10-30T14:00:52.394+0800: 341760.028: [ParNew: 440213K->4931K(480640K), 0.0390160 secs] 1383346K->948074K(8344960K), 0.0392952 secs] [Times: user=0.13 sys=0.00, real=0.04 secs]
2018-10-30T14:17:24.558+0800: 342752.192: [GC (Allocation Failure) 2018-10-30T14:17:24.559+0800: 342752.192: [ParNew: 441923K->3062K(480640K), 0.0313190 secs] 1385066K->946215K(8344960K), 0.0315516 secs] [Times: user=0.12 sys=0.00, real=0.03 secs]
2018-10-30T14:35:33.431+0800: 343841.065: [GC (Allocation Failure) 2018-10-30T14:35:33.431+0800: 343841.065: [ParNew: 440054K->4322K(480640K), 0.0321479 secs] 1383207K->947485K(8344960K), 0.0324004 secs] [Times: user=0.12 sys=0.00, real=0.03 secs]
2018-10-30T14:52:34.718+0800: 344862.351: [GC (Allocation Failure) 2018-10-30T14:52:34.718+0800: 344862.351: [ParNew: 441314K->3962K(480640K), 0.0319233 secs] 1384477K->947145K(8344960K), 0.0321797 secs] [Times: user=0.12 sys=0.00, real=0.03 secs]
2018-10-30T15:02:43.970+0800: 345471.603: [GC (Allocation Failure) 2018-10-30T15:02:43.970+0800: 345471.603: [ParNew: 440954K->4301K(480640K), 0.0385909 secs] 1384137K->947504K(8344960K), 0.0388296 secs] [Times: user=0.14 sys=0.00, real=0.04 secs]
2018-10-30T15:19:14.998+0800: 346462.631: [GC (Allocation Failure) 2018-10-30T15:19:14.998+0800: 346462.632: [ParNew: 441293K->2830K(480640K), 0.0367914 secs] 1384496K->946044K(8344960K), 0.0370372 secs] [Times: user=0.13 sys=0.00, real=0.03 secs]
2018-10-30T15:35:45.228+0800: 347452.861: [GC (Allocation Failure) 2018-10-30T15:35:45.228+0800: 347452.861: [ParNew: 439822K->3296K(480640K), 0.0373985 secs] 1383036K->946520K(8344960K), 0.0376757 secs] [Times: user=0.13 sys=0.00, real=0.03 secs]
2018-10-30T15:54:35.766+0800: 348583.400: [GC (Allocation Failure) 2018-10-30T15:54:35.766+0800: 348583.400: [ParNew: 440288K->3458K(480640K), 0.0330293 secs] 1383512K->946689K(8344960K), 0.0332886 secs] [Times: user=0.12 sys=0.00, real=0.03 secs]
2018-10-30T16:04:36.535+0800: 349184.169: [GC (Allocation Failure) 2018-10-30T16:04:36.535+0800: 349184.169: [ParNew: 440450K->4224K(480640K), 0.0446189 secs] 1383681K->947469K(8344960K), 0.0449204 secs] [Times: user=0.14 sys=0.00, real=0.05 secs]
2018-10-30T16:21:03.039+0800: 350170.672: [GC (Allocation Failure) 2018-10-30T16:21:03.039+0800: 350170.672: [ParNew: 441216K->2763K(480640K), 0.0386650 secs] 1384461K->946019K(8344960K), 0.0389309 secs] [Times: user=0.14 sys=0.00, real=0.04 secs]
2018-10-30T16:37:35.667+0800: 351163.300: [GC (Allocation Failure) 2018-10-30T16:37:35.667+0800: 351163.300: [ParNew: 439755K->2891K(480640K), 0.0327568 secs] 1383011K->946162K(8344960K), 0.0330226 secs] [Times: user=0.12 sys=0.00, real=0.03 secs]
2018-10-30T16:55:33.433+0800: 352241.067: [GC (Allocation Failure) 2018-10-30T16:55:33.433+0800: 352241.067: [ParNew: 439883K->4720K(480640K), 0.0336912 secs] 1383154K->947998K(8344960K), 0.0339668 secs] [Times: user=0.13 sys=0.00, real=0.04 secs]
2018-10-30T17:05:33.436+0800: 352841.070: [GC (Allocation Failure) 2018-10-30T17:05:33.437+0800: 352841.070: [ParNew: 441712K->8206K(480640K), 0.0458324 secs] 1384990K->951494K(8344960K), 0.0462266 secs] [Times: user=0.16 sys=0.00, real=0.04 secs]
2018-10-30T17:21:26.460+0800: 353794.093: [GC (Allocation Failure) 2018-10-30T17:21:26.460+0800: 353794.093: [ParNew: 445198K->3937K(480640K), 0.0331177 secs] 1388486K->947236K(8344960K), 0.0333775 secs] [Times: user=0.12 sys=0.00, real=0.03 secs]
2018-10-30T17:36:54.958+0800: 354722.591: [GC (Allocation Failure) 2018-10-30T17:36:54.958+0800: 354722.592: [ParNew: 440929K->3374K(480640K), 0.0319521 secs] 1384228K->946684K(8344960K), 0.0322221 secs] [Times: user=0.12 sys=0.00, real=0.03 secs]
2018-10-30T17:54:35.767+0800: 355783.400: [GC (Allocation Failure) 2018-10-30T17:54:35.767+0800: 355783.400: [ParNew: 440366K->3358K(480640K), 0.0421827 secs] 1383676K->946674K(8344960K), 0.0425250 secs] [Times: user=0.12 sys=0.00, real=0.04 secs]
2018-10-30T18:04:04.857+0800: 356352.490: [GC (Allocation Failure) 2018-10-30T18:04:04.857+0800: 356352.490: [ParNew: 440350K->4918K(480640K), 0.0392039 secs] 1383666K->948244K(8344960K), 0.0394817 secs] [Times: user=0.12 sys=0.00, real=0.04 secs]
2018-10-30T18:19:38.257+0800: 357285.891: [GC (Allocation Failure) 2018-10-30T18:19:38.258+0800: 357285.891: [ParNew: 441910K->3426K(480640K), 0.0308155 secs] 1385236K->946764K(8344960K), 0.0310900 secs] [Times: user=0.11 sys=0.00, real=0.03 secs]
2018-10-30T18:35:37.300+0800: 358244.933: [GC (Allocation Failure) 2018-10-30T18:35:37.300+0800: 358244.933: [ParNew: 440418K->4928K(480640K), 0.0333662 secs] 1383756K->948276K(8344960K), 0.0336368 secs] [Times: user=0.12 sys=0.00, real=0.03 secs]
2018-10-30T18:52:37.863+0800: 359265.496: [GC (Allocation Failure) 2018-10-30T18:52:37.863+0800: 359265.497: [ParNew: 441920K->4576K(480640K), 0.0395031 secs] 1385268K->947938K(8344960K), 0.0397945 secs] [Times: user=0.14 sys=0.00, real=0.04 secs]
2018-10-30T19:02:04.031+0800: 359831.664: [GC (Allocation Failure) 2018-10-30T19:02:04.031+0800: 359831.664: [ParNew: 441568K->4713K(480640K), 0.0377623 secs] 1384930K->948085K(8344960K), 0.0380165 secs] [Times: user=0.13 sys=0.00, real=0.04 secs]
2018-10-30T19:17:39.874+0800: 360767.508: [GC (Allocation Failure) 2018-10-30T19:17:39.875+0800: 360767.508: [ParNew: 441705K->3261K(480640K), 0.0411021 secs] 1385077K->946643K(8344960K), 0.0414110 secs] [Times: user=0.15 sys=0.00, real=0.05 secs]
2018-10-30T19:35:15.217+0800: 361822.851: [GC (Allocation Failure) 2018-10-30T19:35:15.217+0800: 361822.851: [ParNew: 440253K->3347K(480640K), 0.0352630 secs] 1383635K->946741K(8344960K), 0.0355414 secs] [Times: user=0.13 sys=0.00, real=0.03 secs]
2018-10-30T19:50:40.982+0800: 362748.615: [GC (Allocation Failure) 2018-10-30T19:50:40.982+0800: 362748.615: [ParNew: 440339K->3330K(480640K), 0.0361631 secs] 1383733K->946733K(8344960K), 0.0364564 secs] [Times: user=0.14 sys=0.00, real=0.04 secs]
2018-10-30T20:00:15.192+0800: 363322.825: [GC (Allocation Failure) 2018-10-30T20:00:15.192+0800: 363322.826: [ParNew: 440322K->4954K(480640K), 0.0570127 secs] 1383725K->948368K(8344960K), 0.0573033 secs] [Times: user=0.16 sys=0.00, real=0.06 secs]
2018-10-30T20:13:23.687+0800: 364111.321: [GC (Allocation Failure) 2018-10-30T20:13:23.688+0800: 364111.321: [ParNew: 441946K->8794K(480640K), 0.0571527 secs] 1385360K->952218K(8344960K), 0.0574542 secs] [Times: user=0.18 sys=0.00, real=0.05 secs]
2018-10-30T20:28:50.199+0800: 365037.833: [GC (Allocation Failure) 2018-10-30T20:28:50.199+0800: 365037.833: [ParNew: 445786K->3502K(480640K), 0.0432591 secs] 1389210K->946937K(8344960K), 0.0435345 secs] [Times: user=0.13 sys=0.00, real=0.04 secs]
2018-10-30T20:45:33.436+0800: 366041.069: [GC (Allocation Failure) 2018-10-30T20:45:33.436+0800: 366041.070: [ParNew: 440494K->5461K(480640K), 0.0340808 secs] 1383929K->948915K(8344960K), 0.0343444 secs] [Times: user=0.13 sys=0.00, real=0.03 secs]
2018-10-30T21:00:03.617+0800: 366911.250: [GC (Allocation Failure) 2018-10-30T21:00:03.617+0800: 366911.251: [ParNew: 442453K->5218K(480640K), 0.0445995 secs] 1385907K->948948K(8344960K), 0.0449028 secs] [Times: user=0.16 sys=0.00, real=0.04 secs]
2018-10-30T21:11:18.840+0800: 367586.473: [GC (Allocation Failure) 2018-10-30T21:11:18.840+0800: 367586.473: [ParNew: 442210K->4582K(480640K), 0.0458902 secs] 1385940K->948322K(8344960K), 0.0461712 secs] [Times: user=0.14 sys=0.00, real=0.04 secs]
2018-10-30T21:26:49.452+0800: 368517.086: [GC (Allocation Failure) 2018-10-30T21:26:49.452+0800: 368517.086: [ParNew: 441574K->2510K(480640K), 0.0337151 secs] 1385314K->946264K(8344960K), 0.0339964 secs] [Times: user=0.13 sys=0.00, real=0.04 secs]
2018-10-30T21:43:06.503+0800: 369494.136: [GC (Allocation Failure) 2018-10-30T21:43:06.503+0800: 369494.137: [ParNew: 439502K->4481K(480640K), 0.0354966 secs] 1383256K->948253K(8344960K), 0.0357671 secs] [Times: user=0.13 sys=0.00, real=0.04 secs]
2018-10-30T21:55:37.303+0800: 370244.936: [GC (Allocation Failure) 2018-10-30T21:55:37.303+0800: 370244.936: [ParNew: 441473K->8867K(480640K), 0.0415689 secs] 1385245K->952651K(8344960K), 0.0418305 secs] [Times: user=0.13 sys=0.00, real=0.04 secs]
2018-10-30T22:05:37.293+0800: 370844.926: [GC (Allocation Failure) 2018-10-30T22:05:37.293+0800: 370844.926: [ParNew: 445859K->9327K(480640K), 0.0400671 secs] 1389643K->953125K(8344960K), 0.0403581 secs] [Times: user=0.13 sys=0.00, real=0.04 secs]
2018-10-30T22:22:34.213+0800: 371861.847: [GC (Allocation Failure) 2018-10-30T22:22:34.213+0800: 371861.847: [ParNew: 446319K->5749K(480640K), 0.0404293 secs] 1390117K->949558K(8344960K), 0.0406716 secs] [Times: user=0.16 sys=0.00, real=0.04 secs]
2018-10-30T22:38:06.212+0800: 372793.846: [GC (Allocation Failure) 2018-10-30T22:38:06.212+0800: 372793.846: [ParNew: 442741K->2962K(480640K), 0.0331509 secs] 1386550K->946801K(8344960K), 0.0334299 secs] [Times: user=0.12 sys=0.00, real=0.04 secs]
2018-10-30T22:55:33.420+0800: 373841.054: [GC (Allocation Failure) 2018-10-30T22:55:33.420+0800: 373841.054: [ParNew: 439954K->4587K(480640K), 0.0338332 secs] 1383793K->948436K(8344960K), 0.0341174 secs] [Times: user=0.13 sys=0.00, real=0.03 secs]
2018-10-30T23:05:13.766+0800: 374421.400: [GC (Allocation Failure) 2018-10-30T23:05:13.766+0800: 374421.400: [ParNew: 441579K->5715K(480640K), 0.0433600 secs] 1385428K->949576K(8344960K), 0.0436557 secs] [Times: user=0.15 sys=0.00, real=0.04 secs]
2018-10-30T23:17:11.769+0800: 375139.403: [GC (Allocation Failure) 2018-10-30T23:17:11.769+0800: 375139.403: [ParNew: 442707K->6905K(480640K), 0.0403267 secs] 1386568K->950776K(8344960K), 0.0405712 secs] [Times: user=0.13 sys=0.00, real=0.04 secs]
2018-10-30T23:33:52.821+0800: 376140.455: [GC (Allocation Failure) 2018-10-30T23:33:52.822+0800: 376140.455: [ParNew: 443897K->4091K(480640K), 0.0426612 secs] 1387768K->947973K(8344960K), 0.0429310 secs] [Times: user=0.15 sys=0.00, real=0.04 secs]
2018-10-30T23:49:21.127+0800: 377068.760: [GC (Allocation Failure) 2018-10-30T23:49:21.127+0800: 377068.760: [ParNew: 441083K->2947K(480640K), 0.0326173 secs] 1384965K->946843K(8344960K), 0.0329030 secs] [Times: user=0.12 sys=0.00, real=0.03 secs]
2018-10-31T00:00:10.179+0800: 377717.812: [GC (Allocation Failure) 2018-10-31T00:00:10.179+0800: 377717.812: [ParNew: 439939K->5436K(480640K), 0.0484471 secs] 1383835K->949343K(8344960K), 0.0487248 secs] [Times: user=0.17 sys=0.00, real=0.05 secs]
2018-10-31T00:15:37.283+0800: 378644.917: [GC (Allocation Failure) 2018-10-31T00:15:37.284+0800: 378644.917: [ParNew: 442428K->5598K(480640K), 0.0334279 secs] 1386335K->949516K(8344960K), 0.0336743 secs] [Times: user=0.11 sys=0.00, real=0.04 secs]
2018-10-31T00:32:18.987+0800: 379646.621: [GC (Allocation Failure) 2018-10-31T00:32:18.988+0800: 379646.621: [ParNew: 442590K->4666K(480640K), 0.0330149 secs] 1386508K->948595K(8344960K), 0.0332783 secs] [Times: user=0.12 sys=0.00, real=0.03 secs]
2018-10-31T00:47:52.107+0800: 380579.741: [GC (Allocation Failure) 2018-10-31T00:47:52.107+0800: 380579.741: [ParNew: 441658K->2748K(480640K), 0.0334449 secs] 1385587K->946688K(8344960K), 0.0337052 secs] [Times: user=0.13 sys=0.00, real=0.03 secs]
2018-10-31T01:00:08.856+0800: 381316.490: [GC (Allocation Failure) 2018-10-31T01:00:08.856+0800: 381316.490: [ParNew: 439715K->5072K(480640K), 0.0440508 secs] 1383655K->949024K(8344960K), 0.0443294 secs] [Times: user=0.15 sys=0.00, real=0.04 secs]
2018-10-31T01:15:19.650+0800: 382227.283: [GC (Allocation Failure) 2018-10-31T01:15:19.650+0800: 382227.283: [ParNew: 442064K->4134K(480640K), 0.0325546 secs] 1386016K->948097K(8344960K), 0.0328437 secs] [Times: user=0.12 sys=0.00, real=0.03 secs]
2018-10-31T01:30:59.653+0800: 383167.286: [GC (Allocation Failure) 2018-10-31T01:30:59.653+0800: 383167.286: [ParNew: 441126K->3704K(480640K), 0.0315999 secs] 1385089K->947679K(8344960K), 0.0318856 secs] [Times: user=0.12 sys=0.00, real=0.03 secs]
2018-10-31T01:46:28.326+0800: 384095.959: [GC (Allocation Failure) 2018-10-31T01:46:28.326+0800: 384095.959: [ParNew: 440696K->3504K(480640K), 0.0397310 secs] 1384671K->947498K(8344960K), 0.0400016 secs] [Times: user=0.15 sys=0.00, real=0.04 secs]
2018-10-31T02:00:06.144+0800: 384913.777: [GC (Allocation Failure) 2018-10-31T02:00:06.144+0800: 384913.778: [ParNew: 440496K->5334K(480640K), 0.0403662 secs] 1384490K->949341K(8344960K), 0.0406463 secs] [Times: user=0.15 sys=0.00, real=0.04 secs]
2018-10-31T02:14:04.531+0800: 385752.164: [GC (Allocation Failure) 2018-10-31T02:14:04.531+0800: 385752.164: [ParNew: 442326K->5055K(480640K), 0.0377544 secs] 1386333K->949073K(8344960K), 0.0380590 secs] [Times: user=0.14 sys=0.00, real=0.04 secs]
2018-10-31T02:29:39.312+0800: 386686.946: [GC (Allocation Failure) 2018-10-31T02:29:39.313+0800: 386686.946: [ParNew: 442047K->2867K(480640K), 0.0335091 secs] 1386065K->946897K(8344960K), 0.0337520 secs] [Times: user=0.13 sys=0.00, real=0.04 secs]
2018-10-31T02:45:37.297+0800: 387644.931: [GC (Allocation Failure) 2018-10-31T02:45:37.298+0800: 387644.931: [ParNew: 439859K->4680K(480640K), 0.0341518 secs] 1383889K->948720K(8344960K), 0.0344052 secs] [Times: user=0.12 sys=0.00, real=0.03 secs]
2018-10-31T03:00:05.095+0800: 388512.729: [GC (Allocation Failure) 2018-10-31T03:00:05.095+0800: 388512.729: [ParNew: 441672K->5921K(480640K), 0.0408788 secs] 1385712K->949974K(8344960K), 0.0411370 secs] [Times: user=0.13 sys=0.00, real=0.05 secs]
2018-10-31T03:12:38.695+0800: 389266.328: [GC (Allocation Failure) 2018-10-31T03:12:38.695+0800: 389266.328: [ParNew: 442913K->4179K(480640K), 0.0376140 secs] 1386966K->948246K(8344960K), 0.0378987 secs] [Times: user=0.13 sys=0.00, real=0.04 secs]
2018-10-31T03:28:06.695+0800: 390194.329: [GC (Allocation Failure) 2018-10-31T03:28:06.695+0800: 390194.329: [ParNew: 441171K->3400K(480640K), 0.0344544 secs] 1385238K->947479K(8344960K), 0.0347545 secs] [Times: user=0.13 sys=0.00, real=0.04 secs]
2018-10-31T03:45:33.421+0800: 391241.055: [GC (Allocation Failure) 2018-10-31T03:45:33.422+0800: 391241.055: [ParNew: 440392K->5009K(480640K), 0.0342498 secs] 1384471K->949386K(8344960K), 0.0345217 secs] [Times: user=0.13 sys=0.00, real=0.04 secs]
2018-10-31T04:00:03.041+0800: 392110.674: [GC (Allocation Failure) 2018-10-31T04:00:03.041+0800: 392110.674: [ParNew: 442001K->4583K(480640K), 0.0501264 secs] 1386378K->948985K(8344960K), 0.0505475 secs] [Times: user=0.18 sys=0.00, real=0.05 secs]
2018-10-31T04:11:17.903+0800: 392785.537: [GC (Allocation Failure) 2018-10-31T04:11:17.903+0800: 392785.537: [ParNew: 441575K->4366K(480640K), 0.0379937 secs] 1385977K->948779K(8344960K), 0.0382633 secs] [Times: user=0.13 sys=0.00, real=0.04 secs]
2018-10-31T04:26:50.781+0800: 393718.415: [GC (Allocation Failure) 2018-10-31T04:26:50.781+0800: 393718.415: [ParNew: 441358K->2996K(480640K), 0.0388750 secs] 1385771K->947420K(8344960K), 0.0391258 secs] [Times: user=0.11 sys=0.00, real=0.04 secs]
2018-10-31T04:44:29.503+0800: 394777.136: [GC (Allocation Failure) 2018-10-31T04:44:29.503+0800: 394777.136: [ParNew: 439988K->3006K(480640K), 0.0362163 secs] 1384412K->947452K(8344960K), 0.0365010 secs] [Times: user=0.13 sys=0.00, real=0.04 secs]
2018-10-31T04:59:58.752+0800: 395706.385: [GC (Allocation Failure) 2018-10-31T04:59:58.752+0800: 395706.385: [ParNew: 439998K->2962K(480640K), 0.0337373 secs] 1384444K->947427K(8344960K), 0.0340179 secs] [Times: user=0.12 sys=0.00, real=0.03 secs]
2018-10-31T05:09:57.169+0800: 396304.803: [GC (Allocation Failure) 2018-10-31T05:09:57.169+0800: 396304.803: [ParNew: 439954K->4903K(480640K), 0.0384207 secs] 1384419K->949379K(8344960K), 0.0386862 secs] [Times: user=0.14 sys=0.00, real=0.04 secs]
2018-10-31T05:25:37.303+0800: 397244.936: [GC (Allocation Failure) 2018-10-31T05:25:37.303+0800: 397244.936: [ParNew: 441895K->5702K(480640K), 0.0319796 secs] 1386371K->950201K(8344960K), 0.0322570 secs] [Times: user=0.12 sys=0.00, real=0.03 secs]
2018-10-31T05:43:03.261+0800: 398290.895: [GC (Allocation Failure) 2018-10-31T05:43:03.262+0800: 398290.895: [ParNew: 442694K->4443K(480640K), 0.0376987 secs] 1387193K->948952K(8344960K), 0.0379604 secs] [Times: user=0.14 sys=0.00, real=0.04 secs]
2018-10-31T05:58:30.660+0800: 399218.293: [GC (Allocation Failure) 2018-10-31T05:58:30.660+0800: 399218.293: [ParNew: 441435K->2897K(480640K), 0.0341302 secs] 1385944K->947423K(8344960K), 0.0344372 secs] [Times: user=0.13 sys=0.00, real=0.03 secs]
2018-10-31T06:08:24.171+0800: 399811.804: [GC (Allocation Failure) 2018-10-31T06:08:24.171+0800: 399811.804: [ParNew: 439889K->4765K(480640K), 0.0392797 secs] 1384415K->949302K(8344960K), 0.0395584 secs] [Times: user=0.13 sys=0.00, real=0.04 secs]
2018-10-31T06:25:33.429+0800: 400841.062: [GC (Allocation Failure) 2018-10-31T06:25:33.429+0800: 400841.062: [ParNew: 441757K->4376K(480640K), 0.0344540 secs] 1386294K->948925K(8344960K), 0.0347377 secs] [Times: user=0.13 sys=0.00, real=0.03 secs]
2018-10-31T06:41:28.646+0800: 401796.279: [GC (Allocation Failure) 2018-10-31T06:41:28.646+0800: 401796.279: [ParNew: 441368K->3932K(480640K), 0.0340047 secs] 1385917K->948491K(8344960K), 0.0342792 secs] [Times: user=0.12 sys=0.00, real=0.03 secs]
2018-10-31T06:56:58.583+0800: 402726.217: [GC (Allocation Failure) 2018-10-31T06:56:58.583+0800: 402726.217: [ParNew: 440924K->2716K(480640K), 0.0328538 secs] 1385483K->947287K(8344960K), 0.0330954 secs] [Times: user=0.12 sys=0.00, real=0.04 secs]
2018-10-31T07:06:51.641+0800: 403319.275: [GC (Allocation Failure) 2018-10-31T07:06:51.642+0800: 403319.275: [ParNew: 439708K->4724K(480640K), 0.0377502 secs] 1384279K->949306K(8344960K), 0.0380047 secs] [Times: user=0.13 sys=0.00, real=0.04 secs]
2018-10-31T07:24:31.021+0800: 404378.654: [GC (Allocation Failure) 2018-10-31T07:24:31.021+0800: 404378.655: [ParNew: 441716K->3006K(480640K), 0.0326494 secs] 1386298K->947601K(8344960K), 0.0329140 secs] [Times: user=0.12 sys=0.00, real=0.03 secs]
2018-10-31T07:40:01.873+0800: 405309.506: [GC (Allocation Failure) 2018-10-31T07:40:01.873+0800: 405309.506: [ParNew: 439998K->3393K(480640K), 0.0410430 secs] 1384593K->947998K(8344960K), 0.0413149 secs] [Times: user=0.11 sys=0.00, real=0.04 secs]
2018-10-31T07:55:37.303+0800: 406244.937: [GC (Allocation Failure) 2018-10-31T07:55:37.303+0800: 406244.937: [ParNew: 440385K->5286K(480640K), 0.0339640 secs] 1384990K->949904K(8344960K), 0.0342131 secs] [Times: user=0.12 sys=0.00, real=0.04 secs]
2018-10-31T08:05:37.303+0800: 406844.937: [GC (Allocation Failure) 2018-10-31T08:05:37.303+0800: 406844.937: [ParNew: 442278K->7636K(480640K), 0.0390992 secs] 1386896K->952265K(8344960K), 0.0393862 secs] [Times: user=0.13 sys=0.00, real=0.04 secs]
2018-10-31T08:23:02.807+0800: 407890.441: [GC (Allocation Failure) 2018-10-31T08:23:02.807+0800: 407890.441: [ParNew: 444628K->5312K(480640K), 0.0316380 secs] 1389257K->949953K(8344960K), 0.0319128 secs] [Times: user=0.12 sys=0.00, real=0.03 secs]
2018-10-31T08:38:33.419+0800: 408821.052: [GC (Allocation Failure) 2018-10-31T08:38:33.419+0800: 408821.053: [ParNew: 442304K->2790K(480640K), 0.0340940 secs] 1386945K->947442K(8344960K), 0.0343478 secs] [Times: user=0.13 sys=0.00, real=0.03 secs]
2018-10-31T08:55:33.432+0800: 409841.065: [GC (Allocation Failure) 2018-10-31T08:55:33.432+0800: 409841.066: [ParNew: 439782K->4510K(480640K), 0.0363618 secs] 1384434K->949174K(8344960K), 0.0366115 secs] [Times: user=0.13 sys=0.00, real=0.04 secs]
2018-10-31T09:05:33.430+0800: 410441.063: [GC (Allocation Failure) 2018-10-31T09:05:33.430+0800: 410441.063: [ParNew: 441502K->6867K(480640K), 0.0425922 secs] 1386166K->951541K(8344960K), 0.0428724 secs] [Times: user=0.14 sys=0.00, real=0.04 secs]
2018-10-31T09:21:30.157+0800: 411397.790: [GC (Allocation Failure) 2018-10-31T09:21:30.157+0800: 411397.790: [ParNew: 443859K->4377K(480640K), 0.0335168 secs] 1388533K->949063K(8344960K), 0.0337666 secs] [Times: user=0.13 sys=0.00, real=0.03 secs]
2018-10-31T09:36:54.956+0800: 412322.589: [GC (Allocation Failure) 2018-10-31T09:36:54.956+0800: 412322.589: [ParNew: 441369K->2866K(480640K), 0.0336989 secs] 1386055K->947563K(8344960K), 0.0339784 secs] [Times: user=0.13 sys=0.00, real=0.03 secs]
2018-10-31T09:54:27.815+0800: 413375.449: [GC (Allocation Failure) 2018-10-31T09:54:27.816+0800: 413375.449: [ParNew: 439858K->2890K(480640K), 0.0341030 secs] 1384555K->947598K(8344960K), 0.0343718 secs] [Times: user=0.12 sys=0.00, real=0.04 secs]
2018-10-31T10:03:56.950+0800: 413944.583: [GC (Allocation Failure) 2018-10-31T10:03:56.950+0800: 413944.583: [ParNew: 439882K->4981K(480640K), 0.0390693 secs] 1384590K->949703K(8344960K), 0.0393457 secs] [Times: user=0.13 sys=0.00, real=0.04 secs]
2018-10-31T10:19:27.020+0800: 414874.653: [GC (Allocation Failure) 2018-10-31T10:19:27.020+0800: 414874.653: [ParNew: 441973K->2827K(480640K), 0.0327404 secs] 1386695K->947559K(8344960K), 0.0330193 secs] [Times: user=0.12 sys=0.00, real=0.03 secs]
2018-10-31T10:35:37.286+0800: 415844.919: [GC (Allocation Failure) 2018-10-31T10:35:37.286+0800: 415844.920: [ParNew: 439819K->5239K(480640K), 0.0342966 secs] 1384551K->949981K(8344960K), 0.0345712 secs] [Times: user=0.13 sys=0.00, real=0.03 secs]
2018-10-31T10:51:58.232+0800: 416825.865: [GC (Allocation Failure) 2018-10-31T10:51:58.232+0800: 416825.865: [ParNew: 442231K->4316K(480640K), 0.0323883 secs] 1386973K->949067K(8344960K), 0.0326446 secs] [Times: user=0.12 sys=0.00, real=0.03 secs]
2018-10-31T11:01:33.158+0800: 417400.791: [GC (Allocation Failure) 2018-10-31T11:01:33.158+0800: 417400.791: [ParNew: 441308K->4422K(480640K), 0.0386917 secs] 1386059K->949185K(8344960K), 0.0389604 secs] [Times: user=0.13 sys=0.00, real=0.04 secs]
2018-10-31T11:17:05.887+0800: 418333.520: [GC (Allocation Failure) 2018-10-31T11:17:05.887+0800: 418333.521: [ParNew: 441414K->2903K(480640K), 0.0372159 secs] 1386177K->947677K(8344960K), 0.0374927 secs] [Times: user=0.14 sys=0.00, real=0.03 secs]
2018-10-31T11:34:27.112+0800: 419374.746: [GC (Allocation Failure) 2018-10-31T11:34:27.113+0800: 419374.746: [ParNew: 439895K->3052K(480640K), 0.0338475 secs] 1384669K->947836K(8344960K), 0.0341199 secs] [Times: user=0.12 sys=0.00, real=0.04 secs]
2018-10-31T11:49:41.450+0800: 420289.083: [GC (Allocation Failure) 2018-10-31T11:49:41.450+0800: 420289.084: [ParNew: 440044K->3034K(480640K), 0.0339031 secs] 1384828K->947844K(8344960K), 0.0342435 secs] [Times: user=0.13 sys=0.00, real=0.03 secs]
2018-10-31T12:00:11.503+0800: 420919.136: [GC (Allocation Failure) 2018-10-31T12:00:11.503+0800: 420919.136: [ParNew: 440026K->6203K(480640K), 0.0405661 secs] 1384836K->951026K(8344960K), 0.0408714 secs] [Times: user=0.14 sys=0.00, real=0.04 secs]
2018-10-31T12:15:37.288+0800: 421844.921: [GC (Allocation Failure) 2018-10-31T12:15:37.288+0800: 421844.921: [ParNew: 443195K->5631K(480640K), 0.0329031 secs] 1388018K->950465K(8344960K), 0.0331974 secs] [Times: user=0.12 sys=0.00, real=0.03 secs]
2018-10-31T12:32:05.917+0800: 422833.550: [GC (Allocation Failure) 2018-10-31T12:32:05.917+0800: 422833.551: [ParNew: 442623K->4806K(480640K), 0.0333366 secs] 1387457K->949652K(8344960K), 0.0336916 secs] [Times: user=0.13 sys=0.00, real=0.03 secs]
2018-10-31T12:47:22.999+0800: 423750.632: [GC (Allocation Failure) 2018-10-31T12:47:22.999+0800: 423750.632: [ParNew: 441789K->2673K(480640K), 0.0353717 secs] 1386635K->947531K(8344960K), 0.0356277 secs] [Times: user=0.13 sys=0.00, real=0.03 secs]
2018-10-31T13:00:10.445+0800: 424518.079: [GC (Allocation Failure) 2018-10-31T13:00:10.445+0800: 424518.079: [ParNew: 439665K->4550K(480640K), 0.0436311 secs] 1384523K->949419K(8344960K), 0.0439066 secs] [Times: user=0.16 sys=0.00, real=0.05 secs]
2018-10-31T13:14:46.053+0800: 425393.686: [GC (Allocation Failure) 2018-10-31T13:14:46.053+0800: 425393.686: [ParNew: 441542K->4388K(480640K), 0.0354281 secs] 1386411K->949269K(8344960K), 0.0356936 secs] [Times: user=0.12 sys=0.00, real=0.04 secs]
2018-10-31T13:30:22.569+0800: 426330.202: [GC (Allocation Failure) 2018-10-31T13:30:22.569+0800: 426330.202: [ParNew: 441380K->2480K(480640K), 0.0514467 secs] 1386261K->947374K(8344960K), 0.0517865 secs] [Times: user=0.19 sys=0.00, real=0.05 secs]
2018-10-31T13:45:50.829+0800: 427258.463: [GC (Allocation Failure) 2018-10-31T13:45:50.830+0800: 427258.463: [ParNew: 439472K->3675K(480640K), 0.0416249 secs] 1384366K->948577K(8344960K), 0.0418774 secs] [Times: user=0.12 sys=0.00, real=0.04 secs]
2018-10-31T14:00:06.150+0800: 428113.784: [GC (Allocation Failure) 2018-10-31T14:00:06.150+0800: 428113.784: [ParNew: 440667K->4964K(480640K), 0.0401017 secs] 1385569K->949879K(8344960K), 0.0403970 secs] [Times: user=0.15 sys=0.00, real=0.04 secs]
2018-10-31T14:13:23.184+0800: 428910.817: [GC (Allocation Failure) 2018-10-31T14:13:23.184+0800: 428910.817: [ParNew: 441956K->4799K(480640K), 0.0362705 secs] 1386871K->949726K(8344960K), 0.0365523 secs] [Times: user=0.13 sys=0.00, real=0.04 secs]
2018-10-31T14:28:50.296+0800: 429837.929: [GC (Allocation Failure) 2018-10-31T14:28:50.296+0800: 429837.930: [ParNew: 441791K->2750K(480640K), 0.0321623 secs] 1386718K->947688K(8344960K), 0.0324334 secs] [Times: user=0.12 sys=0.00, real=0.03 secs]
2018-10-31T14:44:07.573+0800: 430755.206: [GC (Allocation Failure) 2018-10-31T14:44:07.573+0800: 430755.206: [ParNew: 439742K->5851K(480640K), 0.0383229 secs] 1384680K->950796K(8344960K), 0.0386143 secs] [Times: user=0.13 sys=0.00, real=0.04 secs]
2018-10-31T14:57:31.852+0800: 431559.485: [GC (Allocation Failure) 2018-10-31T14:57:31.852+0800: 431559.485: [ParNew: 442843K->5827K(480640K), 0.0402953 secs] 1387788K->950783K(8344960K), 0.0405368 secs] [Times: user=0.12 sys=0.00, real=0.04 secs]
2018-10-31T15:07:18.952+0800: 432146.585: [GC (Allocation Failure) 2018-10-31T15:07:18.952+0800: 432146.585: [ParNew: 442819K->4625K(480640K), 0.0383707 secs] 1387775K->949594K(8344960K), 0.0386322 secs] [Times: user=0.13 sys=0.00, real=0.04 secs]
2018-10-31T15:24:56.323+0800: 433203.956: [GC (Allocation Failure) 2018-10-31T15:24:56.323+0800: 433203.956: [ParNew: 441617K->3125K(480640K), 0.0336489 secs] 1386586K->948104K(8344960K), 0.0339439 secs] [Times: user=0.13 sys=0.00, real=0.04 secs]
2018-10-31T15:40:29.475+0800: 434137.108: [GC (Allocation Failure) 2018-10-31T15:40:29.475+0800: 434137.109: [ParNew: 440117K->3475K(480640K), 0.0358424 secs] 1385096K->948462K(8344960K), 0.0361023 secs] [Times: user=0.14 sys=0.00, real=0.04 secs]
2018-10-31T15:55:54.956+0800: 435062.589: [GC (Allocation Failure) 2018-10-31T15:55:54.956+0800: 435062.589: [ParNew: 440467K->2985K(480640K), 0.0342532 secs] 1385454K->947987K(8344960K), 0.0345335 secs] [Times: user=0.13 sys=0.00, real=0.03 secs]
2018-10-31T16:05:51.216+0800: 435658.849: [GC (Allocation Failure) 2018-10-31T16:05:51.216+0800: 435658.849: [ParNew: 439977K->5682K(480640K), 0.0412013 secs] 1384979K->950696K(8344960K), 0.0414683 secs] [Times: user=0.14 sys=0.00, real=0.04 secs]
2018-10-31T16:23:30.241+0800: 436717.875: [GC (Allocation Failure) 2018-10-31T16:23:30.242+0800: 436717.875: [ParNew: 442674K->3684K(480640K), 0.0329764 secs] 1387688K->948714K(8344960K), 0.0332387 secs] [Times: user=0.12 sys=0.00, real=0.03 secs]
2018-10-31T16:38:52.805+0800: 437640.438: [GC (Allocation Failure) 2018-10-31T16:38:52.805+0800: 437640.438: [ParNew: 440676K->2771K(480640K), 0.0324684 secs] 1385706K->947810K(8344960K), 0.0327232 secs] [Times: user=0.12 sys=0.00, real=0.04 secs]
2018-10-31T16:55:33.435+0800: 438641.068: [GC (Allocation Failure) 2018-10-31T16:55:33.435+0800: 438641.068: [ParNew: 439763K->5650K(480640K), 0.0328604 secs] 1384802K->950700K(8344960K), 0.0331231 secs] [Times: user=0.12 sys=0.00, real=0.04 secs]
2018-10-31T17:05:33.434+0800: 439241.067: [GC (Allocation Failure) 2018-10-31T17:05:33.434+0800: 439241.067: [ParNew: 442642K->7045K(480640K), 0.0403524 secs] 1387692K->952106K(8344960K), 0.0406366 secs] [Times: user=0.14 sys=0.00, real=0.04 secs]
2018-10-31T17:21:54.780+0800: 440222.413: [GC (Allocation Failure) 2018-10-31T17:21:54.780+0800: 440222.413: [ParNew: 444037K->4891K(480640K), 0.0361192 secs] 1389098K->949964K(8344960K), 0.0364542 secs] [Times: user=0.13 sys=0.00, real=0.04 secs]
2018-10-31T17:37:19.389+0800: 441147.022: [GC (Allocation Failure) 2018-10-31T17:37:19.389+0800: 441147.022: [ParNew: 441883K->2997K(480640K), 0.0317646 secs] 1386956K->948079K(8344960K), 0.0320159 secs] [Times: user=0.12 sys=0.00, real=0.03 secs]
2018-10-31T17:50:31.749+0800: 441939.382: [GC (Allocation Failure) 2018-10-31T17:50:31.749+0800: 441939.382: [ParNew: 439989K->8386K(480640K), 0.0476238 secs] 1385071K->953482K(8344960K), 0.0478663 secs] [Times: user=0.14 sys=0.00, real=0.05 secs]
2018-10-31T18:00:29.182+0800: 442536.815: [GC (Allocation Failure) 2018-10-31T18:00:29.182+0800: 442536.815: [ParNew: 445378K->4606K(480640K), 0.0406481 secs] 1390474K->949713K(8344960K), 0.0409431 secs] [Times: user=0.14 sys=0.00, real=0.05 secs]
2018-10-31T18:16:00.660+0800: 443468.293: [GC (Allocation Failure) 2018-10-31T18:16:00.660+0800: 443468.293: [ParNew: 441598K->3123K(480640K), 0.0353098 secs] 1386705K->948249K(8344960K), 0.0355730 secs] [Times: user=0.13 sys=0.00, real=0.03 secs]
2018-10-31T18:33:39.212+0800: 444526.845: [GC (Allocation Failure) 2018-10-31T18:33:39.212+0800: 444526.845: [ParNew: 440115K->3048K(480640K), 0.0345774 secs] 1385241K->948187K(8344960K), 0.0348411 secs] [Times: user=0.13 sys=0.00, real=0.04 secs]
2018-10-31T18:49:05.157+0800: 445452.790: [GC (Allocation Failure) 2018-10-31T18:49:05.157+0800: 445452.790: [ParNew: 440040K->2959K(480640K), 0.0322546 secs] 1385179K->948122K(8344960K), 0.0324967 secs] [Times: user=0.12 sys=0.00, real=0.03 secs]
2018-10-31T19:00:09.064+0800: 446116.697: [GC (Allocation Failure) 2018-10-31T19:00:09.064+0800: 446116.697: [ParNew: 439951K->5152K(480640K), 0.0396112 secs] 1385114K->950327K(8344960K), 0.0398842 secs] [Times: user=0.14 sys=0.00, real=0.04 secs]
2018-10-31T19:15:33.439+0800: 447041.073: [GC (Allocation Failure) 2018-10-31T19:15:33.439+0800: 447041.073: [ParNew: 442144K->6019K(480640K), 0.0332505 secs] 1387319K->951205K(8344960K), 0.0335279 secs] [Times: user=0.12 sys=0.00, real=0.03 secs]
2018-10-31T19:32:07.826+0800: 448035.459: [GC (Allocation Failure) 2018-10-31T19:32:07.826+0800: 448035.459: [ParNew: 443011K->5015K(480640K), 0.0307679 secs] 1388197K->950212K(8344960K), 0.0310472 secs] [Times: user=0.12 sys=0.00, real=0.03 secs]
2018-10-31T19:47:36.235+0800: 448963.868: [GC (Allocation Failure) 2018-10-31T19:47:36.235+0800: 448963.868: [ParNew: 442007K->2691K(480640K), 0.0305207 secs] 1387204K->947899K(8344960K), 0.0307539 secs] [Times: user=0.11 sys=0.00, real=0.03 secs]
2018-10-31T20:00:01.947+0800: 449709.580: [GC (Allocation Failure) 2018-10-31T20:00:01.947+0800: 449709.580: [ParNew: 439683K->8546K(480640K), 0.0581633 secs] 1384891K->953766K(8344960K), 0.0584842 secs] [Times: user=0.17 sys=0.00, real=0.05 secs]
2018-10-31T20:10:50.153+0800: 450357.786: [GC (Allocation Failure) 2018-10-31T20:10:50.153+0800: 450357.787: [ParNew: 445538K->4622K(480640K), 0.0366968 secs] 1390758K->949852K(8344960K), 0.0369525 secs] [Times: user=0.13 sys=0.00, real=0.04 secs]
2018-10-31T20:26:18.717+0800: 451286.350: [GC (Allocation Failure) 2018-10-31T20:26:18.717+0800: 451286.350: [ParNew: 441614K->3132K(480640K), 0.0321659 secs] 1386844K->948374K(8344960K), 0.0324207 secs] [Times: user=0.12 sys=0.00, real=0.03 secs]
2018-10-31T20:43:52.928+0800: 452340.561: [GC (Allocation Failure) 2018-10-31T20:43:52.928+0800: 452340.561: [ParNew: 440124K->3057K(480640K), 0.0326172 secs] 1385366K->948307K(8344960K), 0.0328543 secs] [Times: user=0.13 sys=0.00, real=0.03 secs]
2018-10-31T20:59:22.692+0800: 453270.325: [GC (Allocation Failure) 2018-10-31T20:59:22.692+0800: 453270.325: [ParNew: 440049K->2977K(480640K), 0.0320528 secs] 1385299K->948239K(8344960K), 0.0323277 secs] [Times: user=0.12 sys=0.00, real=0.03 secs]
2018-10-31T21:09:10.821+0800: 453858.454: [GC (Allocation Failure) 2018-10-31T21:09:10.821+0800: 453858.454: [ParNew: 439969K->4926K(480640K), 0.0364113 secs] 1385231K->950198K(8344960K), 0.0366559 secs] [Times: user=0.12 sys=0.00, real=0.04 secs]
2018-10-31T21:25:37.282+0800: 454844.916: [GC (Allocation Failure) 2018-10-31T21:25:37.282+0800: 454844.916: [ParNew: 441918K->4283K(480640K), 0.0321266 secs] 1387190K->949571K(8344960K), 0.0323855 secs] [Times: user=0.12 sys=0.00, real=0.03 secs]
2018-10-31T21:42:20.515+0800: 455848.149: [GC (Allocation Failure) 2018-10-31T21:42:20.515+0800: 455848.149: [ParNew: 441275K->3763K(480640K), 0.0334976 secs] 1386563K->949062K(8344960K), 0.0337920 secs] [Times: user=0.13 sys=0.00, real=0.04 secs]
2018-10-31T21:57:48.992+0800: 456776.625: [GC (Allocation Failure) 2018-10-31T21:57:48.992+0800: 456776.626: [ParNew: 440755K->2648K(480640K), 0.0335729 secs] 1386054K->947959K(8344960K), 0.0338526 secs] [Times: user=0.13 sys=0.00, real=0.04 secs]
2018-10-31T22:07:39.202+0800: 457366.835: [GC (Allocation Failure) 2018-10-31T22:07:39.202+0800: 457366.835: [ParNew: 439640K->4720K(480640K), 0.0375780 secs] 1384951K->950043K(8344960K), 0.0378460 secs] [Times: user=0.13 sys=0.00, real=0.05 secs]
2018-10-31T22:25:12.775+0800: 458420.408: [GC (Allocation Failure) 2018-10-31T22:25:12.775+0800: 458420.409: [ParNew: 441712K->3033K(480640K), 0.0319699 secs] 1387035K->948366K(8344960K), 0.0322427 secs] [Times: user=0.12 sys=0.00, real=0.04 secs]
2018-10-31T22:40:41.635+0800: 459349.269: [GC (Allocation Failure) 2018-10-31T22:40:41.635+0800: 459349.269: [ParNew: 440025K->2985K(480640K), 0.0322667 secs] 1385358K->948327K(8344960K), 0.0325378 secs] [Times: user=0.13 sys=0.00, real=0.04 secs]
2018-10-31T22:56:06.886+0800: 460274.520: [GC (Allocation Failure) 2018-10-31T22:56:06.886+0800: 460274.520: [ParNew: 439977K->3003K(480640K), 0.0316021 secs] 1385319K->948360K(8344960K), 0.0318400 secs] [Times: user=0.11 sys=0.00, real=0.03 secs]
2018-10-31T23:05:52.009+0800: 460859.642: [GC (Allocation Failure) 2018-10-31T23:05:52.009+0800: 460859.642: [ParNew: 439995K->5443K(480640K), 0.0363212 secs] 1385352K->950810K(8344960K), 0.0365815 secs] [Times: user=0.13 sys=0.00, real=0.03 secs]
2018-10-31T23:23:26.984+0800: 461914.617: [GC (Allocation Failure) 2018-10-31T23:23:26.984+0800: 461914.617: [ParNew: 442435K->3614K(480640K), 0.0323020 secs] 1387802K->948993K(8344960K), 0.0325624 secs] [Times: user=0.12 sys=0.00, real=0.04 secs]
2018-10-31T23:38:54.957+0800: 462842.591: [GC (Allocation Failure) 2018-10-31T23:38:54.957+0800: 462842.591: [ParNew: 440606K->2713K(480640K), 0.0311236 secs] 1385985K->948111K(8344960K), 0.0313771 secs] [Times: user=0.12 sys=0.00, real=0.03 secs]
2018-10-31T23:55:33.435+0800: 463841.068: [GC (Allocation Failure) 2018-10-31T23:55:33.435+0800: 463841.069: [ParNew: 439705K->5552K(480640K), 0.0349575 secs] 1385103K->950963K(8344960K), 0.0352130 secs] [Times: user=0.13 sys=0.00, real=0.04 secs]
2018-11-01T00:05:33.420+0800: 464441.053: [GC (Allocation Failure) 2018-11-01T00:05:33.420+0800: 464441.053: [ParNew: 442544K->7091K(480640K), 0.0451573 secs] 1387955K->952512K(8344960K), 0.0454342 secs] [Times: user=0.15 sys=0.00, real=0.04 secs]
2018-11-01T00:21:15.770+0800: 465383.403: [GC (Allocation Failure) 2018-11-01T00:21:15.770+0800: 465383.403: [ParNew: 444082K->4916K(480640K), 0.0377515 secs] 1389504K->950349K(8344960K), 0.0380203 secs] [Times: user=0.14 sys=0.00, real=0.04 secs]
2018-11-01T00:36:44.705+0800: 466312.338: [GC (Allocation Failure) 2018-11-01T00:36:44.705+0800: 466312.338: [ParNew: 441908K->3260K(480640K), 0.0322629 secs] 1387341K->948705K(8344960K), 0.0325287 secs] [Times: user=0.12 sys=0.00, real=0.04 secs]
2018-11-01T00:54:24.957+0800: 467372.590: [GC (Allocation Failure) 2018-11-01T00:54:24.957+0800: 467372.590: [ParNew: 440252K->3261K(480640K), 0.0306386 secs] 1385697K->948718K(8344960K), 0.0309108 secs] [Times: user=0.12 sys=0.00, real=0.03 secs]
2018-11-01T01:03:50.860+0800: 467938.493: [GC (Allocation Failure) 2018-11-01T01:03:50.860+0800: 467938.493: [ParNew: 440253K->4947K(480640K), 0.0539646 secs] 1385710K->950415K(8344960K), 0.0542295 secs] [Times: user=0.16 sys=0.00, real=0.05 secs]
2018-11-01T01:19:21.077+0800: 468868.710: [GC (Allocation Failure) 2018-11-01T01:19:21.077+0800: 468868.710: [ParNew: 441939K->3428K(480640K), 0.0314306 secs] 1387407K->948908K(8344960K), 0.0316953 secs] [Times: user=0.12 sys=0.00, real=0.03 secs]
2018-11-01T01:35:37.289+0800: 469844.922: [GC (Allocation Failure) 2018-11-01T01:35:37.289+0800: 469844.922: [ParNew: 440420K->5176K(480640K), 0.0323441 secs] 1385900K->950668K(8344960K), 0.0326051 secs] [Times: user=0.12 sys=0.00, real=0.03 secs]
2018-11-01T01:52:23.152+0800: 470850.785: [GC (Allocation Failure) 2018-11-01T01:52:23.152+0800: 470850.785: [ParNew: 442168K->4562K(480640K), 0.0327186 secs] 1387660K->950077K(8344960K), 0.0329615 secs] [Times: user=0.12 sys=0.00, real=0.03 secs]
2018-11-01T02:01:44.778+0800: 471412.412: [GC (Allocation Failure) 2018-11-01T02:01:44.779+0800: 471412.412: [ParNew: 441554K->4713K(480640K), 0.0423255 secs] 1387069K->950240K(8344960K), 0.0425847 secs] [Times: user=0.13 sys=0.00, real=0.04 secs]
2018-11-01T02:17:10.432+0800: 472338.065: [GC (Allocation Failure) 2018-11-01T02:17:10.432+0800: 472338.065: [ParNew: 441705K->3275K(480640K), 0.0319032 secs] 1387232K->948813K(8344960K), 0.0321454 secs] [Times: user=0.12 sys=0.00, real=0.03 secs]
2018-11-01T02:34:54.426+0800: 473402.059: [GC (Allocation Failure) 2018-11-01T02:34:54.426+0800: 473402.059: [ParNew: 440267K->3431K(480640K), 0.0326091 secs] 1385805K->948980K(8344960K), 0.0328823 secs] [Times: user=0.12 sys=0.00, real=0.04 secs]
2018-11-01T02:50:19.186+0800: 474326.819: [GC (Allocation Failure) 2018-11-01T02:50:19.186+0800: 474326.819: [ParNew: 440423K->3378K(480640K), 0.0324455 secs] 1385972K->948935K(8344960K), 0.0327057 secs] [Times: user=0.12 sys=0.00, real=0.04 secs]
2018-11-01T03:00:11.859+0800: 474919.493: [GC (Allocation Failure) 2018-11-01T03:00:11.859+0800: 474919.493: [ParNew: 440370K->6043K(480640K), 0.0421361 secs] 1385927K->951611K(8344960K), 0.0424358 secs] [Times: user=0.14 sys=0.00, real=0.04 secs]
2018-11-01T03:15:37.296+0800: 475844.930: [GC (Allocation Failure) 2018-11-01T03:15:37.296+0800: 475844.930: [ParNew: 443035K->4866K(480640K), 0.0369655 secs] 1388603K->950445K(8344960K), 0.0372439 secs] [Times: user=0.12 sys=0.00, real=0.03 secs]
2018-11-01T03:32:38.136+0800: 476865.770: [GC (Allocation Failure) 2018-11-01T03:32:38.136+0800: 476865.770: [ParNew: 441858K->4852K(480640K), 0.0384408 secs] 1387437K->950443K(8344960K), 0.0387108 secs] [Times: user=0.13 sys=0.00, real=0.03 secs]
2018-11-01T03:48:08.237+0800: 477795.870: [GC (Allocation Failure) 2018-11-01T03:48:08.237+0800: 477795.870: [ParNew: 441844K->3221K(480640K), 0.0336181 secs] 1387435K->949114K(8344960K), 0.0339133 secs] [Times: user=0.13 sys=0.00, real=0.03 secs]
2018-11-01T04:00:08.339+0800: 478515.972: [GC (Allocation Failure) 2018-11-01T04:00:08.339+0800: 478515.972: [ParNew: 440213K->4479K(480640K), 0.0461923 secs] 1386106K->950394K(8344960K), 0.0465238 secs] [Times: user=0.16 sys=0.00, real=0.04 secs]
2018-11-01T04:15:06.301+0800: 479413.935: [GC (Allocation Failure) 2018-11-01T04:15:06.301+0800: 479413.935: [ParNew: 441471K->4299K(480640K), 0.0348997 secs] 1387386K->950225K(8344960K), 0.0351745 secs] [Times: user=0.13 sys=0.00, real=0.04 secs]
2018-11-01T04:30:35.185+0800: 480342.818: [GC (Allocation Failure) 2018-11-01T04:30:35.185+0800: 480342.818: [ParNew: 441291K->2767K(480640K), 0.0426804 secs] 1387217K->948704K(8344960K), 0.0430229 secs] [Times: user=0.15 sys=0.00, real=0.05 secs]
2018-11-01T04:46:00.001+0800: 481267.635: [GC (Allocation Failure) 2018-11-01T04:46:00.001+0800: 481267.635: [ParNew: 439759K->3131K(480640K), 0.0445444 secs] 1385696K->949076K(8344960K), 0.0447927 secs] [Times: user=0.13 sys=0.00, real=0.05 secs]
2018-11-01T05:00:05.395+0800: 482113.028: [GC (Allocation Failure) 2018-11-01T05:00:05.395+0800: 482113.028: [ParNew: 440123K->4070K(480640K), 0.0370124 secs] 1386068K->950025K(8344960K), 0.0372945 secs] [Times: user=0.14 sys=0.00, real=0.04 secs]
2018-11-01T05:13:01.535+0800: 482889.169: [GC (Allocation Failure) 2018-11-01T05:13:01.535+0800: 482889.169: [ParNew: 441062K->4665K(480640K), 0.0345533 secs] 1387017K->950633K(8344960K), 0.0348119 secs] [Times: user=0.13 sys=0.00, real=0.04 secs]
2018-11-01T05:28:32.227+0800: 483819.861: [GC (Allocation Failure) 2018-11-01T05:28:32.227+0800: 483819.861: [ParNew: 441657K->2473K(480640K), 0.0323636 secs] 1387625K->948452K(8344960K), 0.0326299 secs] [Times: user=0.13 sys=0.00, real=0.03 secs]
2018-11-01T05:45:33.432+0800: 484841.065: [GC (Allocation Failure) 2018-11-01T05:45:33.432+0800: 484841.065: [ParNew: 439465K->4803K(480640K), 0.0334576 secs] 1385444K->950794K(8344960K), 0.0337333 secs] [Times: user=0.11 sys=0.00, real=0.03 secs]
2018-11-01T06:00:02.772+0800: 485710.405: [GC (Allocation Failure) 2018-11-01T06:00:02.772+0800: 485710.405: [ParNew: 441795K->4277K(480640K), 0.0328141 secs] 1387786K->950278K(8344960K), 0.0330887 secs] [Times: user=0.12 sys=0.00, real=0.03 secs]
2018-11-01T06:11:10.333+0800: 486377.966: [GC (Allocation Failure) 2018-11-01T06:11:10.333+0800: 486377.966: [ParNew: 441269K->5344K(480640K), 0.0347167 secs] 1387270K->951358K(8344960K), 0.0349810 secs] [Times: user=0.12 sys=0.00, real=0.04 secs]
2018-11-01T06:26:44.708+0800: 487312.341: [GC (Allocation Failure) 2018-11-01T06:26:44.708+0800: 487312.341: [ParNew: 442333K->2924K(480640K), 0.0362813 secs] 1388346K->948949K(8344960K), 0.0365197 secs] [Times: user=0.11 sys=0.00, real=0.03 secs]
2018-11-01T06:44:15.529+0800: 488363.163: [GC (Allocation Failure) 2018-11-01T06:44:15.529+0800: 488363.163: [ParNew: 439916K->3233K(480640K), 0.0333046 secs] 1385941K->949265K(8344960K), 0.0335570 secs] [Times: user=0.12 sys=0.00, real=0.03 secs]
2018-11-01T06:59:45.638+0800: 489293.272: [GC (Allocation Failure) 2018-11-01T06:59:45.639+0800: 489293.272: [ParNew: 440225K->3357K(480640K), 0.0318535 secs] 1386257K->949404K(8344960K), 0.0320999 secs] [Times: user=0.12 sys=0.00, real=0.03 secs]
2018-11-01T07:09:06.088+0800: 489853.721: [GC (Allocation Failure) 2018-11-01T07:09:06.088+0800: 489853.721: [ParNew: 440349K->4086K(480640K), 0.0365122 secs] 1386396K->950144K(8344960K), 0.0367649 secs] [Times: user=0.13 sys=0.00, real=0.03 secs]
2018-11-01T07:25:37.283+0800: 490844.917: [GC (Allocation Failure) 2018-11-01T07:25:37.283+0800: 490844.917: [ParNew: 441078K->4413K(480640K), 0.0322624 secs] 1387136K->950483K(8344960K), 0.0325128 secs] [Times: user=0.12 sys=0.00, real=0.04 secs]
2018-11-01T07:42:17.797+0800: 491845.431: [GC (Allocation Failure) 2018-11-01T07:42:17.798+0800: 491845.431: [ParNew: 441405K->4055K(480640K), 0.0319007 secs] 1387475K->950133K(8344960K), 0.0321493 secs] [Times: user=0.12 sys=0.00, real=0.03 secs]
2018-11-01T07:57:50.412+0800: 492778.045: [GC (Allocation Failure) 2018-11-01T07:57:50.412+0800: 492778.045: [ParNew: 441047K->2743K(480640K), 0.0316275 secs] 1387125K->948831K(8344960K), 0.0319056 secs] [Times: user=0.12 sys=0.00, real=0.03 secs]
2018-11-01T08:07:18.543+0800: 493346.176: [GC (Allocation Failure) 2018-11-01T08:07:18.543+0800: 493346.177: [ParNew: 439735K->4817K(480640K), 0.0369611 secs] 1385823K->950917K(8344960K), 0.0372142 secs] [Times: user=0.13 sys=0.00, real=0.04 secs]
2018-11-01T08:24:54.956+0800: 494402.589: [GC (Allocation Failure) 2018-11-01T08:24:54.956+0800: 494402.589: [ParNew: 441809K->3452K(480640K), 0.0299872 secs] 1387909K->949562K(8344960K), 0.0302270 secs] [Times: user=0.12 sys=0.00, real=0.03 secs]
2018-11-01T08:40:20.397+0800: 495328.031: [GC (Allocation Failure) 2018-11-01T08:40:20.397+0800: 495328.031: [ParNew: 440444K->2494K(480640K), 0.0308138 secs] 1386554K->948627K(8344960K), 0.0310647 secs] [Times: user=0.11 sys=0.00, real=0.03 secs]
2018-11-01T08:55:49.403+0800: 496257.036: [GC (Allocation Failure) 2018-11-01T08:55:49.403+0800: 496257.036: [ParNew: 439486K->3481K(480640K), 0.0337779 secs] 1385619K->949627K(8344960K), 0.0340360 secs] [Times: user=0.13 sys=0.00, real=0.04 secs]
2018-11-01T09:05:37.299+0800: 496844.932: [GC (Allocation Failure) 2018-11-01T09:05:37.299+0800: 496844.932: [ParNew: 440473K->6557K(480640K), 0.0386047 secs] 1386619K->952713K(8344960K), 0.0388906 secs] [Times: user=0.13 sys=0.00, real=0.04 secs]
2018-11-01T09:22:53.892+0800: 497881.525: [GC (Allocation Failure) 2018-11-01T09:22:53.892+0800: 497881.525: [ParNew: 443549K->4485K(480640K), 0.0332618 secs] 1389705K->950654K(8344960K), 0.0335055 secs] [Times: user=0.13 sys=0.00, real=0.03 secs]
2018-11-01T09:34:11.491+0800: 498559.124: [GC (Allocation Failure) 2018-11-01T09:34:11.491+0800: 498559.124: [ParNew: 441477K->10519K(480640K), 0.0471627 secs] 1387646K->956697K(8344960K), 0.0474091 secs] [Times: user=0.13 sys=0.00, real=0.05 secs]
2018-11-01T09:43:07.414+0800: 499095.047: [GC (Allocation Failure) 2018-11-01T09:43:07.414+0800: 499095.047: [ParNew: 447511K->13158K(480640K), 0.0538032 secs] 1393689K->959349K(8344960K), 0.0540695 secs] [Times: user=0.15 sys=0.00, real=0.06 secs]
2018-11-01T09:53:08.100+0800: 499695.733: [GC (Allocation Failure) 2018-11-01T09:53:08.100+0800: 499695.734: [ParNew: 450150K->12612K(480640K), 0.0564216 secs] 1396341K->958814K(8344960K), 0.0566872 secs] [Times: user=0.16 sys=0.00, real=0.06 secs]
2018-11-01T10:02:08.902+0800: 500236.535: [GC (Allocation Failure) 2018-11-01T10:02:08.902+0800: 500236.535: [ParNew: 449604K->4950K(480640K), 0.0374424 secs] 1395806K->951164K(8344960K), 0.0376819 secs] [Times: user=0.13 sys=0.00, real=0.04 secs]
2018-11-01T10:15:20.820+0800: 501028.454: [GC (Allocation Failure) 2018-11-01T10:15:20.820+0800: 501028.454: [ParNew: 441942K->8270K(480640K), 0.0535091 secs] 1388156K->954496K(8344960K), 0.0537764 secs] [Times: user=0.13 sys=0.00, real=0.05 secs]
2018-11-01T10:23:05.700+0800: 501493.334: [GC (Allocation Failure) 2018-11-01T10:23:05.700+0800: 501493.334: [ParNew: 445262K->14849K(480640K), 0.0540480 secs] 1391488K->961086K(8344960K), 0.0543076 secs] [Times: user=0.14 sys=0.00, real=0.05 secs]
2018-11-01T10:28:23.452+0800: 501811.085: [GC (Allocation Failure) 2018-11-01T10:28:23.452+0800: 501811.085: [ParNew: 451841K->18049K(480640K), 0.0615725 secs] 1398078K->964297K(8344960K), 0.0618285 secs] [Times: user=0.15 sys=0.00, real=0.06 secs]
2018-11-01T10:35:15.735+0800: 502223.369: [GC (Allocation Failure) 2018-11-01T10:35:15.736+0800: 502223.369: [ParNew: 455041K->19068K(480640K), 0.0591253 secs] 1401289K->965328K(8344960K), 0.0593807 secs] [Times: user=0.13 sys=0.00, real=0.06 secs]
2018-11-01T10:50:00.660+0800: 503108.293: [GC (Allocation Failure) 2018-11-01T10:50:00.660+0800: 503108.293: [ParNew: 456060K->4139K(480640K), 0.0336101 secs] 1402320K->950410K(8344960K), 0.0338845 secs] [Times: user=0.12 sys=0.00, real=0.03 secs]
2018-11-01T11:00:05.453+0800: 503713.086: [GC (Allocation Failure) 2018-11-01T11:00:05.453+0800: 503713.086: [ParNew: 441131K->9521K(480640K), 0.0486665 secs] 1387402K->955820K(8344960K), 0.0490095 secs] [Times: user=0.14 sys=0.00, real=0.05 secs]
2018-11-01T11:12:39.642+0800: 504467.275: [GC (Allocation Failure) 2018-11-01T11:12:39.642+0800: 504467.275: [ParNew: 446513K->4762K(480640K), 0.0389525 secs] 1392812K->951073K(8344960K), 0.0392523 secs] [Times: user=0.13 sys=0.00, real=0.04 secs]
2018-11-01T11:23:10.079+0800: 505097.713: [GC (Allocation Failure) 2018-11-01T11:23:10.079+0800: 505097.713: [ParNew: 441754K->11134K(480640K), 0.0797624 secs] 1388065K->957456K(8344960K), 0.0800436 secs] [Times: user=0.16 sys=0.00, real=0.08 secs]
2018-11-01T11:36:35.664+0800: 505903.297: [GC (Allocation Failure) 2018-11-01T11:36:35.664+0800: 505903.297: [ParNew: 448126K->5627K(480640K), 0.0576678 secs] 1394448K->951959K(8344960K), 0.0579673 secs] [Times: user=0.13 sys=0.00, real=0.06 secs]
2018-11-01T11:49:04.253+0800: 506651.886: [GC (Allocation Failure) 2018-11-01T11:49:04.253+0800: 506651.886: [ParNew: 442619K->8823K(480640K), 0.0748287 secs] 1388951K->955167K(8344960K), 0.0750760 secs] [Times: user=0.15 sys=0.00, real=0.08 secs]
2018-11-01T11:58:14.184+0800: 507201.817: [GC (Allocation Failure) 2018-11-01T11:58:14.184+0800: 507201.817: [ParNew: 445815K->13247K(480640K), 0.0556011 secs] 1392159K->959604K(8344960K), 0.0558844 secs] [Times: user=0.15 sys=0.00, real=0.06 secs]
2018-11-01T12:07:15.864+0800: 507743.498: [GC (Allocation Failure) 2018-11-01T12:07:15.864+0800: 507743.498: [ParNew: 450239K->4889K(480640K), 0.0618469 secs] 1396596K->951267K(8344960K), 0.0620978 secs] [Times: user=0.13 sys=0.00, real=0.07 secs]
2018-11-01T12:19:05.284+0800: 508452.918: [GC (Allocation Failure) 2018-11-01T12:19:05.284+0800: 508452.918: [ParNew: 441881K->9853K(480640K), 0.0472291 secs] 1388259K->956239K(8344960K), 0.0474721 secs] [Times: user=0.13 sys=0.00, real=0.05 secs]
2018-11-01T12:29:03.388+0800: 509051.021: [GC (Allocation Failure) 2018-11-01T12:29:03.388+0800: 509051.021: [ParNew: 446845K->12304K(480640K), 0.0501526 secs] 1393231K->958696K(8344960K), 0.0504214 secs] [Times: user=0.14 sys=0.00, real=0.05 secs]
2018-11-01T12:45:33.435+0800: 510041.068: [GC (Allocation Failure) 2018-11-01T12:45:33.435+0800: 510041.068: [ParNew: 449296K->5370K(480640K), 0.0386423 secs] 1395688K->951774K(8344960K), 0.0389043 secs] [Times: user=0.13 sys=0.00, real=0.04 secs]
2018-11-01T13:00:03.251+0800: 510910.885: [GC (Allocation Failure) 2018-11-01T13:00:03.251+0800: 510910.885: [ParNew: 442361K->5499K(480640K), 0.1389559 secs] 1388766K->951913K(8344960K), 0.1392978 secs] [Times: user=0.23 sys=0.00, real=0.14 secs]
2018-11-01T13:11:12.543+0800: 511580.176: [GC (Allocation Failure) 2018-11-01T13:11:12.543+0800: 511580.176: [ParNew: 442491K->4041K(480640K), 0.0454786 secs] 1388905K->950461K(8344960K), 0.0457395 secs] [Times: user=0.11 sys=0.00, real=0.05 secs]
2018-11-01T13:26:46.348+0800: 512513.981: [GC (Allocation Failure) 2018-11-01T13:26:46.348+0800: 512513.981: [ParNew: 441033K->2959K(480640K), 0.0391080 secs] 1387453K->949383K(8344960K), 0.0393726 secs] [Times: user=0.11 sys=0.00, real=0.04 secs]
2018-11-01T13:44:27.574+0800: 513575.207: [GC (Allocation Failure) 2018-11-01T13:44:27.574+0800: 513575.207: [ParNew: 439951K->2951K(480640K), 0.0398930 secs] 1386375K->949380K(8344960K), 0.0401758 secs] [Times: user=0.13 sys=0.00, real=0.04 secs]
2018-11-01T14:00:00.262+0800: 514507.895: [GC (Allocation Failure) 2018-11-01T14:00:00.262+0800: 514507.895: [ParNew: 439943K->2937K(480640K), 0.0308601 secs] 1386372K->949377K(8344960K), 0.0311530 secs] [Times: user=0.11 sys=0.00, real=0.03 secs]
2018-11-01T14:09:23.994+0800: 515071.627: [GC (Allocation Failure) 2018-11-01T14:09:23.994+0800: 515071.627: [ParNew: 439929K->4661K(480640K), 0.0388813 secs] 1386369K->951108K(8344960K), 0.0391597 secs] [Times: user=0.12 sys=0.00, real=0.04 secs]
2018-11-01T14:25:37.289+0800: 516044.922: [GC (Allocation Failure) 2018-11-01T14:25:37.289+0800: 516044.922: [ParNew: 441653K->4897K(480640K), 0.0346270 secs] 1388100K->951361K(8344960K), 0.0348783 secs] [Times: user=0.12 sys=0.00, real=0.03 secs]
2018-11-01T14:42:28.073+0800: 517055.706: [GC (Allocation Failure) 2018-11-01T14:42:28.073+0800: 517055.706: [ParNew: 441889K->4593K(480640K), 0.0393451 secs] 1388353K->951069K(8344960K), 0.0396126 secs] [Times: user=0.13 sys=0.00, real=0.04 secs]
2018-11-01T14:57:59.765+0800: 517987.399: [GC (Allocation Failure) 2018-11-01T14:57:59.765+0800: 517987.399: [ParNew: 441585K->2931K(480640K), 0.0337729 secs] 1388061K->949415K(8344960K), 0.0340167 secs] [Times: user=0.12 sys=0.00, real=0.04 secs]
2018-11-01T15:07:27.971+0800: 518555.604: [GC (Allocation Failure) 2018-11-01T15:07:27.971+0800: 518555.604: [ParNew: 439923K->4856K(480640K), 0.0679402 secs] 1386407K->951350K(8344960K), 0.0682475 secs] [Times: user=0.12 sys=0.00, real=0.07 secs]
2018-11-01T15:25:09.956+0800: 519617.589: [GC (Allocation Failure) 2018-11-01T15:25:09.956+0800: 519617.589: [ParNew: 441848K->3015K(480640K), 0.0366103 secs] 1388342K->949519K(8344960K), 0.0368793 secs] [Times: user=0.13 sys=0.00, real=0.03 secs]
2018-11-01T15:40:44.430+0800: 520552.064: [GC (Allocation Failure) 2018-11-01T15:40:44.430+0800: 520552.064: [ParNew: 440007K->2984K(480640K), 0.0416477 secs] 1386511K->949514K(8344960K), 0.0419247 secs] [Times: user=0.10 sys=0.00, real=0.04 secs]
2018-11-01T15:56:17.216+0800: 521484.849: [GC (Allocation Failure) 2018-11-01T15:56:17.216+0800: 521484.849: [ParNew: 439976K->2953K(480640K), 0.0374701 secs] 1386506K->949492K(8344960K), 0.0377807 secs] [Times: user=0.13 sys=0.00, real=0.03 secs]
2018-11-01T16:05:41.968+0800: 522049.601: [GC (Allocation Failure) 2018-11-01T16:05:41.968+0800: 522049.601: [ParNew: 439945K->5419K(480640K), 0.0357163 secs] 1386484K->951975K(8344960K), 0.0360035 secs] [Times: user=0.12 sys=0.00, real=0.04 secs]
2018-11-01T16:23:11.320+0800: 523098.954: [GC (Allocation Failure) 2018-11-01T16:23:11.320+0800: 523098.954: [ParNew: 442411K->3559K(480640K), 0.0343687 secs] 1388967K->950132K(8344960K), 0.0346196 secs] [Times: user=0.12 sys=0.00, real=0.03 secs]
2018-11-01T16:38:06.691+0800: 523994.324: [GC (Allocation Failure) 2018-11-01T16:38:06.691+0800: 523994.324: [ParNew: 440551K->3607K(480640K), 0.0392191 secs] 1387124K->950191K(8344960K), 0.0394935 secs] [Times: user=0.12 sys=0.00, real=0.04 secs]
2018-11-01T16:51:57.771+0800: 524825.404: [GC (Allocation Failure) 2018-11-01T16:51:57.771+0800: 524825.404: [ParNew: 440599K->7984K(480640K), 0.0515675 secs] 1387183K->954580K(8344960K), 0.0518196 secs] [Times: user=0.16 sys=0.00, real=0.05 secs]
2018-11-01T17:01:18.286+0800: 525385.919: [GC (Allocation Failure) 2018-11-01T17:01:18.286+0800: 525385.919: [ParNew: 444025K->6314K(480640K), 0.0445230 secs] 1390620K->952921K(8344960K), 0.0447851 secs] [Times: user=0.13 sys=0.00, real=0.05 secs]
2018-11-01T17:14:29.189+0800: 526176.822: [GC (Allocation Failure) 2018-11-01T17:14:29.189+0800: 526176.822: [ParNew: 443306K->9213K(480640K), 0.0476247 secs] 1389913K->955832K(8344960K), 0.0478944 secs] [Times: user=0.14 sys=0.00, real=0.05 secs]
2018-11-01T17:25:37.307+0800: 526844.940: [GC (Allocation Failure) 2018-11-01T17:25:37.307+0800: 526844.940: [ParNew: 446205K->10398K(480640K), 0.0446976 secs] 1392824K->957028K(8344960K), 0.0449649 secs] [Times: user=0.14 sys=0.00, real=0.04 secs]
2018-11-01T17:38:50.612+0800: 527638.246: [GC (Allocation Failure) 2018-11-01T17:38:50.613+0800: 527638.246: [ParNew: 447390K->10107K(480640K), 0.0443816 secs] 1394020K->956748K(8344960K), 0.0446438 secs] [Times: user=0.13 sys=0.00, real=0.05 secs]
2018-11-01T17:47:38.652+0800: 528166.285: [GC (Allocation Failure) 2018-11-01T17:47:38.652+0800: 528166.285: [ParNew: 447099K->13985K(480640K), 0.0630658 secs] 1393740K->960637K(8344960K), 0.0633430 secs] [Times: user=0.15 sys=0.00, real=0.06 secs]
2018-11-01T17:56:33.094+0800: 528700.728: [GC (Allocation Failure) 2018-11-01T17:56:33.094+0800: 528700.728: [ParNew: 450977K->13480K(480640K), 0.0641756 secs] 1397629K->960144K(8344960K), 0.0644231 secs] [Times: user=0.13 sys=0.00, real=0.07 secs]
2018-11-01T18:04:15.463+0800: 529163.097: [GC (Allocation Failure) 2018-11-01T18:04:15.463+0800: 529163.097: [ParNew: 450472K->9820K(480640K), 0.0465362 secs] 1397136K->956495K(8344960K), 0.0467894 secs] [Times: user=0.13 sys=0.00, real=0.05 secs]
2018-11-01T18:17:09.608+0800: 529937.242: [GC (Allocation Failure) 2018-11-01T18:17:09.608+0800: 529937.242: [ParNew: 446797K->6125K(480640K), 0.0519096 secs] 1393472K->952810K(8344960K), 0.0521968 secs] [Times: user=0.14 sys=0.00, real=0.05 secs]
2018-11-01T18:27:52.217+0800: 530579.850: [GC (Allocation Failure) 2018-11-01T18:27:52.217+0800: 530579.850: [ParNew: 443117K->11601K(480640K), 0.0507887 secs] 1389802K->958299K(8344960K), 0.0510514 secs] [Times: user=0.15 sys=0.00, real=0.05 secs]
2018-11-01T18:41:03.098+0800: 531370.732: [GC (Allocation Failure) 2018-11-01T18:41:03.098+0800: 531370.732: [ParNew: 448593K->8134K(480640K), 0.0459797 secs] 1395291K->954842K(8344960K), 0.0462406 secs] [Times: user=0.14 sys=0.00, real=0.04 secs]
2018-11-01T18:54:15.481+0800: 532163.114: [GC (Allocation Failure) 2018-11-01T18:54:15.481+0800: 532163.114: [ParNew: 445126K->8399K(480640K), 0.0455627 secs] 1391834K->955118K(8344960K), 0.0458662 secs] [Times: user=0.14 sys=0.00, real=0.05 secs]
2018-11-01T19:00:17.839+0800: 532525.473: [GC (Allocation Failure) 2018-11-01T19:00:17.839+0800: 532525.473: [ParNew: 445391K->10536K(480640K), 0.0628125 secs] 1392110K->957265K(8344960K), 0.0631069 secs] [Times: user=0.14 sys=0.00, real=0.06 secs]
2018-11-01T19:15:37.286+0800: 533444.920: [GC (Allocation Failure) 2018-11-01T19:15:37.286+0800: 533444.920: [ParNew: 447528K->4322K(480640K), 0.0361793 secs] 1394257K->951063K(8344960K), 0.0364974 secs] [Times: user=0.13 sys=0.00, real=0.03 secs]
2018-11-01T19:27:58.906+0800: 534186.539: [GC (Allocation Failure) 2018-11-01T19:27:58.906+0800: 534186.539: [ParNew: 441314K->9640K(480640K), 0.0453008 secs] 1388055K->956396K(8344960K), 0.0455703 secs] [Times: user=0.14 sys=0.00, real=0.04 secs]
2018-11-01T19:41:08.752+0800: 534976.385: [GC (Allocation Failure) 2018-11-01T19:41:08.752+0800: 534976.386: [ParNew: 446632K->8181K(480640K), 0.0444062 secs] 1393388K->954946K(8344960K), 0.0446650 secs] [Times: user=0.14 sys=0.00, real=0.05 secs]
2018-11-01T19:56:45.182+0800: 535912.816: [GC (Allocation Failure) 2018-11-01T19:56:45.183+0800: 535912.816: [ParNew: 445173K->2949K(480640K), 0.0316422 secs] 1391938K->949735K(8344960K), 0.0319200 secs] [Times: user=0.11 sys=0.00, real=0.03 secs]
2018-11-01T20:06:11.949+0800: 536479.583: [GC (Allocation Failure) 2018-11-01T20:06:11.949+0800: 536479.583: [ParNew: 439941K->4935K(480640K), 0.0426766 secs] 1386727K->951731K(8344960K), 0.0429417 secs] [Times: user=0.13 sys=0.00, real=0.04 secs]
2018-11-01T20:23:53.598+0800: 537541.232: [GC (Allocation Failure) 2018-11-01T20:23:53.598+0800: 537541.232: [ParNew: 441927K->3509K(480640K), 0.0464802 secs] 1388723K->950312K(8344960K), 0.0467365 secs] [Times: user=0.13 sys=0.00, real=0.04 secs]
2018-11-01T20:35:37.294+0800: 538244.928: [GC (Allocation Failure) 2018-11-01T20:35:37.295+0800: 538244.928: [ParNew: 440501K->10847K(480640K), 0.0474088 secs] 1387304K->957660K(8344960K), 0.0476800 secs] [Times: user=0.15 sys=0.00, real=0.05 secs]
2018-11-01T20:52:01.399+0800: 539229.033: [GC (Allocation Failure) 2018-11-01T20:52:01.400+0800: 539229.033: [ParNew: 447839K->5495K(480640K), 0.0389748 secs] 1394652K->952314K(8344960K), 0.0392099 secs] [Times: user=0.13 sys=0.00, real=0.04 secs]
2018-11-01T21:00:08.059+0800: 539715.693: [GC (Allocation Failure) 2018-11-01T21:00:08.060+0800: 539715.693: [ParNew: 442487K->10171K(480640K), 0.0504096 secs] 1389306K->956995K(8344960K), 0.0507294 secs] [Times: user=0.15 sys=0.00, real=0.05 secs]
2018-11-01T21:13:06.006+0800: 540493.639: [GC (Allocation Failure) 2018-11-01T21:13:06.006+0800: 540493.640: [ParNew: 447163K->6695K(480640K), 0.0640902 secs] 1393987K->953528K(8344960K), 0.0643746 secs] [Times: user=0.20 sys=0.00, real=0.06 secs]
2018-11-01T21:24:04.597+0800: 541152.230: [GC (Allocation Failure) 2018-11-01T21:24:04.597+0800: 541152.230: [ParNew: 443687K->11027K(480640K), 0.0529300 secs] 1390520K->957877K(8344960K), 0.0531996 secs] [Times: user=0.14 sys=0.00, real=0.05 secs]
2018-11-01T21:39:39.045+0800: 542086.678: [GC (Allocation Failure) 2018-11-01T21:39:39.045+0800: 542086.679: [ParNew: 448019K->3011K(480640K), 0.0334246 secs] 1394869K->949870K(8344960K), 0.0336910 secs] [Times: user=0.13 sys=0.00, real=0.04 secs]
2018-11-01T21:55:37.298+0800: 543044.931: [GC (Allocation Failure) 2018-11-01T21:55:37.298+0800: 543044.932: [ParNew: 440003K->4761K(480640K), 0.0330546 secs] 1386862K->951628K(8344960K), 0.0333101 secs] [Times: user=0.12 sys=0.00, real=0.03 secs]
2018-11-01T22:05:33.437+0800: 543641.071: [GC (Allocation Failure) 2018-11-01T22:05:33.437+0800: 543641.071: [ParNew: 441753K->7703K(480640K), 0.0380320 secs] 1388620K->954579K(8344960K), 0.0382822 secs] [Times: user=0.13 sys=0.00, real=0.03 secs]
2018-11-01T22:22:04.053+0800: 544631.686: [GC (Allocation Failure) 2018-11-01T22:22:04.053+0800: 544631.686: [ParNew: 444695K->5140K(480640K), 0.0373906 secs] 1391571K->952032K(8344960K), 0.0376205 secs] [Times: user=0.11 sys=0.00, real=0.04 secs]
2018-11-01T22:35:15.217+0800: 545422.850: [GC (Allocation Failure) 2018-11-01T22:35:15.217+0800: 545422.851: [ParNew: 442132K->7996K(480640K), 0.0572273 secs] 1389024K->954903K(8344960K), 0.0574766 secs] [Times: user=0.14 sys=0.00, real=0.05 secs]
2018-11-01T22:50:40.376+0800: 546348.010: [GC (Allocation Failure) 2018-11-01T22:50:40.376+0800: 546348.010: [ParNew: 444988K->2898K(480640K), 0.0340940 secs] 1391895K->949813K(8344960K), 0.0343947 secs] [Times: user=0.12 sys=0.00, real=0.03 secs]
2018-11-01T23:00:14.387+0800: 546922.021: [GC (Allocation Failure) 2018-11-01T23:00:14.388+0800: 546922.021: [ParNew: 439592K->6664K(480640K), 0.0426586 secs] 1386507K->953588K(8344960K), 0.0429287 secs] [Times: user=0.15 sys=0.00, real=0.04 secs]
2018-11-01T23:15:37.306+0800: 547844.939: [GC (Allocation Failure) 2018-11-01T23:15:37.306+0800: 547844.939: [ParNew: 443656K->5870K(480640K), 0.0314059 secs] 1390580K->952804K(8344960K), 0.0316889 secs] [Times: user=0.11 sys=0.00, real=0.03 secs]
2018-11-01T23:33:15.766+0800: 548903.399: [GC (Allocation Failure) 2018-11-01T23:33:15.766+0800: 548903.399: [ParNew: 442862K->5319K(480640K), 0.0397592 secs] 1389796K->952263K(8344960K), 0.0400693 secs] [Times: user=0.13 sys=0.00, real=0.05 secs]
2018-11-01T23:48:51.322+0800: 549838.956: [GC (Allocation Failure) 2018-11-01T23:48:51.322+0800: 549838.956: [ParNew: 442311K->2781K(480640K), 0.0336864 secs] 1389255K->949737K(8344960K), 0.0339559 secs] [Times: user=0.12 sys=0.00, real=0.04 secs]
2018-11-02T00:00:12.696+0800: 550520.330: [GC (Allocation Failure) 2018-11-02T00:00:12.697+0800: 550520.330: [ParNew: 439773K->5270K(480640K), 0.0487831 secs] 1386729K->952234K(8344960K), 0.0490800 secs] [Times: user=0.14 sys=0.00, real=0.04 secs]
2018-11-02T00:15:33.432+0800: 551441.066: [GC (Allocation Failure) 2018-11-02T00:15:33.432+0800: 551441.066: [ParNew: 442262K->5266K(480640K), 0.0338869 secs] 1389226K->952241K(8344960K), 0.0341597 secs] [Times: user=0.12 sys=0.00, real=0.04 secs]
2018-11-02T00:31:41.335+0800: 552408.968: [GC (Allocation Failure) 2018-11-02T00:31:41.335+0800: 552408.968: [ParNew: 442258K->4614K(480640K), 0.0335097 secs] 1389233K->951595K(8344960K), 0.0337828 secs] [Times: user=0.13 sys=0.00, real=0.04 secs]
2018-11-02T00:47:14.231+0800: 553341.864: [GC (Allocation Failure) 2018-11-02T00:47:14.231+0800: 553341.865: [ParNew: 441606K->3376K(480640K), 0.0340792 secs] 1388587K->950369K(8344960K), 0.0343185 secs] [Times: user=0.12 sys=0.00, real=0.03 secs]
2018-11-02T01:00:06.888+0800: 554114.521: [GC (Allocation Failure) 2018-11-02T01:00:06.888+0800: 554114.521: [ParNew: 440368K->5630K(480640K), 0.0434062 secs] 1387361K->952635K(8344960K), 0.0437029 secs] [Times: user=0.13 sys=0.00, real=0.04 secs]
2018-11-02T01:14:45.206+0800: 554992.839: [GC (Allocation Failure) 2018-11-02T01:14:45.206+0800: 554992.839: [ParNew: 442622K->4455K(480640K), 0.0388473 secs] 1389627K->951469K(8344960K), 0.0391304 secs] [Times: user=0.13 sys=0.00, real=0.04 secs]
2018-11-02T01:30:19.656+0800: 555927.289: [GC (Allocation Failure) 2018-11-02T01:30:19.656+0800: 555927.290: [ParNew: 441447K->3158K(480640K), 0.0344711 secs] 1388461K->950184K(8344960K), 0.0347351 secs] [Times: user=0.12 sys=0.00, real=0.03 secs]
2018-11-02T01:45:50.755+0800: 556858.388: [GC (Allocation Failure) 2018-11-02T01:45:50.755+0800: 556858.388: [ParNew: 440150K->3802K(480640K), 0.0393187 secs] 1387176K->950838K(8344960K), 0.0395688 secs] [Times: user=0.12 sys=0.00, real=0.04 secs]
2018-11-02T02:00:05.650+0800: 557713.283: [GC (Allocation Failure) 2018-11-02T02:00:05.650+0800: 557713.283: [ParNew: 440794K->5648K(480640K), 0.0366636 secs] 1387830K->952695K(8344960K), 0.0369328 secs] [Times: user=0.13 sys=0.00, real=0.04 secs]
2018-11-02T02:13:07.965+0800: 558495.599: [GC (Allocation Failure) 2018-11-02T02:13:07.965+0800: 558495.599: [ParNew: 442640K->4953K(480640K), 0.0344085 secs] 1389687K->952015K(8344960K), 0.0346621 secs] [Times: user=0.13 sys=0.00, real=0.04 secs]
2018-11-02T02:28:40.465+0800: 559428.098: [GC (Allocation Failure) 2018-11-02T02:28:40.465+0800: 559428.098: [ParNew: 441945K->3237K(480640K), 0.0313970 secs] 1389007K->950310K(8344960K), 0.0316664 secs] [Times: user=0.11 sys=0.00, real=0.04 secs]
2018-11-02T02:45:33.435+0800: 560441.068: [GC (Allocation Failure) 2018-11-02T02:45:33.435+0800: 560441.068: [ParNew: 440229K->4960K(480640K), 0.0336987 secs] 1387302K->952044K(8344960K), 0.0339757 secs] [Times: user=0.12 sys=0.00, real=0.04 secs]
2018-11-02T03:00:04.778+0800: 561312.411: [GC (Allocation Failure) 2018-11-02T03:00:04.778+0800: 561312.411: [ParNew: 441952K->4693K(480640K), 0.0374740 secs] 1389036K->951787K(8344960K), 0.0377305 secs] [Times: user=0.14 sys=0.00, real=0.03 secs]
2018-11-02T03:11:35.720+0800: 562003.353: [GC (Allocation Failure) 2018-11-02T03:11:35.720+0800: 562003.353: [ParNew: 441685K->4459K(480640K), 0.0586921 secs] 1388779K->951565K(8344960K), 0.0589639 secs] [Times: user=0.19 sys=0.00, real=0.06 secs]
2018-11-02T03:27:09.754+0800: 562937.388: [GC (Allocation Failure) 2018-11-02T03:27:09.754+0800: 562937.388: [ParNew: 441451K->3332K(480640K), 0.0336085 secs] 1388557K->950448K(8344960K), 0.0338651 secs] [Times: user=0.13 sys=0.00, real=0.04 secs]
2018-11-02T03:44:49.243+0800: 563996.877: [GC (Allocation Failure) 2018-11-02T03:44:49.244+0800: 563996.877: [ParNew: 440324K->3423K(480640K), 0.0335486 secs] 1387440K->950837K(8344960K), 0.0338131 secs] [Times: user=0.11 sys=0.00, real=0.04 secs]
2018-11-02T04:00:00.531+0800: 564908.165: [GC (Allocation Failure) 2018-11-02T04:00:00.532+0800: 564908.165: [ParNew: 440415K->3023K(480640K), 0.0469976 secs] 1387829K->950463K(8344960K), 0.0472819 secs] [Times: user=0.16 sys=0.00, real=0.05 secs]
2018-11-02T04:09:59.060+0800: 565506.694: [GC (Allocation Failure) 2018-11-02T04:09:59.060+0800: 565506.694: [ParNew: 440015K->4911K(480640K), 0.0380844 secs] 1387455K->952362K(8344960K), 0.0383449 secs] [Times: user=0.13 sys=0.00, real=0.04 secs]
2018-11-02T04:25:37.303+0800: 566444.937: [GC (Allocation Failure) 2018-11-02T04:25:37.303+0800: 566444.937: [ParNew: 441903K->5819K(480640K), 0.0323163 secs] 1389354K->953281K(8344960K), 0.0325624 secs] [Times: user=0.12 sys=0.00, real=0.04 secs]
2018-11-02T04:43:15.699+0800: 567503.332: [GC (Allocation Failure) 2018-11-02T04:43:15.699+0800: 567503.332: [ParNew: 442811K->4716K(480640K), 0.0319606 secs] 1390273K->952188K(8344960K), 0.0322185 secs] [Times: user=0.12 sys=0.00, real=0.03 secs]
2018-11-02T04:58:45.174+0800: 568432.808: [GC (Allocation Failure) 2018-11-02T04:58:45.175+0800: 568432.808: [ParNew: 441708K->2989K(480640K), 0.0319242 secs] 1389180K->950475K(8344960K), 0.0321555 secs] [Times: user=0.11 sys=0.00, real=0.04 secs]
2018-11-02T05:08:40.338+0800: 569027.971: [GC (Allocation Failure) 2018-11-02T05:08:40.338+0800: 569027.972: [ParNew: 439981K->4830K(480640K), 0.0378405 secs] 1387467K->952327K(8344960K), 0.0381211 secs] [Times: user=0.13 sys=0.00, real=0.04 secs]
2018-11-02T05:25:33.432+0800: 570041.066: [GC (Allocation Failure) 2018-11-02T05:25:33.433+0800: 570041.066: [ParNew: 441822K->4369K(480640K), 0.0350796 secs] 1389319K->951875K(8344960K), 0.0353761 secs] [Times: user=0.13 sys=0.00, real=0.04 secs]
2018-11-02T05:41:44.921+0800: 571012.555: [GC (Allocation Failure) 2018-11-02T05:41:44.922+0800: 571012.555: [ParNew: 441361K->4138K(480640K), 0.0565470 secs] 1388867K->951677K(8344960K), 0.0568006 secs] [Times: user=0.18 sys=0.00, real=0.06 secs]
2018-11-02T05:57:17.462+0800: 571945.096: [GC (Allocation Failure) 2018-11-02T05:57:17.462+0800: 571945.096: [ParNew: 441130K->2763K(480640K), 0.0324484 secs] 1388669K->950312K(8344960K), 0.0326944 secs] [Times: user=0.12 sys=0.00, real=0.03 secs]
2018-11-02T06:07:06.933+0800: 572534.567: [GC (Allocation Failure) 2018-11-02T06:07:06.934+0800: 572534.567: [ParNew: 439755K->4718K(480640K), 0.0390871 secs] 1387304K->952278K(8344960K), 0.0393556 secs] [Times: user=0.13 sys=0.00, real=0.04 secs]
2018-11-02T06:24:39.304+0800: 573586.938: [GC (Allocation Failure) 2018-11-02T06:24:39.304+0800: 573586.938: [ParNew: 441705K->2990K(480640K), 0.0322770 secs] 1389264K->950562K(8344960K), 0.0325180 secs] [Times: user=0.12 sys=0.00, real=0.04 secs]
2018-11-02T06:40:08.452+0800: 574516.085: [GC (Allocation Failure) 2018-11-02T06:40:08.452+0800: 574516.085: [ParNew: 439982K->2953K(480640K), 0.0330526 secs] 1387554K->950535K(8344960K), 0.0333258 secs] [Times: user=0.13 sys=0.00, real=0.03 secs]
2018-11-02T06:55:37.335+0800: 575444.969: [GC (Allocation Failure) 2018-11-02T06:55:37.335+0800: 575444.969: [ParNew: 439945K->3370K(480640K), 0.0382127 secs] 1387527K->950964K(8344960K), 0.0384924 secs] [Times: user=0.12 sys=0.00, real=0.04 secs]
2018-11-02T07:05:37.304+0800: 576044.937: [GC (Allocation Failure) 2018-11-02T07:05:37.304+0800: 576044.937: [ParNew: 440362K->7494K(480640K), 0.0424633 secs] 1387956K->955099K(8344960K), 0.0427428 secs] [Times: user=0.15 sys=0.00, real=0.05 secs]
2018-11-02T07:23:12.576+0800: 577100.209: [GC (Allocation Failure) 2018-11-02T07:23:12.576+0800: 577100.210: [ParNew: 444486K->5076K(480640K), 0.0337084 secs] 1392091K->952693K(8344960K), 0.0339750 secs] [Times: user=0.12 sys=0.00, real=0.03 secs]
2018-11-02T07:38:43.215+0800: 578030.849: [GC (Allocation Failure) 2018-11-02T07:38:43.215+0800: 578030.849: [ParNew: 442068K->2699K(480640K), 0.0347305 secs] 1389685K->950327K(8344960K), 0.0350108 secs] [Times: user=0.13 sys=0.00, real=0.04 secs]
2018-11-02T07:55:33.436+0800: 579041.069: [GC (Allocation Failure) 2018-11-02T07:55:33.436+0800: 579041.069: [ParNew: 439691K->4843K(480640K), 0.0361840 secs] 1387319K->952479K(8344960K), 0.0364393 secs] [Times: user=0.13 sys=0.00, real=0.04 secs]
2018-11-02T08:05:33.438+0800: 579641.072: [GC (Allocation Failure) 2018-11-02T08:05:33.438+0800: 579641.072: [ParNew: 441835K->7380K(480640K), 0.0702576 secs] 1389471K->955027K(8344960K), 0.0705151 secs] [Times: user=0.16 sys=0.00, real=0.07 secs]
2018-11-02T08:21:55.953+0800: 580623.586: [GC (Allocation Failure) 2018-11-02T08:21:55.953+0800: 580623.586: [ParNew: 444372K->4798K(480640K), 0.0348934 secs] 1392019K->952457K(8344960K), 0.0351458 secs] [Times: user=0.12 sys=0.00, real=0.04 secs]
2018-11-02T08:37:26.441+0800: 581554.074: [GC (Allocation Failure) 2018-11-02T08:37:26.441+0800: 581554.074: [ParNew: 441790K->2943K(480640K), 0.0422237 secs] 1389449K->950614K(8344960K), 0.0425923 secs] [Times: user=0.11 sys=0.00, real=0.04 secs]
2018-11-02T08:55:02.761+0800: 582610.395: [GC (Allocation Failure) 2018-11-02T08:55:02.761+0800: 582610.395: [ParNew: 439935K->3177K(480640K), 0.0335760 secs] 1387606K->950859K(8344960K), 0.0338132 secs] [Times: user=0.11 sys=0.00, real=0.03 secs]
2018-11-02T09:04:53.016+0800: 583200.649: [GC (Allocation Failure) 2018-11-02T09:04:53.016+0800: 583200.649: [ParNew: 440169K->4382K(480640K), 0.0436680 secs] 1387851K->952075K(8344960K), 0.0439594 secs] [Times: user=0.13 sys=0.00, real=0.04 secs]
2018-11-02T09:20:22.420+0800: 584130.053: [GC (Allocation Failure) 2018-11-02T09:20:22.420+0800: 584130.054: [ParNew: 441374K->3439K(480640K), 0.0338451 secs] 1389067K->951143K(8344960K), 0.0341091 secs] [Times: user=0.12 sys=0.00, real=0.03 secs]
2018-11-02T09:35:54.095+0800: 585061.729: [GC (Allocation Failure) 2018-11-02T09:35:54.096+0800: 585061.729: [ParNew: 440431K->3194K(480640K), 0.0321711 secs] 1388135K->950909K(8344960K), 0.0324681 secs] [Times: user=0.12 sys=0.00, real=0.04 secs]
2018-11-02T09:53:33.659+0800: 586121.292: [GC (Allocation Failure) 2018-11-02T09:53:33.659+0800: 586121.292: [ParNew: 440186K->3138K(480640K), 0.0334502 secs] 1387901K->950876K(8344960K), 0.0336964 secs] [Times: user=0.12 sys=0.00, real=0.03 secs]
2018-11-02T10:03:05.001+0800: 586692.634: [GC (Allocation Failure) 2018-11-02T10:03:05.001+0800: 586692.634: [ParNew: 440130K->4569K(480640K), 0.0409264 secs] 1387868K->952320K(8344960K), 0.0411913 secs] [Times: user=0.13 sys=0.00, real=0.04 secs]
2018-11-02T10:18:37.711+0800: 587625.345: [GC (Allocation Failure) 2018-11-02T10:18:37.711+0800: 587625.345: [ParNew: 441561K->3002K(480640K), 0.0331752 secs] 1389312K->950764K(8344960K), 0.0334318 secs] [Times: user=0.12 sys=0.00, real=0.03 secs]
2018-11-02T10:35:33.425+0800: 588641.058: [GC (Allocation Failure) 2018-11-02T10:35:33.425+0800: 588641.058: [ParNew: 439994K->4824K(480640K), 0.0325898 secs] 1387756K->952596K(8344960K), 0.0328524 secs] [Times: user=0.11 sys=0.00, real=0.04 secs]
2018-11-02T10:51:04.571+0800: 589572.204: [GC (Allocation Failure) 2018-11-02T10:51:04.571+0800: 589572.204: [ParNew: 441816K->4730K(480640K), 0.0386384 secs] 1389588K->952514K(8344960K), 0.0389170 secs] [Times: user=0.12 sys=0.00, real=0.04 secs]
2018-11-02T11:00:35.139+0800: 590142.772: [GC (Allocation Failure) 2018-11-02T11:00:35.139+0800: 590142.772: [ParNew: 441722K->4964K(480640K), 0.0423807 secs] 1389506K->952759K(8344960K), 0.0426590 secs] [Times: user=0.13 sys=0.00, real=0.04 secs]
2018-11-02T11:11:13.098+0800: 590780.732: [GC (Allocation Failure) 2018-11-02T11:11:13.099+0800: 590780.732: [ParNew: 441956K->11590K(480640K), 0.0512369 secs] 1389751K->959397K(8344960K), 0.0515084 secs] [Times: user=0.15 sys=0.00, real=0.05 secs]
2018-11-02T11:25:37.281+0800: 591644.915: [GC (Allocation Failure) 2018-11-02T11:25:37.281+0800: 591644.915: [ParNew: 448582K->7429K(480640K), 0.0410377 secs] 1396389K->955247K(8344960K), 0.0413320 secs] [Times: user=0.13 sys=0.00, real=0.04 secs]
2018-11-02T11:42:03.712+0800: 592631.345: [GC (Allocation Failure) 2018-11-02T11:42:03.712+0800: 592631.345: [ParNew: 444421K->4143K(480640K), 0.0378087 secs] 1392239K->951972K(8344960K), 0.0380685 secs] [Times: user=0.11 sys=0.00, real=0.04 secs]
2018-11-02T11:57:30.660+0800: 593558.293: [GC (Allocation Failure) 2018-11-02T11:57:30.660+0800: 593558.293: [ParNew: 441135K->2777K(480640K), 0.0325680 secs] 1388964K->950617K(8344960K), 0.0328377 secs] [Times: user=0.12 sys=0.00, real=0.03 secs]
2018-11-02T12:07:11.221+0800: 594138.854: [GC (Allocation Failure) 2018-11-02T12:07:11.221+0800: 594138.854: [ParNew: 439769K->4883K(480640K), 0.0393114 secs] 1387609K->952735K(8344960K), 0.0395775 secs] [Times: user=0.13 sys=0.00, real=0.04 secs]
2018-11-02T12:24:37.447+0800: 595185.080: [GC (Allocation Failure) 2018-11-02T12:24:37.447+0800: 595185.080: [ParNew: 441875K->3140K(480640K), 0.0344967 secs] 1389727K->951005K(8344960K), 0.0347664 secs] [Times: user=0.12 sys=0.00, real=0.03 secs]
2018-11-02T12:40:00.483+0800: 596108.116: [GC (Allocation Failure) 2018-11-02T12:40:00.483+0800: 596108.116: [ParNew: 440132K->2995K(480640K), 0.0357274 secs] 1387997K->950882K(8344960K), 0.0360123 secs] [Times: user=0.13 sys=0.00, real=0.04 secs]
2018-11-02T12:55:37.301+0800: 597044.934: [GC (Allocation Failure) 2018-11-02T12:55:37.301+0800: 597044.934: [ParNew: 439987K->5182K(480640K), 0.0396684 secs] 1387874K->953080K(8344960K), 0.0399299 secs] [Times: user=0.14 sys=0.00, real=0.04 secs]
2018-11-02T13:05:37.298+0800: 597644.932: [GC (Allocation Failure) 2018-11-02T13:05:37.299+0800: 597644.932: [ParNew: 442174K->7575K(480640K), 0.0420831 secs] 1390072K->955484K(8344960K), 0.0423781 secs] [Times: user=0.14 sys=0.00, real=0.04 secs]
2018-11-02T13:22:42.712+0800: 598670.346: [GC (Allocation Failure) 2018-11-02T13:22:42.712+0800: 598670.346: [ParNew: 444567K->4766K(480640K), 0.0329195 secs] 1392476K->952687K(8344960K), 0.0331876 secs] [Times: user=0.12 sys=0.00, real=0.03 secs]
2018-11-02T13:38:15.166+0800: 599602.800: [GC (Allocation Failure) 2018-11-02T13:38:15.167+0800: 599602.800: [ParNew: 441758K->3017K(480640K), 0.0306357 secs] 1389679K->950953K(8344960K), 0.0308792 secs] [Times: user=0.11 sys=0.00, real=0.03 secs]
2018-11-02T13:55:33.421+0800: 600641.054: [GC (Allocation Failure) 2018-11-02T13:55:33.421+0800: 600641.054: [ParNew: 440009K->4659K(480640K), 0.0354495 secs] 1387945K->952606K(8344960K), 0.0357342 secs] [Times: user=0.13 sys=0.00, real=0.04 secs]
2018-11-02T14:05:33.422+0800: 601241.055: [GC (Allocation Failure) 2018-11-02T14:05:33.422+0800: 601241.056: [ParNew: 441651K->7396K(480640K), 0.0387876 secs] 1389598K->955355K(8344960K), 0.0390982 secs] [Times: user=0.13 sys=0.00, real=0.04 secs]
2018-11-02T14:21:11.720+0800: 602179.354: [GC (Allocation Failure) 2018-11-02T14:21:11.721+0800: 602179.354: [ParNew: 444388K->4518K(480640K), 0.0329843 secs] 1392347K->952487K(8344960K), 0.0332397 secs] [Times: user=0.12 sys=0.00, real=0.03 secs]
2018-11-02T14:36:47.982+0800: 603115.616: [GC (Allocation Failure) 2018-11-02T14:36:47.983+0800: 603115.616: [ParNew: 441510K->2950K(480640K), 0.0299143 secs] 1389479K->950931K(8344960K), 0.0301698 secs] [Times: user=0.12 sys=0.00, real=0.03 secs]
2018-11-02T14:54:28.669+0800: 604176.303: [GC (Allocation Failure) 2018-11-02T14:54:28.669+0800: 604176.303: [ParNew: 439942K->2890K(480640K), 0.0330811 secs] 1387923K->950892K(8344960K), 0.0333411 secs] [Times: user=0.11 sys=0.00, real=0.03 secs]
2018-11-02T15:04:16.130+0800: 604763.763: [GC (Allocation Failure) 2018-11-02T15:04:16.130+0800: 604763.763: [ParNew: 439882K->4449K(480640K), 0.0353085 secs] 1387884K->952469K(8344960K), 0.0355586 secs] [Times: user=0.12 sys=0.00, real=0.03 secs]
2018-11-02T15:19:49.212+0800: 605696.845: [GC (Allocation Failure) 2018-11-02T15:19:49.212+0800: 605696.846: [ParNew: 441441K->2984K(480640K), 0.0326943 secs] 1389461K->951014K(8344960K), 0.0329362 secs] [Times: user=0.12 sys=0.00, real=0.03 secs]
2018-11-02T15:32:47.941+0800: 606475.574: [GC (Allocation Failure) 2018-11-02T15:32:47.941+0800: 606475.575: [ParNew: 439976K->8253K(480640K), 0.0437525 secs] 1388006K->956294K(8344960K), 0.0440135 secs] [Times: user=0.13 sys=0.00, real=0.04 secs]
2018-11-02T15:48:22.087+0800: 607409.721: [GC (Allocation Failure) 2018-11-02T15:48:22.087+0800: 607409.721: [ParNew: 445245K->3066K(480640K), 0.0414260 secs] 1393286K->951119K(8344960K), 0.0416831 secs] [Times: user=0.12 sys=0.00, real=0.04 secs]
2018-11-02T16:00:17.830+0800: 608125.463: [GC (Allocation Failure) 2018-11-02T16:00:17.830+0800: 608125.463: [ParNew: 440058K->4989K(480640K), 0.0374203 secs] 1388111K->953054K(8344960K), 0.0376871 secs] [Times: user=0.12 sys=0.00, real=0.04 secs]
2018-11-02T16:15:33.417+0800: 609041.050: [GC (Allocation Failure) 2018-11-02T16:15:33.417+0800: 609041.050: [ParNew: 441981K->5108K(480640K), 0.0357050 secs] 1390046K->953188K(8344960K), 0.0359944 secs] [Times: user=0.13 sys=0.00, real=0.03 secs]
2018-11-02T16:31:09.668+0800: 609977.301: [GC (Allocation Failure) 2018-11-02T16:31:09.668+0800: 609977.302: [ParNew: 442100K->3936K(480640K), 0.0306604 secs] 1390180K->952027K(8344960K), 0.0309187 secs] [Times: user=0.11 sys=0.00, real=0.03 secs]
2018-11-02T16:46:43.619+0800: 610911.252: [GC (Allocation Failure) 2018-11-02T16:46:43.619+0800: 610911.253: [ParNew: 440928K->2721K(480640K), 0.0300578 secs] 1389019K->950823K(8344960K), 0.0303220 secs] [Times: user=0.11 sys=0.00, real=0.03 secs]
2018-11-02T17:00:14.701+0800: 611722.335: [GC (Allocation Failure) 2018-11-02T17:00:14.701+0800: 611722.335: [ParNew: 439713K->4442K(480640K), 0.0426642 secs] 1387815K->952556K(8344960K), 0.0429530 secs] [Times: user=0.16 sys=0.00, real=0.04 secs]
2018-11-02T17:14:07.738+0800: 612555.371: [GC (Allocation Failure) 2018-11-02T17:14:07.738+0800: 612555.371: [ParNew: 441434K->3804K(480640K), 0.0342858 secs] 1389548K->951929K(8344960K), 0.0345461 secs] [Times: user=0.12 sys=0.00, real=0.03 secs]
2018-11-02T17:29:43.519+0800: 613491.152: [GC (Allocation Failure) 2018-11-02T17:29:43.519+0800: 613491.152: [ParNew: 440796K->3153K(480640K), 0.0310953 secs] 1388921K->951290K(8344960K), 0.0313531 secs] [Times: user=0.12 sys=0.00, real=0.03 secs]
2018-11-02T17:45:37.300+0800: 614444.933: [GC (Allocation Failure) 2018-11-02T17:45:37.300+0800: 614444.933: [ParNew: 440145K->5263K(480640K), 0.0338078 secs] 1388282K->953411K(8344960K), 0.0340821 secs] [Times: user=0.13 sys=0.00, real=0.03 secs]
2018-11-02T18:00:05.655+0800: 615313.288: [GC (Allocation Failure) 2018-11-02T18:00:05.655+0800: 615313.288: [ParNew: 442255K->4941K(480640K), 0.0350224 secs] 1390403K->953101K(8344960K), 0.0353049 secs] [Times: user=0.13 sys=0.00, real=0.04 secs]
2018-11-02T18:12:51.994+0800: 616079.627: [GC (Allocation Failure) 2018-11-02T18:12:51.994+0800: 616079.627: [ParNew: 441933K->4147K(480640K), 0.0301366 secs] 1390093K->952318K(8344960K), 0.0304144 secs] [Times: user=0.11 sys=0.00, real=0.03 secs]
2018-11-02T18:28:15.190+0800: 617002.823: [GC (Allocation Failure) 2018-11-02T18:28:15.190+0800: 617002.823: [ParNew: 441139K->3419K(480640K), 0.0346059 secs] 1389310K->951602K(8344960K), 0.0348674 secs] [Times: user=0.13 sys=0.00, real=0.03 secs]
2018-11-02T18:45:33.422+0800: 618041.056: [GC (Allocation Failure) 2018-11-02T18:45:33.422+0800: 618041.056: [ParNew: 440411K->4241K(480640K), 0.0371558 secs] 1388594K->952435K(8344960K), 0.0374287 secs] [Times: user=0.11 sys=0.00, real=0.04 secs]
2018-11-02T19:00:02.777+0800: 618910.411: [GC (Allocation Failure) 2018-11-02T19:00:02.778+0800: 618910.411: [ParNew: 441233K->4351K(480640K), 0.0338818 secs] 1389427K->952556K(8344960K), 0.0341424 secs] [Times: user=0.13 sys=0.00, real=0.03 secs]
2018-11-02T19:11:15.166+0800: 619582.800: [GC (Allocation Failure) 2018-11-02T19:11:15.166+0800: 619582.800: [ParNew: 441343K->4174K(480640K), 0.0333951 secs] 1389548K->952395K(8344960K), 0.0336363 secs] [Times: user=0.11 sys=0.00, real=0.03 secs]
2018-11-02T19:26:44.067+0800: 620511.700: [GC (Allocation Failure) 2018-11-02T19:26:44.067+0800: 620511.701: [ParNew: 441166K->3384K(480640K), 0.0322552 secs] 1389387K->951616K(8344960K), 0.0325254 secs] [Times: user=0.12 sys=0.00, real=0.03 secs]
2018-11-02T19:44:19.155+0800: 621566.788: [GC (Allocation Failure) 2018-11-02T19:44:19.155+0800: 621566.788: [ParNew: 440376K->2809K(480640K), 0.0327997 secs] 1388608K->951061K(8344960K), 0.0330602 secs] [Times: user=0.12 sys=0.00, real=0.04 secs]
2018-11-02T19:59:51.710+0800: 622499.344: [GC (Allocation Failure) 2018-11-02T19:59:51.711+0800: 622499.344: [ParNew: 439801K->3100K(480640K), 0.0345350 secs] 1388053K->951363K(8344960K), 0.0347922 secs] [Times: user=0.13 sys=0.00, real=0.03 secs]
2018-11-02T20:09:45.169+0800: 623092.803: [GC (Allocation Failure) 2018-11-02T20:09:45.170+0800: 623092.803: [ParNew: 440092K->4836K(480640K), 0.0410140 secs] 1388355K->953110K(8344960K), 0.0412777 secs] [Times: user=0.15 sys=0.00, real=0.04 secs]
2018-11-02T20:25:37.300+0800: 624044.934: [GC (Allocation Failure) 2018-11-02T20:25:37.301+0800: 624044.934: [ParNew: 441828K->5016K(480640K), 0.0376032 secs] 1390102K->953300K(8344960K), 0.0378767 secs] [Times: user=0.14 sys=0.00, real=0.04 secs]
2018-11-02T20:42:52.763+0800: 625080.396: [GC (Allocation Failure) 2018-11-02T20:42:52.763+0800: 625080.396: [ParNew: 442008K->4302K(480640K), 0.0326347 secs] 1390292K->952597K(8344960K), 0.0329236 secs] [Times: user=0.13 sys=0.00, real=0.04 secs]
2018-11-02T20:58:17.716+0800: 626005.349: [GC (Allocation Failure) 2018-11-02T20:58:17.716+0800: 626005.349: [ParNew: 441294K->2838K(480640K), 0.0341367 secs] 1389589K->951146K(8344960K), 0.0344029 secs] [Times: user=0.13 sys=0.00, real=0.04 secs]
2018-11-02T21:08:10.430+0800: 626598.064: [GC (Allocation Failure) 2018-11-02T21:08:10.430+0800: 626598.064: [ParNew: 439830K->4784K(480640K), 0.0373574 secs] 1388138K->953104K(8344960K), 0.0376083 secs] [Times: user=0.13 sys=0.00, real=0.04 secs]
2018-11-02T21:25:33.422+0800: 627641.055: [GC (Allocation Failure) 2018-11-02T21:25:33.422+0800: 627641.055: [ParNew: 441776K->4843K(480640K), 0.0318289 secs] 1390096K->953173K(8344960K), 0.0320674 secs] [Times: user=0.11 sys=0.00, real=0.03 secs]
2018-11-02T21:41:15.684+0800: 628583.317: [GC (Allocation Failure) 2018-11-02T21:41:15.684+0800: 628583.318: [ParNew: 441835K->4238K(480640K), 0.0305740 secs] 1390165K->952578K(8344960K), 0.0308308 secs] [Times: user=0.12 sys=0.00, real=0.03 secs]
2018-11-02T21:56:44.184+0800: 629511.817: [GC (Allocation Failure) 2018-11-02T21:56:44.184+0800: 629511.817: [ParNew: 441230K->2841K(480640K), 0.0313099 secs] 1389570K->951195K(8344960K), 0.0315571 secs] [Times: user=0.12 sys=0.00, real=0.03 secs]
2018-11-02T22:06:31.316+0800: 630098.949: [GC (Allocation Failure) 2018-11-02T22:06:31.316+0800: 630098.950: [ParNew: 439833K->4776K(480640K), 0.0374547 secs] 1388187K->953141K(8344960K), 0.0377261 secs] [Times: user=0.13 sys=0.00, real=0.03 secs]
2018-11-02T22:24:08.959+0800: 631156.593: [GC (Allocation Failure) 2018-11-02T22:24:08.959+0800: 631156.593: [ParNew: 441768K->2981K(480640K), 0.0310600 secs] 1390133K->951358K(8344960K), 0.0313073 secs] [Times: user=0.11 sys=0.00, real=0.03 secs]
2018-11-02T22:39:35.706+0800: 632083.339: [GC (Allocation Failure) 2018-11-02T22:39:35.706+0800: 632083.339: [ParNew: 439973K->2905K(480640K), 0.0325986 secs] 1388350K->951292K(8344960K), 0.0328663 secs] [Times: user=0.12 sys=0.00, real=0.04 secs]
2018-11-02T22:55:37.297+0800: 633044.930: [GC (Allocation Failure) 2018-11-02T22:55:37.297+0800: 633044.930: [ParNew: 439897K->4214K(480640K), 0.0312779 secs] 1388284K->952613K(8344960K), 0.0315438 secs] [Times: user=0.11 sys=0.00, real=0.03 secs]
2018-11-02T23:05:37.291+0800: 633644.924: [GC (Allocation Failure) 2018-11-02T23:05:37.291+0800: 633644.924: [ParNew: 441206K->7151K(480640K), 0.0392112 secs] 1389605K->955562K(8344960K), 0.0394815 secs] [Times: user=0.13 sys=0.00, real=0.04 secs]
2018-11-02T23:22:35.133+0800: 634662.767: [GC (Allocation Failure) 2018-11-02T23:22:35.133+0800: 634662.767: [ParNew: 444143K->5326K(480640K), 0.0317247 secs] 1392554K->953750K(8344960K), 0.0319819 secs] [Times: user=0.12 sys=0.00, real=0.03 secs]
2018-11-02T23:38:09.202+0800: 635596.835: [GC (Allocation Failure) 2018-11-02T23:38:09.202+0800: 635596.835: [ParNew: 442318K->2805K(480640K), 0.0322712 secs] 1390742K->951240K(8344960K), 0.0325386 secs] [Times: user=0.12 sys=0.00, real=0.03 secs]
2018-11-02T23:55:33.415+0800: 636641.049: [GC (Allocation Failure) 2018-11-02T23:55:33.416+0800: 636641.049: [ParNew: 439797K->4120K(480640K), 0.0309446 secs] 1388232K->952562K(8344960K), 0.0311928 secs] [Times: user=0.12 sys=0.00, real=0.04 secs]
2018-11-03T00:04:48.426+0800: 637196.059: [GC (Allocation Failure) 2018-11-03T00:04:48.426+0800: 637196.059: [ParNew: 441112K->6015K(480640K), 0.0365586 secs] 1389554K->954468K(8344960K), 0.0368188 secs] [Times: user=0.12 sys=0.00, real=0.04 secs]
2018-11-03T00:20:16.430+0800: 638124.064: [GC (Allocation Failure) 2018-11-03T00:20:16.430+0800: 638124.064: [ParNew: 443007K->2870K(480640K), 0.0330251 secs] 1391460K->951335K(8344960K), 0.0332740 secs] [Times: user=0.13 sys=0.00, real=0.03 secs]
2018-11-03T00:35:51.818+0800: 639059.451: [GC (Allocation Failure) 2018-11-03T00:35:51.818+0800: 639059.451: [ParNew: 439862K->3682K(480640K), 0.0300597 secs] 1388327K->952158K(8344960K), 0.0303178 secs] [Times: user=0.10 sys=0.00, real=0.03 secs]
2018-11-03T00:53:26.073+0800: 640113.706: [GC (Allocation Failure) 2018-11-03T00:53:26.073+0800: 640113.706: [ParNew: 440674K->3915K(480640K), 0.0322311 secs] 1389150K->952401K(8344960K), 0.0324933 secs] [Times: user=0.11 sys=0.01, real=0.03 secs]
2018-11-03T01:02:34.409+0800: 640662.042: [GC (Allocation Failure) 2018-11-03T01:02:34.409+0800: 640662.042: [ParNew: 440907K->4329K(480640K), 0.0377227 secs] 1389393K->952827K(8344960K), 0.0379777 secs] [Times: user=0.13 sys=0.00, real=0.04 secs]
2018-11-03T01:18:09.036+0800: 641596.669: [GC (Allocation Failure) 2018-11-03T01:18:09.036+0800: 641596.670: [ParNew: 441321K->3191K(480640K), 0.0310436 secs] 1389819K->951701K(8344960K), 0.0313037 secs] [Times: user=0.11 sys=0.00, real=0.03 secs]
2018-11-03T01:35:33.419+0800: 642641.053: [GC (Allocation Failure) 2018-11-03T01:35:33.420+0800: 642641.053: [ParNew: 440183K->4612K(480640K), 0.0327645 secs] 1388693K->953133K(8344960K), 0.0330222 secs] [Times: user=0.12 sys=0.00, real=0.03 secs]
2018-11-03T01:51:10.019+0800: 643577.653: [GC (Allocation Failure) 2018-11-03T01:51:10.019+0800: 643577.653: [ParNew: 441604K->4210K(480640K), 0.0320479 secs] 1390125K->952741K(8344960K), 0.0322910 secs] [Times: user=0.12 sys=0.00, real=0.03 secs]
2018-11-03T02:00:25.663+0800: 644133.297: [GC (Allocation Failure) 2018-11-03T02:00:25.664+0800: 644133.297: [ParNew: 441202K->5049K(480640K), 0.0413890 secs] 1389733K->953592K(8344960K), 0.0416580 secs] [Times: user=0.14 sys=0.00, real=0.04 secs]
2018-11-03T02:16:00.001+0800: 645067.635: [GC (Allocation Failure) 2018-11-03T02:16:00.001+0800: 645067.635: [ParNew: 442041K->3832K(480640K), 0.0365910 secs] 1390584K->952386K(8344960K), 0.0368659 secs] [Times: user=0.13 sys=0.00, real=0.04 secs]
2018-11-03T02:33:39.802+0800: 646127.435: [GC (Allocation Failure) 2018-11-03T02:33:39.802+0800: 646127.435: [ParNew: 440824K->2812K(480640K), 0.0347470 secs] 1389378K->951378K(8344960K), 0.0350707 secs] [Times: user=0.13 sys=0.00, real=0.04 secs]
2018-11-03T02:49:11.445+0800: 647059.078: [GC (Allocation Failure) 2018-11-03T02:49:11.445+0800: 647059.078: [ParNew: 439804K->3641K(480640K), 0.0314507 secs] 1388370K->952231K(8344960K), 0.0317179 secs] [Times: user=0.11 sys=0.02, real=0.04 secs]
2018-11-03T03:00:09.394+0800: 647717.028: [GC (Allocation Failure) 2018-11-03T03:00:09.394+0800: 647717.028: [ParNew: 440633K->5546K(480640K), 0.0395035 secs] 1389223K->954147K(8344960K), 0.0397712 secs] [Times: user=0.13 sys=0.00, real=0.04 secs]
2018-11-03T03:15:33.430+0800: 648641.063: [GC (Allocation Failure) 2018-11-03T03:15:33.430+0800: 648641.063: [ParNew: 442538K->5977K(480640K), 0.0340053 secs] 1391139K->954591K(8344960K), 0.0342820 secs] [Times: user=0.11 sys=0.02, real=0.03 secs]
2018-11-03T03:31:38.657+0800: 649606.290: [GC (Allocation Failure) 2018-11-03T03:31:38.657+0800: 649606.291: [ParNew: 442969K->4566K(480640K), 0.0324551 secs] 1391583K->953191K(8344960K), 0.0327215 secs] [Times: user=0.13 sys=0.00, real=0.03 secs]
2018-11-03T03:47:12.148+0800: 650539.781: [GC (Allocation Failure) 2018-11-03T03:47:12.148+0800: 650539.781: [ParNew: 441558K->3104K(480640K), 0.0316670 secs] 1390183K->952047K(8344960K), 0.0319361 secs] [Times: user=0.12 sys=0.00, real=0.03 secs]
2018-11-03T04:00:10.458+0800: 651318.092: [GC (Allocation Failure) 2018-11-03T04:00:10.458+0800: 651318.092: [ParNew: 440096K->4637K(480640K), 0.0366523 secs] 1389039K->953600K(8344960K), 0.0369279 secs] [Times: user=0.13 sys=0.00, real=0.03 secs]
2018-11-03T04:09:39.842+0800: 651887.475: [GC (Allocation Failure) 2018-11-03T04:09:39.842+0800: 651887.475: [ParNew: 441629K->9610K(480640K), 0.0445456 secs] 1390592K->958584K(8344960K), 0.0447968 secs] [Times: user=0.13 sys=0.00, real=0.05 secs]
2018-11-03T04:25:37.297+0800: 652844.931: [GC (Allocation Failure) 2018-11-03T04:25:37.298+0800: 652844.931: [ParNew: 446602K->4420K(480640K), 0.0378493 secs] 1395576K->953406K(8344960K), 0.0381070 secs] [Times: user=0.12 sys=0.00, real=0.03 secs]
2018-11-03T04:42:45.180+0800: 653872.813: [GC (Allocation Failure) 2018-11-03T04:42:45.180+0800: 653872.813: [ParNew: 441412K->4019K(480640K), 0.0325496 secs] 1390398K->953015K(8344960K), 0.0328174 secs] [Times: user=0.12 sys=0.00, real=0.03 secs]
2018-11-03T04:58:18.736+0800: 654806.370: [GC (Allocation Failure) 2018-11-03T04:58:18.736+0800: 654806.370: [ParNew: 441011K->2723K(480640K), 0.0368341 secs] 1390007K->951729K(8344960K), 0.0370906 secs] [Times: user=0.14 sys=0.00, real=0.03 secs]
2018-11-03T05:07:27.622+0800: 655355.255: [GC (Allocation Failure) 2018-11-03T05:07:27.622+0800: 655355.255: [ParNew: 439715K->4826K(480640K), 0.0383956 secs] 1388721K->953844K(8344960K), 0.0386605 secs] [Times: user=0.14 sys=0.00, real=0.04 secs]
2018-11-03T05:25:02.669+0800: 656410.303: [GC (Allocation Failure) 2018-11-03T05:25:02.669+0800: 656410.303: [ParNew: 441818K->2999K(480640K), 0.0319298 secs] 1390836K->952029K(8344960K), 0.0321807 secs] [Times: user=0.12 sys=0.00, real=0.03 secs]
2018-11-03T05:40:37.102+0800: 657344.735: [GC (Allocation Failure) 2018-11-03T05:40:37.102+0800: 657344.735: [ParNew: 439991K->2942K(480640K), 0.0314758 secs] 1389021K->951978K(8344960K), 0.0317219 secs] [Times: user=0.11 sys=0.01, real=0.03 secs]
2018-11-03T05:56:07.619+0800: 658275.252: [GC (Allocation Failure) 2018-11-03T05:56:07.619+0800: 658275.252: [ParNew: 439934K->2959K(480640K), 0.0303024 secs] 1388970K->952006K(8344960K), 0.0305624 secs] [Times: user=0.12 sys=0.00, real=0.03 secs]
2018-11-03T06:05:37.301+0800: 658844.935: [GC (Allocation Failure) 2018-11-03T06:05:37.301+0800: 658844.935: [ParNew: 439951K->6418K(480640K), 0.0494899 secs] 1388998K->955477K(8344960K), 0.0497801 secs] [Times: user=0.17 sys=0.00, real=0.05 secs]
2018-11-03T06:22:55.771+0800: 659883.405: [GC (Allocation Failure) 2018-11-03T06:22:55.771+0800: 659883.405: [ParNew: 443410K->4583K(480640K), 0.0338117 secs] 1392469K->953652K(8344960K), 0.0340536 secs] [Times: user=0.12 sys=0.00, real=0.03 secs]
2018-11-03T06:38:24.956+0800: 660812.589: [GC (Allocation Failure) 2018-11-03T06:38:24.956+0800: 660812.589: [ParNew: 441575K->2938K(480640K), 0.0326316 secs] 1390644K->952015K(8344960K), 0.0328857 secs] [Times: user=0.12 sys=0.00, real=0.03 secs]
2018-11-03T06:55:33.429+0800: 661841.062: [GC (Allocation Failure) 2018-11-03T06:55:33.429+0800: 661841.062: [ParNew: 439930K->5507K(480640K), 0.0330100 secs] 1389007K->954599K(8344960K), 0.0332832 secs] [Times: user=0.13 sys=0.00, real=0.03 secs]
2018-11-03T07:05:17.510+0800: 662425.143: [GC (Allocation Failure) 2018-11-03T07:05:17.510+0800: 662425.144: [ParNew: 442498K->6608K(480640K), 0.0485085 secs] 1391591K->955712K(8344960K), 0.0488669 secs] [Times: user=0.16 sys=0.00, real=0.05 secs]
2018-11-03T07:20:45.223+0800: 663352.857: [GC (Allocation Failure) 2018-11-03T07:20:45.223+0800: 663352.857: [ParNew: 443600K->3136K(480640K), 0.0313567 secs] 1392704K->952251K(8344960K), 0.0315941 secs] [Times: user=0.12 sys=0.00, real=0.03 secs]
2018-11-03T07:36:15.180+0800: 664282.813: [GC (Allocation Failure) 2018-11-03T07:36:15.180+0800: 664282.814: [ParNew: 440128K->2906K(480640K), 0.0337057 secs] 1389243K->952029K(8344960K), 0.0339929 secs] [Times: user=0.12 sys=0.00, real=0.03 secs]
2018-11-03T07:53:54.919+0800: 665342.552: [GC (Allocation Failure) 2018-11-03T07:53:54.919+0800: 665342.552: [ParNew: 439898K->2989K(480640K), 0.0335849 secs] 1389021K->952140K(8344960K), 0.0338673 secs] [Times: user=0.13 sys=0.00, real=0.03 secs]
2018-11-03T08:03:03.603+0800: 665891.237: [GC (Allocation Failure) 2018-11-03T08:03:03.603+0800: 665891.237: [ParNew: 439981K->4572K(480640K), 0.0364986 secs] 1389132K->953735K(8344960K), 0.0367665 secs] [Times: user=0.12 sys=0.00, real=0.04 secs]
2018-11-03T08:18:39.734+0800: 666827.367: [GC (Allocation Failure) 2018-11-03T08:18:39.734+0800: 666827.368: [ParNew: 441564K->2990K(480640K), 0.0321276 secs] 1390727K->952165K(8344960K), 0.0323802 secs] [Times: user=0.12 sys=0.00, real=0.04 secs]
2018-11-03T08:35:33.433+0800: 667841.067: [GC (Allocation Failure) 2018-11-03T08:35:33.433+0800: 667841.067: [ParNew: 439982K->4711K(480640K), 0.0327100 secs] 1389157K->953897K(8344960K), 0.0329950 secs] [Times: user=0.12 sys=0.00, real=0.04 secs]
2018-11-03T08:51:47.901+0800: 668815.534: [GC (Allocation Failure) 2018-11-03T08:51:47.901+0800: 668815.535: [ParNew: 441703K->4200K(480640K), 0.0306282 secs] 1390889K->953414K(8344960K), 0.0309068 secs] [Times: user=0.12 sys=0.00, real=0.03 secs]
2018-11-03T09:00:55.766+0800: 669363.399: [GC (Allocation Failure) 2018-11-03T09:00:55.766+0800: 669363.399: [ParNew: 441192K->4426K(480640K), 0.0399068 secs] 1390406K->953652K(8344960K), 0.0402130 secs] [Times: user=0.14 sys=0.00, real=0.04 secs]
2018-11-03T09:16:22.005+0800: 670289.638: [GC (Allocation Failure) 2018-11-03T09:16:22.005+0800: 670289.639: [ParNew: 441418K->3359K(480640K), 0.0361350 secs] 1390644K->952595K(8344960K), 0.0363923 secs] [Times: user=0.14 sys=0.00, real=0.04 secs]
2018-11-03T09:33:55.915+0800: 671343.548: [GC (Allocation Failure) 2018-11-03T09:33:55.915+0800: 671343.548: [ParNew: 440351K->2765K(480640K), 0.0318651 secs] 1389587K->952012K(8344960K), 0.0321169 secs] [Times: user=0.12 sys=0.00, real=0.04 secs]
2018-11-03T09:49:30.569+0800: 672278.203: [GC (Allocation Failure) 2018-11-03T09:49:30.569+0800: 672278.203: [ParNew: 439757K->2994K(480640K), 0.0317621 secs] 1389004K->952265K(8344960K), 0.0320044 secs] [Times: user=0.12 sys=0.00, real=0.03 secs]
2018-11-03T10:00:12.953+0800: 672920.586: [GC (Allocation Failure) 2018-11-03T10:00:12.953+0800: 672920.586: [ParNew: 439986K->5128K(480640K), 0.0411352 secs] 1389257K->954411K(8344960K), 0.0414501 secs] [Times: user=0.14 sys=0.00, real=0.04 secs]
2018-11-03T10:15:33.432+0800: 673841.065: [GC (Allocation Failure) 2018-11-03T10:15:33.432+0800: 673841.065: [ParNew: 442120K->5394K(480640K), 0.0404498 secs] 1391403K->954687K(8344960K), 0.0407287 secs] [Times: user=0.13 sys=0.00, real=0.04 secs]
2018-11-03T10:31:17.676+0800: 674785.310: [GC (Allocation Failure) 2018-11-03T10:31:17.676+0800: 674785.310: [ParNew: 442386K->4270K(480640K), 0.0337757 secs] 1391679K->953576K(8344960K), 0.0340553 secs] [Times: user=0.12 sys=0.00, real=0.03 secs]
2018-11-03T10:46:38.317+0800: 675705.951: [GC (Allocation Failure) 2018-11-03T10:46:38.317+0800: 675705.951: [ParNew: 441262K->2873K(480640K), 0.0316660 secs] 1390568K->952190K(8344960K), 0.0319205 secs] [Times: user=0.12 sys=0.00, real=0.03 secs]
2018-11-03T11:00:06.523+0800: 676514.156: [GC (Allocation Failure) 2018-11-03T11:00:06.523+0800: 676514.157: [ParNew: 439865K->4890K(480640K), 0.0393698 secs] 1389182K->954218K(8344960K), 0.0396386 secs] [Times: user=0.14 sys=0.00, real=0.04 secs]
2018-11-03T11:13:16.044+0800: 677303.678: [GC (Allocation Failure) 2018-11-03T11:13:16.045+0800: 677303.678: [ParNew: 441882K->4903K(480640K), 0.0341932 secs] 1391210K->954242K(8344960K), 0.0344648 secs] [Times: user=0.13 sys=0.00, real=0.04 secs]
2018-11-03T11:28:30.746+0800: 678218.379: [GC (Allocation Failure) 2018-11-03T11:28:30.746+0800: 678218.379: [ParNew: 441893K->2893K(480640K), 0.0328538 secs] 1391232K->952244K(8344960K), 0.0331305 secs] [Times: user=0.12 sys=0.00, real=0.04 secs]
2018-11-03T11:45:33.425+0800: 679241.058: [GC (Allocation Failure) 2018-11-03T11:45:33.425+0800: 679241.058: [ParNew: 439885K->5310K(480640K), 0.0434472 secs] 1389236K->954667K(8344960K), 0.0437202 secs] [Times: user=0.16 sys=0.00, real=0.05 secs]
2018-11-03T11:56:54.960+0800: 679922.593: [GC (Allocation Failure) 2018-11-03T11:56:54.960+0800: 679922.593: [ParNew: 442302K->9634K(480640K), 0.0471211 secs] 1391659K->959002K(8344960K), 0.0474073 secs] [Times: user=0.15 sys=0.00, real=0.05 secs]
2018-11-03T12:05:53.208+0800: 680460.841: [GC (Allocation Failure) 2018-11-03T12:05:53.208+0800: 680460.841: [ParNew: 446626K->5108K(480640K), 0.0375019 secs] 1395994K->954488K(8344960K), 0.0377697 secs] [Times: user=0.13 sys=0.00, real=0.03 secs]
2018-11-03T12:23:15.217+0800: 681502.851: [GC (Allocation Failure) 2018-11-03T12:23:15.217+0800: 681502.851: [ParNew: 442100K->3606K(480640K), 0.0318479 secs] 1391480K->952998K(8344960K), 0.0321086 secs] [Times: user=0.11 sys=0.00, real=0.03 secs]
2018-11-03T12:38:43.213+0800: 682430.846: [GC (Allocation Failure) 2018-11-03T12:38:43.213+0800: 682430.846: [ParNew: 440598K->2681K(480640K), 0.0323663 secs] 1389990K->952080K(8344960K), 0.0326261 secs] [Times: user=0.12 sys=0.00, real=0.03 secs]
2018-11-03T12:55:33.430+0800: 683441.063: [GC (Allocation Failure) 2018-11-03T12:55:33.430+0800: 683441.063: [ParNew: 439673K->4903K(480640K), 0.0383625 secs] 1389072K->954313K(8344960K), 0.0386369 secs] [Times: user=0.14 sys=0.00, real=0.04 secs]
2018-11-03T13:01:11.883+0800: 683779.516: [GC (Allocation Failure) 2018-11-03T13:01:11.883+0800: 683779.516: [ParNew: 441894K->10274K(480640K), 0.0480810 secs] 1391304K->959695K(8344960K), 0.0483476 secs] [Times: user=0.15 sys=0.00, real=0.05 secs]
2018-11-03T13:16:15.766+0800: 684683.400: [GC (Allocation Failure) 2018-11-03T13:16:15.767+0800: 684683.400: [ParNew: 447266K->3446K(480640K), 0.0352152 secs] 1396687K->952878K(8344960K), 0.0354744 secs] [Times: user=0.12 sys=0.00, real=0.03 secs]
2018-11-03T13:34:00.004+0800: 685747.638: [GC (Allocation Failure) 2018-11-03T13:34:00.004+0800: 685747.638: [ParNew: 440437K->3359K(480640K), 0.0381841 secs] 1389869K->952799K(8344960K), 0.0384332 secs] [Times: user=0.13 sys=0.00, real=0.04 secs]
2018-11-03T13:49:31.314+0800: 686678.948: [GC (Allocation Failure) 2018-11-03T13:49:31.314+0800: 686678.948: [ParNew: 440351K->2761K(480640K), 0.0302295 secs] 1389791K->952212K(8344960K), 0.0304740 secs] [Times: user=0.10 sys=0.01, real=0.03 secs]
2018-11-03T14:00:09.703+0800: 687317.336: [GC (Allocation Failure) 2018-11-03T14:00:09.703+0800: 687317.336: [ParNew: 439753K->5341K(480640K), 0.0420076 secs] 1389204K->954803K(8344960K), 0.0423137 secs] [Times: user=0.14 sys=0.00, real=0.04 secs]
2018-11-03T14:15:33.434+0800: 688241.068: [GC (Allocation Failure) 2018-11-03T14:15:33.435+0800: 688241.068: [ParNew: 442333K->5683K(480640K), 0.0375316 secs] 1391795K->955157K(8344960K), 0.0378016 secs] [Times: user=0.14 sys=0.00, real=0.04 secs]
2018-11-03T14:31:45.208+0800: 689212.841: [GC (Allocation Failure) 2018-11-03T14:31:45.208+0800: 689212.841: [ParNew: 442675K->4544K(480640K), 0.0347055 secs] 1392149K->954028K(8344960K), 0.0350006 secs] [Times: user=0.12 sys=0.00, real=0.03 secs]
2018-11-03T14:47:15.041+0800: 690142.675: [GC (Allocation Failure) 2018-11-03T14:47:15.042+0800: 690142.675: [ParNew: 441536K->2169K(480640K), 0.0309712 secs] 1391020K->951670K(8344960K), 0.0312280 secs] [Times: user=0.11 sys=0.00, real=0.03 secs]
2018-11-03T15:00:07.538+0800: 690915.171: [GC (Allocation Failure) 2018-11-03T15:00:07.538+0800: 690915.171: [ParNew: 439161K->5108K(480640K), 0.0332924 secs] 1388662K->954619K(8344960K), 0.0335643 secs] [Times: user=0.12 sys=0.00, real=0.03 secs]
2018-11-03T15:14:06.751+0800: 691754.384: [GC (Allocation Failure) 2018-11-03T15:14:06.751+0800: 691754.385: [ParNew: 442100K->4810K(480640K), 0.0317682 secs] 1391611K->954335K(8344960K), 0.0320375 secs] [Times: user=0.10 sys=0.01, real=0.03 secs]
2018-11-03T15:29:45.168+0800: 692692.802: [GC (Allocation Failure) 2018-11-03T15:29:45.168+0800: 692692.802: [ParNew: 441802K->2582K(480640K), 0.0307479 secs] 1391327K->952122K(8344960K), 0.0309994 secs] [Times: user=0.12 sys=0.00, real=0.03 secs]
2018-11-03T15:45:37.308+0800: 693644.941: [GC (Allocation Failure) 2018-11-03T15:45:37.308+0800: 693644.942: [ParNew: 439574K->4870K(480640K), 0.0400928 secs] 1389114K->954420K(8344960K), 0.0403946 secs] [Times: user=0.13 sys=0.00, real=0.04 secs]
2018-11-03T16:00:05.120+0800: 694512.754: [GC (Allocation Failure) 2018-11-03T16:00:05.120+0800: 694512.754: [ParNew: 441862K->4867K(480640K), 0.0379659 secs] 1391412K->954430K(8344960K), 0.0382449 secs] [Times: user=0.14 sys=0.00, real=0.04 secs]
2018-11-03T16:12:03.564+0800: 695231.198: [GC (Allocation Failure) 2018-11-03T16:12:03.564+0800: 695231.198: [ParNew: 441859K->3892K(480640K), 0.0349290 secs] 1391422K->953466K(8344960K), 0.0351873 secs] [Times: user=0.12 sys=0.00, real=0.04 secs]
2018-11-03T16:27:36.737+0800: 696164.371: [GC (Allocation Failure) 2018-11-03T16:27:36.737+0800: 696164.371: [ParNew: 440884K->2941K(480640K), 0.0308542 secs] 1390458K->952531K(8344960K), 0.0311323 secs] [Times: user=0.11 sys=0.00, real=0.03 secs]
2018-11-03T16:45:15.939+0800: 697223.573: [GC (Allocation Failure) 2018-11-03T16:45:15.939+0800: 697223.573: [ParNew: 439927K->2951K(480640K), 0.0413138 secs] 1389517K->952568K(8344960K), 0.0416199 secs] [Times: user=0.16 sys=0.00, real=0.04 secs]
2018-11-03T17:00:01.478+0800: 698109.112: [GC (Allocation Failure) 2018-11-03T17:00:01.478+0800: 698109.112: [ParNew: 439943K->3528K(480640K), 0.0372688 secs] 1389560K->953162K(8344960K), 0.0375523 secs] [Times: user=0.14 sys=0.00, real=0.04 secs]
2018-11-03T17:09:53.404+0800: 698701.038: [GC (Allocation Failure) 2018-11-03T17:09:53.404+0800: 698701.038: [ParNew: 440520K->4681K(480640K), 0.0376183 secs] 1390154K->954327K(8344960K), 0.0378854 secs] [Times: user=0.13 sys=0.00, real=0.04 secs]
2018-11-03T17:25:37.302+0800: 699644.936: [GC (Allocation Failure) 2018-11-03T17:25:37.302+0800: 699644.936: [ParNew: 441673K->5704K(480640K), 0.0313698 secs] 1391319K->955361K(8344960K), 0.0316389 secs] [Times: user=0.11 sys=0.00, real=0.03 secs]
2018-11-03T17:43:09.957+0800: 700697.590: [GC (Allocation Failure) 2018-11-03T17:43:09.957+0800: 700697.590: [ParNew: 442696K->4397K(480640K), 0.0309782 secs] 1392353K->954061K(8344960K), 0.0312258 secs] [Times: user=0.11 sys=0.00, real=0.03 secs]
2018-11-03T17:58:35.766+0800: 701623.399: [GC (Allocation Failure) 2018-11-03T17:58:35.766+0800: 701623.399: [ParNew: 441389K->2848K(480640K), 0.0338411 secs] 1391053K->952523K(8344960K), 0.0341132 secs] [Times: user=0.13 sys=0.00, real=0.03 secs]
2018-11-03T18:07:44.231+0800: 702171.864: [GC (Allocation Failure) 2018-11-03T18:07:44.231+0800: 702171.864: [ParNew: 439840K->4852K(480640K), 0.0375025 secs] 1389515K->954538K(8344960K), 0.0377590 secs] [Times: user=0.13 sys=0.00, real=0.04 secs]
2018-11-03T18:25:15.932+0800: 703223.566: [GC (Allocation Failure) 2018-11-03T18:25:15.933+0800: 703223.566: [ParNew: 441780K->3415K(480640K), 0.0348883 secs] 1391466K->953111K(8344960K), 0.0351189 secs] [Times: user=0.13 sys=0.00, real=0.04 secs]
2018-11-03T18:40:53.049+0800: 704160.683: [GC (Allocation Failure) 2018-11-03T18:40:53.049+0800: 704160.683: [ParNew: 440407K->2483K(480640K), 0.0320567 secs] 1390103K->952187K(8344960K), 0.0323146 secs] [Times: user=0.10 sys=0.01, real=0.03 secs]
2018-11-03T18:56:28.046+0800: 705095.679: [GC (Allocation Failure) 2018-11-03T18:56:28.046+0800: 705095.679: [ParNew: 439475K->3067K(480640K), 0.0359958 secs] 1389179K->952782K(8344960K), 0.0363411 secs] [Times: user=0.14 sys=0.00, real=0.04 secs]
2018-11-03T19:05:37.383+0800: 705645.016: [GC (Allocation Failure) 2018-11-03T19:05:37.383+0800: 705645.016: [ParNew: 440059K->5325K(480640K), 0.0390070 secs] 1389774K->955051K(8344960K), 0.0392737 secs] [Times: user=0.14 sys=0.00, real=0.04 secs]
2018-11-03T19:23:14.076+0800: 706701.709: [GC (Allocation Failure) 2018-11-03T19:23:14.076+0800: 706701.709: [ParNew: 442317K->3533K(480640K), 0.0331255 secs] 1392043K->953270K(8344960K), 0.0334086 secs] [Times: user=0.12 sys=0.00, real=0.04 secs]
2018-11-03T19:38:46.880+0800: 707634.514: [GC (Allocation Failure) 2018-11-03T19:38:46.881+0800: 707634.514: [ParNew: 440525K->2659K(480640K), 0.0335962 secs] 1390262K->952405K(8344960K), 0.0338578 secs] [Times: user=0.10 sys=0.02, real=0.03 secs]
2018-11-03T19:51:54.952+0800: 708422.585: [GC (Allocation Failure) 2018-11-03T19:51:54.952+0800: 708422.585: [ParNew: 439651K->8350K(480640K), 0.0450085 secs] 1389397K->958109K(8344960K), 0.0452893 secs] [Times: user=0.14 sys=0.00, real=0.05 secs]
2018-11-03T20:01:04.600+0800: 708972.234: [GC (Allocation Failure) 2018-11-03T20:01:04.600+0800: 708972.234: [ParNew: 445342K->5069K(480640K), 0.0384994 secs] 1395101K->954839K(8344960K), 0.0387597 secs] [Times: user=0.13 sys=0.00, real=0.04 secs]
2018-11-03T20:14:17.961+0800: 709765.594: [GC (Allocation Failure) 2018-11-03T20:14:17.961+0800: 709765.595: [ParNew: 442061K->8799K(480640K), 0.0443468 secs] 1391831K->958581K(8344960K), 0.0446141 secs] [Times: user=0.14 sys=0.00, real=0.04 secs]
2018-11-03T20:29:49.212+0800: 710696.845: [GC (Allocation Failure) 2018-11-03T20:29:49.212+0800: 710696.845: [ParNew: 445791K->2895K(480640K), 0.0337555 secs] 1395573K->952688K(8344960K), 0.0340322 secs] [Times: user=0.12 sys=0.00, real=0.04 secs]
2018-11-03T20:45:37.303+0800: 711644.936: [GC (Allocation Failure) 2018-11-03T20:45:37.303+0800: 711644.936: [ParNew: 439887K->4490K(480640K), 0.0375682 secs] 1389680K->954294K(8344960K), 0.0378566 secs] [Times: user=0.15 sys=0.00, real=0.04 secs]
2018-11-03T21:00:11.955+0800: 712519.588: [GC (Allocation Failure) 2018-11-03T21:00:11.955+0800: 712519.588: [ParNew: 441482K->4865K(480640K), 0.0350886 secs] 1391286K->954680K(8344960K), 0.0353552 secs] [Times: user=0.12 sys=0.00, real=0.04 secs]
2018-11-03T21:12:07.164+0800: 713234.797: [GC (Allocation Failure) 2018-11-03T21:12:07.164+0800: 713234.797: [ParNew: 441857K->4206K(480640K), 0.0364083 secs] 1391672K->954033K(8344960K), 0.0366786 secs] [Times: user=0.13 sys=0.00, real=0.04 secs]
2018-11-03T21:27:39.652+0800: 714167.285: [GC (Allocation Failure) 2018-11-03T21:27:39.652+0800: 714167.285: [ParNew: 441198K->3356K(480640K), 0.0344771 secs] 1391025K->953193K(8344960K), 0.0347397 secs] [Times: user=0.13 sys=0.00, real=0.04 secs]
2018-11-03T21:45:15.923+0800: 715223.557: [GC (Allocation Failure) 2018-11-03T21:45:15.923+0800: 715223.557: [ParNew: 440318K->2502K(480640K), 0.0314589 secs] 1390156K->952350K(8344960K), 0.0317303 secs] [Times: user=0.10 sys=0.02, real=0.03 secs]
2018-11-03T22:00:01.797+0800: 716109.431: [GC (Allocation Failure) 2018-11-03T22:00:01.798+0800: 716109.431: [ParNew: 439494K->2877K(480640K), 0.0534111 secs] 1389342K->952738K(8344960K), 0.0537310 secs] [Times: user=0.16 sys=0.00, real=0.05 secs]
2018-11-03T22:10:03.310+0800: 716710.943: [GC (Allocation Failure) 2018-11-03T22:10:03.310+0800: 716710.943: [ParNew: 439869K->4741K(480640K), 0.0372817 secs] 1389730K->954612K(8344960K), 0.0375441 secs] [Times: user=0.10 sys=0.02, real=0.04 secs]
2018-11-03T22:25:37.305+0800: 717644.938: [GC (Allocation Failure) 2018-11-03T22:25:37.305+0800: 717644.938: [ParNew: 441733K->5398K(480640K), 0.0370513 secs] 1391604K->955282K(8344960K), 0.0373605 secs] [Times: user=0.13 sys=0.00, real=0.04 secs]
2018-11-03T22:43:08.828+0800: 718696.461: [GC (Allocation Failure) 2018-11-03T22:43:08.828+0800: 718696.462: [ParNew: 442390K->4856K(480640K), 0.0327976 secs] 1392274K->954765K(8344960K), 0.0330540 secs] [Times: user=0.13 sys=0.00, real=0.03 secs]
2018-11-03T22:58:43.526+0800: 719631.159: [GC (Allocation Failure) 2018-11-03T22:58:43.526+0800: 719631.160: [ParNew: 441848K->2620K(480640K), 0.0324124 secs] 1391757K->952540K(8344960K), 0.0326589 secs] [Times: user=0.12 sys=0.00, real=0.03 secs]
2018-11-03T23:07:54.959+0800: 720182.592: [GC (Allocation Failure) 2018-11-03T23:07:54.959+0800: 720182.592: [ParNew: 439612K->4804K(480640K), 0.0391691 secs] 1389532K->954735K(8344960K), 0.0394548 secs] [Times: user=0.13 sys=0.00, real=0.04 secs]
2018-11-03T23:25:29.504+0800: 721237.137: [GC (Allocation Failure) 2018-11-03T23:25:29.504+0800: 721237.137: [ParNew: 441796K->2987K(480640K), 0.0321843 secs] 1391727K->952928K(8344960K), 0.0324498 secs] [Times: user=0.12 sys=0.00, real=0.04 secs]
2018-11-03T23:40:54.031+0800: 722161.665: [GC (Allocation Failure) 2018-11-03T23:40:54.031+0800: 722161.665: [ParNew: 439979K->2937K(480640K), 0.0341443 secs] 1389920K->952900K(8344960K), 0.0344217 secs] [Times: user=0.13 sys=0.00, real=0.03 secs]
2018-11-03T23:56:21.794+0800: 723089.427: [GC (Allocation Failure) 2018-11-03T23:56:21.794+0800: 723089.428: [ParNew: 439929K->2913K(480640K), 0.0310448 secs] 1389892K->952892K(8344960K), 0.0312970 secs] [Times: user=0.11 sys=0.00, real=0.03 secs]
2018-11-04T00:06:03.622+0800: 723671.256: [GC (Allocation Failure) 2018-11-04T00:06:03.622+0800: 723671.256: [ParNew: 439905K->4898K(480640K), 0.0379969 secs] 1389884K->954888K(8344960K), 0.0382519 secs] [Times: user=0.13 sys=0.00, real=0.04 secs]
2018-11-04T00:23:44.176+0800: 724731.809: [GC (Allocation Failure) 2018-11-04T00:23:44.176+0800: 724731.809: [ParNew: 441890K->3405K(480640K), 0.0325691 secs] 1391880K->953406K(8344960K), 0.0328538 secs] [Times: user=0.12 sys=0.00, real=0.04 secs]
2018-11-04T00:39:11.402+0800: 725659.036: [GC (Allocation Failure) 2018-11-04T00:39:11.402+0800: 725659.036: [ParNew: 440397K->3397K(480640K), 0.0412327 secs] 1390398K->953408K(8344960K), 0.0414992 secs] [Times: user=0.14 sys=0.00, real=0.04 secs]
2018-11-04T00:55:37.285+0800: 726644.918: [GC (Allocation Failure) 2018-11-04T00:55:37.285+0800: 726644.918: [ParNew: 440389K->5230K(480640K), 0.0296727 secs] 1390400K->955250K(8344960K), 0.0299118 secs] [Times: user=0.09 sys=0.01, real=0.03 secs]
2018-11-04T01:05:33.438+0800: 727241.072: [GC (Allocation Failure) 2018-11-04T01:05:33.439+0800: 727241.072: [ParNew: 442222K->7518K(480640K), 0.0421680 secs] 1392242K->957549K(8344960K), 0.0424532 secs] [Times: user=0.14 sys=0.00, real=0.04 secs]
2018-11-04T01:21:53.168+0800: 728220.801: [GC (Allocation Failure) 2018-11-04T01:21:53.168+0800: 728220.802: [ParNew: 444510K->5125K(480640K), 0.0301014 secs] 1394541K->955168K(8344960K), 0.0303602 secs] [Times: user=0.12 sys=0.00, real=0.03 secs]
2018-11-04T01:37:19.775+0800: 729147.409: [GC (Allocation Failure) 2018-11-04T01:37:19.776+0800: 729147.409: [ParNew: 442117K->2878K(480640K), 0.0292562 secs] 1392160K->952931K(8344960K), 0.0295161 secs] [Times: user=0.11 sys=0.00, real=0.03 secs]
2018-11-04T01:54:53.583+0800: 730201.217: [GC (Allocation Failure) 2018-11-04T01:54:53.584+0800: 730201.217: [ParNew: 439870K->3273K(480640K), 0.0315723 secs] 1389923K->953338K(8344960K), 0.0318435 secs] [Times: user=0.12 sys=0.00, real=0.03 secs]
2018-11-04T02:04:30.721+0800: 730778.354: [GC (Allocation Failure) 2018-11-04T02:04:30.721+0800: 730778.354: [ParNew: 440265K->5417K(480640K), 0.0367701 secs] 1390330K->955492K(8344960K), 0.0370431 secs] [Times: user=0.12 sys=0.00, real=0.04 secs]
2018-11-04T02:20:01.216+0800: 731708.849: [GC (Allocation Failure) 2018-11-04T02:20:01.216+0800: 731708.850: [ParNew: 442409K->2810K(480640K), 0.0338192 secs] 1392484K->952899K(8344960K), 0.0340952 secs] [Times: user=0.12 sys=0.00, real=0.03 secs]
2018-11-04T02:35:37.306+0800: 732644.939: [GC (Allocation Failure) 2018-11-04T02:35:37.306+0800: 732644.939: [ParNew: 439802K->5585K(480640K), 0.0334156 secs] 1389891K->955685K(8344960K), 0.0336703 secs] [Times: user=0.13 sys=0.00, real=0.03 secs]
2018-11-04T02:53:15.213+0800: 733702.847: [GC (Allocation Failure) 2018-11-04T02:53:15.214+0800: 733702.847: [ParNew: 442577K->5082K(480640K), 0.0317714 secs] 1392677K->955192K(8344960K), 0.0320381 secs] [Times: user=0.12 sys=0.00, real=0.03 secs]
2018-11-04T03:02:51.650+0800: 734279.283: [GC (Allocation Failure) 2018-11-04T03:02:51.650+0800: 734279.283: [ParNew: 442074K->5296K(480640K), 0.0361567 secs] 1392184K->955418K(8344960K), 0.0364192 secs] [Times: user=0.12 sys=0.00, real=0.04 secs]
2018-11-04T03:18:21.483+0800: 735209.117: [GC (Allocation Failure) 2018-11-04T03:18:21.483+0800: 735209.117: [ParNew: 442288K->3339K(480640K), 0.0322484 secs] 1392410K->953472K(8344960K), 0.0325030 secs] [Times: user=0.12 sys=0.00, real=0.04 secs]
2018-11-04T03:35:33.425+0800: 736241.058: [GC (Allocation Failure) 2018-11-04T03:35:33.425+0800: 736241.059: [ParNew: 440331K->5490K(480640K), 0.0311933 secs] 1390464K->955634K(8344960K), 0.0314562 secs] [Times: user=0.10 sys=0.01, real=0.04 secs]
2018-11-04T03:51:24.957+0800: 737192.590: [GC (Allocation Failure) 2018-11-04T03:51:24.957+0800: 737192.590: [ParNew: 442482K->5038K(480640K), 0.0295932 secs] 1392626K->955492K(8344960K), 0.0298614 secs] [Times: user=0.10 sys=0.01, real=0.03 secs]
2018-11-04T04:01:00.694+0800: 737768.327: [GC (Allocation Failure) 2018-11-04T04:01:00.694+0800: 737768.328: [ParNew: 442030K->4631K(480640K), 0.0355766 secs] 1392484K->955107K(8344960K), 0.0358367 secs] [Times: user=0.12 sys=0.00, real=0.04 secs]
2018-11-04T04:16:30.660+0800: 738698.293: [GC (Allocation Failure) 2018-11-04T04:16:30.660+0800: 738698.293: [ParNew: 441623K->2948K(480640K), 0.0309123 secs] 1392099K->953434K(8344960K), 0.0311777 secs] [Times: user=0.10 sys=0.02, real=0.03 secs]
2018-11-04T04:34:14.987+0800: 739762.621: [GC (Allocation Failure) 2018-11-04T04:34:14.987+0800: 739762.621: [ParNew: 439940K->2975K(480640K), 0.0367251 secs] 1390426K->953474K(8344960K), 0.0369747 secs] [Times: user=0.13 sys=0.00, real=0.03 secs]
2018-11-04T04:49:44.227+0800: 740691.860: [GC (Allocation Failure) 2018-11-04T04:49:44.227+0800: 740691.860: [ParNew: 439967K->2946K(480640K), 0.0306754 secs] 1390466K->953457K(8344960K), 0.0309376 secs] [Times: user=0.10 sys=0.01, real=0.03 secs]
2018-11-04T05:00:11.739+0800: 741319.372: [GC (Allocation Failure) 2018-11-04T05:00:11.739+0800: 741319.372: [ParNew: 439938K->5744K(480640K), 0.0426130 secs] 1390449K->956266K(8344960K), 0.0429003 secs] [Times: user=0.15 sys=0.00, real=0.04 secs]
2018-11-04T05:15:37.292+0800: 742244.926: [GC (Allocation Failure) 2018-11-04T05:15:37.292+0800: 742244.926: [ParNew: 442736K->5112K(480640K), 0.0321743 secs] 1393258K->955645K(8344960K), 0.0324354 secs] [Times: user=0.12 sys=0.00, real=0.03 secs]
2018-11-04T05:32:30.917+0800: 743258.550: [GC (Allocation Failure) 2018-11-04T05:32:30.917+0800: 743258.550: [ParNew: 442104K->5030K(480640K), 0.0319665 secs] 1392637K->955575K(8344960K), 0.0322389 secs] [Times: user=0.12 sys=0.00, real=0.03 secs]
2018-11-04T05:48:05.338+0800: 744192.972: [GC (Allocation Failure) 2018-11-04T05:48:05.338+0800: 744192.972: [ParNew: 442022K->2712K(480640K), 0.0300860 secs] 1392567K->953268K(8344960K), 0.0303527 secs] [Times: user=0.12 sys=0.00, real=0.03 secs]
2018-11-04T06:00:09.310+0800: 744916.944: [GC (Allocation Failure) 2018-11-04T06:00:09.310+0800: 744916.944: [ParNew: 439701K->4365K(480640K), 0.0392584 secs] 1390256K->954932K(8344960K), 0.0395368 secs] [Times: user=0.14 sys=0.00, real=0.04 secs]
2018-11-04T06:15:12.408+0800: 745820.041: [GC (Allocation Failure) 2018-11-04T06:15:12.408+0800: 745820.041: [ParNew: 441357K->4229K(480640K), 0.0333923 secs] 1391924K->954808K(8344960K), 0.0336947 secs] [Times: user=0.13 sys=0.00, real=0.03 secs]
2018-11-04T06:30:39.956+0800: 746747.590: [GC (Allocation Failure) 2018-11-04T06:30:39.956+0800: 746747.590: [ParNew: 441221K->2777K(480640K), 0.0352865 secs] 1391800K->953369K(8344960K), 0.0355724 secs] [Times: user=0.13 sys=0.00, real=0.03 secs]
2018-11-04T06:43:58.470+0800: 747546.104: [GC (Allocation Failure) 2018-11-04T06:43:58.470+0800: 747546.104: [ParNew: 439769K->7963K(480640K), 0.0431440 secs] 1390361K->958577K(8344960K), 0.0434031 secs] [Times: user=0.14 sys=0.00, real=0.04 secs]
2018-11-04T06:59:29.004+0800: 748476.638: [GC (Allocation Failure) 2018-11-04T06:59:29.004+0800: 748476.638: [ParNew: 444955K->3011K(480640K), 0.0319608 secs] 1395569K->953636K(8344960K), 0.0322150 secs] [Times: user=0.12 sys=0.00, real=0.04 secs]
2018-11-04T07:08:56.267+0800: 749043.901: [GC (Allocation Failure) 2018-11-04T07:08:56.268+0800: 749043.901: [ParNew: 440003K->4519K(480640K), 0.0348841 secs] 1390628K->955156K(8344960K), 0.0351324 secs] [Times: user=0.11 sys=0.02, real=0.03 secs]
2018-11-04T07:25:33.438+0800: 750041.071: [GC (Allocation Failure) 2018-11-04T07:25:33.438+0800: 750041.071: [ParNew: 441511K->5466K(480640K), 0.0318712 secs] 1392148K->956114K(8344960K), 0.0321575 secs] [Times: user=0.11 sys=0.01, real=0.03 secs]
2018-11-04T07:42:01.452+0800: 751029.085: [GC (Allocation Failure) 2018-11-04T07:42:01.452+0800: 751029.085: [ParNew: 442458K->4788K(480640K), 0.0320395 secs] 1393106K->955447K(8344960K), 0.0323191 secs] [Times: user=0.12 sys=0.00, real=0.03 secs]
2018-11-04T07:57:33.289+0800: 751960.923: [GC (Allocation Failure) 2018-11-04T07:57:33.289+0800: 751960.923: [ParNew: 441780K->2963K(480640K), 0.0356384 secs] 1392439K->953633K(8344960K), 0.0358931 secs] [Times: user=0.12 sys=0.00, real=0.03 secs]
2018-11-04T08:07:14.355+0800: 752541.988: [GC (Allocation Failure) 2018-11-04T08:07:14.355+0800: 752541.988: [ParNew: 439955K->4770K(480640K), 0.0354643 secs] 1390625K->955453K(8344960K), 0.0357238 secs] [Times: user=0.11 sys=0.01, real=0.04 secs]
2018-11-04T08:24:47.426+0800: 753595.060: [GC (Allocation Failure) 2018-11-04T08:24:47.427+0800: 753595.060: [ParNew: 441762K->3022K(480640K), 0.0306310 secs] 1392445K->953715K(8344960K), 0.0308931 secs] [Times: user=0.11 sys=0.00, real=0.03 secs]
2018-11-04T08:35:55.352+0800: 754262.985: [GC (Allocation Failure) 2018-11-04T08:35:55.352+0800: 754262.985: [ParNew: 440014K->8571K(480640K), 0.0433614 secs] 1390707K->959272K(8344960K), 0.0436545 secs] [Times: user=0.14 sys=0.00, real=0.04 secs]
2018-11-04T08:53:39.378+0800: 755327.011: [GC (Allocation Failure) 2018-11-04T08:53:39.378+0800: 755327.012: [ParNew: 445563K->3655K(480640K), 0.0309852 secs] 1396264K->954371K(8344960K), 0.0312565 secs] [Times: user=0.11 sys=0.00, real=0.03 secs]
2018-11-04T09:03:14.184+0800: 755901.817: [GC (Allocation Failure) 2018-11-04T09:03:14.184+0800: 755901.817: [ParNew: 440647K->4294K(480640K), 0.0380285 secs] 1391363K->955022K(8344960K), 0.0383145 secs] [Times: user=0.13 sys=0.00, real=0.06 secs]
2018-11-04T09:18:43.908+0800: 756831.541: [GC (Allocation Failure) 2018-11-04T09:18:43.908+0800: 756831.541: [ParNew: 441286K->3325K(480640K), 0.0326448 secs] 1392014K->954063K(8344960K), 0.0329224 secs] [Times: user=0.12 sys=0.00, real=0.03 secs]
2018-11-04T09:35:33.434+0800: 757841.067: [GC (Allocation Failure) 2018-11-04T09:35:33.434+0800: 757841.067: [ParNew: 440317K->5185K(480640K), 0.0343737 secs] 1391055K->955932K(8344960K), 0.0346418 secs] [Times: user=0.13 sys=0.00, real=0.04 secs]
2018-11-04T09:51:42.687+0800: 758810.321: [GC (Allocation Failure) 2018-11-04T09:51:42.687+0800: 758810.321: [ParNew: 442177K->4268K(480640K), 0.0313811 secs] 1392924K->955031K(8344960K), 0.0316265 secs] [Times: user=0.12 sys=0.00, real=0.03 secs]
2018-11-04T10:00:57.853+0800: 759365.487: [GC (Allocation Failure) 2018-11-04T10:00:57.854+0800: 759365.487: [ParNew: 441260K->4854K(480640K), 0.0366687 secs] 1392023K->955628K(8344960K), 0.0369335 secs] [Times: user=0.12 sys=0.00, real=0.04 secs]
2018-11-04T10:16:35.064+0800: 760302.697: [GC (Allocation Failure) 2018-11-04T10:16:35.064+0800: 760302.698: [ParNew: 441846K->3011K(480640K), 0.0322323 secs] 1392620K->953811K(8344960K), 0.0325060 secs] [Times: user=0.12 sys=0.00, real=0.04 secs]
2018-11-04T10:33:06.572+0800: 761294.205: [GC (Allocation Failure) 2018-11-04T10:33:06.572+0800: 761294.205: [ParNew: 440003K->4446K(480640K), 0.0342518 secs] 1390803K->955256K(8344960K), 0.0345135 secs] [Times: user=0.13 sys=0.00, real=0.04 secs]
2018-11-04T10:45:37.283+0800: 762044.917: [GC (Allocation Failure) 2018-11-04T10:45:37.284+0800: 762044.917: [ParNew: 441438K->9000K(480640K), 0.0434361 secs] 1392248K->959821K(8344960K), 0.0436986 secs] [Times: user=0.14 sys=0.00, real=0.05 secs]
2018-11-04T11:00:04.332+0800: 762911.965: [GC (Allocation Failure) 2018-11-04T11:00:04.332+0800: 762911.966: [ParNew: 445992K->4628K(480640K), 0.0429944 secs] 1396813K->955460K(8344960K), 0.0433864 secs] [Times: user=0.15 sys=0.00, real=0.04 secs]
2018-11-04T11:11:39.385+0800: 763607.019: [GC (Allocation Failure) 2018-11-04T11:11:39.385+0800: 763607.019: [ParNew: 441612K->4372K(480640K), 0.0367967 secs] 1392445K->955216K(8344960K), 0.0370463 secs] [Times: user=0.13 sys=0.00, real=0.04 secs]
2018-11-04T11:26:46.144+0800: 764513.777: [GC (Allocation Failure) 2018-11-04T11:26:46.144+0800: 764513.777: [ParNew: 441364K->3504K(480640K), 0.0331917 secs] 1392208K->954359K(8344960K), 0.0334506 secs] [Times: user=0.12 sys=0.00, real=0.04 secs]
2018-11-04T11:44:05.002+0800: 765552.635: [GC (Allocation Failure) 2018-11-04T11:44:05.002+0800: 765552.635: [ParNew: 440496K->2634K(480640K), 0.0348505 secs] 1391351K->953495K(8344960K), 0.0351012 secs] [Times: user=0.13 sys=0.00, real=0.04 secs]
2018-11-04T11:57:07.556+0800: 766335.190: [GC (Allocation Failure) 2018-11-04T11:57:07.556+0800: 766335.190: [ParNew: 439626K->5873K(480640K), 0.0380292 secs] 1390487K->956747K(8344960K), 0.0382805 secs] [Times: user=0.12 sys=0.00, real=0.03 secs]
2018-11-04T12:05:33.444+0800: 766841.077: [GC (Allocation Failure) 2018-11-04T12:05:33.444+0800: 766841.077: [ParNew: 442865K->9608K(480640K), 0.0475697 secs] 1393739K->960497K(8344960K), 0.0478804 secs] [Times: user=0.15 sys=0.00, real=0.05 secs]
2018-11-04T12:17:50.113+0800: 767577.746: [GC (Allocation Failure) 2018-11-04T12:17:50.113+0800: 767577.747: [ParNew: 446600K->10156K(480640K), 0.0447864 secs] 1397489K->961058K(8344960K), 0.0450513 secs] [Times: user=0.14 sys=0.00, real=0.05 secs]
2018-11-04T12:35:02.296+0800: 768609.929: [GC (Allocation Failure) 2018-11-04T12:35:02.296+0800: 768609.930: [ParNew: 447148K->2849K(480640K), 0.0397259 secs] 1398050K->953758K(8344960K), 0.0400057 secs] [Times: user=0.13 sys=0.00, real=0.04 secs]
2018-11-04T12:50:12.854+0800: 769520.488: [GC (Allocation Failure) 2018-11-04T12:50:12.855+0800: 769520.488: [ParNew: 439841K->2884K(480640K), 0.0336430 secs] 1390750K->953804K(8344960K), 0.0339136 secs] [Times: user=0.13 sys=0.00, real=0.04 secs]
2018-11-04T13:00:06.826+0800: 770114.460: [GC (Allocation Failure) 2018-11-04T13:00:06.826+0800: 770114.460: [ParNew: 439876K->10466K(480640K), 0.0629188 secs] 1390796K->961398K(8344960K), 0.0632203 secs] [Times: user=0.20 sys=0.00, real=0.06 secs]
2018-11-04T13:05:33.435+0800: 770441.068: [GC (Allocation Failure) 2018-11-04T13:05:33.435+0800: 770441.069: [ParNew: 447458K->17540K(480640K), 0.0585172 secs] 1398390K->968483K(8344960K), 0.0588017 secs] [Times: user=0.15 sys=0.00, real=0.06 secs]
2018-11-04T13:21:46.112+0800: 771413.746: [GC (Allocation Failure) 2018-11-04T13:21:46.112+0800: 771413.746: [ParNew: 454532K->4913K(480640K), 0.0305456 secs] 1405475K->955879K(8344960K), 0.0308156 secs] [Times: user=0.11 sys=0.01, real=0.03 secs]
2018-11-04T13:37:17.032+0800: 772344.665: [GC (Allocation Failure) 2018-11-04T13:37:17.032+0800: 772344.665: [ParNew: 441905K->2674K(480640K), 0.0317381 secs] 1392871K->953652K(8344960K), 0.0320047 secs] [Times: user=0.10 sys=0.02, real=0.03 secs]
2018-11-04T13:53:05.858+0800: 773293.491: [GC (Allocation Failure) 2018-11-04T13:53:05.858+0800: 773293.491: [ParNew: 439666K->5163K(480640K), 0.0375845 secs] 1390644K->956157K(8344960K), 0.0378516 secs] [Times: user=0.13 sys=0.00, real=0.03 secs]
2018-11-04T14:00:06.159+0800: 773713.792: [GC (Allocation Failure) 2018-11-04T14:00:06.159+0800: 773713.793: [ParNew: 442155K->13741K(480640K), 0.0562830 secs] 1393149K->964744K(8344960K), 0.0565609 secs] [Times: user=0.16 sys=0.00, real=0.05 secs]
2018-11-04T14:09:00.128+0800: 774247.761: [GC (Allocation Failure) 2018-11-04T14:09:00.128+0800: 774247.761: [ParNew: 450733K->10579K(480640K), 0.0473034 secs] 1401736K->961593K(8344960K), 0.0475725 secs] [Times: user=0.13 sys=0.01, real=0.04 secs]
2018-11-04T14:22:09.816+0800: 775037.450: [GC (Allocation Failure) 2018-11-04T14:22:09.817+0800: 775037.450: [ParNew: 447571K->7968K(480640K), 0.0407274 secs] 1398585K->958994K(8344960K), 0.0409819 secs] [Times: user=0.12 sys=0.00, real=0.04 secs]
2018-11-04T14:30:59.212+0800: 775566.846: [GC (Allocation Failure) 2018-11-04T14:30:59.212+0800: 775566.846: [ParNew: 444960K->13710K(480640K), 0.0553575 secs] 1395986K->964747K(8344960K), 0.0556107 secs] [Times: user=0.16 sys=0.00, real=0.06 secs]
2018-11-04T14:39:55.357+0800: 776102.990: [GC (Allocation Failure) 2018-11-04T14:39:55.357+0800: 776102.990: [ParNew: 450702K->14022K(480640K), 0.0631695 secs] 1401739K->965073K(8344960K), 0.0634359 secs] [Times: user=0.14 sys=0.00, real=0.06 secs]
2018-11-04T14:55:37.300+0800: 777044.933: [GC (Allocation Failure) 2018-11-04T14:55:37.300+0800: 777044.934: [ParNew: 451014K->4626K(480640K), 0.0310141 secs] 1402065K->955686K(8344960K), 0.0313019 secs] [Times: user=0.11 sys=0.01, real=0.03 secs]
2018-11-04T15:05:37.294+0800: 777644.927: [GC (Allocation Failure) 2018-11-04T15:05:37.294+0800: 777644.927: [ParNew: 441618K->8265K(480640K), 0.0441327 secs] 1392678K->959336K(8344960K), 0.0444168 secs] [Times: user=0.15 sys=0.00, real=0.05 secs]
2018-11-04T15:15:01.652+0800: 778209.285: [GC (Allocation Failure) 2018-11-04T15:15:01.652+0800: 778209.285: [ParNew: 445121K->17184K(480640K), 0.0672014 secs] 1396192K->968267K(8344960K), 0.0674614 secs] [Times: user=0.18 sys=0.00, real=0.07 secs]
2018-11-04T15:15:26.270+0800: 778233.904: [GC (Allocation Failure) 2018-11-04T15:15:26.270+0800: 778233.904: [ParNew: 443665K->39162K(480640K), 0.0405595 secs] 1394748K->990257K(8344960K), 0.0407997 secs] [Times: user=0.15 sys=0.00, real=0.04 secs]
2018-11-04T15:15:38.310+0800: 778245.944: [GC (Allocation Failure) 2018-11-04T15:15:38.311+0800: 778245.944: [ParNew: 470637K->21308K(480640K), 0.0383226 secs] 1421732K->973115K(8344960K), 0.0385960 secs] [Times: user=0.14 sys=0.00, real=0.04 secs]
2018-11-04T15:15:38.598+0800: 778246.231: [GC (GCLocker Initiated GC) 2018-11-04T15:15:38.598+0800: 778246.232: [ParNew: 469548K->30711K(480640K), 0.0327061 secs] 1421355K->982517K(8344960K), 0.0329614 secs] [Times: user=0.13 sys=0.00, real=0.03 secs]
2018-11-04T15:15:49.247+0800: 778256.881: [GC (Allocation Failure) 2018-11-04T15:15:49.247+0800: 778256.881: [ParNew: 467703K->19076K(480640K), 0.0341777 secs] 1419509K->972579K(8344960K), 0.0344311 secs] [Times: user=0.09 sys=0.03, real=0.03 secs]
2018-11-04T15:16:03.859+0800: 778271.493: [GC (Allocation Failure) 2018-11-04T15:16:03.860+0800: 778271.493: [ParNew: 447416K->43648K(480640K), 0.0579229 secs] 1400919K->1016677K(8344960K), 0.0581782 secs] [Times: user=0.21 sys=0.00, real=0.06 secs]
2018-11-04T15:16:04.164+0800: 778271.797: [GC (Allocation Failure) 2018-11-04T15:16:04.164+0800: 778271.797: [ParNew: 476466K->20230K(480640K), 0.0434498 secs] 1449495K->1000601K(8344960K), 0.0436858 secs] [Times: user=0.15 sys=0.00, real=0.05 secs]
2018-11-04T15:16:24.135+0800: 778291.768: [GC (Allocation Failure) 2018-11-04T15:16:24.135+0800: 778291.768: [ParNew: 438744K->43648K(480640K), 0.0820819 secs] 1419114K->1041326K(8344960K), 0.0823659 secs] [Times: user=0.23 sys=0.00, real=0.10 secs]
2018-11-04T15:16:24.445+0800: 778292.079: [GC (Allocation Failure) 2018-11-04T15:16:24.445+0800: 778292.079: [ParNew: 444663K->42508K(480640K), 0.0581327 secs] 1442341K->1065301K(8344960K), 0.0583811 secs] [Times: user=0.22 sys=0.00, real=0.06 secs]
2018-11-04T15:16:24.775+0800: 778292.408: [GC (Allocation Failure) 2018-11-04T15:16:24.775+0800: 778292.408: [ParNew: 479500K->43416K(480640K), 0.0674099 secs] 1502293K->1136045K(8344960K), 0.0676382 secs] [Times: user=0.26 sys=0.00, real=0.07 secs]
2018-11-04T15:16:33.755+0800: 778301.388: [GC (Allocation Failure) 2018-11-04T15:16:33.755+0800: 778301.388: [ParNew: 477736K->18816K(480640K), 0.0283878 secs] 1570366K->1111446K(8344960K), 0.0286371 secs] [Times: user=0.11 sys=0.00, real=0.03 secs]
2018-11-04T15:17:02.056+0800: 778329.689: [GC (Allocation Failure) 2018-11-04T15:17:02.056+0800: 778329.689: [ParNew: 453861K->14448K(480640K), 0.0367063 secs] 1546491K->1107078K(8344960K), 0.0369941 secs] [Times: user=0.12 sys=0.00, real=0.04 secs]
2018-11-04T15:17:17.656+0800: 778345.289: [GC (Allocation Failure) 2018-11-04T15:17:17.656+0800: 778345.289: [ParNew: 447969K->12459K(480640K), 0.0342067 secs] 1540598K->1105089K(8344960K), 0.0344563 secs] [Times: user=0.11 sys=0.00, real=0.04 secs]
2018-11-04T15:17:35.170+0800: 778362.803: [GC (Allocation Failure) 2018-11-04T15:17:35.170+0800: 778362.803: [ParNew: 448739K->19608K(480640K), 0.0337088 secs] 1541369K->1112238K(8344960K), 0.0339681 secs] [Times: user=0.07 sys=0.04, real=0.03 secs]
2018-11-04T15:17:52.128+0800: 778379.761: [GC (Allocation Failure) 2018-11-04T15:17:52.128+0800: 778379.761: [ParNew: 453937K->23475K(480640K), 0.0311326 secs] 1546566K->1116105K(8344960K), 0.0313890 secs] [Times: user=0.11 sys=0.00, real=0.03 secs]
2018-11-04T15:18:01.684+0800: 778389.317: [GC (GCLocker Initiated GC) 2018-11-04T15:18:01.684+0800: 778389.317: [ParNew: 461065K->14744K(480640K), 0.0304462 secs] 1553694K->1107373K(8344960K), 0.0306846 secs] [Times: user=0.11 sys=0.00, real=0.03 secs]
2018-11-04T15:18:23.191+0800: 778410.824: [GC (Allocation Failure) 2018-11-04T15:18:23.191+0800: 778410.824: [ParNew: 451736K->43648K(480640K), 0.0582904 secs] 1544365K->1165097K(8344960K), 0.0585483 secs] [Times: user=0.21 sys=0.00, real=0.06 secs]
2018-11-04T15:18:23.510+0800: 778411.144: [GC (Allocation Failure) 2018-11-04T15:18:23.510+0800: 778411.144: [ParNew: 475834K->24690K(480640K), 0.0536487 secs] 1597284K->1159288K(8344960K), 0.0538810 secs] [Times: user=0.16 sys=0.00, real=0.05 secs]
2018-11-04T15:18:37.685+0800: 778425.319: [GC (Allocation Failure) 2018-11-04T15:18:37.685+0800: 778425.319: [ParNew: 458190K->25027K(480640K), 0.0340898 secs] 1592788K->1159625K(8344960K), 0.0343356 secs] [Times: user=0.13 sys=0.00, real=0.04 secs]
2018-11-04T15:18:37.934+0800: 778425.568: [GC (Allocation Failure) 2018-11-04T15:18:37.934+0800: 778425.568: [ParNew: 462019K->14609K(480640K), 0.0384255 secs] 1596617K->1159745K(8344960K), 0.0386479 secs] [Times: user=0.13 sys=0.00, real=0.04 secs]
2018-11-04T15:18:49.790+0800: 778437.424: [GC (Allocation Failure) 2018-11-04T15:18:49.790+0800: 778437.424: [ParNew: 439777K->31017K(480640K), 0.0293990 secs] 1584914K->1176153K(8344960K), 0.0296509 secs] [Times: user=0.07 sys=0.04, real=0.03 secs]
2018-11-04T15:19:03.745+0800: 778451.378: [GC (Allocation Failure) 2018-11-04T15:19:03.745+0800: 778451.378: [ParNew: 455358K->39039K(480640K), 0.0326005 secs] 1600495K->1184200K(8344960K), 0.0328569 secs] [Times: user=0.13 sys=0.00, real=0.04 secs]
2018-11-04T15:19:04.027+0800: 778451.661: [GC (Allocation Failure) 2018-11-04T15:19:04.027+0800: 778451.661: [ParNew: 475802K->35642K(480640K), 0.0418012 secs] 1620963K->1204745K(8344960K), 0.0420531 secs] [Times: user=0.15 sys=0.00, real=0.04 secs]
2018-11-04T15:19:24.767+0800: 778472.400: [GC (Allocation Failure) 2018-11-04T15:19:24.767+0800: 778472.400: [ParNew: 472634K->34728K(480640K), 0.0390524 secs] 1641737K->1203831K(8344960K), 0.0393056 secs] [Times: user=0.15 sys=0.00, real=0.04 secs]
2018-11-04T15:19:25.048+0800: 778472.681: [GC (Allocation Failure) 2018-11-04T15:19:25.048+0800: 778472.681: [ParNew: 468960K->33514K(480640K), 0.0508415 secs] 1638063K->1239013K(8344960K), 0.0510788 secs] [Times: user=0.18 sys=0.00, real=0.05 secs]
2018-11-04T15:19:25.353+0800: 778472.986: [GC (Allocation Failure) 2018-11-04T15:19:25.353+0800: 778472.986: [ParNew: 466329K->31019K(480640K), 0.0567165 secs] 1671828K->1276703K(8344960K), 0.0569504 secs] [Times: user=0.23 sys=0.00, real=0.06 secs]
2018-11-04T15:19:34.944+0800: 778482.577: [GC (Allocation Failure) 2018-11-04T15:19:34.944+0800: 778482.577: [ParNew: 468011K->24669K(480640K), 0.0331863 secs] 1713695K->1270354K(8344960K), 0.0334194 secs] [Times: user=0.12 sys=0.00, real=0.04 secs]
2018-11-04T15:20:03.602+0800: 778511.236: [GC (Allocation Failure) 2018-11-04T15:20:03.602+0800: 778511.236: [ParNew: 461491K->37898K(480640K), 0.0328111 secs] 1707176K->1283688K(8344960K), 0.0330960 secs] [Times: user=0.12 sys=0.00, real=0.03 secs]
2018-11-04T15:20:12.358+0800: 778519.992: [GC (Allocation Failure) 2018-11-04T15:20:12.358+0800: 778519.992: [ParNew: 474890K->7310K(480640K), 0.0318398 secs] 1720680K->1253167K(8344960K), 0.0320839 secs] [Times: user=0.11 sys=0.00, real=0.03 secs]
2018-11-04T15:20:23.663+0800: 778531.296: [GC (Allocation Failure) 2018-11-04T15:20:23.663+0800: 778531.296: [ParNew: 442224K->28386K(480640K), 0.0331085 secs] 1688081K->1274243K(8344960K), 0.0333810 secs] [Times: user=0.11 sys=0.00, real=0.04 secs]
2018-11-04T15:20:37.667+0800: 778545.300: [GC (Allocation Failure) 2018-11-04T15:20:37.667+0800: 778545.300: [ParNew: 454277K->39816K(480640K), 0.0321576 secs] 1700134K->1285881K(8344960K), 0.0324390 secs] [Times: user=0.12 sys=0.00, real=0.03 secs]
2018-11-04T15:20:37.910+0800: 778545.543: [GC (Allocation Failure) 2018-11-04T15:20:37.910+0800: 778545.543: [ParNew: 476808K->36168K(480640K), 0.0618672 secs] 1722873K->1307229K(8344960K), 0.0620959 secs] [Times: user=0.20 sys=0.00, real=0.06 secs]
2018-11-04T15:20:55.725+0800: 778563.358: [GC (Allocation Failure) 2018-11-04T15:20:55.725+0800: 778563.359: [ParNew: 460398K->43648K(480640K), 0.0596388 secs] 1731459K->1326384K(8344960K), 0.0599645 secs] [Times: user=0.21 sys=0.00, real=0.06 secs]
2018-11-04T15:20:56.032+0800: 778563.665: [GC (Allocation Failure) 2018-11-04T15:20:56.032+0800: 778563.665: [ParNew: 471777K->35489K(480640K), 0.0453093 secs] 1754513K->1338406K(8344960K), 0.0455375 secs] [Times: user=0.17 sys=0.00, real=0.05 secs]
2018-11-04T15:20:56.367+0800: 778564.000: [GC (Allocation Failure) 2018-11-04T15:20:56.367+0800: 778564.001: [ParNew: 471708K->18033K(480640K), 0.0320155 secs] 1774626K->1320954K(8344960K), 0.0322478 secs] [Times: user=0.13 sys=0.00, real=0.03 secs]
2018-11-04T15:21:13.703+0800: 778581.336: [GC (Allocation Failure) 2018-11-04T15:21:13.703+0800: 778581.336: [ParNew: 449891K->18865K(480640K), 0.0348686 secs] 1752812K->1321786K(8344960K), 0.0351160 secs] [Times: user=0.11 sys=0.00, real=0.04 secs]
2018-11-04T15:21:21.922+0800: 778589.556: [GC (Allocation Failure) 2018-11-04T15:21:21.922+0800: 778589.556: [ParNew: 454370K->21990K(480640K), 0.0279976 secs] 1757291K->1324911K(8344960K), 0.0282486 secs] [Times: user=0.10 sys=0.00, real=0.03 secs]
2018-11-04T15:21:41.274+0800: 778608.908: [GC (Allocation Failure) 2018-11-04T15:21:41.274+0800: 778608.908: [ParNew: 456207K->39799K(480640K), 0.0375982 secs] 1759128K->1342720K(8344960K), 0.0378545 secs] [Times: user=0.13 sys=0.00, real=0.04 secs]
2018-11-04T15:21:41.535+0800: 778609.169: [GC (Allocation Failure) 2018-11-04T15:21:41.535+0800: 778609.169: [ParNew: 468791K->23202K(480640K), 0.0478453 secs] 1771713K->1338388K(8344960K), 0.0481313 secs] [Times: user=0.15 sys=0.00, real=0.05 secs]
2018-11-04T15:21:55.673+0800: 778623.306: [GC (Allocation Failure) 2018-11-04T15:21:55.673+0800: 778623.306: [ParNew: 453317K->32104K(480640K), 0.0312951 secs] 1768504K->1347290K(8344960K), 0.0315949 secs] [Times: user=0.12 sys=0.00, real=0.03 secs]
2018-11-04T15:21:55.907+0800: 778623.541: [GC (Allocation Failure) 2018-11-04T15:21:55.907+0800: 778623.541: [ParNew: 464543K->19724K(480640K), 0.0387792 secs] 1779729K->1344727K(8344960K), 0.0390019 secs] [Times: user=0.13 sys=0.00, real=0.04 secs]
2018-11-04T15:22:07.471+0800: 778635.104: [GC (Allocation Failure) 2018-11-04T15:22:07.471+0800: 778635.105: [ParNew: 451369K->18876K(480640K), 0.0352364 secs] 1776373K->1343879K(8344960K), 0.0354856 secs] [Times: user=0.13 sys=0.00, real=0.04 secs]
2018-11-04T15:22:15.424+0800: 778643.058: [GC (Allocation Failure) 2018-11-04T15:22:15.425+0800: 778643.058: [ParNew: 455868K->9459K(480640K), 0.0327039 secs] 1780871K->1334462K(8344960K), 0.0329257 secs] [Times: user=0.11 sys=0.00, real=0.04 secs]
2018-11-04T15:22:22.232+0800: 778649.866: [GC (Allocation Failure) 2018-11-04T15:22:22.233+0800: 778649.866: [ParNew: 446089K->43648K(480640K), 0.0445176 secs] 1771092K->1373879K(8344960K), 0.0447763 secs] [Times: user=0.15 sys=0.00, real=0.05 secs]
2018-11-04T15:22:22.626+0800: 778650.260: [GC (Allocation Failure) 2018-11-04T15:22:22.626+0800: 778650.260: [ParNew: 480640K->6610K(480640K), 0.0372939 secs] 1810871K->1345140K(8344960K), 0.0375239 secs] [Times: user=0.13 sys=0.00, real=0.03 secs]
2018-11-04T15:22:41.995+0800: 778669.629: [GC (Allocation Failure) 2018-11-04T15:22:41.995+0800: 778669.629: [ParNew: 416385K->43648K(480640K), 0.0372174 secs] 1754915K->1382335K(8344960K), 0.0374824 secs] [Times: user=0.15 sys=0.00, real=0.04 secs]
2018-11-04T15:22:42.322+0800: 778669.955: [GC (Allocation Failure) 2018-11-04T15:22:42.322+0800: 778669.955: [ParNew: 463120K->32702K(480640K), 0.0540839 secs] 1801807K->1428383K(8344960K), 0.0543267 secs] [Times: user=0.19 sys=0.00, real=0.06 secs]
2018-11-04T15:22:47.473+0800: 778675.106: [GC (Allocation Failure) 2018-11-04T15:22:47.473+0800: 778675.106: [ParNew: 453308K->41401K(480640K), 0.0262868 secs] 1848989K->1437082K(8344960K), 0.0265240 secs] [Times: user=0.10 sys=0.00, real=0.03 secs]
2018-11-04T15:22:57.748+0800: 778685.381: [GC (Allocation Failure) 2018-11-04T15:22:57.748+0800: 778685.381: [ParNew: 478393K->6327K(480640K), 0.0514823 secs] 1874074K->1420112K(8344960K), 0.0517276 secs] [Times: user=0.17 sys=0.00, real=0.05 secs]
2018-11-04T15:23:23.230+0800: 778710.863: [GC (Allocation Failure) 2018-11-04T15:23:23.230+0800: 778710.864: [ParNew: 443079K->43648K(480640K), 0.0578460 secs] 1856864K->1477665K(8344960K), 0.0581079 secs] [Times: user=0.19 sys=0.00, real=0.06 secs]
2018-11-04T15:23:23.552+0800: 778711.185: [GC (Allocation Failure) 2018-11-04T15:23:23.552+0800: 778711.185: [ParNew: 477688K->15337K(480640K), 0.0315103 secs] 1911706K->1452161K(8344960K), 0.0317491 secs] [Times: user=0.11 sys=0.00, real=0.03 secs]
2018-11-04T15:23:36.720+0800: 778724.353: [GC (Allocation Failure) 2018-11-04T15:23:36.720+0800: 778724.353: [ParNew: 430587K->24079K(480640K), 0.0313425 secs] 1867411K->1460903K(8344960K), 0.0315870 secs] [Times: user=0.12 sys=0.00, real=0.03 secs]
2018-11-04T15:23:36.989+0800: 778724.623: [GC (Allocation Failure) 2018-11-04T15:23:36.989+0800: 778724.623: [ParNew: 452282K->16623K(480640K), 0.0388142 secs] 1889105K->1463531K(8344960K), 0.0390282 secs] [Times: user=0.13 sys=0.00, real=0.04 secs]
2018-11-04T15:23:49.138+0800: 778736.771: [GC (Allocation Failure) 2018-11-04T15:23:49.138+0800: 778736.771: [ParNew: 450284K->30509K(480640K), 0.0417380 secs] 1897193K->1477418K(8344960K), 0.0420064 secs] [Times: user=0.13 sys=0.00, real=0.04 secs]
2018-11-04T15:24:04.215+0800: 778751.848: [GC (Allocation Failure) 2018-11-04T15:24:04.215+0800: 778751.849: [ParNew: 466310K->40500K(480640K), 0.0337220 secs] 1913219K->1487431K(8344960K), 0.0339659 secs] [Times: user=0.13 sys=0.00, real=0.04 secs]
2018-11-04T15:24:04.467+0800: 778752.101: [GC (Allocation Failure) 2018-11-04T15:24:04.468+0800: 778752.101: [ParNew: 468347K->24057K(480640K), 0.0467608 secs] 1915279K->1483251K(8344960K), 0.0470066 secs] [Times: user=0.14 sys=0.00, real=0.04 secs]
2018-11-04T15:24:24.191+0800: 778771.824: [GC (Allocation Failure) 2018-11-04T15:24:24.191+0800: 778771.824: [ParNew: 444194K->38630K(480640K), 0.0357714 secs] 1903387K->1497823K(8344960K), 0.0360306 secs] [Times: user=0.14 sys=0.00, real=0.04 secs]
2018-11-04T15:24:24.451+0800: 778772.085: [GC (Allocation Failure) 2018-11-04T15:24:24.452+0800: 778772.085: [ParNew: 461164K->32154K(480640K), 0.0596634 secs] 1920358K->1545299K(8344960K), 0.0599065 secs] [Times: user=0.21 sys=0.00, real=0.06 secs]
2018-11-04T15:24:24.776+0800: 778772.409: [GC (Allocation Failure) 2018-11-04T15:24:24.776+0800: 778772.409: [ParNew: 463222K->33489K(480640K), 0.0593109 secs] 1976366K->1586458K(8344960K), 0.0595630 secs] [Times: user=0.23 sys=0.00, real=0.05 secs]
2018-11-04T15:24:33.869+0800: 778781.502: [GC (Allocation Failure) 2018-11-04T15:24:33.869+0800: 778781.502: [ParNew: 467287K->14497K(480640K), 0.0263330 secs] 2020256K->1567469K(8344960K), 0.0265688 secs] [Times: user=0.10 sys=0.00, real=0.02 secs]
2018-11-04T15:24:44.266+0800: 778791.899: [GC (Allocation Failure) 2018-11-04T15:24:44.266+0800: 778791.899: [ParNew: 448817K->22199K(480640K), 0.0273291 secs] 2001789K->1575171K(8344960K), 0.0275916 secs] [Times: user=0.11 sys=0.00, real=0.03 secs]
2018-11-04T15:24:53.322+0800: 778800.955: [GC (Allocation Failure) 2018-11-04T15:24:53.322+0800: 778800.955: [ParNew: 459006K->11212K(480640K), 0.0270364 secs] 2011979K->1564185K(8344960K), 0.0272849 secs] [Times: user=0.10 sys=0.00, real=0.03 secs]
2018-11-04T15:25:14.985+0800: 778822.618: [GC (Allocation Failure) 2018-11-04T15:25:14.985+0800: 778822.618: [ParNew: 438649K->43648K(480640K), 0.0682881 secs] 1991621K->1619448K(8344960K), 0.0685701 secs] [Times: user=0.22 sys=0.00, real=0.07 secs]
2018-11-04T15:25:15.340+0800: 778822.974: [GC (Allocation Failure) 2018-11-04T15:25:15.340+0800: 778822.974: [ParNew: 480640K->18842K(480640K), 0.0422930 secs] 2056440K->1600614K(8344960K), 0.0425348 secs] [Times: user=0.15 sys=0.00, real=0.04 secs]
2018-11-04T15:25:29.695+0800: 778837.328: [GC (Allocation Failure) 2018-11-04T15:25:29.695+0800: 778837.328: [ParNew: 449314K->25077K(480640K), 0.0312463 secs] 2031086K->1606849K(8344960K), 0.0314920 secs] [Times: user=0.12 sys=0.00, real=0.04 secs]
2018-11-04T15:25:29.938+0800: 778837.571: [GC (Allocation Failure) 2018-11-04T15:25:29.938+0800: 778837.571: [ParNew: 459831K->14444K(480640K), 0.0359931 secs] 2041602K->1606773K(8344960K), 0.0362244 secs] [Times: user=0.13 sys=0.00, real=0.03 secs]
2018-11-04T15:25:41.117+0800: 778848.750: [GC (Allocation Failure) 2018-11-04T15:25:41.117+0800: 778848.751: [ParNew: 450450K->16970K(480640K), 0.0296121 secs] 2042779K->1609299K(8344960K), 0.0298391 secs] [Times: user=0.11 sys=0.00, real=0.03 secs]
2018-11-04T15:25:55.849+0800: 778863.482: [GC (Allocation Failure) 2018-11-04T15:25:55.849+0800: 778863.482: [ParNew: 444885K->41165K(480640K), 0.0376461 secs] 2037214K->1633494K(8344960K), 0.0379143 secs] [Times: user=0.15 sys=0.00, real=0.04 secs]
2018-11-04T15:25:56.132+0800: 778863.765: [GC (Allocation Failure) 2018-11-04T15:25:56.132+0800: 778863.765: [ParNew: 478157K->37106K(480640K), 0.0445257 secs] 2070486K->1655040K(8344960K), 0.0447774 secs] [Times: user=0.16 sys=0.00, real=0.05 secs]
2018-11-04T15:26:14.780+0800: 778882.414: [GC (Allocation Failure) 2018-11-04T15:26:14.780+0800: 778882.414: [ParNew: 474098K->34443K(480640K), 0.0386735 secs] 2092032K->1652376K(8344960K), 0.0389315 secs] [Times: user=0.15 sys=0.00, real=0.04 secs]
2018-11-04T15:26:15.068+0800: 778882.701: [GC (Allocation Failure) 2018-11-04T15:26:15.068+0800: 778882.701: [ParNew: 454265K->34029K(480640K), 0.0595076 secs] 2072198K->1688748K(8344960K), 0.0597688 secs] [Times: user=0.20 sys=0.00, real=0.06 secs]
2018-11-04T15:26:15.371+0800: 778883.004: [GC (Allocation Failure) 2018-11-04T15:26:15.371+0800: 778883.004: [ParNew: 467282K->28044K(480640K), 0.0564455 secs] 2122001K->1723387K(8344960K), 0.0566937 secs] [Times: user=0.22 sys=0.00, real=0.06 secs]
2018-11-04T15:26:26.122+0800: 778893.756: [GC (Allocation Failure) 2018-11-04T15:26:26.122+0800: 778893.756: [ParNew: 464907K->20849K(480640K), 0.0276523 secs] 2160250K->1716197K(8344960K), 0.0279161 secs] [Times: user=0.11 sys=0.00, real=0.03 secs]
2018-11-04T15:26:56.932+0800: 778924.566: [GC (Allocation Failure) 2018-11-04T15:26:56.933+0800: 778924.566: [ParNew: 457700K->18759K(480640K), 0.0346602 secs] 2153049K->1714107K(8344960K), 0.0349221 secs] [Times: user=0.13 sys=0.00, real=0.04 secs]
2018-11-04T15:26:57.209+0800: 778924.843: [GC (Allocation Failure) 2018-11-04T15:26:57.209+0800: 778924.843: [ParNew: 445339K->28598K(480640K), 0.0279646 secs] 2140688K->1723947K(8344960K), 0.0282068 secs] [Times: user=0.10 sys=0.00, real=0.03 secs]
2018-11-04T15:27:10.585+0800: 778938.218: [GC (Allocation Failure) 2018-11-04T15:27:10.585+0800: 778938.218: [ParNew: 465549K->39769K(480640K), 0.0370741 secs] 2160898K->1745631K(8344960K), 0.0373421 secs] [Times: user=0.14 sys=0.00, real=0.04 secs]
2018-11-04T15:27:10.854+0800: 778938.488: [GC (Allocation Failure) 2018-11-04T15:27:10.854+0800: 778938.488: [ParNew: 476761K->36168K(480640K), 0.0509141 secs] 2182623K->1763590K(8344960K), 0.0511583 secs] [Times: user=0.17 sys=0.00, real=0.05 secs]
2018-11-04T15:27:23.189+0800: 778950.822: [GC (Allocation Failure) 2018-11-04T15:27:23.189+0800: 778950.822: [ParNew: 468193K->16118K(480640K), 0.0280824 secs] 2195616K->1743540K(8344960K), 0.0283236 secs] [Times: user=0.11 sys=0.00, real=0.03 secs]
2018-11-04T15:27:37.700+0800: 778965.333: [GC (Allocation Failure) 2018-11-04T15:27:37.700+0800: 778965.333: [ParNew: 447008K->27353K(480640K), 0.0321419 secs] 2174430K->1754776K(8344960K), 0.0323990 secs] [Times: user=0.12 sys=0.00, real=0.03 secs]
2018-11-04T15:27:37.986+0800: 778965.619: [GC (Allocation Failure) 2018-11-04T15:27:37.986+0800: 778965.620: [ParNew: 459483K->35699K(480640K), 0.0458967 secs] 2186905K->1787098K(8344960K), 0.0461284 secs] [Times: user=0.15 sys=0.00, real=0.04 secs]
2018-11-04T15:27:58.031+0800: 778985.665: [GC (Allocation Failure) 2018-11-04T15:27:58.031+0800: 778985.665: [ParNew: 464729K->27869K(480640K), 0.0361625 secs] 2216128K->1779269K(8344960K), 0.0364232 secs] [Times: user=0.14 sys=0.00, real=0.04 secs]
2018-11-04T15:27:58.342+0800: 778985.975: [GC (Allocation Failure) 2018-11-04T15:27:58.342+0800: 778985.975: [ParNew: 461658K->43409K(480640K), 0.0646869 secs] 2213058K->1836104K(8344960K), 0.0649721 secs] [Times: user=0.23 sys=0.00, real=0.07 secs]
2018-11-04T15:27:58.666+0800: 778986.299: [GC (Allocation Failure) 2018-11-04T15:27:58.666+0800: 778986.299: [ParNew: 480401K->26708K(480640K), 0.0266369 secs] 2273096K->1819403K(8344960K), 0.0268751 secs] [Times: user=0.10 sys=0.00, real=0.03 secs]
2018-11-04T15:28:07.558+0800: 778995.191: [GC (Allocation Failure) 2018-11-04T15:28:07.558+0800: 778995.191: [ParNew: 463524K->5994K(480640K), 0.0296627 secs] 2256219K->1798695K(8344960K), 0.0298992 secs] [Times: user=0.11 sys=0.00, real=0.03 secs]
2018-11-04T15:28:17.717+0800: 779005.350: [GC (Allocation Failure) 2018-11-04T15:28:17.717+0800: 779005.350: [ParNew: 442627K->13488K(480640K), 0.0270397 secs] 2235328K->1806189K(8344960K), 0.0272846 secs] [Times: user=0.10 sys=0.00, real=0.02 secs]
2018-11-04T15:28:27.263+0800: 779014.896: [GC (Allocation Failure) 2018-11-04T15:28:27.263+0800: 779014.896: [ParNew: 444613K->17423K(480640K), 0.0270520 secs] 2237314K->1810124K(8344960K), 0.0272834 secs] [Times: user=0.08 sys=0.02, real=0.03 secs]
2018-11-04T15:28:48.985+0800: 779036.618: [GC (Allocation Failure) 2018-11-04T15:28:48.985+0800: 779036.618: [ParNew: 451176K->41925K(480640K), 0.0361216 secs] 2243877K->1834626K(8344960K), 0.0363897 secs] [Times: user=0.13 sys=0.00, real=0.04 secs]
2018-11-04T15:28:49.242+0800: 779036.876: [GC (Allocation Failure) 2018-11-04T15:28:49.243+0800: 779036.876: [ParNew: 476708K->24391K(480640K), 0.0511568 secs] 2269409K->1829970K(8344960K), 0.0514110 secs] [Times: user=0.16 sys=0.00, real=0.05 secs]
2018-11-04T15:29:03.010+0800: 779050.644: [GC (Allocation Failure) 2018-11-04T15:29:03.010+0800: 779050.644: [ParNew: 457094K->21979K(480640K), 0.0290753 secs] 2262674K->1827558K(8344960K), 0.0293323 secs] [Times: user=0.11 sys=0.00, real=0.03 secs]
2018-11-04T15:29:03.267+0800: 779050.900: [GC (Allocation Failure) 2018-11-04T15:29:03.267+0800: 779050.900: [ParNew: 456440K->31261K(480640K), 0.0264588 secs] 2262020K->1836841K(8344960K), 0.0266952 secs] [Times: user=0.10 sys=0.00, real=0.02 secs]
2018-11-04T15:29:14.993+0800: 779062.626: [GC (Allocation Failure) 2018-11-04T15:29:14.993+0800: 779062.626: [ParNew: 459757K->22822K(480640K), 0.0323274 secs] 2265336K->1828477K(8344960K), 0.0325971 secs] [Times: user=0.12 sys=0.00, real=0.03 secs]
2018-11-04T15:29:30.377+0800: 779078.010: [GC (Allocation Failure) 2018-11-04T15:29:30.377+0800: 779078.011: [ParNew: 459682K->17414K(480640K), 0.0315254 secs] 2265337K->1823069K(8344960K), 0.0317737 secs] [Times: user=0.12 sys=0.00, real=0.03 secs]
2018-11-04T15:29:30.694+0800: 779078.328: [GC (Allocation Failure) 2018-11-04T15:29:30.694+0800: 779078.328: [ParNew: 443565K->43648K(480640K), 0.0328183 secs] 2249221K->1862346K(8344960K), 0.0330631 secs] [Times: user=0.12 sys=0.00, real=0.04 secs]
2018-11-04T15:29:45.276+0800: 779092.909: [GC (Allocation Failure) 2018-11-04T15:29:45.276+0800: 779092.909: [ParNew: 480640K->16725K(480640K), 0.0310664 secs] 2299338K->1835495K(8344960K), 0.0313206 secs] [Times: user=0.10 sys=0.02, real=0.04 secs]
2018-11-04T15:29:49.717+0800: 779097.351: [GC (Allocation Failure) 2018-11-04T15:29:49.718+0800: 779097.351: [ParNew: 443508K->43648K(480640K), 0.0797680 secs] 2262279K->1911322K(8344960K), 0.0799962 secs] [Times: user=0.25 sys=0.00, real=0.08 secs]
2018-11-04T15:29:50.050+0800: 779097.683: [GC (Allocation Failure) 2018-11-04T15:29:50.050+0800: 779097.683: [ParNew: 461306K->30327K(480640K), 0.0392296 secs] 2328980K->1907971K(8344960K), 0.0394662 secs] [Times: user=0.14 sys=0.00, real=0.04 secs]
2018-11-04T15:29:59.920+0800: 779107.553: [GC (Allocation Failure) 2018-11-04T15:29:59.920+0800: 779107.553: [ParNew: 465859K->8361K(480640K), 0.0253059 secs] 2343502K->1886004K(8344960K), 0.0255438 secs] [Times: user=0.10 sys=0.00, real=0.02 secs]
2018-11-04T15:33:09.228+0800: 779296.861: [GC (Allocation Failure) 2018-11-04T15:33:09.228+0800: 779296.862: [ParNew: 445353K->7060K(480640K), 0.0299835 secs] 2322996K->1884703K(8344960K), 0.0302372 secs] [Times: user=0.10 sys=0.00, real=0.03 secs]
2018-11-04T15:44:15.166+0800: 779962.800: [GC (Allocation Failure) 2018-11-04T15:44:15.167+0800: 779962.800: [ParNew: 444052K->10379K(480640K), 0.0470179 secs] 2321695K->1888023K(8344960K), 0.0472766 secs] [Times: user=0.13 sys=0.00, real=0.04 secs]
2018-11-04T15:55:37.302+0800: 780644.935: [GC (Allocation Failure) 2018-11-04T15:55:37.302+0800: 780644.935: [ParNew: 447371K->10074K(480640K), 0.0428030 secs] 2325015K->1887717K(8344960K), 0.0430682 secs] [Times: user=0.13 sys=0.00, real=0.04 secs]
2018-11-04T16:05:37.299+0800: 781244.932: [GC (Allocation Failure) 2018-11-04T16:05:37.299+0800: 781244.932: [ParNew: 447066K->7197K(480640K), 0.0370875 secs] 2324709K->1884840K(8344960K), 0.0373517 secs] [Times: user=0.13 sys=0.00, real=0.04 secs]
2018-11-04T16:18:19.036+0800: 782006.669: [GC (Allocation Failure) 2018-11-04T16:18:19.036+0800: 782006.670: [ParNew: 444189K->9618K(480640K), 0.0407023 secs] 2321832K->1887261K(8344960K), 0.0409560 secs] [Times: user=0.12 sys=0.00, real=0.04 secs]
2018-11-04T16:35:33.438+0800: 783041.072: [GC (Allocation Failure) 2018-11-04T16:35:33.438+0800: 783041.072: [ParNew: 446610K->5216K(480640K), 0.0314355 secs] 2324253K->1882859K(8344960K), 0.0317290 secs] [Times: user=0.12 sys=0.00, real=0.03 secs]
2018-11-04T16:51:30.054+0800: 783997.688: [GC (Allocation Failure) 2018-11-04T16:51:30.054+0800: 783997.688: [ParNew: 442208K->4788K(480640K), 0.0285609 secs] 2319851K->1882431K(8344960K), 0.0288010 secs] [Times: user=0.11 sys=0.00, real=0.03 secs]
2018-11-04T17:01:02.519+0800: 784570.152: [GC (Allocation Failure) 2018-11-04T17:01:02.519+0800: 784570.152: [ParNew: 441780K->4501K(480640K), 0.0357681 secs] 2319423K->1882144K(8344960K), 0.0360339 secs] [Times: user=0.12 sys=0.00, real=0.03 secs]
2018-11-04T17:16:39.411+0800: 785507.045: [GC (Allocation Failure) 2018-11-04T17:16:39.411+0800: 785507.045: [ParNew: 441493K->2918K(480640K), 0.0291711 secs] 2319136K->1880561K(8344960K), 0.0294218 secs] [Times: user=0.11 sys=0.00, real=0.03 secs]
2018-11-04T17:29:49.166+0800: 786296.799: [GC (Allocation Failure) 2018-11-04T17:29:49.166+0800: 786296.800: [ParNew: 439910K->8582K(480640K), 0.0401200 secs] 2317553K->1886226K(8344960K), 0.0403926 secs] [Times: user=0.06 sys=0.06, real=0.04 secs]
2018-11-04T17:42:54.957+0800: 787082.591: [GC (Allocation Failure) 2018-11-04T17:42:54.957+0800: 787082.591: [ParNew: 445574K->8292K(480640K), 0.0397589 secs] 2323218K->1885935K(8344960K), 0.0400391 secs] [Times: user=0.12 sys=0.00, real=0.04 secs]
2018-11-04T17:58:17.002+0800: 788004.635: [GC (Allocation Failure) 2018-11-04T17:58:17.002+0800: 788004.636: [ParNew: 445284K->3166K(480640K), 0.0302339 secs] 2322927K->1880810K(8344960K), 0.0304879 secs] [Times: user=0.10 sys=0.00, real=0.03 secs]
2018-11-04T18:07:49.484+0800: 788577.117: [GC (Allocation Failure) 2018-11-04T18:07:49.484+0800: 788577.117: [ParNew: 440158K->5098K(480640K), 0.0350436 secs] 2317802K->1882741K(8344960K), 0.0353187 secs] [Times: user=0.12 sys=0.00, real=0.04 secs]
2018-11-04T18:25:26.575+0800: 789634.208: [GC (Allocation Failure) 2018-11-04T18:25:26.575+0800: 789634.208: [ParNew: 442089K->2990K(480640K), 0.0287747 secs] 2319732K->1880640K(8344960K), 0.0290398 secs] [Times: user=0.11 sys=0.00, real=0.03 secs]
2018-11-04T18:41:02.497+0800: 790570.130: [GC (Allocation Failure) 2018-11-04T18:41:02.497+0800: 790570.130: [ParNew: 439982K->3304K(480640K), 0.0332488 secs] 2317632K->1880969K(8344960K), 0.0335290 secs] [Times: user=0.12 sys=0.00, real=0.03 secs]
2018-11-04T18:56:35.766+0800: 791503.399: [GC (Allocation Failure) 2018-11-04T18:56:35.766+0800: 791503.399: [ParNew: 440296K->3063K(480640K), 0.0307105 secs] 2317961K->1880732K(8344960K), 0.0309779 secs] [Times: user=0.11 sys=0.00, real=0.03 secs]
2018-11-04T19:06:14.356+0800: 792081.989: [GC (Allocation Failure) 2018-11-04T19:06:14.356+0800: 792081.990: [ParNew: 440055K->5126K(480640K), 0.0373206 secs] 2317724K->1882807K(8344960K), 0.0375886 secs] [Times: user=0.13 sys=0.00, real=0.03 secs]
2018-11-04T19:23:53.127+0800: 793140.761: [GC (Allocation Failure) 2018-11-04T19:23:53.127+0800: 793140.761: [ParNew: 442118K->3237K(480640K), 0.0338683 secs] 2319799K->1880934K(8344960K), 0.0341460 secs] [Times: user=0.13 sys=0.00, real=0.03 secs]
2018-11-04T19:39:30.542+0800: 794078.175: [GC (Allocation Failure) 2018-11-04T19:39:30.542+0800: 794078.175: [ParNew: 440229K->3129K(480640K), 0.0311224 secs] 2317926K->1880859K(8344960K), 0.0313749 secs] [Times: user=0.12 sys=0.00, real=0.03 secs]
2018-11-04T19:55:37.298+0800: 795044.931: [GC (Allocation Failure) 2018-11-04T19:55:37.298+0800: 795044.931: [ParNew: 440121K->4975K(480640K), 0.0297568 secs] 2317851K->1882750K(8344960K), 0.0300183 secs] [Times: user=0.11 sys=0.00, real=0.03 secs]
2018-11-04T20:05:37.284+0800: 795644.917: [GC (Allocation Failure) 2018-11-04T20:05:37.284+0800: 795644.918: [ParNew: 441967K->7371K(480640K), 0.0426353 secs] 2319742K->1885162K(8344960K), 0.0429510 secs] [Times: user=0.15 sys=0.00, real=0.05 secs]
2018-11-04T20:22:21.042+0800: 796648.676: [GC (Allocation Failure) 2018-11-04T20:22:21.043+0800: 796648.676: [ParNew: 444363K->4623K(480640K), 0.0304681 secs] 2322154K->1882429K(8344960K), 0.0307566 secs] [Times: user=0.11 sys=0.00, real=0.03 secs]
2018-11-04T20:37:54.807+0800: 797582.441: [GC (Allocation Failure) 2018-11-04T20:37:54.807+0800: 797582.441: [ParNew: 441615K->3000K(480640K), 0.0326128 secs] 2319421K->1880832K(8344960K), 0.0328933 secs] [Times: user=0.13 sys=0.00, real=0.03 secs]
2018-11-04T20:55:33.412+0800: 798641.045: [GC (Allocation Failure) 2018-11-04T20:55:33.412+0800: 798641.046: [ParNew: 439992K->3843K(480640K), 0.0306126 secs] 2317824K->1881691K(8344960K), 0.0308759 secs] [Times: user=0.11 sys=0.00, real=0.03 secs]
2018-11-04T21:05:15.958+0800: 799223.591: [GC (Allocation Failure) 2018-11-04T21:05:15.958+0800: 799223.592: [ParNew: 440835K->5470K(480640K), 0.0390507 secs] 2318683K->1883335K(8344960K), 0.0393518 secs] [Times: user=0.13 sys=0.00, real=0.04 secs]
2018-11-04T21:20:44.097+0800: 800151.731: [GC (Allocation Failure) 2018-11-04T21:20:44.097+0800: 800151.731: [ParNew: 442462K->2665K(480640K), 0.0294692 secs] 2320327K->1880549K(8344960K), 0.0297168 secs] [Times: user=0.11 sys=0.00, real=0.03 secs]
2018-11-04T21:36:14.184+0800: 801081.817: [GC (Allocation Failure) 2018-11-04T21:36:14.184+0800: 801081.817: [ParNew: 439657K->3348K(480640K), 0.0322987 secs] 2317541K->1881247K(8344960K), 0.0326217 secs] [Times: user=0.12 sys=0.00, real=0.04 secs]
2018-11-04T21:53:53.225+0800: 802140.859: [GC (Allocation Failure) 2018-11-04T21:53:53.225+0800: 802140.859: [ParNew: 440340K->2565K(480640K), 0.0303271 secs] 2318239K->1880480K(8344960K), 0.0305826 secs] [Times: user=0.11 sys=0.00, real=0.03 secs]
2018-11-04T22:03:33.511+0800: 802721.145: [GC (Allocation Failure) 2018-11-04T22:03:33.511+0800: 802721.145: [ParNew: 439557K->4308K(480640K), 0.0353239 secs] 2317472K->1882239K(8344960K), 0.0355879 secs] [Times: user=0.05 sys=0.06, real=0.04 secs]
2018-11-04T22:15:33.813+0800: 803441.446: [GC (Allocation Failure) 2018-11-04T22:15:33.813+0800: 803441.446: [ParNew: 441300K->8641K(480640K), 0.0422930 secs] 2319231K->1886587K(8344960K), 0.0425536 secs] [Times: user=0.13 sys=0.00, real=0.04 secs]
2018-11-04T22:32:04.677+0800: 804432.310: [GC (Allocation Failure) 2018-11-04T22:32:04.677+0800: 804432.310: [ParNew: 445633K->3429K(480640K), 0.0319107 secs] 2323579K->1881389K(8344960K), 0.0321966 secs] [Times: user=0.12 sys=0.00, real=0.03 secs]
2018-11-04T22:47:32.774+0800: 805360.407: [GC (Allocation Failure) 2018-11-04T22:47:32.774+0800: 805360.407: [ParNew: 440421K->2687K(480640K), 0.0320174 secs] 2318381K->1880661K(8344960K), 0.0322861 secs] [Times: user=0.12 sys=0.00, real=0.04 secs]
2018-11-04T23:00:08.506+0800: 806116.139: [GC (Allocation Failure) 2018-11-04T23:00:08.506+0800: 806116.140: [ParNew: 439679K->5089K(480640K), 0.0417191 secs] 2317653K->1883080K(8344960K), 0.0420148 secs] [Times: user=0.15 sys=0.00, real=0.04 secs]
2018-11-04T23:14:51.788+0800: 806999.422: [GC (Allocation Failure) 2018-11-04T23:14:51.788+0800: 806999.422: [ParNew: 442081K->4494K(480640K), 0.0316128 secs] 2320072K->1882499K(8344960K), 0.0318837 secs] [Times: user=0.08 sys=0.03, real=0.03 secs]
2018-11-04T23:30:15.955+0800: 807923.588: [GC (Allocation Failure) 2018-11-04T23:30:15.955+0800: 807923.588: [ParNew: 441486K->2891K(480640K), 0.0367853 secs] 2319491K->1880911K(8344960K), 0.0370781 secs] [Times: user=0.14 sys=0.00, real=0.04 secs]
2018-11-04T23:45:48.700+0800: 808856.333: [GC (Allocation Failure) 2018-11-04T23:45:48.700+0800: 808856.334: [ParNew: 439883K->3802K(480640K), 0.0301321 secs] 2317903K->1881835K(8344960K), 0.0303915 secs] [Times: user=0.12 sys=0.00, real=0.03 secs]
2018-11-05T00:00:04.892+0800: 809712.526: [GC (Allocation Failure) 2018-11-05T00:00:04.892+0800: 809712.526: [ParNew: 440794K->4245K(480640K), 0.0352057 secs] 2318827K->1882294K(8344960K), 0.0354888 secs] [Times: user=0.12 sys=0.00, real=0.04 secs]
2018-11-05T00:12:43.077+0800: 810470.711: [GC (Allocation Failure) 2018-11-05T00:12:43.077+0800: 810470.711: [ParNew: 441237K->5174K(480640K), 0.0323157 secs] 2319286K->1883238K(8344960K), 0.0325699 secs] [Times: user=0.11 sys=0.00, real=0.03 secs]
2018-11-05T00:28:09.355+0800: 811396.988: [GC (Allocation Failure) 2018-11-05T00:28:09.355+0800: 811396.988: [ParNew: 442166K->3442K(480640K), 0.0287223 secs] 2320230K->1881523K(8344960K), 0.0289891 secs] [Times: user=0.11 sys=0.00, real=0.03 secs]
2018-11-05T00:45:33.423+0800: 812441.057: [GC (Allocation Failure) 2018-11-05T00:45:33.423+0800: 812441.057: [ParNew: 440434K->5639K(480640K), 0.0309915 secs] 2318515K->1883734K(8344960K), 0.0312574 secs] [Times: user=0.12 sys=0.00, real=0.03 secs]
2018-11-05T01:00:02.375+0800: 813310.009: [GC (Allocation Failure) 2018-11-05T01:00:02.376+0800: 813310.009: [ParNew: 442631K->5022K(480640K), 0.0345207 secs] 2320726K->1883130K(8344960K), 0.0347965 secs] [Times: user=0.13 sys=0.00, real=0.04 secs]
2018-11-05T01:10:38.620+0800: 813946.253: [GC (Allocation Failure) 2018-11-05T01:10:38.620+0800: 813946.253: [ParNew: 442014K->5328K(480640K), 0.0442265 secs] 2320122K->1883452K(8344960K), 0.0444975 secs] [Times: user=0.12 sys=0.00, real=0.04 secs]
2018-11-05T01:26:11.222+0800: 814878.856: [GC (Allocation Failure) 2018-11-05T01:26:11.222+0800: 814878.856: [ParNew: 442320K->3861K(480640K), 0.0298894 secs] 2320444K->1882001K(8344960K), 0.0301311 secs] [Times: user=0.07 sys=0.04, real=0.03 secs]
2018-11-05T01:43:50.458+0800: 815938.092: [GC (Allocation Failure) 2018-11-05T01:43:50.458+0800: 815938.092: [ParNew: 440853K->2756K(480640K), 0.0306622 secs] 2318993K->1880909K(8344960K), 0.0309312 secs] [Times: user=0.12 sys=0.00, real=0.03 secs]
2018-11-05T01:59:15.142+0800: 816862.775: [GC (Allocation Failure) 2018-11-05T01:59:15.142+0800: 816862.775: [ParNew: 439748K->3673K(480640K), 0.0373871 secs] 2317901K->1881848K(8344960K), 0.0376553 secs] [Times: user=0.09 sys=0.02, real=0.04 secs]
2018-11-05T02:08:32.432+0800: 817420.065: [GC (Allocation Failure) 2018-11-05T02:08:32.432+0800: 817420.065: [ParNew: 440665K->5025K(480640K), 0.0378513 secs] 2318840K->1883216K(8344960K), 0.0381209 secs] [Times: user=0.13 sys=0.00, real=0.04 secs]
2018-11-05T02:25:33.432+0800: 818441.066: [GC (Allocation Failure) 2018-11-05T02:25:33.433+0800: 818441.066: [ParNew: 442017K->5147K(480640K), 0.0273093 secs] 2320208K->1883351K(8344960K), 0.0275718 secs] [Times: user=0.09 sys=0.00, real=0.03 secs]
2018-11-05T02:41:37.922+0800: 819405.556: [GC (Allocation Failure) 2018-11-05T02:41:37.923+0800: 819405.556: [ParNew: 442139K->4541K(480640K), 0.0299186 secs] 2320343K->1882759K(8344960K), 0.0301722 secs] [Times: user=0.05 sys=0.07, real=0.03 secs]
2018-11-05T02:57:06.560+0800: 820334.193: [GC (Allocation Failure) 2018-11-05T02:57:06.560+0800: 820334.193: [ParNew: 441533K->3143K(480640K), 0.0309016 secs] 2319751K->1881375K(8344960K), 0.0311562 secs] [Times: user=0.12 sys=0.00, real=0.03 secs]
2018-11-05T03:06:16.436+0800: 820884.070: [GC (Allocation Failure) 2018-11-05T03:06:16.437+0800: 820884.070: [ParNew: 440135K->5402K(480640K), 0.0379762 secs] 2318367K->1883648K(8344960K), 0.0382544 secs] [Times: user=0.13 sys=0.00, real=0.03 secs]
2018-11-05T03:23:53.462+0800: 821941.095: [GC (Allocation Failure) 2018-11-05T03:23:53.462+0800: 821941.095: [ParNew: 442394K->3525K(480640K), 0.0319400 secs] 2320640K->1881785K(8344960K), 0.0322326 secs] [Times: user=0.12 sys=0.00, real=0.03 secs]
2018-11-05T03:39:28.720+0800: 822876.353: [GC (Allocation Failure) 2018-11-05T03:39:28.720+0800: 822876.353: [ParNew: 440517K->3444K(480640K), 0.0358192 secs] 2318777K->1882033K(8344960K), 0.0360987 secs] [Times: user=0.13 sys=0.00, real=0.04 secs]
2018-11-05T03:55:37.292+0800: 823844.926: [GC (Allocation Failure) 2018-11-05T03:55:37.293+0800: 823844.926: [ParNew: 440436K->5382K(480640K), 0.0329393 secs] 2319025K->1883987K(8344960K), 0.0331928 secs] [Times: user=0.12 sys=0.00, real=0.03 secs]
2018-11-05T04:05:33.433+0800: 824441.066: [GC (Allocation Failure) 2018-11-05T04:05:33.433+0800: 824441.066: [ParNew: 442374K->8101K(480640K), 0.0355747 secs] 2320979K->1886730K(8344960K), 0.0358417 secs] [Times: user=0.11 sys=0.00, real=0.04 secs]
2018-11-05T04:21:44.184+0800: 825411.817: [GC (Allocation Failure) 2018-11-05T04:21:44.184+0800: 825411.817: [ParNew: 445093K->3602K(480640K), 0.0306334 secs] 2323722K->1882248K(8344960K), 0.0309377 secs] [Times: user=0.11 sys=0.00, real=0.04 secs]
2018-11-05T04:37:15.561+0800: 826343.194: [GC (Allocation Failure) 2018-11-05T04:37:15.561+0800: 826343.194: [ParNew: 440594K->2723K(480640K), 0.0316954 secs] 2319240K->1881382K(8344960K), 0.0319859 secs] [Times: user=0.12 sys=0.00, real=0.03 secs]
2018-11-05T04:54:50.325+0800: 827397.959: [GC (Allocation Failure) 2018-11-05T04:54:50.326+0800: 827397.959: [ParNew: 439715K->3196K(480640K), 0.0311696 secs] 2318374K->1881865K(8344960K), 0.0314238 secs] [Times: user=0.05 sys=0.07, real=0.04 secs]
2018-11-05T05:04:00.240+0800: 827947.874: [GC (Allocation Failure) 2018-11-05T05:04:00.240+0800: 827947.874: [ParNew: 440188K->4957K(480640K), 0.0342509 secs] 2318857K->1883641K(8344960K), 0.0345171 secs] [Times: user=0.11 sys=0.00, real=0.03 secs]
2018-11-05T05:19:31.954+0800: 828879.587: [GC (Allocation Failure) 2018-11-05T05:19:31.954+0800: 828879.587: [ParNew: 441949K->3502K(480640K), 0.0298296 secs] 2320633K->1882202K(8344960K), 0.0300791 secs] [Times: user=0.11 sys=0.00, real=0.03 secs]
2018-11-05T05:35:37.298+0800: 829844.931: [GC (Allocation Failure) 2018-11-05T05:35:37.298+0800: 829844.932: [ParNew: 440494K->4555K(480640K), 0.0314472 secs] 2319194K->1883270K(8344960K), 0.0317053 secs] [Times: user=0.11 sys=0.00, real=0.03 secs]
2018-11-05T05:52:45.181+0800: 830872.814: [GC (Allocation Failure) 2018-11-05T05:52:45.181+0800: 830872.814: [ParNew: 441547K->4026K(480640K), 0.0307792 secs] 2320262K->1882773K(8344960K), 0.0310563 secs] [Times: user=0.10 sys=0.02, real=0.03 secs]
2018-11-05T06:01:49.225+0800: 831416.858: [GC (Allocation Failure) 2018-11-05T06:01:49.225+0800: 831416.858: [ParNew: 441018K->4397K(480640K), 0.0363725 secs] 2319765K->1883161K(8344960K), 0.0366349 secs] [Times: user=0.12 sys=0.00, real=0.04 secs]
2018-11-05T06:17:22.224+0800: 832349.857: [GC (Allocation Failure) 2018-11-05T06:17:22.224+0800: 832349.857: [ParNew: 441389K->3359K(480640K), 0.0305256 secs] 2320153K->1882137K(8344960K), 0.0308017 secs] [Times: user=0.12 sys=0.00, real=0.03 secs]
2018-11-05T06:34:55.711+0800: 833403.344: [GC (Allocation Failure) 2018-11-05T06:34:55.711+0800: 833403.344: [ParNew: 440351K->2537K(480640K), 0.0317522 secs] 2319129K->1881329K(8344960K), 0.0320175 secs] [Times: user=0.12 sys=0.00, real=0.03 secs]
2018-11-05T06:50:19.974+0800: 834327.607: [GC (Allocation Failure) 2018-11-05T06:50:19.974+0800: 834327.607: [ParNew: 439529K->2723K(480640K), 0.0302887 secs] 2318321K->1881529K(8344960K), 0.0305316 secs] [Times: user=0.11 sys=0.00, real=0.03 secs]
2018-11-05T07:00:11.372+0800: 834919.006: [GC (Allocation Failure) 2018-11-05T07:00:11.372+0800: 834919.006: [ParNew: 439715K->5836K(480640K), 0.0433252 secs] 2318521K->1884658K(8344960K), 0.0435997 secs] [Times: user=0.15 sys=0.00, real=0.05 secs]
2018-11-05T07:15:37.288+0800: 835844.921: [GC (Allocation Failure) 2018-11-05T07:15:37.288+0800: 835844.922: [ParNew: 442828K->6090K(480640K), 0.0329534 secs] 2321650K->1884926K(8344960K), 0.0332395 secs] [Times: user=0.13 sys=0.00, real=0.03 secs]
2018-11-05T07:32:19.391+0800: 836847.025: [GC (Allocation Failure) 2018-11-05T07:32:19.392+0800: 836847.025: [ParNew: 443082K->4745K(480640K), 0.0295104 secs] 2321918K->1883596K(8344960K), 0.0297461 secs] [Times: user=0.11 sys=0.00, real=0.03 secs]
2018-11-05T07:47:54.959+0800: 837782.592: [GC (Allocation Failure) 2018-11-05T07:47:54.959+0800: 837782.592: [ParNew: 441737K->3029K(480640K), 0.0308281 secs] 2320588K->1881904K(8344960K), 0.0310759 secs] [Times: user=0.11 sys=0.00, real=0.03 secs]
2018-11-05T08:00:08.373+0800: 838516.007: [GC (Allocation Failure) 2018-11-05T08:00:08.373+0800: 838516.007: [ParNew: 440021K->4948K(480640K), 0.0360682 secs] 2318896K->1883837K(8344960K), 0.0363413 secs] [Times: user=0.13 sys=0.00, real=0.04 secs]
2018-11-05T08:14:53.965+0800: 839401.598: [GC (Allocation Failure) 2018-11-05T08:14:53.965+0800: 839401.599: [ParNew: 441940K->4512K(480640K), 0.0318007 secs] 2320829K->1883416K(8344960K), 0.0320721 secs] [Times: user=0.12 sys=0.00, real=0.04 secs]
2018-11-05T08:30:22.384+0800: 840330.017: [GC (Allocation Failure) 2018-11-05T08:30:22.384+0800: 840330.017: [ParNew: 441504K->2863K(480640K), 0.0327605 secs] 2320408K->1881784K(8344960K), 0.0331349 secs] [Times: user=0.13 sys=0.00, real=0.04 secs]
2018-11-05T08:45:50.313+0800: 841257.947: [GC (Allocation Failure) 2018-11-05T08:45:50.313+0800: 841257.947: [ParNew: 439855K->3227K(480640K), 0.0292161 secs] 2318776K->1882155K(8344960K), 0.0294614 secs] [Times: user=0.11 sys=0.00, real=0.03 secs]
2018-11-05T09:00:05.253+0800: 842112.886: [GC (Allocation Failure) 2018-11-05T09:00:05.253+0800: 842112.887: [ParNew: 440219K->4706K(480640K), 0.0375163 secs] 2319147K->1883648K(8344960K), 0.0377916 secs] [Times: user=0.14 sys=0.00, real=0.04 secs]
2018-11-05T09:08:12.570+0800: 842600.204: [GC (Allocation Failure) 2018-11-05T09:08:12.570+0800: 842600.204: [ParNew: 441698K->10135K(480640K), 0.0459743 secs] 2320640K->1889092K(8344960K), 0.0462332 secs] [Times: user=0.13 sys=0.00, real=0.05 secs]
2018-11-05T09:25:33.424+0800: 843641.057: [GC (Allocation Failure) 2018-11-05T09:25:33.424+0800: 843641.057: [ParNew: 447127K->5046K(480640K), 0.0318213 secs] 2326084K->1884019K(8344960K), 0.0320926 secs] [Times: user=0.12 sys=0.00, real=0.04 secs]
2018-11-05T09:41:22.895+0800: 844590.529: [GC (Allocation Failure) 2018-11-05T09:41:22.896+0800: 844590.529: [ParNew: 442038K->4431K(480640K), 0.0311869 secs] 2321011K->1883420K(8344960K), 0.0314711 secs] [Times: user=0.12 sys=0.00, real=0.04 secs]
2018-11-05T09:56:46.652+0800: 845514.285: [GC (Allocation Failure) 2018-11-05T09:56:46.652+0800: 845514.285: [ParNew: 441423K->2918K(480640K), 0.0270236 secs] 2320412K->1881922K(8344960K), 0.0272748 secs] [Times: user=0.09 sys=0.00, real=0.03 secs]
2018-11-05T10:05:46.848+0800: 846054.481: [GC (Allocation Failure) 2018-11-05T10:05:46.848+0800: 846054.482: [ParNew: 439910K->5475K(480640K), 0.0427743 secs] 2318914K->1884495K(8344960K), 0.0430201 secs] [Times: user=0.09 sys=0.02, real=0.04 secs]
2018-11-05T10:23:05.002+0800: 847092.635: [GC (Allocation Failure) 2018-11-05T10:23:05.002+0800: 847092.636: [ParNew: 442467K->3718K(480640K), 0.0309954 secs] 2321487K->1882753K(8344960K), 0.0312653 secs] [Times: user=0.12 sys=0.00, real=0.03 secs]
2018-11-05T10:35:33.434+0800: 847841.067: [GC (Allocation Failure) 2018-11-05T10:35:33.434+0800: 847841.067: [ParNew: 440710K->9487K(480640K), 0.0437870 secs] 2319745K->1888543K(8344960K), 0.0440813 secs] [Times: user=0.14 sys=0.00, real=0.05 secs]
2018-11-05T10:51:29.732+0800: 848797.365: [GC (Allocation Failure) 2018-11-05T10:51:29.732+0800: 848797.365: [ParNew: 446479K->4187K(480640K), 0.0330551 secs] 2325535K->1883257K(8344960K), 0.0333392 secs] [Times: user=0.12 sys=0.00, real=0.03 secs]
2018-11-05T11:00:30.336+0800: 849337.970: [GC (Allocation Failure) 2018-11-05T11:00:30.337+0800: 849337.970: [ParNew: 441179K->4872K(480640K), 0.0392978 secs] 2320249K->1883959K(8344960K), 0.0395790 secs] [Times: user=0.13 sys=0.00, real=0.04 secs]
2018-11-05T11:15:53.715+0800: 850261.349: [GC (Allocation Failure) 2018-11-05T11:15:53.716+0800: 850261.349: [ParNew: 441864K->3473K(480640K), 0.0337288 secs] 2320951K->1882575K(8344960K), 0.0343280 secs] [Times: user=0.12 sys=0.00, real=0.04 secs]
2018-11-05T11:33:15.611+0800: 851303.245: [GC (Allocation Failure) 2018-11-05T11:33:15.611+0800: 851303.245: [ParNew: 440465K->3677K(480640K), 0.0304522 secs] 2319567K->1882789K(8344960K), 0.0307132 secs] [Times: user=0.12 sys=0.00, real=0.03 secs]
2018-11-05T11:45:33.433+0800: 852041.067: [GC (Allocation Failure) 2018-11-05T11:45:33.433+0800: 852041.067: [ParNew: 440669K->9941K(480640K), 0.0433073 secs] 2319781K->1889071K(8344960K), 0.0435707 secs] [Times: user=0.14 sys=0.00, real=0.05 secs]
2018-11-05T11:58:13.649+0800: 852801.282: [GC (Allocation Failure) 2018-11-05T11:58:13.649+0800: 852801.282: [ParNew: 446933K->8066K(480640K), 0.0459469 secs] 2326063K->1887211K(8344960K), 0.0462324 secs] [Times: user=0.14 sys=0.00, real=0.04 secs]
2018-11-05T12:06:15.771+0800: 853283.405: [GC (Allocation Failure) 2018-11-05T12:06:15.771+0800: 853283.405: [ParNew: 445058K->5836K(480640K), 0.0442645 secs] 2324203K->1884996K(8344960K), 0.0445390 secs] [Times: user=0.12 sys=0.00, real=0.05 secs]
2018-11-05T12:23:35.854+0800: 854323.487: [GC (Allocation Failure) 2018-11-05T12:23:35.854+0800: 854323.488: [ParNew: 442828K->3150K(480640K), 0.0311090 secs] 2321988K->1882325K(8344960K), 0.0313849 secs] [Times: user=0.07 sys=0.05, real=0.03 secs]
2018-11-05T12:39:09.379+0800: 855257.012: [GC (Allocation Failure) 2018-11-05T12:39:09.379+0800: 855257.012: [ParNew: 440142K->3018K(480640K), 0.0258860 secs] 2319317K->1882216K(8344960K), 0.0261251 secs] [Times: user=0.09 sys=0.00, real=0.02 secs]
2018-11-05T12:55:33.435+0800: 856241.068: [GC (Allocation Failure) 2018-11-05T12:55:33.435+0800: 856241.068: [ParNew: 440010K->5371K(480640K), 0.0307835 secs] 2319208K->1884585K(8344960K), 0.0310801 secs] [Times: user=0.12 sys=0.00, real=0.04 secs]
2018-11-05T13:05:33.418+0800: 856841.052: [GC (Allocation Failure) 2018-11-05T13:05:33.419+0800: 856841.052: [ParNew: 442363K->7930K(480640K), 0.0409409 secs] 2321577K->1887159K(8344960K), 0.0412060 secs] [Times: user=0.11 sys=0.00, real=0.04 secs]
2018-11-05T13:21:14.908+0800: 857782.542: [GC (Allocation Failure) 2018-11-05T13:21:14.909+0800: 857782.542: [ParNew: 444922K->3531K(480640K), 0.0312154 secs] 2324151K->1882774K(8344960K), 0.0314885 secs] [Times: user=0.12 sys=0.00, real=0.03 secs]
2018-11-05T13:36:45.218+0800: 858712.851: [GC (Allocation Failure) 2018-11-05T13:36:45.218+0800: 858712.851: [ParNew: 440523K->2726K(480640K), 0.0313296 secs] 2319766K->1881982K(8344960K), 0.0315837 secs] [Times: user=0.12 sys=0.00, real=0.03 secs]
2018-11-05T13:54:29.850+0800: 859777.484: [GC (Allocation Failure) 2018-11-05T13:54:29.851+0800: 859777.484: [ParNew: 439718K->3217K(480640K), 0.0325003 secs] 2318974K->1882489K(8344960K), 0.0327710 secs] [Times: user=0.12 sys=0.00, real=0.03 secs]
2018-11-05T14:03:53.995+0800: 860341.628: [GC (Allocation Failure) 2018-11-05T14:03:53.995+0800: 860341.628: [ParNew: 440209K->5005K(480640K), 0.0387670 secs] 2319481K->1884293K(8344960K), 0.0391211 secs] [Times: user=0.12 sys=0.00, real=0.04 secs]
2018-11-05T14:19:29.209+0800: 861276.842: [GC (Allocation Failure) 2018-11-05T14:19:29.209+0800: 861276.842: [ParNew: 441997K->3569K(480640K), 0.0312101 secs] 2321285K->1882872K(8344960K), 0.0314793 secs] [Times: user=0.12 sys=0.00, real=0.03 secs]
2018-11-05T14:35:37.295+0800: 862244.928: [GC (Allocation Failure) 2018-11-05T14:35:37.295+0800: 862244.928: [ParNew: 440561K->5521K(480640K), 0.0323309 secs] 2319864K->1884837K(8344960K), 0.0326105 secs] [Times: user=0.12 sys=0.00, real=0.04 secs]
2018-11-05T14:52:35.376+0800: 863263.009: [GC (Allocation Failure) 2018-11-05T14:52:35.376+0800: 863263.009: [ParNew: 442513K->4928K(480640K), 0.0318938 secs] 2321829K->1884259K(8344960K), 0.0321497 secs] [Times: user=0.12 sys=0.00, real=0.03 secs]
2018-11-05T15:01:59.257+0800: 863826.891: [GC (Allocation Failure) 2018-11-05T15:01:59.257+0800: 863826.891: [ParNew: 441920K->4671K(480640K), 0.0359587 secs] 2321251K->1884019K(8344960K), 0.0361995 secs] [Times: user=0.04 sys=0.07, real=0.03 secs]
2018-11-05T15:17:30.152+0800: 864757.785: [GC (Allocation Failure) 2018-11-05T15:17:30.152+0800: 864757.785: [ParNew: 441663K->2927K(480640K), 0.0311918 secs] 2321011K->1882285K(8344960K), 0.0314678 secs] [Times: user=0.12 sys=0.00, real=0.03 secs]
2018-11-05T15:35:02.725+0800: 865810.358: [GC (Allocation Failure) 2018-11-05T15:35:02.725+0800: 865810.359: [ParNew: 439919K->3026K(480640K), 0.0337314 secs] 2319277K->1882396K(8344960K), 0.0339889 secs] [Times: user=0.12 sys=0.00, real=0.04 secs]
2018-11-05T15:50:25.616+0800: 866733.249: [GC (Allocation Failure) 2018-11-05T15:50:25.616+0800: 866733.249: [ParNew: 440018K->3022K(480640K), 0.0312172 secs] 2319388K->1882411K(8344960K), 0.0314873 secs] [Times: user=0.11 sys=0.00, real=0.04 secs]
2018-11-05T16:00:10.385+0800: 867318.019: [GC (Allocation Failure) 2018-11-05T16:00:10.386+0800: 867318.019: [ParNew: 440014K->5593K(480640K), 0.0407617 secs] 2319403K->1884999K(8344960K), 0.0410483 secs] [Times: user=0.14 sys=0.00, real=0.05 secs]
2018-11-05T16:09:17.758+0800: 867865.392: [GC (Allocation Failure) 2018-11-05T16:09:17.759+0800: 867865.392: [ParNew: 442585K->13647K(480640K), 0.0513049 secs] 2321991K->1893067K(8344960K), 0.0515828 secs] [Times: user=0.14 sys=0.00, real=0.05 secs]
2018-11-05T16:21:41.808+0800: 868609.442: [GC (Allocation Failure) 2018-11-05T16:21:41.808+0800: 868609.442: [ParNew: 450639K->9185K(480640K), 0.0443584 secs] 2330059K->1888624K(8344960K), 0.0446504 secs] [Times: user=0.13 sys=0.00, real=0.04 secs]
2018-11-05T16:34:06.210+0800: 869353.843: [GC (Allocation Failure) 2018-11-05T16:34:06.210+0800: 869353.843: [ParNew: 446177K->9583K(480640K), 0.0442453 secs] 2325616K->1889032K(8344960K), 0.0444821 secs] [Times: user=0.13 sys=0.00, real=0.04 secs]
2018-11-05T16:46:03.036+0800: 870070.670: [GC (Allocation Failure) 2018-11-05T16:46:03.036+0800: 870070.670: [ParNew: 446575K->7588K(480640K), 0.0403362 secs] 2326024K->1887052K(8344960K), 0.0406002 secs] [Times: user=0.13 sys=0.00, real=0.04 secs]
2018-11-05T17:00:07.142+0800: 870914.775: [GC (Allocation Failure) 2018-11-05T17:00:07.142+0800: 870914.775: [ParNew: 444580K->4434K(480640K), 0.0354751 secs] 2324044K->1883912K(8344960K), 0.0357735 secs] [Times: user=0.13 sys=0.00, real=0.04 secs]
2018-11-05T17:12:55.612+0800: 871683.246: [GC (Allocation Failure) 2018-11-05T17:12:55.612+0800: 871683.246: [ParNew: 441426K->4705K(480640K), 0.0324289 secs] 2320904K->1884199K(8344960K), 0.0326939 secs] [Times: user=0.11 sys=0.00, real=0.03 secs]
2018-11-05T17:28:30.464+0800: 872618.097: [GC (Allocation Failure) 2018-11-05T17:28:30.464+0800: 872618.097: [ParNew: 441697K->2825K(480640K), 0.0304529 secs] 2321191K->1882342K(8344960K), 0.0306967 secs] [Times: user=0.12 sys=0.00, real=0.03 secs]
2018-11-05T17:45:33.430+0800: 873641.063: [GC (Allocation Failure) 2018-11-05T17:45:33.430+0800: 873641.063: [ParNew: 439817K->4467K(480640K), 0.0302510 secs] 2319334K->1883997K(8344960K), 0.0305144 secs] [Times: user=0.12 sys=0.00, real=0.03 secs]
2018-11-05T18:00:03.583+0800: 874511.216: [GC (Allocation Failure) 2018-11-05T18:00:03.583+0800: 874511.216: [ParNew: 441459K->4294K(480640K), 0.0351614 secs] 2320989K->1883838K(8344960K), 0.0354378 secs] [Times: user=0.13 sys=0.00, real=0.04 secs]
2018-11-05T18:10:54.214+0800: 875161.847: [GC (Allocation Failure) 2018-11-05T18:10:54.214+0800: 875161.848: [ParNew: 441286K->4304K(480640K), 0.0350455 secs] 2320830K->1883863K(8344960K), 0.0352947 secs] [Times: user=0.12 sys=0.00, real=0.04 secs]
2018-11-05T18:26:24.956+0800: 876092.589: [GC (Allocation Failure) 2018-11-05T18:26:24.956+0800: 876092.589: [ParNew: 441296K->2970K(480640K), 0.0285521 secs] 2320855K->1882542K(8344960K), 0.0288096 secs] [Times: user=0.06 sys=0.04, real=0.02 secs]
2018-11-05T18:44:00.660+0800: 877148.293: [GC (Allocation Failure) 2018-11-05T18:44:00.660+0800: 877148.293: [ParNew: 439962K->3026K(480640K), 0.0298808 secs] 2319534K->1882613K(8344960K), 0.0301332 secs] [Times: user=0.11 sys=0.00, real=0.03 secs]
2018-11-05T18:59:24.876+0800: 878072.509: [GC (Allocation Failure) 2018-11-05T18:59:24.876+0800: 878072.509: [ParNew: 440018K->2975K(480640K), 0.0294535 secs] 2319605K->1882578K(8344960K), 0.0297132 secs] [Times: user=0.04 sys=0.06, real=0.03 secs]
2018-11-05T19:06:08.494+0800: 878476.127: [GC (Allocation Failure) 2018-11-05T19:06:08.494+0800: 878476.127: [ParNew: 439966K->8064K(480640K), 0.0432772 secs] 2319570K->1887681K(8344960K), 0.0435578 secs] [Times: user=0.13 sys=0.00, real=0.05 secs]
2018-11-05T19:17:40.611+0800: 879168.245: [GC (Allocation Failure) 2018-11-05T19:17:40.612+0800: 879168.245: [ParNew: 445056K->10769K(480640K), 0.0465051 secs] 2324673K->1890396K(8344960K), 0.0467669 secs] [Times: user=0.13 sys=0.00, real=0.05 secs]
2018-11-05T19:35:15.766+0800: 880223.399: [GC (Allocation Failure) 2018-11-05T19:35:15.766+0800: 880223.399: [ParNew: 447761K->3272K(480640K), 0.0305400 secs] 2327388K->1882908K(8344960K), 0.0308003 secs] [Times: user=0.10 sys=0.00, real=0.03 secs]
2018-11-05T19:50:43.767+0800: 881151.400: [GC (Allocation Failure) 2018-11-05T19:50:43.767+0800: 881151.400: [ParNew: 440264K->3044K(480640K), 0.0301603 secs] 2319900K->1882691K(8344960K), 0.0304201 secs] [Times: user=0.11 sys=0.00, real=0.03 secs]
2018-11-05T20:00:17.974+0800: 881725.607: [GC (Allocation Failure) 2018-11-05T20:00:17.974+0800: 881725.607: [ParNew: 440028K->6058K(480640K), 0.0402196 secs] 2319675K->1885716K(8344960K), 0.0405094 secs] [Times: user=0.13 sys=0.00, real=0.04 secs]
2018-11-05T20:15:37.305+0800: 882644.938: [GC (Allocation Failure) 2018-11-05T20:15:37.305+0800: 882644.938: [ParNew: 443050K->5896K(480640K), 0.0302883 secs] 2322708K->1885569K(8344960K), 0.0305846 secs] [Times: user=0.12 sys=0.00, real=0.03 secs]
2018-11-05T20:33:09.726+0800: 883697.359: [GC (Allocation Failure) 2018-11-05T20:33:09.726+0800: 883697.359: [ParNew: 442888K->5407K(480640K), 0.0302894 secs] 2322561K->1885093K(8344960K), 0.0305336 secs] [Times: user=0.11 sys=0.00, real=0.03 secs]
2018-11-05T20:48:44.321+0800: 884631.954: [GC (Allocation Failure) 2018-11-05T20:48:44.321+0800: 884631.954: [ParNew: 442399K->2839K(480640K), 0.0292108 secs] 2322085K->1882541K(8344960K), 0.0294549 secs] [Times: user=0.10 sys=0.01, real=0.03 secs]
2018-11-05T21:00:07.970+0800: 885315.603: [GC (Allocation Failure) 2018-11-05T21:00:07.970+0800: 885315.603: [ParNew: 439831K->5373K(480640K), 0.0401544 secs] 2319533K->1885090K(8344960K), 0.0404507 secs] [Times: user=0.14 sys=0.00, real=0.04 secs]
2018-11-05T21:15:24.952+0800: 886232.585: [GC (Allocation Failure) 2018-11-05T21:15:24.952+0800: 886232.585: [ParNew: 442365K->4433K(480640K), 0.0303575 secs] 2322082K->1884165K(8344960K), 0.0306185 secs] [Times: user=0.09 sys=0.02, real=0.03 secs]
2018-11-05T21:30:58.555+0800: 887166.188: [GC (Allocation Failure) 2018-11-05T21:30:58.555+0800: 887166.189: [ParNew: 441425K->2914K(480640K), 0.0289419 secs] 2321157K->1882660K(8344960K), 0.0291987 secs] [Times: user=0.11 sys=0.00, real=0.03 secs]
2018-11-05T21:46:24.956+0800: 888092.589: [GC (Allocation Failure) 2018-11-05T21:46:24.956+0800: 888092.590: [ParNew: 439906K->3266K(480640K), 0.0311646 secs] 2319652K->1883026K(8344960K), 0.0314289 secs] [Times: user=0.12 sys=0.00, real=0.03 secs]
2018-11-05T22:00:06.376+0800: 888914.010: [GC (Allocation Failure) 2018-11-05T22:00:06.376+0800: 888914.010: [ParNew: 440258K->4265K(480640K), 0.0377893 secs] 2320018K->1884040K(8344960K), 0.0380479 secs] [Times: user=0.14 sys=0.00, real=0.03 secs]
2018-11-05T22:13:14.541+0800: 889702.174: [GC (Allocation Failure) 2018-11-05T22:13:14.541+0800: 889702.174: [ParNew: 441257K->4551K(480640K), 0.0390771 secs] 2321032K->1884342K(8344960K), 0.0393555 secs] [Times: user=0.14 sys=0.00, real=0.04 secs]
2018-11-05T22:28:45.167+0800: 890632.800: [GC (Allocation Failure) 2018-11-05T22:28:45.167+0800: 890632.800: [ParNew: 441543K->2801K(480640K), 0.0297657 secs] 2321334K->1882606K(8344960K), 0.0300402 secs] [Times: user=0.11 sys=0.00, real=0.03 secs]
2018-11-05T22:45:33.435+0800: 891641.068: [GC (Allocation Failure) 2018-11-05T22:45:33.435+0800: 891641.068: [ParNew: 439793K->5314K(480640K), 0.0299316 secs] 2319598K->1885129K(8344960K), 0.0301976 secs] [Times: user=0.11 sys=0.00, real=0.03 secs]
2018-11-05T23:00:03.102+0800: 892510.736: [GC (Allocation Failure) 2018-11-05T23:00:03.103+0800: 892510.736: [ParNew: 442306K->5515K(480640K), 0.0353141 secs] 2322121K->1885349K(8344960K), 0.0355898 secs] [Times: user=0.13 sys=0.00, real=0.04 secs]
2018-11-05T23:11:11.543+0800: 893179.176: [GC (Allocation Failure) 2018-11-05T23:11:11.543+0800: 893179.176: [ParNew: 442507K->4509K(480640K), 0.0364774 secs] 2322341K->1884359K(8344960K), 0.0367480 secs] [Times: user=0.12 sys=0.00, real=0.04 secs]
2018-11-05T23:26:42.973+0800: 894110.606: [GC (Allocation Failure) 2018-11-05T23:26:42.973+0800: 894110.607: [ParNew: 441501K->3491K(480640K), 0.0320007 secs] 2321351K->1883354K(8344960K), 0.0322593 secs] [Times: user=0.12 sys=0.00, real=0.03 secs]
2018-11-05T23:44:16.335+0800: 895163.968: [GC (Allocation Failure) 2018-11-05T23:44:16.335+0800: 895163.969: [ParNew: 440483K->2855K(480640K), 0.0311834 secs] 2320346K->1882731K(8344960K), 0.0314229 secs] [Times: user=0.11 sys=0.00, real=0.04 secs]
2018-11-05T23:59:45.986+0800: 896093.620: [GC (Allocation Failure) 2018-11-05T23:59:45.987+0800: 896093.620: [ParNew: 439847K->3140K(480640K), 0.0314150 secs] 2319723K->1883030K(8344960K), 0.0316754 secs] [Times: user=0.12 sys=0.00, real=0.03 secs]
2018-11-06T00:09:29.554+0800: 896677.188: [GC (Allocation Failure) 2018-11-06T00:09:29.554+0800: 896677.188: [ParNew: 440132K->4896K(480640K), 0.0365433 secs] 2320022K->1884803K(8344960K), 0.0368035 secs] [Times: user=0.12 sys=0.00, real=0.04 secs]
2018-11-06T00:25:37.292+0800: 897644.925: [GC (Allocation Failure) 2018-11-06T00:25:37.292+0800: 897644.925: [ParNew: 441888K->6053K(480640K), 0.0320101 secs] 2321795K->1885975K(8344960K), 0.0322872 secs] [Times: user=0.05 sys=0.07, real=0.03 secs]
2018-11-06T00:42:33.202+0800: 898660.835: [GC (Allocation Failure) 2018-11-06T00:42:33.202+0800: 898660.835: [ParNew: 443045K->5391K(480640K), 0.0292079 secs] 2322967K->1885336K(8344960K), 0.0294617 secs] [Times: user=0.10 sys=0.00, real=0.03 secs]
2018-11-06T00:58:05.201+0800: 899592.835: [GC (Allocation Failure) 2018-11-06T00:58:05.202+0800: 899592.835: [ParNew: 442383K->3458K(480640K), 0.0316387 secs] 2322328K->1883421K(8344960K), 0.0319073 secs] [Times: user=0.12 sys=0.00, real=0.03 secs]
2018-11-06T01:07:54.956+0800: 900182.589: [GC (Allocation Failure) 2018-11-06T01:07:54.956+0800: 900182.589: [ParNew: 440450K->4895K(480640K), 0.0356122 secs] 2320413K->1884873K(8344960K), 0.0358695 secs] [Times: user=0.11 sys=0.01, real=0.03 secs]
2018-11-06T01:25:24.956+0800: 901232.590: [GC (Allocation Failure) 2018-11-06T01:25:24.956+0800: 901232.590: [ParNew: 441887K->3789K(480640K), 0.0323750 secs] 2321865K->1883782K(8344960K), 0.0326496 secs] [Times: user=0.13 sys=0.00, real=0.03 secs]
2018-11-06T01:40:54.958+0800: 902162.591: [GC (Allocation Failure) 2018-11-06T01:40:54.958+0800: 902162.591: [ParNew: 440781K->3074K(480640K), 0.0292522 secs] 2320774K->1883079K(8344960K), 0.0295114 secs] [Times: user=0.11 sys=0.00, real=0.03 secs]
2018-11-06T01:56:20.252+0800: 903087.885: [GC (Allocation Failure) 2018-11-06T01:56:20.252+0800: 903087.886: [ParNew: 440066K->3128K(480640K), 0.0304032 secs] 2320071K->1883145K(8344960K), 0.0306735 secs] [Times: user=0.11 sys=0.00, real=0.03 secs]
2018-11-06T02:06:05.650+0800: 903673.284: [GC (Allocation Failure) 2018-11-06T02:06:05.650+0800: 903673.284: [ParNew: 440120K->4883K(480640K), 0.0366832 secs] 2320137K->1884915K(8344960K), 0.0369666 secs] [Times: user=0.12 sys=0.00, real=0.04 secs]
2018-11-06T02:23:45.205+0800: 904732.839: [GC (Allocation Failure) 2018-11-06T02:23:45.206+0800: 904732.839: [ParNew: 441875K->3590K(480640K), 0.0307158 secs] 2321907K->1883638K(8344960K), 0.0309660 secs] [Times: user=0.11 sys=0.00, real=0.04 secs]
2018-11-06T02:39:09.892+0800: 905657.525: [GC (Allocation Failure) 2018-11-06T02:39:09.892+0800: 905657.525: [ParNew: 440582K->3506K(480640K), 0.0296925 secs] 2320630K->1883567K(8344960K), 0.0299400 secs] [Times: user=0.11 sys=0.00, real=0.03 secs]
2018-11-06T02:55:37.284+0800: 906644.917: [GC (Allocation Failure) 2018-11-06T02:55:37.284+0800: 906644.917: [ParNew: 440498K->4828K(480640K), 0.0345580 secs] 2320559K->1884904K(8344960K), 0.0348382 secs] [Times: user=0.13 sys=0.00, real=0.04 secs]
2018-11-06T03:05:33.435+0800: 907241.069: [GC (Allocation Failure) 2018-11-06T03:05:33.436+0800: 907241.069: [ParNew: 441820K->7398K(480640K), 0.0378156 secs] 2321896K->1887488K(8344960K), 0.0380851 secs] [Times: user=0.13 sys=0.00, real=0.04 secs]
2018-11-06T03:21:54.530+0800: 908222.163: [GC (Allocation Failure) 2018-11-06T03:21:54.530+0800: 908222.163: [ParNew: 444390K->5381K(480640K), 0.0292162 secs] 2324480K->1885488K(8344960K), 0.0294807 secs] [Times: user=0.11 sys=0.00, real=0.03 secs]
2018-11-06T03:37:20.424+0800: 909148.057: [GC (Allocation Failure) 2018-11-06T03:37:20.424+0800: 909148.057: [ParNew: 442373K->3460K(480640K), 0.0309455 secs] 2322480K->1883581K(8344960K), 0.0312080 secs] [Times: user=0.12 sys=0.00, real=0.03 secs]
2018-11-06T03:54:54.402+0800: 910202.035: [GC (Allocation Failure) 2018-11-06T03:54:54.402+0800: 910202.035: [ParNew: 440452K->3401K(480640K), 0.0296291 secs] 2320573K->1883826K(8344960K), 0.0298885 secs] [Times: user=0.11 sys=0.00, real=0.03 secs]
2018-11-06T04:04:42.738+0800: 910790.372: [GC (Allocation Failure) 2018-11-06T04:04:42.739+0800: 910790.372: [ParNew: 440393K->4684K(480640K), 0.0337193 secs] 2320818K->1885133K(8344960K), 0.0339695 secs] [Times: user=0.12 sys=0.00, real=0.03 secs]
2018-11-06T04:20:13.826+0800: 911721.460: [GC (Allocation Failure) 2018-11-06T04:20:13.826+0800: 911721.460: [ParNew: 441676K->3118K(480640K), 0.0300367 secs] 2322125K->1883583K(8344960K), 0.0302910 secs] [Times: user=0.06 sys=0.06, real=0.03 secs]
2018-11-06T04:35:39.957+0800: 912647.590: [GC (Allocation Failure) 2018-11-06T04:35:39.957+0800: 912647.590: [ParNew: 440110K->3493K(480640K), 0.0299981 secs] 2320575K->1883972K(8344960K), 0.0302623 secs] [Times: user=0.11 sys=0.00, real=0.03 secs]
2018-11-06T04:53:17.491+0800: 913705.124: [GC (Allocation Failure) 2018-11-06T04:53:17.491+0800: 913705.124: [ParNew: 440485K->3591K(480640K), 0.0293516 secs] 2320964K->1884084K(8344960K), 0.0296192 secs] [Times: user=0.11 sys=0.00, real=0.03 secs]
2018-11-06T05:03:04.658+0800: 914292.291: [GC (Allocation Failure) 2018-11-06T05:03:04.658+0800: 914292.291: [ParNew: 440583K->4588K(480640K), 0.0361828 secs] 2321076K->1885097K(8344960K), 0.0364863 secs] [Times: user=0.12 sys=0.00, real=0.03 secs]
2018-11-06T05:18:39.956+0800: 915227.589: [GC (Allocation Failure) 2018-11-06T05:18:39.956+0800: 915227.589: [ParNew: 441580K->2880K(480640K), 0.0299039 secs] 2322089K->1883403K(8344960K), 0.0301629 secs] [Times: user=0.12 sys=0.00, real=0.03 secs]
2018-11-06T05:35:33.433+0800: 916241.066: [GC (Allocation Failure) 2018-11-06T05:35:33.433+0800: 916241.066: [ParNew: 439872K->5026K(480640K), 0.0323204 secs] 2320395K->1885563K(8344960K), 0.0325720 secs] [Times: user=0.07 sys=0.05, real=0.03 secs]
2018-11-06T05:51:43.368+0800: 917211.001: [GC (Allocation Failure) 2018-11-06T05:51:43.372+0800: 917211.006: [ParNew: 442018K->4134K(480640K), 0.0296820 secs] 2322555K->1884685K(8344960K), 0.0343552 secs] [Times: user=0.11 sys=0.00, real=0.03 secs]
2018-11-06T06:01:24.599+0800: 917792.232: [GC (Allocation Failure) 2018-11-06T06:01:24.599+0800: 917792.232: [ParNew: 441126K->4366K(480640K), 0.0365243 secs] 2321677K->1884932K(8344960K), 0.0367948 secs] [Times: user=0.12 sys=0.00, real=0.03 secs]
2018-11-06T06:16:51.782+0800: 918719.415: [GC (Allocation Failure) 2018-11-06T06:16:51.782+0800: 918719.415: [ParNew: 441358K->2941K(480640K), 0.0295422 secs] 2321924K->1883523K(8344960K), 0.0298136 secs] [Times: user=0.11 sys=0.00, real=0.03 secs]
2018-11-06T06:34:29.214+0800: 919776.847: [GC (Allocation Failure) 2018-11-06T06:34:29.214+0800: 919776.847: [ParNew: 439933K->3472K(480640K), 0.0352933 secs] 2320515K->1884069K(8344960K), 0.0355578 secs] [Times: user=0.10 sys=0.00, real=0.04 secs]
2018-11-06T06:49:53.033+0800: 920700.666: [GC (Allocation Failure) 2018-11-06T06:49:53.033+0800: 920700.667: [ParNew: 439153K->2836K(480640K), 0.0299833 secs] 2319749K->1883447K(8344960K), 0.0302646 secs] [Times: user=0.12 sys=0.00, real=0.03 secs]
2018-11-06T07:00:10.796+0800: 921318.429: [GC (Allocation Failure) 2018-11-06T07:00:10.796+0800: 921318.430: [ParNew: 439828K->5896K(480640K), 0.0372374 secs] 2320439K->1886523K(8344960K), 0.0375604 secs] [Times: user=0.06 sys=0.07, real=0.03 secs]
2018-11-06T07:15:37.300+0800: 922244.934: [GC (Allocation Failure) 2018-11-06T07:15:37.301+0800: 922244.934: [ParNew: 442888K->5274K(480640K), 0.0312704 secs] 2323515K->1885915K(8344960K), 0.0315574 secs] [Times: user=0.12 sys=0.00, real=0.03 secs]
2018-11-06T07:32:42.502+0800: 923270.135: [GC (Allocation Failure) 2018-11-06T07:32:42.502+0800: 923270.135: [ParNew: 442266K->4704K(480640K), 0.0322814 secs] 2322907K->1885361K(8344960K), 0.0325597 secs] [Times: user=0.05 sys=0.07, real=0.03 secs]
2018-11-06T07:48:17.289+0800: 924204.922: [GC (Allocation Failure) 2018-11-06T07:48:17.289+0800: 924204.922: [ParNew: 441696K->3024K(480640K), 0.0330760 secs] 2322353K->1883703K(8344960K), 0.0333563 secs] [Times: user=0.12 sys=0.00, real=0.03 secs]
2018-11-06T08:00:15.068+0800: 924922.702: [GC (Allocation Failure) 2018-11-06T08:00:15.069+0800: 924922.702: [ParNew: 440016K->4979K(480640K), 0.0379328 secs] 2320695K->1885673K(8344960K), 0.0382416 secs] [Times: user=0.14 sys=0.00, real=0.04 secs]
2018-11-06T08:15:33.415+0800: 925841.049: [GC (Allocation Failure) 2018-11-06T08:15:33.415+0800: 925841.049: [ParNew: 441971K->5715K(480640K), 0.0310941 secs] 2322665K->1886423K(8344960K), 0.0313532 secs] [Times: user=0.11 sys=0.00, real=0.04 secs]
2018-11-06T08:31:14.863+0800: 926782.497: [GC (Allocation Failure) 2018-11-06T08:31:14.864+0800: 926782.497: [ParNew: 442707K->3977K(480640K), 0.0308026 secs] 2323415K->1884702K(8344960K), 0.0310700 secs] [Times: user=0.12 sys=0.00, real=0.03 secs]
2018-11-06T08:46:46.160+0800: 927713.794: [GC (Allocation Failure) 2018-11-06T08:46:46.161+0800: 927713.794: [ParNew: 440969K->2778K(480640K), 0.0293276 secs] 2321694K->1883512K(8344960K), 0.0295915 secs] [Times: user=0.11 sys=0.00, real=0.03 secs]
2018-11-06T09:00:14.119+0800: 928521.753: [GC (Allocation Failure) 2018-11-06T09:00:14.119+0800: 928521.753: [ParNew: 439770K->4585K(480640K), 0.0354282 secs] 2320504K->1885333K(8344960K), 0.0357078 secs] [Times: user=0.13 sys=0.00, real=0.03 secs]
2018-11-06T09:13:59.552+0800: 929347.186: [GC (Allocation Failure) 2018-11-06T09:13:59.552+0800: 929347.186: [ParNew: 441577K->4341K(480640K), 0.0319392 secs] 2322325K->1885105K(8344960K), 0.0321936 secs] [Times: user=0.12 sys=0.00, real=0.03 secs]
2018-11-06T09:29:27.110+0800: 930274.743: [GC (Allocation Failure) 2018-11-06T09:29:27.110+0800: 930274.744: [ParNew: 441333K->2782K(480640K), 0.0324440 secs] 2322097K->1883563K(8344960K), 0.0327023 secs] [Times: user=0.12 sys=0.00, real=0.03 secs]
2018-11-06T09:45:37.299+0800: 931244.932: [GC (Allocation Failure) 2018-11-06T09:45:37.299+0800: 931244.932: [ParNew: 439774K->4492K(480640K), 0.0306762 secs] 2320555K->1885288K(8344960K), 0.0309387 secs] [Times: user=0.12 sys=0.00, real=0.03 secs]
2018-11-06T10:00:04.912+0800: 932112.546: [GC (Allocation Failure) 2018-11-06T10:00:04.912+0800: 932112.546: [ParNew: 441484K->4641K(480640K), 0.0376865 secs] 2322280K->1885451K(8344960K), 0.0379844 secs] [Times: user=0.12 sys=0.00, real=0.04 secs]
2018-11-06T10:12:18.909+0800: 932846.542: [GC (Allocation Failure) 2018-11-06T10:12:18.909+0800: 932846.542: [ParNew: 441633K->5328K(480640K), 0.0342273 secs] 2322443K->1886155K(8344960K), 0.0344792 secs] [Times: user=0.12 sys=0.00, real=0.03 secs]
2018-11-06T10:27:30.670+0800: 933758.303: [GC (Allocation Failure) 2018-11-06T10:27:30.670+0800: 933758.303: [ParNew: 442320K->3059K(480640K), 0.0347300 secs] 2323147K->1883900K(8344960K), 0.0350306 secs] [Times: user=0.13 sys=0.00, real=0.03 secs]
2018-11-06T10:44:51.504+0800: 934799.137: [GC (Allocation Failure) 2018-11-06T10:44:51.504+0800: 934799.137: [ParNew: 440051K->3380K(480640K), 0.0309140 secs] 2320892K->1884231K(8344960K), 0.0311730 secs] [Times: user=0.12 sys=0.00, real=0.03 secs]
2018-11-06T11:00:00.407+0800: 935708.040: [GC (Allocation Failure) 2018-11-06T11:00:00.407+0800: 935708.040: [ParNew: 440372K->3467K(480640K), 0.0349481 secs] 2321223K->1884337K(8344960K), 0.0352171 secs] [Times: user=0.11 sys=0.00, real=0.03 secs]
2018-11-06T11:09:54.958+0800: 936302.591: [GC (Allocation Failure) 2018-11-06T11:09:54.958+0800: 936302.591: [ParNew: 440459K->5022K(480640K), 0.0360895 secs] 2321329K->1885907K(8344960K), 0.0363497 secs] [Times: user=0.13 sys=0.00, real=0.03 secs]
2018-11-06T11:25:07.798+0800: 937215.431: [GC (Allocation Failure) 2018-11-06T11:25:07.798+0800: 937215.431: [ParNew: 442014K->5757K(480640K), 0.0361308 secs] 2322899K->1886657K(8344960K), 0.0363968 secs] [Times: user=0.13 sys=0.00, real=0.03 secs]
2018-11-06T11:38:22.390+0800: 938010.023: [GC (Allocation Failure) 2018-11-06T11:38:22.390+0800: 938010.023: [ParNew: 442749K->5987K(480640K), 0.0377224 secs] 2323649K->1886898K(8344960K), 0.0379867 secs] [Times: user=0.13 sys=0.00, real=0.04 secs]
2018-11-06T11:54:06.695+0800: 938954.329: [GC (Allocation Failure) 2018-11-06T11:54:06.696+0800: 938954.329: [ParNew: 442979K->5148K(480640K), 0.0372103 secs] 2323890K->1886074K(8344960K), 0.0374722 secs] [Times: user=0.06 sys=0.07, real=0.04 secs]
2018-11-06T12:01:01.742+0800: 939369.375: [GC (Allocation Failure) 2018-11-06T12:01:01.742+0800: 939369.375: [ParNew: 442140K->8287K(480640K), 0.0439428 secs] 2323066K->1889227K(8344960K), 0.0442185 secs] [Times: user=0.13 sys=0.00, real=0.05 secs]
2018-11-06T12:14:13.332+0800: 940160.965: [GC (Allocation Failure) 2018-11-06T12:14:13.332+0800: 940160.965: [ParNew: 445279K->8550K(480640K), 0.0413656 secs] 2326219K->1889505K(8344960K), 0.0416388 secs] [Times: user=0.13 sys=0.00, real=0.04 secs]
2018-11-06T12:29:28.035+0800: 941075.668: [GC (Allocation Failure) 2018-11-06T12:29:28.035+0800: 941075.668: [ParNew: 445542K->3343K(480640K), 0.0294470 secs] 2326497K->1884310K(8344960K), 0.0297067 secs] [Times: user=0.11 sys=0.00, real=0.03 secs]
2018-11-06T12:45:37.284+0800: 942044.917: [GC (Allocation Failure) 2018-11-06T12:45:37.284+0800: 942044.917: [ParNew: 440335K->4647K(480640K), 0.0299811 secs] 2321302K->1885631K(8344960K), 0.0302749 secs] [Times: user=0.11 sys=0.00, real=0.03 secs]
2018-11-06T13:00:10.914+0800: 942918.547: [GC (Allocation Failure) 2018-11-06T13:00:10.914+0800: 942918.548: [ParNew: 441639K->4671K(480640K), 0.0349477 secs] 2322623K->1885670K(8344960K), 0.0352683 secs] [Times: user=0.13 sys=0.00, real=0.04 secs]
2018-11-06T13:12:14.076+0800: 943641.710: [GC (Allocation Failure) 2018-11-06T13:12:14.077+0800: 943641.710: [ParNew: 441663K->4164K(480640K), 0.0322017 secs] 2322662K->1885177K(8344960K), 0.0324425 secs] [Times: user=0.11 sys=0.01, real=0.03 secs]
2018-11-06T13:27:41.516+0800: 944569.150: [GC (Allocation Failure) 2018-11-06T13:27:41.517+0800: 944569.150: [ParNew: 441156K->3033K(480640K), 0.0305517 secs] 2322169K->1884059K(8344960K), 0.0308076 secs] [Times: user=0.11 sys=0.00, real=0.03 secs]
2018-11-06T13:45:18.673+0800: 945626.306: [GC (Allocation Failure) 2018-11-06T13:45:18.673+0800: 945626.306: [ParNew: 440025K->3103K(480640K), 0.0320500 secs] 2321051K->1884146K(8344960K), 0.0323512 secs] [Times: user=0.12 sys=0.00, real=0.03 secs]
2018-11-06T14:00:01.759+0800: 946509.393: [GC (Allocation Failure) 2018-11-06T14:00:01.759+0800: 946509.393: [ParNew: 440095K->3299K(480640K), 0.0455586 secs] 2321138K->1884356K(8344960K), 0.0458417 secs] [Times: user=0.16 sys=0.00, real=0.04 secs]
2018-11-06T14:10:37.805+0800: 947145.438: [GC (Allocation Failure) 2018-11-06T14:10:37.805+0800: 947145.438: [ParNew: 440291K->4726K(480640K), 0.0366639 secs] 2321348K->1885800K(8344960K), 0.0369180 secs] [Times: user=0.12 sys=0.00, real=0.04 secs]
2018-11-06T14:26:09.087+0800: 948076.720: [GC (Allocation Failure) 2018-11-06T14:26:09.087+0800: 948076.721: [ParNew: 441718K->3267K(480640K), 0.0339436 secs] 2322792K->1884367K(8344960K), 0.0342086 secs] [Times: user=0.11 sys=0.00, real=0.03 secs]
2018-11-06T14:39:30.721+0800: 948878.354: [GC (Allocation Failure) 2018-11-06T14:39:30.721+0800: 948878.354: [ParNew: 440259K->8326K(480640K), 0.0411042 secs] 2321359K->1889439K(8344960K), 0.0413616 secs] [Times: user=0.13 sys=0.00, real=0.04 secs]
2018-11-06T14:55:37.294+0800: 949844.927: [GC (Allocation Failure) 2018-11-06T14:55:37.294+0800: 949844.927: [ParNew: 445318K->5152K(480640K), 0.0302151 secs] 2326431K->1886296K(8344960K), 0.0304805 secs] [Times: user=0.12 sys=0.00, real=0.03 secs]
2018-11-06T15:05:37.287+0800: 950444.921: [GC (Allocation Failure) 2018-11-06T15:05:37.287+0800: 950444.921: [ParNew: 442144K->7551K(480640K), 0.0371411 secs] 2323288K->1888708K(8344960K), 0.0374154 secs] [Times: user=0.12 sys=0.00, real=0.03 secs]
2018-11-06T15:17:57.410+0800: 951185.043: [GC (Allocation Failure) 2018-11-06T15:17:57.410+0800: 951185.043: [ParNew: 444543K->10298K(480640K), 0.0420163 secs] 2325700K->1891470K(8344960K), 0.0422950 secs] [Times: user=0.13 sys=0.00, real=0.04 secs]
2018-11-06T15:35:26.436+0800: 952234.069: [GC (Allocation Failure) 2018-11-06T15:35:26.436+0800: 952234.069: [ParNew: 447290K->3195K(480640K), 0.0314739 secs] 2328462K->1884379K(8344960K), 0.0317236 secs] [Times: user=0.12 sys=0.00, real=0.04 secs]
2018-11-06T15:51:03.396+0800: 953171.029: [GC (Allocation Failure) 2018-11-06T15:51:03.396+0800: 953171.030: [ParNew: 440187K->2885K(480640K), 0.0265646 secs] 2321371K->1884082K(8344960K), 0.0268850 secs] [Times: user=0.10 sys=0.00, real=0.02 secs]
2018-11-06T16:00:49.326+0800: 953756.960: [GC (Allocation Failure) 2018-11-06T16:00:49.326+0800: 953756.960: [ParNew: 439877K->4984K(480640K), 0.0368940 secs] 2321074K->1886195K(8344960K), 0.0371729 secs] [Times: user=0.12 sys=0.00, real=0.03 secs]
2018-11-06T16:16:19.140+0800: 954686.773: [GC (Allocation Failure) 2018-11-06T16:16:19.140+0800: 954686.774: [ParNew: 441976K->3159K(480640K), 0.0290174 secs] 2323187K->1884391K(8344960K), 0.0292848 secs] [Times: user=0.11 sys=0.00, real=0.03 secs]
2018-11-06T16:29:42.738+0800: 955490.372: [GC (Allocation Failure) 2018-11-06T16:29:42.738+0800: 955490.372: [ParNew: 440151K->8273K(480640K), 0.0359928 secs] 2321383K->1889519K(8344960K), 0.0362449 secs] [Times: user=0.11 sys=0.00, real=0.03 secs]
2018-11-06T16:45:37.298+0800: 956444.932: [GC (Allocation Failure) 2018-11-06T16:45:37.298+0800: 956444.932: [ParNew: 445265K->4621K(480640K), 0.0293051 secs] 2326511K->1885881K(8344960K), 0.0295839 secs] [Times: user=0.11 sys=0.00, real=0.03 secs]
2018-11-06T16:56:09.582+0800: 957077.215: [GC (Allocation Failure) 2018-11-06T16:56:09.582+0800: 957077.216: [ParNew: 441613K->11967K(480640K), 0.0459007 secs] 2322873K->1893242K(8344960K), 0.0461671 secs] [Times: user=0.13 sys=0.00, real=0.05 secs]
2018-11-06T17:01:24.654+0800: 957392.287: [GC (Allocation Failure) 2018-11-06T17:01:24.654+0800: 957392.287: [ParNew: 448959K->12466K(480640K), 0.0507373 secs] 2330234K->1893757K(8344960K), 0.0510144 secs] [Times: user=0.13 sys=0.00, real=0.05 secs]
2018-11-06T17:16:51.913+0800: 958319.546: [GC (Allocation Failure) 2018-11-06T17:16:51.913+0800: 958319.546: [ParNew: 449458K->3189K(480640K), 0.0331978 secs] 2330749K->1884494K(8344960K), 0.0334705 secs] [Times: user=0.13 sys=0.00, real=0.04 secs]
2018-11-06T17:34:30.660+0800: 959378.293: [GC (Allocation Failure) 2018-11-06T17:34:30.660+0800: 959378.293: [ParNew: 440181K->3101K(480640K), 0.0308099 secs] 2321486K->1884420K(8344960K), 0.0310785 secs] [Times: user=0.09 sys=0.03, real=0.03 secs]
2018-11-06T17:49:57.697+0800: 960305.330: [GC (Allocation Failure) 2018-11-06T17:49:57.697+0800: 960305.330: [ParNew: 440093K->3508K(480640K), 0.0304853 secs] 2321412K->1884842K(8344960K), 0.0307449 secs] [Times: user=0.09 sys=0.03, real=0.03 secs]
2018-11-06T18:00:15.144+0800: 960922.777: [GC (Allocation Failure) 2018-11-06T18:00:15.144+0800: 960922.777: [ParNew: 440500K->5223K(480640K), 0.0483593 secs] 2321834K->1886572K(8344960K), 0.0486313 secs] [Times: user=0.15 sys=0.00, real=0.05 secs]
2018-11-06T18:15:37.301+0800: 961844.934: [GC (Allocation Failure) 2018-11-06T18:15:37.301+0800: 961844.934: [ParNew: 442215K->5870K(480640K), 0.0303830 secs] 2323564K->1887234K(8344960K), 0.0306449 secs] [Times: user=0.11 sys=0.01, real=0.03 secs]
2018-11-06T18:33:01.818+0800: 962889.451: [GC (Allocation Failure) 2018-11-06T18:33:01.818+0800: 962889.451: [ParNew: 442862K->4728K(480640K), 0.0462757 secs] 2324226K->1886106K(8344960K), 0.0465425 secs] [Times: user=0.12 sys=0.00, real=0.04 secs]
2018-11-06T18:48:29.428+0800: 963817.061: [GC (Allocation Failure) 2018-11-06T18:48:29.428+0800: 963817.061: [ParNew: 441720K->3009K(480640K), 0.0312545 secs] 2323098K->1884401K(8344960K), 0.0315181 secs] [Times: user=0.11 sys=0.00, real=0.03 secs]
2018-11-06T19:00:09.861+0800: 964517.494: [GC (Allocation Failure) 2018-11-06T19:00:09.861+0800: 964517.494: [ParNew: 440001K->5426K(480640K), 0.0378714 secs] 2321393K->1886835K(8344960K), 0.0381407 secs] [Times: user=0.13 sys=0.00, real=0.04 secs]
2018-11-06T19:15:33.422+0800: 965441.055: [GC (Allocation Failure) 2018-11-06T19:15:33.422+0800: 965441.056: [ParNew: 442418K->5958K(480640K), 0.0414154 secs] 2323827K->1887381K(8344960K), 0.0417664 secs] [Times: user=0.14 sys=0.00, real=0.04 secs]
2018-11-06T19:31:15.767+0800: 966383.400: [GC (Allocation Failure) 2018-11-06T19:31:15.767+0800: 966383.400: [ParNew: 442950K->4617K(480640K), 0.0367908 secs] 2324373K->1886054K(8344960K), 0.0370684 secs] [Times: user=0.12 sys=0.00, real=0.03 secs]
2018-11-06T19:46:47.149+0800: 967314.783: [GC (Allocation Failure) 2018-11-06T19:46:47.150+0800: 967314.783: [ParNew: 441609K->3004K(480640K), 0.0312618 secs] 2323046K->1884455K(8344960K), 0.0315267 secs] [Times: user=0.11 sys=0.00, real=0.03 secs]
2018-11-06T20:00:06.350+0800: 968113.984: [GC (Allocation Failure) 2018-11-06T20:00:06.350+0800: 968113.984: [ParNew: 439996K->4694K(480640K), 0.0363978 secs] 2321447K->1886161K(8344960K), 0.0366995 secs] [Times: user=0.13 sys=0.00, real=0.04 secs]
2018-11-06T20:14:15.477+0800: 968963.111: [GC (Allocation Failure) 2018-11-06T20:14:15.478+0800: 968963.111: [ParNew: 441686K->4418K(480640K), 0.0372347 secs] 2323153K->1885900K(8344960K), 0.0374968 secs] [Times: user=0.05 sys=0.06, real=0.03 secs]
2018-11-06T20:25:37.302+0800: 969644.936: [GC (Allocation Failure) 2018-11-06T20:25:37.302+0800: 969644.936: [ParNew: 441410K->10696K(480640K), 0.0433519 secs] 2322892K->1892187K(8344960K), 0.0436576 secs] [Times: user=0.13 sys=0.00, real=0.05 secs]
2018-11-06T20:43:04.624+0800: 970692.258: [GC (Allocation Failure) 2018-11-06T20:43:04.624+0800: 970692.258: [ParNew: 447688K->4511K(480640K), 0.0312124 secs] 2329179K->1886015K(8344960K), 0.0314648 secs] [Times: user=0.12 sys=0.00, real=0.03 secs]
2018-11-06T20:58:26.634+0800: 971614.267: [GC (Allocation Failure) 2018-11-06T20:58:26.634+0800: 971614.268: [ParNew: 441503K->2948K(480640K), 0.0316418 secs] 2323007K->1884467K(8344960K), 0.0319020 secs] [Times: user=0.12 sys=0.00, real=0.04 secs]
2018-11-06T21:08:20.843+0800: 972208.476: [GC (Allocation Failure) 2018-11-06T21:08:20.843+0800: 972208.476: [ParNew: 439940K->4452K(480640K), 0.0400024 secs] 2321459K->1885987K(8344960K), 0.0402649 secs] [Times: user=0.07 sys=0.03, real=0.04 secs]
2018-11-06T21:25:33.430+0800: 973241.064: [GC (Allocation Failure) 2018-11-06T21:25:33.430+0800: 973241.064: [ParNew: 441444K->5432K(480640K), 0.0313379 secs] 2322979K->1886983K(8344960K), 0.0316139 secs] [Times: user=0.11 sys=0.00, real=0.03 secs]
2018-11-06T21:41:30.695+0800: 974198.328: [GC (Allocation Failure) 2018-11-06T21:41:30.695+0800: 974198.329: [ParNew: 442424K->4978K(480640K), 0.0305503 secs] 2323975K->1886551K(8344960K), 0.0308001 secs] [Times: user=0.11 sys=0.00, real=0.04 secs]
2018-11-06T21:56:53.452+0800: 975121.085: [GC (Allocation Failure) 2018-11-06T21:56:53.452+0800: 975121.085: [ParNew: 441970K->3055K(480640K), 0.0302111 secs] 2323543K->1884646K(8344960K), 0.0304608 secs] [Times: user=0.11 sys=0.00, real=0.03 secs]
2018-11-06T22:06:38.710+0800: 975706.343: [GC (Allocation Failure) 2018-11-06T22:06:38.710+0800: 975706.344: [ParNew: 440047K->4797K(480640K), 0.0350595 secs] 2321638K->1886404K(8344960K), 0.0353229 secs] [Times: user=0.12 sys=0.00, real=0.03 secs]
2018-11-06T22:24:13.733+0800: 976761.366: [GC (Allocation Failure) 2018-11-06T22:24:13.733+0800: 976761.366: [ParNew: 441789K->3054K(480640K), 0.0328588 secs] 2323396K->1884676K(8344960K), 0.0331088 secs] [Times: user=0.13 sys=0.00, real=0.03 secs]
2018-11-06T22:39:44.228+0800: 977691.861: [GC (Allocation Failure) 2018-11-06T22:39:44.228+0800: 977691.861: [ParNew: 440046K->3449K(480640K), 0.0295049 secs] 2321668K->1885082K(8344960K), 0.0297349 secs] [Times: user=0.05 sys=0.07, real=0.03 secs]
2018-11-06T22:55:37.301+0800: 978644.934: [GC (Allocation Failure) 2018-11-06T22:55:37.301+0800: 978644.934: [ParNew: 440441K->4811K(480640K), 0.0301597 secs] 2322074K->1886459K(8344960K), 0.0304360 secs] [Times: user=0.07 sys=0.04, real=0.03 secs]
2018-11-06T23:05:37.298+0800: 979244.932: [GC (Allocation Failure) 2018-11-06T23:05:37.299+0800: 979244.932: [ParNew: 441803K->6679K(480640K), 0.0369435 secs] 2323451K->1888341K(8344960K), 0.0371937 secs] [Times: user=0.12 sys=0.00, real=0.03 secs]
2018-11-06T23:22:49.234+0800: 980276.867: [GC (Allocation Failure) 2018-11-06T23:22:49.234+0800: 980276.867: [ParNew: 443671K->4857K(480640K), 0.0295750 secs] 2325333K->1886534K(8344960K), 0.0298252 secs] [Times: user=0.05 sys=0.07, real=0.03 secs]
2018-11-06T23:38:15.173+0800: 981202.807: [GC (Allocation Failure) 2018-11-06T23:38:15.173+0800: 981202.807: [ParNew: 441849K->2993K(480640K), 0.0296901 secs] 2323526K->1884682K(8344960K), 0.0299478 secs] [Times: user=0.08 sys=0.04, real=0.03 secs]
2018-11-06T23:51:29.288+0800: 981996.921: [GC (Allocation Failure) 2018-11-06T23:51:29.288+0800: 981996.922: [ParNew: 439985K->8429K(480640K), 0.0407150 secs] 2321674K->1890135K(8344960K), 0.0409890 secs] [Times: user=0.12 sys=0.00, real=0.04 secs]
2018-11-07T00:00:44.222+0800: 982551.855: [GC (Allocation Failure) 2018-11-07T00:00:44.222+0800: 982551.856: [ParNew: 445421K->4670K(480640K), 0.0391922 secs] 2327127K->1886390K(8344960K), 0.0394647 secs] [Times: user=0.14 sys=0.00, real=0.04 secs]
2018-11-07T00:16:08.408+0800: 983476.041: [GC (Allocation Failure) 2018-11-07T00:16:08.408+0800: 983476.041: [ParNew: 441662K->3456K(480640K), 0.0300376 secs] 2323382K->1885192K(8344960K), 0.0303051 secs] [Times: user=0.11 sys=0.00, real=0.03 secs]
2018-11-07T00:33:47.507+0800: 984535.140: [GC (Allocation Failure) 2018-11-07T00:33:47.507+0800: 984535.141: [ParNew: 440448K->3490K(480640K), 0.0340893 secs] 2322184K->1885240K(8344960K), 0.0343566 secs] [Times: user=0.13 sys=0.00, real=0.03 secs]
2018-11-07T00:49:22.772+0800: 985470.405: [GC (Allocation Failure) 2018-11-07T00:49:22.772+0800: 985470.405: [ParNew: 440482K->3960K(480640K), 0.0296386 secs] 2322232K->1885719K(8344960K), 0.0299184 secs] [Times: user=0.12 sys=0.00, real=0.03 secs]
2018-11-07T01:00:09.362+0800: 986116.996: [GC (Allocation Failure) 2018-11-07T01:00:09.363+0800: 986116.996: [ParNew: 440952K->5537K(480640K), 0.0394850 secs] 2322711K->1887313K(8344960K), 0.0397710 secs] [Times: user=0.14 sys=0.00, real=0.04 secs]
2018-11-07T01:15:33.435+0800: 987041.068: [GC (Allocation Failure) 2018-11-07T01:15:33.435+0800: 987041.068: [ParNew: 442529K->6172K(480640K), 0.0347456 secs] 2324305K->1887962K(8344960K), 0.0350527 secs] [Times: user=0.13 sys=0.00, real=0.04 secs]
2018-11-07T01:31:49.422+0800: 988017.056: [GC (Allocation Failure) 2018-11-07T01:31:49.422+0800: 988017.056: [ParNew: 443164K->4795K(480640K), 0.0301730 secs] 2324954K->1886599K(8344960K), 0.0304476 secs] [Times: user=0.12 sys=0.00, real=0.03 secs]
2018-11-07T01:47:20.401+0800: 988948.035: [GC (Allocation Failure) 2018-11-07T01:47:20.401+0800: 988948.035: [ParNew: 441787K->3659K(480640K), 0.0295189 secs] 2323591K->1885477K(8344960K), 0.0297504 secs] [Times: user=0.04 sys=0.06, real=0.03 secs]
2018-11-07T02:00:07.306+0800: 989714.939: [GC (Allocation Failure) 2018-11-07T02:00:07.306+0800: 989714.939: [ParNew: 440651K->5325K(480640K), 0.0375184 secs] 2322469K->1887160K(8344960K), 0.0377894 secs] [Times: user=0.13 sys=0.00, real=0.03 secs]
2018-11-07T02:14:23.603+0800: 990571.237: [GC (Allocation Failure) 2018-11-07T02:14:23.604+0800: 990571.237: [ParNew: 442317K->4905K(480640K), 0.0332986 secs] 2324152K->1886755K(8344960K), 0.0335411 secs] [Times: user=0.12 sys=0.00, real=0.04 secs]
2018-11-07T02:29:54.908+0800: 991502.541: [GC (Allocation Failure) 2018-11-07T02:29:54.908+0800: 991502.541: [ParNew: 441897K->2840K(480640K), 0.0311908 secs] 2323747K->1884705K(8344960K), 0.0314484 secs] [Times: user=0.11 sys=0.00, real=0.03 secs]
2018-11-07T02:45:37.315+0800: 992444.948: [GC (Allocation Failure) 2018-11-07T02:45:37.315+0800: 992444.948: [ParNew: 439832K->5630K(480640K), 0.0306508 secs] 2321697K->1887508K(8344960K), 0.0309434 secs] [Times: user=0.12 sys=0.00, real=0.03 secs]
2018-11-07T03:00:04.780+0800: 993312.414: [GC (Allocation Failure) 2018-11-07T03:00:04.780+0800: 993312.414: [ParNew: 442622K->6417K(480640K), 0.0334236 secs] 2324500K->1888311K(8344960K), 0.0337124 secs] [Times: user=0.11 sys=0.00, real=0.03 secs]
2018-11-07T03:12:30.103+0800: 994057.737: [GC (Allocation Failure) 2018-11-07T03:12:30.103+0800: 994057.737: [ParNew: 443409K->4333K(480640K), 0.0354281 secs] 2325303K->1886241K(8344960K), 0.0356956 secs] [Times: user=0.12 sys=0.00, real=0.04 secs]
2018-11-07T03:27:57.814+0800: 994985.447: [GC (Allocation Failure) 2018-11-07T03:27:57.814+0800: 994985.448: [ParNew: 441325K->3465K(480640K), 0.0302572 secs] 2323233K->1885397K(8344960K), 0.0305172 secs] [Times: user=0.05 sys=0.06, real=0.03 secs]
2018-11-07T03:45:33.408+0800: 996041.041: [GC (Allocation Failure) 2018-11-07T03:45:33.408+0800: 996041.041: [ParNew: 440457K->4001K(480640K), 0.0328192 secs] 2322389K->1886235K(8344960K), 0.0331745 secs] [Times: user=0.12 sys=0.00, real=0.03 secs]
2018-11-07T04:00:02.099+0800: 996909.733: [GC (Allocation Failure) 2018-11-07T04:00:02.099+0800: 996909.733: [ParNew: 440993K->3812K(480640K), 0.0335946 secs] 2323227K->1886070K(8344960K), 0.0338655 secs] [Times: user=0.13 sys=0.00, real=0.03 secs]
2018-11-07T04:10:23.808+0800: 997531.442: [GC (Allocation Failure) 2018-11-07T04:10:23.809+0800: 997531.442: [ParNew: 440804K->5299K(480640K), 0.0363166 secs] 2323062K->1887573K(8344960K), 0.0365892 secs] [Times: user=0.13 sys=0.00, real=0.03 secs]
2018-11-07T04:25:50.096+0800: 998457.729: [GC (Allocation Failure) 2018-11-07T04:25:50.096+0800: 998457.729: [ParNew: 442291K->3347K(480640K), 0.0298892 secs] 2324565K->1885635K(8344960K), 0.0301620 secs] [Times: user=0.11 sys=0.00, real=0.03 secs]
2018-11-07T04:43:27.905+0800: 999515.538: [GC (Allocation Failure) 2018-11-07T04:43:27.905+0800: 999515.538: [ParNew: 440339K->3265K(480640K), 0.0313648 secs] 2322627K->1885576K(8344960K), 0.0316296 secs] [Times: user=0.10 sys=0.01, real=0.04 secs]
2018-11-07T04:58:53.752+0800: 1000441.385: [GC (Allocation Failure) 2018-11-07T04:58:53.752+0800: 1000441.385: [ParNew: 440257K->3054K(480640K), 0.0301386 secs] 2322568K->1885384K(8344960K), 0.0304043 secs] [Times: user=0.11 sys=0.00, real=0.03 secs]
2018-11-07T05:08:15.167+0800: 1001002.800: [GC (Allocation Failure) 2018-11-07T05:08:15.167+0800: 1001002.800: [ParNew: 440046K->4618K(480640K), 0.0373883 secs] 2322376K->1886963K(8344960K), 0.0376482 secs] [Times: user=0.12 sys=0.00, real=0.03 secs]
2018-11-07T05:25:33.424+0800: 1002041.057: [GC (Allocation Failure) 2018-11-07T05:25:33.424+0800: 1002041.057: [ParNew: 441610K->4961K(480640K), 0.0305985 secs] 2323955K->1887321K(8344960K), 0.0308654 secs] [Times: user=0.12 sys=0.00, real=0.03 secs]
2018-11-07T05:41:13.010+0800: 1002980.643: [GC (Allocation Failure) 2018-11-07T05:41:13.010+0800: 1002980.643: [ParNew: 441953K->4275K(480640K), 0.0309518 secs] 2324313K->1886645K(8344960K), 0.0312271 secs] [Times: user=0.12 sys=0.00, real=0.03 secs]
2018-11-07T05:56:50.652+0800: 1003918.285: [GC (Allocation Failure) 2018-11-07T05:56:50.652+0800: 1003918.286: [ParNew: 441267K->2872K(480640K), 0.0321115 secs] 2323637K->1885260K(8344960K), 0.0323752 secs] [Times: user=0.12 sys=0.00, real=0.03 secs]
2018-11-07T06:06:15.167+0800: 1004482.800: [GC (Allocation Failure) 2018-11-07T06:06:15.167+0800: 1004482.800: [ParNew: 439864K->4901K(480640K), 0.0372393 secs] 2322252K->1887303K(8344960K), 0.0374933 secs] [Times: user=0.12 sys=0.00, real=0.03 secs]
2018-11-07T06:23:52.119+0800: 1005539.752: [GC (Allocation Failure) 2018-11-07T06:23:52.119+0800: 1005539.752: [ParNew: 441893K->3541K(480640K), 0.0312455 secs] 2324295K->1885959K(8344960K), 0.0315106 secs] [Times: user=0.11 sys=0.00, real=0.03 secs]
2018-11-07T06:39:14.750+0800: 1006462.384: [GC (Allocation Failure) 2018-11-07T06:39:14.750+0800: 1006462.384: [ParNew: 440533K->2824K(480640K), 0.0316145 secs] 2322951K->1885255K(8344960K), 0.0318913 secs] [Times: user=0.12 sys=0.00, real=0.03 secs]
2018-11-07T06:55:37.287+0800: 1007444.920: [GC (Allocation Failure) 2018-11-07T06:55:37.287+0800: 1007444.921: [ParNew: 439816K->4765K(480640K), 0.0299631 secs] 2322247K->1887212K(8344960K), 0.0302114 secs] [Times: user=0.11 sys=0.00, real=0.03 secs]
2018-11-07T07:05:33.432+0800: 1008041.066: [GC (Allocation Failure) 2018-11-07T07:05:33.432+0800: 1008041.066: [ParNew: 441757K->7489K(480640K), 0.0366142 secs] 2324204K->1889950K(8344960K), 0.0368786 secs] [Times: user=0.13 sys=0.00, real=0.04 secs]
2018-11-07T07:21:45.569+0800: 1009013.202: [GC (Allocation Failure) 2018-11-07T07:21:45.569+0800: 1009013.202: [ParNew: 444481K->4615K(480640K), 0.0300917 secs] 2326942K->1887092K(8344960K), 0.0303530 secs] [Times: user=0.04 sys=0.07, real=0.03 secs]
2018-11-07T07:37:20.263+0800: 1009947.897: [GC (Allocation Failure) 2018-11-07T07:37:20.263+0800: 1009947.897: [ParNew: 441607K->2952K(480640K), 0.0316893 secs] 2324084K->1885443K(8344960K), 0.0319614 secs] [Times: user=0.12 sys=0.00, real=0.03 secs]
2018-11-07T07:54:55.252+0800: 1011002.885: [GC (Allocation Failure) 2018-11-07T07:54:55.252+0800: 1011002.885: [ParNew: 439944K->3307K(480640K), 0.0313360 secs] 2322435K->1885808K(8344960K), 0.0316074 secs] [Times: user=0.12 sys=0.00, real=0.03 secs]
2018-11-07T08:04:14.891+0800: 1011562.524: [GC (Allocation Failure) 2018-11-07T08:04:14.891+0800: 1011562.524: [ParNew: 440299K->4352K(480640K), 0.0372774 secs] 2322800K->1886868K(8344960K), 0.0375816 secs] [Times: user=0.13 sys=0.00, real=0.04 secs]
2018-11-07T08:18:08.194+0800: 1012395.827: [GC (Allocation Failure) 2018-11-07T08:18:08.194+0800: 1012395.827: [ParNew: 441344K->4992K(480640K), 0.0358625 secs] 2323860K->1887525K(8344960K), 0.0361462 secs] [Times: user=0.12 sys=0.00, real=0.04 secs]
2018-11-07T08:32:53.602+0800: 1013281.235: [GC (Allocation Failure) 2018-11-07T08:32:53.602+0800: 1013281.235: [ParNew: 441984K->6802K(480640K), 0.0390081 secs] 2324517K->1889348K(8344960K), 0.0392895 secs] [Times: user=0.13 sys=0.00, real=0.04 secs]
2018-11-07T08:48:22.613+0800: 1014210.247: [GC (Allocation Failure) 2018-11-07T08:48:22.613+0800: 1014210.247: [ParNew: 443794K->3185K(480640K), 0.0307685 secs] 2326340K->1885741K(8344960K), 0.0310391 secs] [Times: user=0.11 sys=0.00, real=0.03 secs]
2018-11-07T09:00:02.689+0800: 1014910.323: [GC (Allocation Failure) 2018-11-07T09:00:02.689+0800: 1014910.323: [ParNew: 440177K->9567K(480640K), 0.0553599 secs] 2322733K->1892139K(8344960K), 0.0557054 secs] [Times: user=0.15 sys=0.00, real=0.05 secs]
2018-11-07T09:06:33.170+0800: 1015300.803: [GC (Allocation Failure) 2018-11-07T09:06:33.170+0800: 1015300.803: [ParNew: 446559K->10212K(480640K), 0.0466115 secs] 2329131K->1892798K(8344960K), 0.0468996 secs] [Times: user=0.14 sys=0.00, real=0.05 secs]
2018-11-07T09:24:01.228+0800: 1016348.861: [GC (Allocation Failure) 2018-11-07T09:24:01.228+0800: 1016348.861: [ParNew: 447204K->2998K(480640K), 0.0292746 secs] 2329790K->1885598K(8344960K), 0.0295184 secs] [Times: user=0.11 sys=0.00, real=0.03 secs]
2018-11-07T09:35:37.301+0800: 1017044.934: [GC (Allocation Failure) 2018-11-07T09:35:37.301+0800: 1017044.934: [ParNew: 439990K->10160K(480640K), 0.0464019 secs] 2322590K->1892770K(8344960K), 0.0466947 secs] [Times: user=0.14 sys=0.00, real=0.05 secs]
2018-11-07T09:52:45.180+0800: 1018072.814: [GC (Allocation Failure) 2018-11-07T09:52:45.180+0800: 1018072.814: [ParNew: 447152K->4503K(480640K), 0.0345214 secs] 2329762K->1887129K(8344960K), 0.0347763 secs] [Times: user=0.10 sys=0.00, real=0.03 secs]
2018-11-07T10:01:52.514+0800: 1018620.148: [GC (Allocation Failure) 2018-11-07T10:01:52.514+0800: 1018620.148: [ParNew: 441495K->4628K(480640K), 0.0371751 secs] 2324121K->1887268K(8344960K), 0.0374420 secs] [Times: user=0.12 sys=0.00, real=0.04 secs]
2018-11-07T10:17:23.144+0800: 1019550.778: [GC (Allocation Failure) 2018-11-07T10:17:23.144+0800: 1019550.778: [ParNew: 441620K->2986K(480640K), 0.0307704 secs] 2324260K->1885641K(8344960K), 0.0310374 secs] [Times: user=0.11 sys=0.00, real=0.03 secs]
2018-11-07T10:32:08.142+0800: 1020435.776: [GC (Allocation Failure) 2018-11-07T10:32:08.142+0800: 1020435.776: [ParNew: 439978K->6565K(480640K), 0.0387231 secs] 2322633K->1889235K(8344960K), 0.0390057 secs] [Times: user=0.13 sys=0.00, real=0.04 secs]
2018-11-07T10:43:17.852+0800: 1021105.485: [GC (Allocation Failure) 2018-11-07T10:43:17.852+0800: 1021105.485: [ParNew: 443557K->10742K(480640K), 0.0476288 secs] 2326227K->1893428K(8344960K), 0.0479085 secs] [Times: user=0.14 sys=0.00, real=0.05 secs]
2018-11-07T10:58:07.163+0800: 1021994.796: [GC (Allocation Failure) 2018-11-07T10:58:07.163+0800: 1021994.796: [ParNew: 447734K->3985K(480640K), 0.0306379 secs] 2330420K->1886685K(8344960K), 0.0309011 secs] [Times: user=0.11 sys=0.00, real=0.03 secs]
2018-11-07T11:01:07.869+0800: 1022175.502: [GC (Allocation Failure) 2018-11-07T11:01:07.869+0800: 1022175.503: [ParNew: 440977K->15123K(480640K), 0.0576998 secs] 2323677K->1897840K(8344960K), 0.0579822 secs] [Times: user=0.15 sys=0.00, real=0.06 secs]
2018-11-07T11:14:17.349+0800: 1022964.983: [GC (Allocation Failure) 2018-11-07T11:14:17.349+0800: 1022964.983: [ParNew: 452115K->8691K(480640K), 0.0413329 secs] 2334832K->1891433K(8344960K), 0.0415981 secs] [Times: user=0.13 sys=0.00, real=0.04 secs]
2018-11-07T11:28:06.704+0800: 1023794.337: [GC (Allocation Failure) 2018-11-07T11:28:06.704+0800: 1023794.337: [ParNew: 445683K->4864K(480640K), 0.0338946 secs] 2328425K->1887628K(8344960K), 0.0341302 secs] [Times: user=0.11 sys=0.00, real=0.04 secs]
2018-11-07T11:42:19.635+0800: 1024647.268: [GC (Allocation Failure) 2018-11-07T11:42:19.635+0800: 1024647.268: [ParNew: 441856K->7074K(480640K), 0.0423045 secs] 2324620K->1889851K(8344960K), 0.0425763 secs] [Times: user=0.14 sys=0.00, real=0.05 secs]
2018-11-07T11:57:52.705+0800: 1025580.338: [GC (Allocation Failure) 2018-11-07T11:57:52.705+0800: 1025580.338: [ParNew: 444066K->3130K(480640K), 0.0308505 secs] 2326843K->1885922K(8344960K), 0.0311306 secs] [Times: user=0.05 sys=0.06, real=0.04 secs]
2018-11-07T12:06:55.721+0800: 1026123.354: [GC (Allocation Failure) 2018-11-07T12:06:55.721+0800: 1026123.354: [ParNew: 440122K->4708K(480640K), 0.0359479 secs] 2322914K->1887511K(8344960K), 0.0362277 secs] [Times: user=0.12 sys=0.00, real=0.04 secs]
2018-11-07T12:24:18.125+0800: 1027165.758: [GC (Allocation Failure) 2018-11-07T12:24:18.125+0800: 1027165.758: [ParNew: 441700K->3190K(480640K), 0.0339001 secs] 2324503K->1886007K(8344960K), 0.0341790 secs] [Times: user=0.12 sys=0.00, real=0.04 secs]
2018-11-07T12:39:54.678+0800: 1028102.311: [GC (Allocation Failure) 2018-11-07T12:39:54.678+0800: 1028102.311: [ParNew: 440182K->3022K(480640K), 0.0312470 secs] 2322999K->1885858K(8344960K), 0.0315297 secs] [Times: user=0.12 sys=0.00, real=0.03 secs]
2018-11-07T12:55:37.298+0800: 1029044.932: [GC (Allocation Failure) 2018-11-07T12:55:37.298+0800: 1029044.932: [ParNew: 440014K->4906K(480640K), 0.0293819 secs] 2322850K->1887756K(8344960K), 0.0296505 secs] [Times: user=0.11 sys=0.00, real=0.03 secs]
2018-11-07T13:05:33.440+0800: 1029641.074: [GC (Allocation Failure) 2018-11-07T13:05:33.441+0800: 1029641.074: [ParNew: 441898K->7498K(480640K), 0.0359751 secs] 2324748K->1890363K(8344960K), 0.0362522 secs] [Times: user=0.12 sys=0.00, real=0.04 secs]
2018-11-07T13:22:00.001+0800: 1030627.635: [GC (Allocation Failure) 2018-11-07T13:22:00.001+0800: 1030627.635: [ParNew: 444490K->4522K(480640K), 0.0310652 secs] 2327355K->1887396K(8344960K), 0.0313479 secs] [Times: user=0.10 sys=0.00, real=0.03 secs]
2018-11-07T13:37:29.920+0800: 1031557.554: [GC (Allocation Failure) 2018-11-07T13:37:29.920+0800: 1031557.554: [ParNew: 441514K->3313K(480640K), 0.0303706 secs] 2324388K->1886202K(8344960K), 0.0306290 secs] [Times: user=0.11 sys=0.00, real=0.03 secs]
2018-11-07T13:55:13.168+0800: 1032620.802: [GC (Allocation Failure) 2018-11-07T13:55:13.168+0800: 1032620.802: [ParNew: 440305K->2808K(480640K), 0.0315197 secs] 2323194K->1885715K(8344960K), 0.0317761 secs] [Times: user=0.12 sys=0.00, real=0.03 secs]
2018-11-07T14:04:38.827+0800: 1033186.461: [GC (Allocation Failure) 2018-11-07T14:04:38.827+0800: 1033186.461: [ParNew: 439800K->4756K(480640K), 0.0378053 secs] 2322707K->1887674K(8344960K), 0.0380776 secs] [Times: user=0.13 sys=0.00, real=0.03 secs]
2018-11-07T14:20:09.666+0800: 1034117.300: [GC (Allocation Failure) 2018-11-07T14:20:09.666+0800: 1034117.300: [ParNew: 441748K->3455K(480640K), 0.0315930 secs] 2324666K->1886388K(8344960K), 0.0318531 secs] [Times: user=0.12 sys=0.00, real=0.03 secs]
2018-11-07T14:35:37.311+0800: 1035044.944: [GC (Allocation Failure) 2018-11-07T14:35:37.311+0800: 1035044.945: [ParNew: 440447K->4628K(480640K), 0.0337314 secs] 2323380K->1887566K(8344960K), 0.0339869 secs] [Times: user=0.12 sys=0.00, real=0.03 secs]
2018-11-07T14:53:14.662+0800: 1036102.295: [GC (Allocation Failure) 2018-11-07T14:53:14.662+0800: 1036102.295: [ParNew: 441620K->4093K(480640K), 0.0318825 secs] 2324558K->1887048K(8344960K), 0.0321497 secs] [Times: user=0.11 sys=0.00, real=0.03 secs]
2018-11-07T15:02:40.704+0800: 1036668.337: [GC (Allocation Failure) 2018-11-07T15:02:40.704+0800: 1036668.337: [ParNew: 441085K->4759K(480640K), 0.0375565 secs] 2324040K->1887731K(8344960K), 0.0378146 secs] [Times: user=0.12 sys=0.00, real=0.04 secs]
2018-11-07T15:18:06.022+0800: 1037593.655: [GC (Allocation Failure) 2018-11-07T15:18:06.022+0800: 1037593.655: [ParNew: 441751K->3396K(480640K), 0.0305829 secs] 2324723K->1886391K(8344960K), 0.0308443 secs] [Times: user=0.11 sys=0.00, real=0.03 secs]
2018-11-07T15:35:33.420+0800: 1038641.053: [GC (Allocation Failure) 2018-11-07T15:35:33.420+0800: 1038641.054: [ParNew: 440388K->4537K(480640K), 0.0314227 secs] 2323383K->1887547K(8344960K), 0.0317024 secs] [Times: user=0.11 sys=0.00, real=0.03 secs]
2018-11-07T15:51:12.700+0800: 1039580.333: [GC (Allocation Failure) 2018-11-07T15:51:12.700+0800: 1039580.333: [ParNew: 441529K->3887K(480640K), 0.0306441 secs] 2324539K->1886923K(8344960K), 0.0309160 secs] [Times: user=0.11 sys=0.00, real=0.03 secs]
2018-11-07T16:00:07.104+0800: 1040114.738: [GC (Allocation Failure) 2018-11-07T16:00:07.105+0800: 1040114.738: [ParNew: 440874K->10213K(480640K), 0.0471262 secs] 2323910K->1893265K(8344960K), 0.0474280 secs] [Times: user=0.14 sys=0.00, real=0.05 secs]
2018-11-07T16:09:17.952+0800: 1040665.585: [GC (Allocation Failure) 2018-11-07T16:09:17.952+0800: 1040665.585: [ParNew: 447205K->9867K(480640K), 0.0434467 secs] 2330257K->1892934K(8344960K), 0.0437249 secs] [Times: user=0.13 sys=0.00, real=0.04 secs]
2018-11-07T16:25:37.283+0800: 1041644.917: [GC (Allocation Failure) 2018-11-07T16:25:37.283+0800: 1041644.917: [ParNew: 446859K->4652K(480640K), 0.0287328 secs] 2329926K->1887738K(8344960K), 0.0289896 secs] [Times: user=0.05 sys=0.05, real=0.03 secs]
2018-11-07T16:37:55.933+0800: 1042383.566: [GC (Allocation Failure) 2018-11-07T16:37:55.933+0800: 1042383.566: [ParNew: 441644K->9176K(480640K), 0.0394386 secs] 2324730K->1892276K(8344960K), 0.0397206 secs] [Times: user=0.12 sys=0.00, real=0.04 secs]
2018-11-07T16:55:33.404+0800: 1043441.037: [GC (Allocation Failure) 2018-11-07T16:55:33.404+0800: 1043441.037: [ParNew: 446168K->2846K(480640K), 0.0322792 secs] 2329268K->1885961K(8344960K), 0.0325797 secs] [Times: user=0.12 sys=0.00, real=0.04 secs]
2018-11-07T17:04:56.205+0800: 1044003.839: [GC (Allocation Failure) 2018-11-07T17:04:56.205+0800: 1044003.839: [ParNew: 439838K->4614K(480640K), 0.0347267 secs] 2322953K->1887744K(8344960K), 0.0349873 secs] [Times: user=0.11 sys=0.00, real=0.04 secs]
2018-11-07T17:20:30.414+0800: 1044938.047: [GC (Allocation Failure) 2018-11-07T17:20:30.414+0800: 1044938.047: [ParNew: 441606K->3135K(480640K), 0.0297122 secs] 2324736K->1886282K(8344960K), 0.0299666 secs] [Times: user=0.11 sys=0.00, real=0.03 secs]
2018-11-07T17:35:54.029+0800: 1045861.662: [GC (Allocation Failure) 2018-11-07T17:35:54.029+0800: 1045861.663: [ParNew: 440127K->3555K(480640K), 0.0311023 secs] 2323274K->1886714K(8344960K), 0.0313548 secs] [Times: user=0.11 sys=0.00, real=0.03 secs]
2018-11-07T17:53:33.944+0800: 1046921.577: [GC (Allocation Failure) 2018-11-07T17:53:33.944+0800: 1046921.578: [ParNew: 440547K->3627K(480640K), 0.0298335 secs] 2323706K->1886800K(8344960K), 0.0300950 secs] [Times: user=0.11 sys=0.00, real=0.03 secs]
2018-11-07T18:02:52.855+0800: 1047480.489: [GC (Allocation Failure) 2018-11-07T18:02:52.855+0800: 1047480.489: [ParNew: 440619K->4371K(480640K), 0.0363560 secs] 2323792K->1887559K(8344960K), 0.0366159 secs] [Times: user=0.12 sys=0.00, real=0.04 secs]
2018-11-07T18:18:23.004+0800: 1048410.637: [GC (Allocation Failure) 2018-11-07T18:18:23.004+0800: 1048410.637: [ParNew: 441363K->3307K(480640K), 0.0291631 secs] 2324551K->1886511K(8344960K), 0.0294217 secs] [Times: user=0.11 sys=0.00, real=0.03 secs]
2018-11-07T18:35:33.429+0800: 1049441.063: [GC (Allocation Failure) 2018-11-07T18:35:33.429+0800: 1049441.063: [ParNew: 440299K->5260K(480640K), 0.0311771 secs] 2323503K->1888490K(8344960K), 0.0314453 secs] [Times: user=0.10 sys=0.02, real=0.03 secs]
2018-11-07T18:51:34.455+0800: 1050402.088: [GC (Allocation Failure) 2018-11-07T18:51:34.455+0800: 1050402.088: [ParNew: 442252K->5058K(480640K), 0.0301295 secs] 2325482K->1888302K(8344960K), 0.0304013 secs] [Times: user=0.11 sys=0.00, real=0.03 secs]
2018-11-07T19:00:54.959+0800: 1050962.592: [GC (Allocation Failure) 2018-11-07T19:00:54.959+0800: 1050962.593: [ParNew: 442050K->4341K(480640K), 0.0328324 secs] 2325294K->1887602K(8344960K), 0.0330892 secs] [Times: user=0.10 sys=0.00, real=0.03 secs]
2018-11-07T19:16:24.317+0800: 1051891.950: [GC (Allocation Failure) 2018-11-07T19:16:24.317+0800: 1051891.950: [ParNew: 441333K->3043K(480640K), 0.0351365 secs] 2324594K->1886319K(8344960K), 0.0354000 secs] [Times: user=0.13 sys=0.00, real=0.03 secs]
2018-11-07T19:34:04.508+0800: 1052952.142: [GC (Allocation Failure) 2018-11-07T19:34:04.508+0800: 1052952.142: [ParNew: 440035K->3029K(480640K), 0.0312197 secs] 2323311K->1886320K(8344960K), 0.0314688 secs] [Times: user=0.11 sys=0.00, real=0.03 secs]
2018-11-07T19:49:37.360+0800: 1053884.994: [GC (Allocation Failure) 2018-11-07T19:49:37.360+0800: 1053884.994: [ParNew: 440021K->2991K(480640K), 0.0309564 secs] 2323312K->1886303K(8344960K), 0.0312616 secs] [Times: user=0.12 sys=0.00, real=0.03 secs]
2018-11-07T20:00:11.612+0800: 1054519.245: [GC (Allocation Failure) 2018-11-07T20:00:11.612+0800: 1054519.245: [ParNew: 439983K->5306K(480640K), 0.0445420 secs] 2323295K->1888633K(8344960K), 0.0448715 secs] [Times: user=0.15 sys=0.00, real=0.05 secs]
2018-11-07T20:15:33.446+0800: 1055441.080: [GC (Allocation Failure) 2018-11-07T20:15:33.446+0800: 1055441.080: [ParNew: 442298K->3775K(480640K), 0.0283377 secs] 2325625K->1887120K(8344960K), 0.0286250 secs] [Times: user=0.04 sys=0.06, real=0.02 secs]
2018-11-07T20:32:05.858+0800: 1056433.491: [GC (Allocation Failure) 2018-11-07T20:32:05.858+0800: 1056433.491: [ParNew: 440767K->3680K(480640K), 0.0313999 secs] 2324112K->1887042K(8344960K), 0.0316772 secs] [Times: user=0.07 sys=0.04, real=0.03 secs]
2018-11-07T20:47:32.785+0800: 1057360.418: [GC (Allocation Failure) 2018-11-07T20:47:32.785+0800: 1057360.418: [ParNew: 440672K->2745K(480640K), 0.0286760 secs] 2324034K->1886119K(8344960K), 0.0289311 secs] [Times: user=0.11 sys=0.00, real=0.03 secs]
2018-11-07T21:00:07.698+0800: 1058115.332: [GC (Allocation Failure) 2018-11-07T21:00:07.699+0800: 1058115.332: [ParNew: 439737K->5453K(480640K), 0.0372982 secs] 2323111K->1888842K(8344960K), 0.0375648 secs] [Times: user=0.13 sys=0.00, real=0.04 secs]
2018-11-07T21:14:30.619+0800: 1058978.252: [GC (Allocation Failure) 2018-11-07T21:14:30.619+0800: 1058978.252: [ParNew: 442439K->4728K(480640K), 0.0324020 secs] 2325828K->1888132K(8344960K), 0.0326479 secs] [Times: user=0.12 sys=0.00, real=0.03 secs]
2018-11-07T21:29:59.117+0800: 1059906.750: [GC (Allocation Failure) 2018-11-07T21:29:59.117+0800: 1059906.750: [ParNew: 441720K->2974K(480640K), 0.0314134 secs] 2325124K->1886395K(8344960K), 0.0316865 secs] [Times: user=0.11 sys=0.00, real=0.03 secs]
2018-11-07T21:45:37.303+0800: 1060844.936: [GC (Allocation Failure) 2018-11-07T21:45:37.303+0800: 1060844.936: [ParNew: 439966K->5392K(480640K), 0.0316458 secs] 2323387K->1888825K(8344960K), 0.0319032 secs] [Times: user=0.12 sys=0.00, real=0.03 secs]
2018-11-07T22:00:04.955+0800: 1061712.589: [GC (Allocation Failure) 2018-11-07T22:00:04.955+0800: 1061712.589: [ParNew: 442384K->6019K(480640K), 0.0344801 secs] 2325817K->1889467K(8344960K), 0.0347346 secs] [Times: user=0.12 sys=0.00, real=0.04 secs]
2018-11-07T22:12:16.622+0800: 1062444.255: [GC (Allocation Failure) 2018-11-07T22:12:16.622+0800: 1062444.255: [ParNew: 443011K->4368K(480640K), 0.0331976 secs] 2326459K->1887831K(8344960K), 0.0334546 secs] [Times: user=0.12 sys=0.00, real=0.03 secs]
2018-11-07T22:27:52.682+0800: 1063380.316: [GC (Allocation Failure) 2018-11-07T22:27:52.683+0800: 1063380.316: [ParNew: 441360K->3469K(480640K), 0.0305323 secs] 2324823K->1886947K(8344960K), 0.0307849 secs] [Times: user=0.11 sys=0.00, real=0.03 secs]
2018-11-07T22:45:24.956+0800: 1064432.590: [GC (Allocation Failure) 2018-11-07T22:45:24.957+0800: 1064432.590: [ParNew: 440461K->2848K(480640K), 0.0310510 secs] 2323939K->1886340K(8344960K), 0.0313118 secs] [Times: user=0.11 sys=0.00, real=0.03 secs]
2018-11-07T23:00:01.752+0800: 1065309.385: [GC (Allocation Failure) 2018-11-07T23:00:01.752+0800: 1065309.386: [ParNew: 439840K->3354K(480640K), 0.0343153 secs] 2323332K->1886860K(8344960K), 0.0345763 secs] [Times: user=0.11 sys=0.00, real=0.04 secs]
2018-11-07T23:10:16.042+0800: 1065923.676: [GC (Allocation Failure) 2018-11-07T23:10:16.043+0800: 1065923.676: [ParNew: 440328K->5138K(480640K), 0.0360290 secs] 2323834K->1888660K(8344960K), 0.0362984 secs] [Times: user=0.12 sys=0.00, real=0.04 secs]
2018-11-07T23:25:45.574+0800: 1066853.207: [GC (Allocation Failure) 2018-11-07T23:25:45.574+0800: 1066853.208: [ParNew: 442130K->3080K(480640K), 0.0298264 secs] 2325652K->1886616K(8344960K), 0.0300944 secs] [Times: user=0.11 sys=0.00, real=0.03 secs]
2018-11-07T23:43:22.740+0800: 1067910.373: [GC (Allocation Failure) 2018-11-07T23:43:22.740+0800: 1067910.373: [ParNew: 440072K->3212K(480640K), 0.0312900 secs] 2323608K->1886758K(8344960K), 0.0315512 secs] [Times: user=0.11 sys=0.00, real=0.03 secs]
2018-11-07T23:58:49.052+0800: 1068836.686: [GC (Allocation Failure) 2018-11-07T23:58:49.052+0800: 1068836.686: [ParNew: 440204K->3036K(480640K), 0.0299716 secs] 2323750K->1886600K(8344960K), 0.0302222 secs] [Times: user=0.06 sys=0.05, real=0.03 secs]
2018-11-08T00:08:38.751+0800: 1069426.385: [GC (Allocation Failure) 2018-11-08T00:08:38.751+0800: 1069426.385: [ParNew: 440028K->4995K(480640K), 0.0353337 secs] 2323592K->1888575K(8344960K), 0.0355866 secs] [Times: user=0.12 sys=0.00, real=0.04 secs]
2018-11-08T00:25:33.433+0800: 1070441.066: [GC (Allocation Failure) 2018-11-08T00:25:33.433+0800: 1070441.066: [ParNew: 441987K->5036K(480640K), 0.0299703 secs] 2325567K->1888631K(8344960K), 0.0302525 secs] [Times: user=0.11 sys=0.00, real=0.03 secs]
2018-11-08T00:41:43.501+0800: 1071411.135: [GC (Allocation Failure) 2018-11-08T00:41:43.501+0800: 1071411.135: [ParNew: 442028K->4574K(480640K), 0.0298220 secs] 2325623K->1888181K(8344960K), 0.0300818 secs] [Times: user=0.11 sys=0.00, real=0.03 secs]
2018-11-08T00:57:15.166+0800: 1072342.799: [GC (Allocation Failure) 2018-11-08T00:57:15.166+0800: 1072342.800: [ParNew: 441566K->3180K(480640K), 0.0339079 secs] 2325173K->1886800K(8344960K), 0.0341500 secs] [Times: user=0.12 sys=0.00, real=0.03 secs]
2018-11-08T01:07:00.002+0800: 1072927.635: [GC (Allocation Failure) 2018-11-08T01:07:00.002+0800: 1072927.635: [ParNew: 440172K->4854K(480640K), 0.0383654 secs] 2323792K->1888489K(8344960K), 0.0386204 secs] [Times: user=0.05 sys=0.07, real=0.04 secs]
2018-11-08T01:24:43.400+0800: 1073991.033: [GC (Allocation Failure) 2018-11-08T01:24:43.400+0800: 1073991.033: [ParNew: 441846K->3554K(480640K), 0.0302740 secs] 2325481K->1887204K(8344960K), 0.0305524 secs] [Times: user=0.11 sys=0.00, real=0.03 secs]
2018-11-08T01:40:14.829+0800: 1074922.462: [GC (Allocation Failure) 2018-11-08T01:40:14.829+0800: 1074922.462: [ParNew: 440546K->3502K(480640K), 0.0298016 secs] 2324196K->1887178K(8344960K), 0.0300761 secs] [Times: user=0.12 sys=0.00, real=0.03 secs]
2018-11-08T01:55:41.426+0800: 1075849.059: [GC (Allocation Failure) 2018-11-08T01:55:41.426+0800: 1075849.059: [ParNew: 440494K->4012K(480640K), 0.0293004 secs] 2324170K->1887703K(8344960K), 0.0295710 secs] [Times: user=0.11 sys=0.00, real=0.03 secs]
2018-11-08T02:05:37.306+0800: 1076444.940: [GC (Allocation Failure) 2018-11-08T02:05:37.306+0800: 1076444.940: [ParNew: 441004K->7794K(480640K), 0.0398793 secs] 2324695K->1891500K(8344960K), 0.0401549 secs] [Times: user=0.14 sys=0.00, real=0.04 secs]
2018-11-08T02:23:00.584+0800: 1077488.217: [GC (Allocation Failure) 2018-11-08T02:23:00.584+0800: 1077488.217: [ParNew: 444786K->5004K(480640K), 0.0308685 secs] 2328492K->1888726K(8344960K), 0.0311582 secs] [Times: user=0.11 sys=0.00, real=0.03 secs]
2018-11-08T02:38:27.474+0800: 1078415.108: [GC (Allocation Failure) 2018-11-08T02:38:27.475+0800: 1078415.108: [ParNew: 441996K->2859K(480640K), 0.0315174 secs] 2325718K->1886595K(8344960K), 0.0317867 secs] [Times: user=0.12 sys=0.00, real=0.04 secs]
2018-11-08T02:55:33.432+0800: 1079441.066: [GC (Allocation Failure) 2018-11-08T02:55:33.433+0800: 1079441.066: [ParNew: 439851K->4810K(480640K), 0.0319937 secs] 2323587K->1888560K(8344960K), 0.0322838 secs] [Times: user=0.12 sys=0.00, real=0.03 secs]
2018-11-08T03:05:33.429+0800: 1080041.062: [GC (Allocation Failure) 2018-11-08T03:05:33.429+0800: 1080041.062: [ParNew: 441802K->8493K(480640K), 0.0360175 secs] 2325552K->1892258K(8344960K), 0.0363300 secs] [Times: user=0.12 sys=0.00, real=0.03 secs]
2018-11-08T03:21:26.099+0800: 1080993.732: [GC (Allocation Failure) 2018-11-08T03:21:26.099+0800: 1080993.732: [ParNew: 445485K->5848K(480640K), 0.0333168 secs] 2329250K->1889629K(8344960K), 0.0335930 secs] [Times: user=0.12 sys=0.00, real=0.03 secs]
2018-11-08T03:36:53.669+0800: 1081921.302: [GC (Allocation Failure) 2018-11-08T03:36:53.669+0800: 1081921.302: [ParNew: 442840K->3143K(480640K), 0.0304426 secs] 2326621K->1886938K(8344960K), 0.0307122 secs] [Times: user=0.12 sys=0.00, real=0.03 secs]
2018-11-08T03:54:25.673+0800: 1082973.306: [GC (Allocation Failure) 2018-11-08T03:54:25.673+0800: 1082973.307: [ParNew: 440135K->3305K(480640K), 0.0300397 secs] 2323930K->1887403K(8344960K), 0.0303185 secs] [Times: user=0.11 sys=0.00, real=0.03 secs]
2018-11-08T04:04:13.761+0800: 1083561.394: [GC (Allocation Failure) 2018-11-08T04:04:13.761+0800: 1083561.394: [ParNew: 440297K->4636K(480640K), 0.0368312 secs] 2324395K->1888761K(8344960K), 0.0371002 secs] [Times: user=0.12 sys=0.00, real=0.04 secs]
2018-11-08T04:19:39.943+0800: 1084487.577: [GC (Allocation Failure) 2018-11-08T04:19:39.944+0800: 1084487.577: [ParNew: 441628K->3117K(480640K), 0.0291844 secs] 2325753K->1887257K(8344960K), 0.0294492 secs] [Times: user=0.11 sys=0.00, real=0.03 secs]
2018-11-08T04:35:37.300+0800: 1085444.933: [GC (Allocation Failure) 2018-11-08T04:35:37.300+0800: 1085444.933: [ParNew: 440109K->5379K(480640K), 0.0366334 secs] 2324249K->1889532K(8344960K), 0.0369116 secs] [Times: user=0.14 sys=0.00, real=0.04 secs]
2018-11-08T04:52:48.630+0800: 1086476.264: [GC (Allocation Failure) 2018-11-08T04:52:48.630+0800: 1086476.264: [ParNew: 442371K->4532K(480640K), 0.0296680 secs] 2326524K->1888699K(8344960K), 0.0299473 secs] [Times: user=0.11 sys=0.00, real=0.03 secs]
2018-11-08T05:02:33.810+0800: 1087061.443: [GC (Allocation Failure) 2018-11-08T05:02:33.810+0800: 1087061.443: [ParNew: 441524K->4505K(480640K), 0.0350030 secs] 2325691K->1888690K(8344960K), 0.0352574 secs] [Times: user=0.11 sys=0.00, real=0.03 secs]
2018-11-08T05:18:06.681+0800: 1087994.315: [GC (Allocation Failure) 2018-11-08T05:18:06.681+0800: 1087994.315: [ParNew: 441497K->2989K(480640K), 0.0303792 secs] 2325682K->1887189K(8344960K), 0.0306499 secs] [Times: user=0.12 sys=0.00, real=0.03 secs]
2018-11-08T05:35:33.420+0800: 1089041.053: [GC (Allocation Failure) 2018-11-08T05:35:33.420+0800: 1089041.053: [ParNew: 439981K->4884K(480640K), 0.0352062 secs] 2324181K->1889097K(8344960K), 0.0354698 secs] [Times: user=0.12 sys=0.00, real=0.04 secs]
2018-11-08T05:51:13.160+0800: 1089980.793: [GC (Allocation Failure) 2018-11-08T05:51:13.160+0800: 1089980.794: [ParNew: 441876K->4159K(480640K), 0.0299625 secs] 2326089K->1888387K(8344960K), 0.0302334 secs] [Times: user=0.11 sys=0.00, real=0.03 secs]
2018-11-08T06:00:52.525+0800: 1090560.159: [GC (Allocation Failure) 2018-11-08T06:00:52.525+0800: 1090560.159: [ParNew: 441151K->4395K(480640K), 0.0412133 secs] 2325379K->1888638K(8344960K), 0.0415704 secs] [Times: user=0.14 sys=0.00, real=0.05 secs]
2018-11-08T06:16:19.202+0800: 1091486.835: [GC (Allocation Failure) 2018-11-08T06:16:19.202+0800: 1091486.835: [ParNew: 441387K->3025K(480640K), 0.0285934 secs] 2325630K->1887283K(8344960K), 0.0288458 secs] [Times: user=0.10 sys=0.00, real=0.03 secs]
2018-11-08T06:33:53.064+0800: 1092540.698: [GC (Allocation Failure) 2018-11-08T06:33:53.065+0800: 1092540.698: [ParNew: 440017K->3051K(480640K), 0.0322395 secs] 2324275K->1887325K(8344960K), 0.0325015 secs] [Times: user=0.12 sys=0.00, real=0.04 secs]
2018-11-08T06:49:19.302+0800: 1093466.935: [GC (Allocation Failure) 2018-11-08T06:49:19.302+0800: 1093466.935: [ParNew: 440043K->3023K(480640K), 0.0328300 secs] 2324317K->1887306K(8344960K), 0.0331001 secs] [Times: user=0.12 sys=0.00, real=0.03 secs]
2018-11-08T07:00:09.959+0800: 1094117.593: [GC (Allocation Failure) 2018-11-08T07:00:09.959+0800: 1094117.593: [ParNew: 440015K->5328K(480640K), 0.0483657 secs] 2324298K->1889626K(8344960K), 0.0487204 secs] [Times: user=0.16 sys=0.00, real=0.05 secs]
2018-11-08T07:15:36.493+0800: 1095044.127: [GC (Allocation Failure) 2018-11-08T07:15:36.493+0800: 1095044.127: [ParNew: 442320K->3976K(480640K), 0.0305993 secs] 2326618K->1888288K(8344960K), 0.0308414 secs] [Times: user=0.12 sys=0.00, real=0.03 secs]
2018-11-08T07:32:11.636+0800: 1096039.270: [GC (Allocation Failure) 2018-11-08T07:32:11.637+0800: 1096039.270: [ParNew: 440968K->2903K(480640K), 0.0290401 secs] 2325280K->1887233K(8344960K), 0.0292893 secs] [Times: user=0.10 sys=0.00, real=0.03 secs]
2018-11-08T07:47:41.635+0800: 1096969.268: [GC (Allocation Failure) 2018-11-08T07:47:41.635+0800: 1096969.269: [ParNew: 439895K->2904K(480640K), 0.0292996 secs] 2324225K->1887242K(8344960K), 0.0295636 secs] [Times: user=0.10 sys=0.00, real=0.03 secs]
2018-11-08T08:00:08.114+0800: 1097715.748: [GC (Allocation Failure) 2018-11-08T08:00:08.114+0800: 1097715.748: [ParNew: 439896K->5004K(480640K), 0.0362611 secs] 2324234K->1889356K(8344960K), 0.0365259 secs] [Times: user=0.12 sys=0.00, real=0.04 secs]
2018-11-08T08:14:57.107+0800: 1098604.740: [GC (Allocation Failure) 2018-11-08T08:14:57.107+0800: 1098604.741: [ParNew: 441996K->4210K(480640K), 0.0290495 secs] 2326348K->1888578K(8344960K), 0.0293066 secs] [Times: user=0.10 sys=0.00, real=0.03 secs]
2018-11-08T08:30:20.652+0800: 1099528.286: [GC (Allocation Failure) 2018-11-08T08:30:20.652+0800: 1099528.286: [ParNew: 441202K->2678K(480640K), 0.0383827 secs] 2325570K->1887061K(8344960K), 0.0387426 secs] [Times: user=0.14 sys=0.00, real=0.04 secs]
2018-11-08T08:45:45.776+0800: 1100453.409: [GC (Allocation Failure) 2018-11-08T08:45:45.776+0800: 1100453.409: [ParNew: 439670K->3731K(480640K), 0.0366430 secs] 2324053K->1888141K(8344960K), 0.0369399 secs] [Times: user=0.10 sys=0.00, real=0.04 secs]
2018-11-08T09:00:05.994+0800: 1101313.627: [GC (Allocation Failure) 2018-11-08T09:00:05.994+0800: 1101313.627: [ParNew: 440723K->5270K(480640K), 0.0361663 secs] 2325133K->1889694K(8344960K), 0.0364862 secs] [Times: user=0.13 sys=0.00, real=0.04 secs]
2018-11-08T09:13:03.733+0800: 1102091.367: [GC (Allocation Failure) 2018-11-08T09:13:03.733+0800: 1102091.367: [ParNew: 442262K->4545K(480640K), 0.0334510 secs] 2326686K->1888986K(8344960K), 0.0337390 secs] [Times: user=0.05 sys=0.06, real=0.04 secs]
2018-11-08T09:28:39.266+0800: 1103026.899: [GC (Allocation Failure) 2018-11-08T09:28:39.266+0800: 1103026.899: [ParNew: 441537K->2663K(480640K), 0.0311875 secs] 2325978K->1887118K(8344960K), 0.0314730 secs] [Times: user=0.12 sys=0.00, real=0.04 secs]
2018-11-08T09:45:33.433+0800: 1104041.067: [GC (Allocation Failure) 2018-11-08T09:45:33.433+0800: 1104041.067: [ParNew: 439475K->4954K(480640K), 0.0313453 secs] 2323930K->1889422K(8344960K), 0.0316004 secs] [Times: user=0.12 sys=0.00, real=0.03 secs]
2018-11-08T10:00:03.106+0800: 1104910.739: [GC (Allocation Failure) 2018-11-08T10:00:03.106+0800: 1104910.739: [ParNew: 441946K->5165K(480640K), 0.0409563 secs] 2326414K->1889647K(8344960K), 0.0412754 secs] [Times: user=0.15 sys=0.00, real=0.05 secs]
2018-11-08T10:10:59.127+0800: 1105566.761: [GC (Allocation Failure) 2018-11-08T10:10:59.127+0800: 1105566.761: [ParNew: 442157K->4566K(480640K), 0.0356385 secs] 2326639K->1889065K(8344960K), 0.0359084 secs] [Times: user=0.12 sys=0.00, real=0.03 secs]
2018-11-08T10:26:17.139+0800: 1106484.773: [GC (Allocation Failure) 2018-11-08T10:26:17.139+0800: 1106484.773: [ParNew: 441558K->3565K(480640K), 0.0303822 secs] 2326057K->1888078K(8344960K), 0.0306318 secs] [Times: user=0.11 sys=0.00, real=0.03 secs]
2018-11-08T10:43:40.540+0800: 1107528.173: [GC (Allocation Failure) 2018-11-08T10:43:40.540+0800: 1107528.173: [ParNew: 440557K->2676K(480640K), 0.0294199 secs] 2325070K->1887199K(8344960K), 0.0296961 secs] [Times: user=0.11 sys=0.00, real=0.03 secs]
2018-11-08T10:59:01.715+0800: 1108449.349: [GC (Allocation Failure) 2018-11-08T10:59:01.715+0800: 1108449.349: [ParNew: 439668K->3155K(480640K), 0.0352052 secs] 2324191K->1887693K(8344960K), 0.0354611 secs] [Times: user=0.13 sys=0.00, real=0.04 secs]
2018-11-08T11:08:17.909+0800: 1109005.543: [GC (Allocation Failure) 2018-11-08T11:08:17.910+0800: 1109005.543: [ParNew: 440147K->5013K(480640K), 0.0389470 secs] 2324685K->1889567K(8344960K), 0.0391895 secs] [Times: user=0.12 sys=0.00, real=0.04 secs]
2018-11-08T11:25:33.415+0800: 1110041.049: [GC (Allocation Failure) 2018-11-08T11:25:33.415+0800: 1110041.049: [ParNew: 442005K->4553K(480640K), 0.0317429 secs] 2326559K->1889121K(8344960K), 0.0320111 secs] [Times: user=0.12 sys=0.00, real=0.04 secs]
2018-11-08T11:40:47.024+0800: 1110954.657: [GC (Allocation Failure) 2018-11-08T11:40:47.024+0800: 1110954.657: [ParNew: 441545K->4417K(480640K), 0.0295517 secs] 2326113K->1888996K(8344960K), 0.0298105 secs] [Times: user=0.11 sys=0.00, real=0.03 secs]
2018-11-08T11:56:13.670+0800: 1111881.304: [GC (Allocation Failure) 2018-11-08T11:56:13.671+0800: 1111881.304: [ParNew: 441409K->2996K(480640K), 0.0305391 secs] 2325988K->1887593K(8344960K), 0.0307961 secs] [Times: user=0.12 sys=0.00, real=0.03 secs]
2018-11-08T12:05:37.308+0800: 1112444.942: [GC (Allocation Failure) 2018-11-08T12:05:37.309+0800: 1112444.942: [ParNew: 439988K->7500K(480640K), 0.0414524 secs] 2324585K->1892111K(8344960K), 0.0417195 secs] [Times: user=0.14 sys=0.00, real=0.04 secs]
2018-11-08T12:22:53.007+0800: 1113480.641: [GC (Allocation Failure) 2018-11-08T12:22:53.007+0800: 1113480.641: [ParNew: 444492K->5269K(480640K), 0.0310624 secs] 2329103K->1889895K(8344960K), 0.0313298 secs] [Times: user=0.11 sys=0.00, real=0.03 secs]
2018-11-08T12:38:20.744+0800: 1114408.378: [GC (Allocation Failure) 2018-11-08T12:38:20.744+0800: 1114408.378: [ParNew: 442261K->2782K(480640K), 0.0348921 secs] 2326887K->1887422K(8344960K), 0.0351433 secs] [Times: user=0.13 sys=0.00, real=0.04 secs]
2018-11-08T12:55:33.420+0800: 1115441.053: [GC (Allocation Failure) 2018-11-08T12:55:33.420+0800: 1115441.053: [ParNew: 439774K->4301K(480640K), 0.0311527 secs] 2324414K->1888957K(8344960K), 0.0314107 secs] [Times: user=0.11 sys=0.00, real=0.03 secs]
2018-11-08T13:05:16.060+0800: 1116023.693: [GC (Allocation Failure) 2018-11-08T13:05:16.060+0800: 1116023.693: [ParNew: 441293K->5618K(480640K), 0.0359651 secs] 2325949K->1890288K(8344960K), 0.0362533 secs] [Times: user=0.12 sys=0.00, real=0.04 secs]
2018-11-08T13:20:48.187+0800: 1116955.821: [GC (Allocation Failure) 2018-11-08T13:20:48.188+0800: 1116955.821: [ParNew: 442610K->2933K(480640K), 0.0323582 secs] 2327280K->1887619K(8344960K), 0.0326383 secs] [Times: user=0.12 sys=0.00, real=0.03 secs]
2018-11-08T13:36:15.766+0800: 1117883.400: [GC (Allocation Failure) 2018-11-08T13:36:15.766+0800: 1117883.400: [ParNew: 439925K->2936K(480640K), 0.0295422 secs] 2324611K->1887636K(8344960K), 0.0298067 secs] [Times: user=0.04 sys=0.05, real=0.03 secs]
2018-11-08T13:53:54.677+0800: 1118942.311: [GC (Allocation Failure) 2018-11-08T13:53:54.678+0800: 1118942.311: [ParNew: 439928K->3072K(480640K), 0.0317961 secs] 2324628K->1887786K(8344960K), 0.0320491 secs] [Times: user=0.12 sys=0.00, real=0.03 secs]
2018-11-08T14:03:25.458+0800: 1119513.092: [GC (Allocation Failure) 2018-11-08T14:03:25.458+0800: 1119513.092: [ParNew: 440064K->4594K(480640K), 0.0335945 secs] 2324778K->1889323K(8344960K), 0.0338414 secs] [Times: user=0.12 sys=0.00, real=0.03 secs]
2018-11-08T14:18:51.869+0800: 1120439.502: [GC (Allocation Failure) 2018-11-08T14:18:51.869+0800: 1120439.502: [ParNew: 441586K->3084K(480640K), 0.0294179 secs] 2326315K->1887828K(8344960K), 0.0296795 secs] [Times: user=0.11 sys=0.00, real=0.03 secs]
2018-11-08T14:35:33.437+0800: 1121441.071: [GC (Allocation Failure) 2018-11-08T14:35:33.437+0800: 1121441.071: [ParNew: 440076K->6250K(480640K), 0.0364039 secs] 2324820K->1891009K(8344960K), 0.0366643 secs] [Times: user=0.14 sys=0.00, real=0.03 secs]
2018-11-08T14:52:05.128+0800: 1122432.761: [GC (Allocation Failure) 2018-11-08T14:52:05.128+0800: 1122432.761: [ParNew: 443242K->5460K(480640K), 0.0297057 secs] 2328001K->1890232K(8344960K), 0.0300034 secs] [Times: user=0.11 sys=0.00, real=0.03 secs]
2018-11-08T15:01:46.068+0800: 1123013.701: [GC (Allocation Failure) 2018-11-08T15:01:46.068+0800: 1123013.701: [ParNew: 442452K->4804K(480640K), 0.0347989 secs] 2327224K->1889593K(8344960K), 0.0350941 secs] [Times: user=0.12 sys=0.00, real=0.03 secs]
2018-11-08T15:17:13.512+0800: 1123941.146: [GC (Allocation Failure) 2018-11-08T15:17:13.512+0800: 1123941.146: [ParNew: 441796K->2951K(480640K), 0.0353418 secs] 2326585K->1887754K(8344960K), 0.0356634 secs] [Times: user=0.13 sys=0.00, real=0.04 secs]
2018-11-08T15:34:50.309+0800: 1124997.943: [GC (Allocation Failure) 2018-11-08T15:34:50.309+0800: 1124997.943: [ParNew: 439943K->3023K(480640K), 0.0334314 secs] 2324746K->1887840K(8344960K), 0.0337043 secs] [Times: user=0.12 sys=0.00, real=0.03 secs]
2018-11-08T15:50:16.953+0800: 1125924.587: [GC (Allocation Failure) 2018-11-08T15:50:16.953+0800: 1125924.587: [ParNew: 440015K->3002K(480640K), 0.0288783 secs] 2324832K->1887862K(8344960K), 0.0291379 secs] [Times: user=0.11 sys=0.00, real=0.03 secs]
2018-11-08T16:00:16.081+0800: 1126523.714: [GC (Allocation Failure) 2018-11-08T16:00:16.081+0800: 1126523.714: [ParNew: 439994K->5019K(480640K), 0.0364872 secs] 2324854K->1889895K(8344960K), 0.0367667 secs] [Times: user=0.12 sys=0.00, real=0.04 secs]
2018-11-08T16:15:37.305+0800: 1127444.938: [GC (Allocation Failure) 2018-11-08T16:15:37.305+0800: 1127444.938: [ParNew: 442011K->5350K(480640K), 0.0307449 secs] 2326887K->1890241K(8344960K), 0.0310351 secs] [Times: user=0.12 sys=0.00, real=0.04 secs]
2018-11-08T16:33:06.730+0800: 1128494.364: [GC (Allocation Failure) 2018-11-08T16:33:06.730+0800: 1128494.364: [ParNew: 442342K->5191K(480640K), 0.0302927 secs] 2327233K->1890101K(8344960K), 0.0305426 secs] [Times: user=0.11 sys=0.00, real=0.03 secs]
2018-11-08T16:48:45.180+0800: 1129432.813: [GC (Allocation Failure) 2018-11-08T16:48:45.180+0800: 1129432.813: [ParNew: 442183K->2774K(480640K), 0.0309002 secs] 2327093K->1887698K(8344960K), 0.0311757 secs] [Times: user=0.11 sys=0.00, real=0.03 secs]
2018-11-08T17:00:11.123+0800: 1130118.757: [GC (Allocation Failure) 2018-11-08T17:00:11.123+0800: 1130118.757: [ParNew: 439766K->5401K(480640K), 0.0365537 secs] 2324690K->1890340K(8344960K), 0.0368216 secs] [Times: user=0.12 sys=0.00, real=0.04 secs]
2018-11-08T17:15:33.427+0800: 1131041.060: [GC (Allocation Failure) 2018-11-08T17:15:33.427+0800: 1131041.061: [ParNew: 442393K->5589K(480640K), 0.0322732 secs] 2327332K->1890542K(8344960K), 0.0325467 secs] [Times: user=0.10 sys=0.01, real=0.03 secs]
2018-11-08T17:31:29.412+0800: 1131997.045: [GC (Allocation Failure) 2018-11-08T17:31:29.412+0800: 1131997.045: [ParNew: 442581K->5088K(480640K), 0.0308999 secs] 2327534K->1890057K(8344960K), 0.0311759 secs] [Times: user=0.12 sys=0.00, real=0.03 secs]
2018-11-08T17:46:58.106+0800: 1132925.739: [GC (Allocation Failure) 2018-11-08T17:46:58.106+0800: 1132925.739: [ParNew: 442080K->2732K(480640K), 0.0290389 secs] 2327049K->1887714K(8344960K), 0.0292976 secs] [Times: user=0.11 sys=0.00, real=0.03 secs]
2018-11-08T18:00:08.564+0800: 1133716.197: [GC (Allocation Failure) 2018-11-08T18:00:08.564+0800: 1133716.197: [ParNew: 439724K->4174K(480640K), 0.0336785 secs] 2324706K->1889171K(8344960K), 0.0339520 secs] [Times: user=0.12 sys=0.00, real=0.04 secs]
2018-11-08T18:14:18.962+0800: 1134566.595: [GC (Allocation Failure) 2018-11-08T18:14:18.962+0800: 1134566.595: [ParNew: 441166K->4361K(480640K), 0.0312545 secs] 2326163K->1889374K(8344960K), 0.0315103 secs] [Times: user=0.11 sys=0.00, real=0.03 secs]
2018-11-08T18:29:52.575+0800: 1135500.209: [GC (Allocation Failure) 2018-11-08T18:29:52.576+0800: 1135500.209: [ParNew: 441353K->2794K(480640K), 0.0302971 secs] 2326366K->1887822K(8344960K), 0.0305487 secs] [Times: user=0.11 sys=0.00, real=0.04 secs]
2018-11-08T18:45:37.301+0800: 1136444.935: [GC (Allocation Failure) 2018-11-08T18:45:37.301+0800: 1136444.935: [ParNew: 439786K->4885K(480640K), 0.0321128 secs] 2324814K->1889921K(8344960K), 0.0323836 secs] [Times: user=0.12 sys=0.00, real=0.03 secs]
2018-11-08T18:58:28.051+0800: 1137215.684: [GC (Allocation Failure) 2018-11-08T18:58:28.051+0800: 1137215.684: [ParNew: 441877K->9643K(480640K), 0.0400359 secs] 2326913K->1894695K(8344960K), 0.0403119 secs] [Times: user=0.12 sys=0.00, real=0.04 secs]
2018-11-08T19:08:11.326+0800: 1137798.959: [GC (Allocation Failure) 2018-11-08T19:08:11.326+0800: 1137798.959: [ParNew: 446635K->4598K(480640K), 0.0365270 secs] 2331687K->1889666K(8344960K), 0.0367906 secs] [Times: user=0.12 sys=0.00, real=0.03 secs]
2018-11-08T19:21:22.359+0800: 1138589.993: [GC (Allocation Failure) 2018-11-08T19:21:22.359+0800: 1138589.993: [ParNew: 441590K->8655K(480640K), 0.0412932 secs] 2326658K->1893737K(8344960K), 0.0415775 secs] [Times: user=0.12 sys=0.00, real=0.04 secs]
2018-11-08T19:36:46.752+0800: 1139514.385: [GC (Allocation Failure) 2018-11-08T19:36:46.752+0800: 1139514.385: [ParNew: 445647K->3147K(480640K), 0.0299783 secs] 2330729K->1888245K(8344960K), 0.0302479 secs] [Times: user=0.08 sys=0.03, real=0.03 secs]
2018-11-08T19:54:26.242+0800: 1140573.875: [GC (Allocation Failure) 2018-11-08T19:54:26.242+0800: 1140573.875: [ParNew: 440139K->3094K(480640K), 0.0383223 secs] 2325237K->1888207K(8344960K), 0.0386098 secs] [Times: user=0.13 sys=0.00, real=0.04 secs]
2018-11-08T20:04:08.217+0800: 1141155.851: [GC (Allocation Failure) 2018-11-08T20:04:08.218+0800: 1141155.851: [ParNew: 440086K->4609K(480640K), 0.0349316 secs] 2325199K->1889738K(8344960K), 0.0351730 secs] [Times: user=0.12 sys=0.00, real=0.03 secs]
2018-11-08T20:15:37.299+0800: 1141844.933: [GC (Allocation Failure) 2018-11-08T20:15:37.299+0800: 1141844.933: [ParNew: 441601K->10189K(480640K), 0.0416620 secs] 2326730K->1895333K(8344960K), 0.0419666 secs] [Times: user=0.13 sys=0.00, real=0.04 secs]
2018-11-08T20:32:45.167+0800: 1142872.800: [GC (Allocation Failure) 2018-11-08T20:32:45.167+0800: 1142872.800: [ParNew: 447181K->4530K(480640K), 0.0357305 secs] 2332325K->1889684K(8344960K), 0.0359964 secs] [Times: user=0.13 sys=0.00, real=0.03 secs]
2018-11-08T20:48:15.215+0800: 1143802.848: [GC (Allocation Failure) 2018-11-08T20:48:15.215+0800: 1143802.848: [ParNew: 441522K->3359K(480640K), 0.0290348 secs] 2326676K->1888532K(8344960K), 0.0293019 secs] [Times: user=0.11 sys=0.00, real=0.03 secs]
2018-11-08T21:00:09.472+0800: 1144517.105: [GC (Allocation Failure) 2018-11-08T21:00:09.472+0800: 1144517.106: [ParNew: 440351K->5020K(480640K), 0.0396797 secs] 2325524K->1890208K(8344960K), 0.0399903 secs] [Times: user=0.14 sys=0.00, real=0.04 secs]
2018-11-08T21:15:29.532+0800: 1145437.166: [GC (Allocation Failure) 2018-11-08T21:15:29.532+0800: 1145437.166: [ParNew: 442012K->3960K(480640K), 0.0302754 secs] 2327200K->1889163K(8344960K), 0.0305334 secs] [Times: user=0.11 sys=0.00, real=0.03 secs]
2018-11-08T21:30:57.746+0800: 1146365.380: [GC (Allocation Failure) 2018-11-08T21:30:57.746+0800: 1146365.380: [ParNew: 440952K->3027K(480640K), 0.0290789 secs] 2326155K->1888242K(8344960K), 0.0293466 secs] [Times: user=0.07 sys=0.04, real=0.02 secs]
2018-11-08T21:46:26.498+0800: 1147294.131: [GC (Allocation Failure) 2018-11-08T21:46:26.498+0800: 1147294.131: [ParNew: 440019K->3370K(480640K), 0.0303345 secs] 2325234K->1888602K(8344960K), 0.0305801 secs] [Times: user=0.11 sys=0.00, real=0.03 secs]
2018-11-08T22:00:07.233+0800: 1148114.866: [GC (Allocation Failure) 2018-11-08T22:00:07.233+0800: 1148114.866: [ParNew: 440362K->4869K(480640K), 0.0333950 secs] 2325594K->1890116K(8344960K), 0.0336597 secs] [Times: user=0.12 sys=0.00, real=0.04 secs]
2018-11-08T22:13:44.232+0800: 1148931.865: [GC (Allocation Failure) 2018-11-08T22:13:44.232+0800: 1148931.865: [ParNew: 441861K->4509K(480640K), 0.0316298 secs] 2327108K->1889771K(8344960K), 0.0319130 secs] [Times: user=0.11 sys=0.00, real=0.03 secs]
2018-11-08T22:29:10.469+0800: 1149858.103: [GC (Allocation Failure) 2018-11-08T22:29:10.469+0800: 1149858.103: [ParNew: 441501K->2827K(480640K), 0.0313218 secs] 2326763K->1888117K(8344960K), 0.0315822 secs] [Times: user=0.12 sys=0.00, real=0.03 secs]
2018-11-08T22:45:35.365+0800: 1150842.998: [GC (Allocation Failure) 2018-11-08T22:45:35.365+0800: 1150842.998: [ParNew: 439819K->2814K(480640K), 0.0303824 secs] 2325109K->1888130K(8344960K), 0.0306690 secs] [Times: user=0.11 sys=0.00, real=0.03 secs]
2018-11-08T23:00:04.485+0800: 1151712.118: [GC (Allocation Failure) 2018-11-08T23:00:04.485+0800: 1151712.118: [ParNew: 439806K->3645K(480640K), 0.0321191 secs] 2325122K->1888976K(8344960K), 0.0323764 secs] [Times: user=0.11 sys=0.00, real=0.04 secs]
2018-11-08T23:11:45.219+0800: 1152412.852: [GC (Allocation Failure) 2018-11-08T23:11:45.219+0800: 1152412.852: [ParNew: 440637K->4597K(480640K), 0.0366441 secs] 2325968K->1889942K(8344960K), 0.0369319 secs] [Times: user=0.13 sys=0.00, real=0.03 secs]
2018-11-08T23:27:16.245+0800: 1153343.879: [GC (Allocation Failure) 2018-11-08T23:27:16.246+0800: 1153343.879: [ParNew: 441589K->2747K(480640K), 0.0300606 secs] 2326934K->1888109K(8344960K), 0.0303254 secs] [Times: user=0.05 sys=0.07, real=0.04 secs]
2018-11-08T23:44:54.080+0800: 1154401.713: [GC (Allocation Failure) 2018-11-08T23:44:54.080+0800: 1154401.713: [ParNew: 439739K->2828K(480640K), 0.0297334 secs] 2325101K->1888203K(8344960K), 0.0299918 secs] [Times: user=0.12 sys=0.00, real=0.03 secs]
2018-11-09T00:00:01.020+0800: 1155308.654: [GC (Allocation Failure) 2018-11-09T00:00:01.020+0800: 1155308.654: [ParNew: 439820K->3047K(480640K), 0.0327557 secs] 2325195K->1888444K(8344960K), 0.0330255 secs] [Times: user=0.13 sys=0.00, real=0.03 secs]
2018-11-09T00:09:31.935+0800: 1155879.568: [GC (Allocation Failure) 2018-11-09T00:09:31.935+0800: 1155879.569: [ParNew: 440039K->5377K(480640K), 0.0360134 secs] 2325436K->1890789K(8344960K), 0.0362877 secs] [Times: user=0.12 sys=0.00, real=0.04 secs]
2018-11-09T00:25:37.296+0800: 1156844.930: [GC (Allocation Failure) 2018-11-09T00:25:37.297+0800: 1156844.930: [ParNew: 442369K->6151K(480640K), 0.0284000 secs] 2327781K->1891578K(8344960K), 0.0286582 secs] [Times: user=0.11 sys=0.00, real=0.02 secs]
2018-11-09T00:42:45.173+0800: 1157872.806: [GC (Allocation Failure) 2018-11-09T00:42:45.173+0800: 1157872.806: [ParNew: 443143K->5617K(480640K), 0.0347177 secs] 2328570K->1891056K(8344960K), 0.0349841 secs] [Times: user=0.13 sys=0.00, real=0.04 secs]
2018-11-09T00:58:16.762+0800: 1158804.396: [GC (Allocation Failure) 2018-11-09T00:58:16.762+0800: 1158804.396: [ParNew: 442609K->3053K(480640K), 0.0298502 secs] 2328048K->1888510K(8344960K), 0.0301202 secs] [Times: user=0.10 sys=0.00, real=0.03 secs]
2018-11-09T01:07:30.026+0800: 1159357.660: [GC (Allocation Failure) 2018-11-09T01:07:30.026+0800: 1159357.660: [ParNew: 440045K->4884K(480640K), 0.0350278 secs] 2325502K->1890356K(8344960K), 0.0352854 secs] [Times: user=0.12 sys=0.00, real=0.03 secs]
2018-11-09T01:25:07.542+0800: 1160415.175: [GC (Allocation Failure) 2018-11-09T01:25:07.542+0800: 1160415.175: [ParNew: 441876K->3527K(480640K), 0.0307818 secs] 2327348K->1889013K(8344960K), 0.0310404 secs] [Times: user=0.12 sys=0.00, real=0.03 secs]
2018-11-09T01:40:33.708+0800: 1161341.342: [GC (Allocation Failure) 2018-11-09T01:40:33.709+0800: 1161341.342: [ParNew: 440519K->3466K(480640K), 0.0307138 secs] 2326005K->1888965K(8344960K), 0.0309587 secs] [Times: user=0.08 sys=0.03, real=0.03 secs]
2018-11-09T01:55:53.653+0800: 1162261.287: [GC (Allocation Failure) 2018-11-09T01:55:53.653+0800: 1162261.287: [ParNew: 440458K->3735K(480640K), 0.0292942 secs] 2325957K->1889251K(8344960K), 0.0295437 secs] [Times: user=0.11 sys=0.00, real=0.03 secs]
2018-11-09T02:05:37.296+0800: 1162844.929: [GC (Allocation Failure) 2018-11-09T02:05:37.296+0800: 1162844.929: [ParNew: 440727K->7941K(480640K), 0.0417093 secs] 2326243K->1893471K(8344960K), 0.0419967 secs] [Times: user=0.14 sys=0.00, real=0.05 secs]
2018-11-09T02:22:34.297+0800: 1163861.930: [GC (Allocation Failure) 2018-11-09T02:22:34.297+0800: 1163861.931: [ParNew: 444933K->5465K(480640K), 0.0301709 secs] 2330463K->1891011K(8344960K), 0.0304429 secs] [Times: user=0.12 sys=0.00, real=0.03 secs]
2018-11-09T02:38:00.002+0800: 1164787.635: [GC (Allocation Failure) 2018-11-09T02:38:00.002+0800: 1164787.635: [ParNew: 442457K->3468K(480640K), 0.0288532 secs] 2328003K->1889027K(8344960K), 0.0291174 secs] [Times: user=0.04 sys=0.05, real=0.03 secs]
2018-11-09T02:55:33.014+0800: 1165840.648: [GC (Allocation Failure) 2018-11-09T02:55:33.015+0800: 1165840.648: [ParNew: 440460K->3374K(480640K), 0.0297664 secs] 2326019K->1888943K(8344960K), 0.0300136 secs] [Times: user=0.07 sys=0.04, real=0.03 secs]
2018-11-09T03:04:42.900+0800: 1166390.533: [GC (Allocation Failure) 2018-11-09T03:04:42.900+0800: 1166390.533: [ParNew: 440366K->5112K(480640K), 0.0355533 secs] 2325935K->1890696K(8344960K), 0.0358846 secs] [Times: user=0.12 sys=0.00, real=0.04 secs]
2018-11-09T03:20:15.771+0800: 1167323.405: [GC (Allocation Failure) 2018-11-09T03:20:15.771+0800: 1167323.405: [ParNew: 442104K->3543K(480640K), 0.0326147 secs] 2327688K->1889144K(8344960K), 0.0328925 secs] [Times: user=0.11 sys=0.00, real=0.03 secs]
2018-11-09T03:35:49.330+0800: 1168256.963: [GC (Allocation Failure) 2018-11-09T03:35:49.330+0800: 1168256.963: [ParNew: 440535K->4026K(480640K), 0.0303674 secs] 2326136K->1889662K(8344960K), 0.0306465 secs] [Times: user=0.11 sys=0.00, real=0.03 secs]
2018-11-09T03:53:28.202+0800: 1169315.836: [GC (Allocation Failure) 2018-11-09T03:53:28.202+0800: 1169315.836: [ParNew: 441018K->3395K(480640K), 0.0357314 secs] 2326654K->1889309K(8344960K), 0.0360016 secs] [Times: user=0.14 sys=0.00, real=0.04 secs]
2018-11-09T04:02:35.650+0800: 1169863.283: [GC (Allocation Failure) 2018-11-09T04:02:35.650+0800: 1169863.283: [ParNew: 440387K->4543K(480640K), 0.0345632 secs] 2326301K->1890482K(8344960K), 0.0348165 secs] [Times: user=0.12 sys=0.00, real=0.03 secs]
2018-11-09T04:18:02.747+0800: 1170790.380: [GC (Allocation Failure) 2018-11-09T04:18:02.747+0800: 1170790.380: [ParNew: 441535K->2879K(480640K), 0.0293677 secs] 2327474K->1888834K(8344960K), 0.0296397 secs] [Times: user=0.11 sys=0.00, real=0.03 secs]
2018-11-09T04:34:47.032+0800: 1171794.665: [GC (Allocation Failure) 2018-11-09T04:34:47.032+0800: 1171794.666: [ParNew: 439871K->4339K(480640K), 0.0336866 secs] 2325826K->1890308K(8344960K), 0.0339548 secs] [Times: user=0.12 sys=0.00, real=0.04 secs]
2018-11-09T04:46:31.931+0800: 1172499.564: [GC (Allocation Failure) 2018-11-09T04:46:31.931+0800: 1172499.564: [ParNew: 441331K->7739K(480640K), 0.0407879 secs] 2327300K->1893720K(8344960K), 0.0410562 secs] [Times: user=0.13 sys=0.00, real=0.04 secs]
2018-11-09T05:00:07.795+0800: 1173315.428: [GC (Allocation Failure) 2018-11-09T05:00:07.795+0800: 1173315.428: [ParNew: 444731K->4504K(480640K), 0.0367330 secs] 2330712K->1890502K(8344960K), 0.0370355 secs] [Times: user=0.13 sys=0.00, real=0.04 secs]
2018-11-09T05:13:18.461+0800: 1174106.094: [GC (Allocation Failure) 2018-11-09T05:13:18.461+0800: 1174106.094: [ParNew: 441496K->4807K(480640K), 0.0332743 secs] 2327494K->1890819K(8344960K), 0.0335452 secs] [Times: user=0.12 sys=0.00, real=0.03 secs]
2018-11-09T05:28:51.565+0800: 1175039.198: [GC (Allocation Failure) 2018-11-09T05:28:51.565+0800: 1175039.199: [ParNew: 441799K->2903K(480640K), 0.0304281 secs] 2327811K->1888930K(8344960K), 0.0306682 secs] [Times: user=0.11 sys=0.00, real=0.03 secs]
2018-11-09T05:45:33.435+0800: 1176041.069: [GC (Allocation Failure) 2018-11-09T05:45:33.435+0800: 1176041.069: [ParNew: 439895K->5769K(480640K), 0.0304184 secs] 2325922K->1891821K(8344960K), 0.0306898 secs] [Times: user=0.04 sys=0.07, real=0.04 secs]
2018-11-09T06:00:04.349+0800: 1176911.982: [GC (Allocation Failure) 2018-11-09T06:00:04.349+0800: 1176911.982: [ParNew: 442761K->4794K(480640K), 0.0328631 secs] 2328813K->1890861K(8344960K), 0.0331478 secs] [Times: user=0.12 sys=0.00, real=0.03 secs]
2018-11-09T06:11:08.418+0800: 1177576.051: [GC (Allocation Failure) 2018-11-09T06:11:08.418+0800: 1177576.052: [ParNew: 441786K->4791K(480640K), 0.0343774 secs] 2327853K->1890873K(8344960K), 0.0346371 secs] [Times: user=0.05 sys=0.06, real=0.03 secs]
2018-11-09T06:26:38.427+0800: 1178506.060: [GC (Allocation Failure) 2018-11-09T06:26:38.427+0800: 1178506.060: [ParNew: 441783K->2799K(480640K), 0.0307579 secs] 2327865K->1888897K(8344960K), 0.0310103 secs] [Times: user=0.12 sys=0.00, real=0.03 secs]
2018-11-09T06:44:15.766+0800: 1179563.400: [GC (Allocation Failure) 2018-11-09T06:44:15.766+0800: 1179563.400: [ParNew: 439791K->3200K(480640K), 0.0298682 secs] 2325889K->1889328K(8344960K), 0.0301259 secs] [Times: user=0.09 sys=0.01, real=0.03 secs]
2018-11-09T06:59:45.869+0800: 1180493.502: [GC (Allocation Failure) 2018-11-09T06:59:45.869+0800: 1180493.503: [ParNew: 440192K->2938K(480640K), 0.0331173 secs] 2326320K->1889081K(8344960K), 0.0333762 secs] [Times: user=0.10 sys=0.00, real=0.03 secs]
2018-11-09T07:09:01.938+0800: 1181049.571: [GC (Allocation Failure) 2018-11-09T07:09:01.938+0800: 1181049.571: [ParNew: 439930K->4633K(480640K), 0.0351713 secs] 2326073K->1890790K(8344960K), 0.0354417 secs] [Times: user=0.12 sys=0.00, real=0.03 secs]
2018-11-09T07:25:33.665+0800: 1182041.298: [GC (Allocation Failure) 2018-11-09T07:25:33.665+0800: 1182041.299: [ParNew: 441625K->3555K(480640K), 0.0301171 secs] 2327782K->1889729K(8344960K), 0.0304088 secs] [Times: user=0.11 sys=0.00, real=0.03 secs]
2018-11-09T07:42:05.003+0800: 1183032.637: [GC (Allocation Failure) 2018-11-09T07:42:05.003+0800: 1183032.637: [ParNew: 440547K->3312K(480640K), 0.0287048 secs] 2326721K->1889495K(8344960K), 0.0289844 secs] [Times: user=0.11 sys=0.00, real=0.03 secs]
2018-11-09T07:57:32.872+0800: 1183960.505: [GC (Allocation Failure) 2018-11-09T07:57:32.872+0800: 1183960.505: [ParNew: 440304K->3069K(480640K), 0.0289118 secs] 2326487K->1889267K(8344960K), 0.0291764 secs] [Times: user=0.11 sys=0.00, real=0.03 secs]
2018-11-09T08:06:44.021+0800: 1184511.655: [GC (Allocation Failure) 2018-11-09T08:06:44.022+0800: 1184511.655: [ParNew: 440061K->4665K(480640K), 0.0368936 secs] 2326259K->1890892K(8344960K), 0.0371443 secs] [Times: user=0.12 sys=0.00, real=0.04 secs]
2018-11-09T08:24:21.891+0800: 1185569.524: [GC (Allocation Failure) 2018-11-09T08:24:21.891+0800: 1185569.524: [ParNew: 441657K->3078K(480640K), 0.0295804 secs] 2327884K->1889323K(8344960K), 0.0298326 secs] [Times: user=0.12 sys=0.00, real=0.03 secs]
2018-11-09T08:39:54.957+0800: 1186502.591: [GC (Allocation Failure) 2018-11-09T08:39:54.958+0800: 1186502.591: [ParNew: 440056K->2969K(480640K), 0.0297219 secs] 2326300K->1889226K(8344960K), 0.0299764 secs] [Times: user=0.11 sys=0.00, real=0.03 secs]
2018-11-09T08:53:03.199+0800: 1187290.832: [GC (Allocation Failure) 2018-11-09T08:53:03.199+0800: 1187290.832: [ParNew: 439961K->8596K(480640K), 0.0523178 secs] 2326218K->1894869K(8344960K), 0.0525921 secs] [Times: user=0.14 sys=0.00, real=0.05 secs]
2018-11-09T09:02:14.112+0800: 1187841.746: [GC (Allocation Failure) 2018-11-09T09:02:14.112+0800: 1187841.746: [ParNew: 445588K->4721K(480640K), 0.0346341 secs] 2331861K->1891008K(8344960K), 0.0349058 secs] [Times: user=0.12 sys=0.00, real=0.04 secs]
2018-11-09T09:17:42.872+0800: 1188770.506: [GC (Allocation Failure) 2018-11-09T09:17:42.872+0800: 1188770.506: [ParNew: 441713K->3084K(480640K), 0.0320979 secs] 2328000K->1889388K(8344960K), 0.0323414 secs] [Times: user=0.10 sys=0.00, real=0.03 secs]
2018-11-09T09:35:08.992+0800: 1189816.625: [GC (Allocation Failure) 2018-11-09T09:35:08.992+0800: 1189816.625: [ParNew: 440076K->3490K(480640K), 0.0304482 secs] 2326380K->1889807K(8344960K), 0.0307325 secs] [Times: user=0.12 sys=0.00, real=0.03 secs]
2018-11-09T09:50:41.931+0800: 1190749.565: [GC (Allocation Failure) 2018-11-09T09:50:41.931+0800: 1190749.565: [ParNew: 440482K->2852K(480640K), 0.0284928 secs] 2326799K->1889184K(8344960K), 0.0287573 secs] [Times: user=0.11 sys=0.00, real=0.03 secs]
2018-11-09T10:00:13.913+0800: 1191321.546: [GC (Allocation Failure) 2018-11-09T10:00:13.913+0800: 1191321.546: [ParNew: 439844K->6107K(480640K), 0.0384858 secs] 2326176K->1892454K(8344960K), 0.0387738 secs] [Times: user=0.13 sys=0.00, real=0.04 secs]
2018-11-09T10:15:37.301+0800: 1192244.934: [GC (Allocation Failure) 2018-11-09T10:15:37.301+0800: 1192244.934: [ParNew: 443099K->5837K(480640K), 0.0376854 secs] 2329446K->1892200K(8344960K), 0.0379548 secs] [Times: user=0.11 sys=0.00, real=0.04 secs]
2018-11-09T10:32:24.638+0800: 1193252.272: [GC (Allocation Failure) 2018-11-09T10:32:24.638+0800: 1193252.272: [ParNew: 442829K->4703K(480640K), 0.0285995 secs] 2329192K->1891080K(8344960K), 0.0288395 secs] [Times: user=0.11 sys=0.00, real=0.03 secs]
2018-11-09T10:47:39.956+0800: 1194167.589: [GC (Allocation Failure) 2018-11-09T10:47:39.956+0800: 1194167.590: [ParNew: 441695K->3462K(480640K), 0.0296604 secs] 2328072K->1889855K(8344960K), 0.0299091 secs] [Times: user=0.11 sys=0.00, real=0.03 secs]
2018-11-09T11:00:07.046+0800: 1194914.679: [GC (Allocation Failure) 2018-11-09T11:00:07.046+0800: 1194914.679: [ParNew: 440454K->5309K(480640K), 0.0368074 secs] 2326847K->1891717K(8344960K), 0.0371249 secs] [Times: user=0.13 sys=0.00, real=0.04 secs]
2018-11-09T11:14:15.229+0800: 1195762.862: [GC (Allocation Failure) 2018-11-09T11:14:15.229+0800: 1195762.862: [ParNew: 442301K->4293K(480640K), 0.0376012 secs] 2328709K->1890717K(8344960K), 0.0379006 secs] [Times: user=0.11 sys=0.00, real=0.04 secs]
2018-11-09T11:29:29.212+0800: 1196676.845: [GC (Allocation Failure) 2018-11-09T11:29:29.212+0800: 1196676.846: [ParNew: 441285K->2715K(480640K), 0.0320725 secs] 2327709K->1889154K(8344960K), 0.0325025 secs] [Times: user=0.11 sys=0.00, real=0.03 secs]
2018-11-09T11:45:37.283+0800: 1197644.917: [GC (Allocation Failure) 2018-11-09T11:45:37.284+0800: 1197644.917: [ParNew: 439707K->4217K(480640K), 0.0324958 secs] 2326146K->1890668K(8344960K), 0.0327668 secs] [Times: user=0.12 sys=0.00, real=0.04 secs]
2018-11-09T11:57:54.959+0800: 1198382.592: [GC (Allocation Failure) 2018-11-09T11:57:54.959+0800: 1198382.592: [ParNew: 441209K->9111K(480640K), 0.0394478 secs] 2327660K->1895578K(8344960K), 0.0397103 secs] [Times: user=0.05 sys=0.07, real=0.04 secs]
2018-11-09T12:06:55.307+0800: 1198922.941: [GC (Allocation Failure) 2018-11-09T12:06:55.307+0800: 1198922.941: [ParNew: 446103K->4958K(480640K), 0.0384332 secs] 2332570K->1891440K(8344960K), 0.0387149 secs] [Times: user=0.13 sys=0.01, real=0.04 secs]
2018-11-09T12:24:15.034+0800: 1199962.668: [GC (Allocation Failure) 2018-11-09T12:24:15.034+0800: 1199962.668: [ParNew: 441950K->3074K(480640K), 0.0287527 secs] 2328432K->1889571K(8344960K), 0.0290190 secs] [Times: user=0.04 sys=0.06, real=0.03 secs]
2018-11-09T12:39:46.497+0800: 1200894.130: [GC (Allocation Failure) 2018-11-09T12:39:46.497+0800: 1200894.131: [ParNew: 440066K->2998K(480640K), 0.0289620 secs] 2326563K->1889516K(8344960K), 0.0292249 secs] [Times: user=0.09 sys=0.01, real=0.03 secs]
2018-11-09T12:55:37.291+0800: 1201844.924: [GC (Allocation Failure) 2018-11-09T12:55:37.291+0800: 1201844.924: [ParNew: 439990K->5820K(480640K), 0.0307879 secs] 2326508K->1892353K(8344960K), 0.0310210 secs] [Times: user=0.10 sys=0.00, real=0.03 secs]
2018-11-09T13:05:33.433+0800: 1202441.066: [GC (Allocation Failure) 2018-11-09T13:05:33.433+0800: 1202441.066: [ParNew: 442812K->8312K(480640K), 0.0360361 secs] 2329345K->1894862K(8344960K), 0.0363179 secs] [Times: user=0.12 sys=0.00, real=0.04 secs]
2018-11-09T13:21:44.227+0800: 1203411.860: [GC (Allocation Failure) 2018-11-09T13:21:44.227+0800: 1203411.860: [ParNew: 445304K->3675K(480640K), 0.0305161 secs] 2331854K->1890239K(8344960K), 0.0307754 secs] [Times: user=0.12 sys=0.00, real=0.03 secs]
2018-11-09T13:37:10.544+0800: 1204338.177: [GC (Allocation Failure) 2018-11-09T13:37:10.544+0800: 1204338.177: [ParNew: 440667K->2445K(480640K), 0.0336453 secs] 2327231K->1889017K(8344960K), 0.0340152 secs] [Times: user=0.11 sys=0.00, real=0.04 secs]
2018-11-09T13:54:47.985+0800: 1205395.618: [GC (Allocation Failure) 2018-11-09T13:54:47.985+0800: 1205395.618: [ParNew: 439437K->3232K(480640K), 0.0346034 secs] 2326009K->1889826K(8344960K), 0.0348484 secs] [Times: user=0.12 sys=0.00, real=0.04 secs]
2018-11-09T14:03:55.766+0800: 1205943.400: [GC (Allocation Failure) 2018-11-09T14:03:55.766+0800: 1205943.400: [ParNew: 440224K->5036K(480640K), 0.0368097 secs] 2326818K->1891646K(8344960K), 0.0370803 secs] [Times: user=0.12 sys=0.00, real=0.03 secs]
2018-11-09T14:19:29.578+0800: 1206877.211: [GC (Allocation Failure) 2018-11-09T14:19:29.578+0800: 1206877.212: [ParNew: 442028K->3064K(480640K), 0.0298490 secs] 2328638K->1889689K(8344960K), 0.0301137 secs] [Times: user=0.11 sys=0.00, real=0.03 secs]
2018-11-09T14:35:37.296+0800: 1207844.930: [GC (Allocation Failure) 2018-11-09T14:35:37.296+0800: 1207844.930: [ParNew: 440056K->4854K(480640K), 0.0301738 secs] 2326681K->1891492K(8344960K), 0.0304255 secs] [Times: user=0.06 sys=0.06, real=0.03 secs]
2018-11-09T14:52:44.747+0800: 1208872.381: [GC (Allocation Failure) 2018-11-09T14:52:44.747+0800: 1208872.381: [ParNew: 441846K->4288K(480640K), 0.0317455 secs] 2328484K->1890939K(8344960K), 0.0320106 secs] [Times: user=0.05 sys=0.06, real=0.03 secs]
2018-11-09T15:01:50.606+0800: 1209418.240: [GC (Allocation Failure) 2018-11-09T15:01:50.606+0800: 1209418.240: [ParNew: 441280K->4881K(480640K), 0.0343325 secs] 2327931K->1891546K(8344960K), 0.0346040 secs] [Times: user=0.10 sys=0.01, real=0.03 secs]
2018-11-09T15:17:22.158+0800: 1210349.791: [GC (Allocation Failure) 2018-11-09T15:17:22.158+0800: 1210349.791: [ParNew: 441873K->2945K(480640K), 0.0311266 secs] 2328538K->1889626K(8344960K), 0.0314047 secs] [Times: user=0.07 sys=0.04, real=0.03 secs]
2018-11-09T15:35:05.001+0800: 1211412.635: [GC (Allocation Failure) 2018-11-09T15:35:05.001+0800: 1211412.635: [ParNew: 439937K->3011K(480640K), 0.0303400 secs] 2326618K->1889715K(8344960K), 0.0306087 secs] [Times: user=0.11 sys=0.00, real=0.03 secs]
2018-11-09T15:50:34.212+0800: 1212341.846: [GC (Allocation Failure) 2018-11-09T15:50:34.212+0800: 1212341.846: [ParNew: 440003K->2981K(480640K), 0.0301391 secs] 2326707K->1889697K(8344960K), 0.0303824 secs] [Times: user=0.11 sys=0.00, real=0.03 secs]
2018-11-09T16:00:11.943+0800: 1212919.577: [GC (Allocation Failure) 2018-11-09T16:00:11.943+0800: 1212919.577: [ParNew: 439973K->5987K(480640K), 0.0385707 secs] 2326689K->1892719K(8344960K), 0.0388629 secs] [Times: user=0.13 sys=0.00, real=0.04 secs]
2018-11-09T16:15:37.300+0800: 1213844.933: [GC (Allocation Failure) 2018-11-09T16:15:37.300+0800: 1213844.933: [ParNew: 442979K->5008K(480640K), 0.0310578 secs] 2329711K->1891754K(8344960K), 0.0313324 secs] [Times: user=0.11 sys=0.00, real=0.03 secs]
2018-11-09T16:32:48.490+0800: 1214876.123: [GC (Allocation Failure) 2018-11-09T16:32:48.490+0800: 1214876.123: [ParNew: 442000K->4576K(480640K), 0.0317510 secs] 2328746K->1891341K(8344960K), 0.0320302 secs] [Times: user=0.12 sys=0.00, real=0.03 secs]
2018-11-09T16:48:20.105+0800: 1215807.738: [GC (Allocation Failure) 2018-11-09T16:48:20.105+0800: 1215807.738: [ParNew: 441568K->2957K(480640K), 0.0305401 secs] 2328333K->1889736K(8344960K), 0.0307924 secs] [Times: user=0.11 sys=0.00, real=0.03 secs]
2018-11-09T17:00:15.539+0800: 1216523.172: [GC (Allocation Failure) 2018-11-09T17:00:15.539+0800: 1216523.173: [ParNew: 439949K->5813K(480640K), 0.0409679 secs] 2326728K->1892607K(8344960K), 0.0412646 secs] [Times: user=0.14 sys=0.00, real=0.04 secs]
2018-11-09T17:15:08.902+0800: 1217416.535: [GC (Allocation Failure) 2018-11-09T17:15:08.902+0800: 1217416.535: [ParNew: 442805K->4529K(480640K), 0.0341592 secs] 2329599K->1891337K(8344960K), 0.0344256 secs] [Times: user=0.12 sys=0.00, real=0.04 secs]
2018-11-09T17:30:40.752+0800: 1218348.386: [GC (Allocation Failure) 2018-11-09T17:30:40.752+0800: 1218348.386: [ParNew: 441521K->3227K(480640K), 0.0400036 secs] 2328329K->1890052K(8344960K), 0.0403708 secs] [Times: user=0.15 sys=0.00, real=0.04 secs]
2018-11-09T17:46:08.128+0800: 1219275.761: [GC (Allocation Failure) 2018-11-09T17:46:08.128+0800: 1219275.761: [ParNew: 440219K->3251K(480640K), 0.0310199 secs] 2327044K->1890088K(8344960K), 0.0312952 secs] [Times: user=0.12 sys=0.00, real=0.03 secs]
2018-11-09T18:00:06.163+0800: 1220113.796: [GC (Allocation Failure) 2018-11-09T18:00:06.163+0800: 1220113.796: [ParNew: 440243K->4184K(480640K), 0.0343960 secs] 2327080K->1891036K(8344960K), 0.0346620 secs] [Times: user=0.11 sys=0.00, real=0.04 secs]
2018-11-09T18:12:48.137+0800: 1220875.770: [GC (Allocation Failure) 2018-11-09T18:12:48.137+0800: 1220875.771: [ParNew: 441176K->4632K(480640K), 0.0322895 secs] 2328028K->1891499K(8344960K), 0.0325661 secs] [Times: user=0.12 sys=0.00, real=0.03 secs]
2018-11-09T18:28:18.435+0800: 1221806.068: [GC (Allocation Failure) 2018-11-09T18:28:18.435+0800: 1221806.069: [ParNew: 441624K->2829K(480640K), 0.0327514 secs] 2328491K->1889713K(8344960K), 0.0330381 secs] [Times: user=0.13 sys=0.00, real=0.04 secs]
2018-11-09T18:45:33.426+0800: 1222841.060: [GC (Allocation Failure) 2018-11-09T18:45:33.426+0800: 1222841.060: [ParNew: 439821K->5803K(480640K), 0.0309480 secs] 2326705K->1892700K(8344960K), 0.0312503 secs] [Times: user=0.11 sys=0.00, real=0.03 secs]
2018-11-09T19:00:03.558+0800: 1223711.191: [GC (Allocation Failure) 2018-11-09T19:00:03.558+0800: 1223711.191: [ParNew: 442795K->5059K(480640K), 0.0351851 secs] 2329692K->1891970K(8344960K), 0.0354723 secs] [Times: user=0.09 sys=0.03, real=0.03 secs]
2018-11-09T19:10:45.084+0800: 1224352.718: [GC (Allocation Failure) 2018-11-09T19:10:45.084+0800: 1224352.718: [ParNew: 442051K->4630K(480640K), 0.0366414 secs] 2328962K->1891558K(8344960K), 0.0369022 secs] [Times: user=0.12 sys=0.00, real=0.04 secs]
2018-11-09T19:26:14.786+0800: 1225282.419: [GC (Allocation Failure) 2018-11-09T19:26:14.786+0800: 1225282.419: [ParNew: 441622K->3073K(480640K), 0.0312839 secs] 2328550K->1890015K(8344960K), 0.0315711 secs] [Times: user=0.12 sys=0.00, real=0.04 secs]
2018-11-09T19:43:59.255+0800: 1226346.888: [GC (Allocation Failure) 2018-11-09T19:43:59.255+0800: 1226346.888: [ParNew: 440065K->3095K(480640K), 0.0286490 secs] 2327007K->1890058K(8344960K), 0.0289173 secs] [Times: user=0.11 sys=0.00, real=0.03 secs]
2018-11-09T19:59:30.302+0800: 1227277.935: [GC (Allocation Failure) 2018-11-09T19:59:30.302+0800: 1227277.935: [ParNew: 440087K->3025K(480640K), 0.0282135 secs] 2327050K->1890008K(8344960K), 0.0285014 secs] [Times: user=0.10 sys=0.00, real=0.03 secs]
2018-11-09T20:08:48.771+0800: 1227836.404: [GC (Allocation Failure) 2018-11-09T20:08:48.771+0800: 1227836.405: [ParNew: 440017K->4657K(480640K), 0.0349760 secs] 2327000K->1891656K(8344960K), 0.0352445 secs] [Times: user=0.12 sys=0.00, real=0.04 secs]
2018-11-09T20:25:33.436+0800: 1228841.070: [GC (Allocation Failure) 2018-11-09T20:25:33.437+0800: 1228841.070: [ParNew: 441649K->4960K(480640K), 0.0348933 secs] 2328648K->1891973K(8344960K), 0.0351928 secs] [Times: user=0.13 sys=0.00, real=0.03 secs]
2018-11-09T20:41:51.905+0800: 1229819.539: [GC (Allocation Failure) 2018-11-09T20:41:51.905+0800: 1229819.539: [ParNew: 441952K->4363K(480640K), 0.0299177 secs] 2328965K->1891388K(8344960K), 0.0301796 secs] [Times: user=0.11 sys=0.00, real=0.03 secs]
2018-11-09T20:57:21.957+0800: 1230749.590: [GC (Allocation Failure) 2018-11-09T20:57:21.957+0800: 1230749.590: [ParNew: 441355K->2882K(480640K), 0.0315984 secs] 2328380K->1889922K(8344960K), 0.0318968 secs] [Times: user=0.12 sys=0.00, real=0.03 secs]
2018-11-09T21:06:33.525+0800: 1231301.158: [GC (Allocation Failure) 2018-11-09T21:06:33.525+0800: 1231301.158: [ParNew: 439874K->4947K(480640K), 0.0373235 secs] 2326914K->1892001K(8344960K), 0.0375760 secs] [Times: user=0.12 sys=0.00, real=0.04 secs]
2018-11-09T21:24:12.067+0800: 1232359.701: [GC (Allocation Failure) 2018-11-09T21:24:12.067+0800: 1232359.701: [ParNew: 441939K->3526K(480640K), 0.0319479 secs] 2328993K->1890594K(8344960K), 0.0322038 secs] [Times: user=0.12 sys=0.00, real=0.03 secs]
2018-11-09T21:39:45.212+0800: 1233292.845: [GC (Allocation Failure) 2018-11-09T21:39:45.212+0800: 1233292.846: [ParNew: 440518K->2543K(480640K), 0.0378369 secs] 2327586K->1889624K(8344960K), 0.0380895 secs] [Times: user=0.12 sys=0.00, real=0.04 secs]
2018-11-09T21:55:37.299+0800: 1234244.933: [GC (Allocation Failure) 2018-11-09T21:55:37.299+0800: 1234244.933: [ParNew: 439535K->4794K(480640K), 0.0313048 secs] 2326616K->1891890K(8344960K), 0.0315669 secs] [Times: user=0.12 sys=0.00, real=0.03 secs]
2018-11-09T22:05:33.437+0800: 1234841.070: [GC (Allocation Failure) 2018-11-09T22:05:33.437+0800: 1234841.070: [ParNew: 441786K->8370K(480640K), 0.0386681 secs] 2328882K->1895482K(8344960K), 0.0389345 secs] [Times: user=0.13 sys=0.00, real=0.04 secs]
2018-11-09T22:21:58.071+0800: 1235825.705: [GC (Allocation Failure) 2018-11-09T22:21:58.071+0800: 1235825.705: [ParNew: 445362K->5610K(480640K), 0.0308971 secs] 2332474K->1892739K(8344960K), 0.0311613 secs] [Times: user=0.12 sys=0.00, real=0.03 secs]
2018-11-09T22:37:21.957+0800: 1236749.591: [GC (Allocation Failure) 2018-11-09T22:37:21.958+0800: 1236749.591: [ParNew: 442602K->3290K(480640K), 0.0319820 secs] 2329731K->1890432K(8344960K), 0.0322284 secs] [Times: user=0.09 sys=0.03, real=0.03 secs]
2018-11-09T22:55:00.927+0800: 1237808.560: [GC (Allocation Failure) 2018-11-09T22:55:00.927+0800: 1237808.561: [ParNew: 440282K->2667K(480640K), 0.0304641 secs] 2327424K->1889823K(8344960K), 0.0307342 secs] [Times: user=0.06 sys=0.06, real=0.03 secs]
2018-11-09T23:04:09.422+0800: 1238357.055: [GC (Allocation Failure) 2018-11-09T23:04:09.422+0800: 1238357.055: [ParNew: 439659K->4749K(480640K), 0.0357361 secs] 2326815K->1891919K(8344960K), 0.0360057 secs] [Times: user=0.13 sys=0.00, real=0.04 secs]
2018-11-09T23:19:39.847+0800: 1239287.481: [GC (Allocation Failure) 2018-11-09T23:19:39.847+0800: 1239287.481: [ParNew: 441741K->2985K(480640K), 0.0293426 secs] 2328911K->1890172K(8344960K), 0.0296149 secs] [Times: user=0.12 sys=0.00, real=0.03 secs]
2018-11-09T23:35:37.299+0800: 1240244.932: [GC (Allocation Failure) 2018-11-09T23:35:37.299+0800: 1240244.932: [ParNew: 439977K->4794K(480640K), 0.0322070 secs] 2327164K->1891995K(8344960K), 0.0324911 secs] [Times: user=0.12 sys=0.00, real=0.03 secs]
2018-11-09T23:52:47.248+0800: 1241274.881: [GC (Allocation Failure) 2018-11-09T23:52:47.248+0800: 1241274.881: [ParNew: 441786K->4208K(480640K), 0.0304823 secs] 2328987K->1891431K(8344960K), 0.0307453 secs] [Times: user=0.12 sys=0.00, real=0.03 secs]
2018-11-10T00:02:30.135+0800: 1241857.769: [GC (Allocation Failure) 2018-11-10T00:02:30.136+0800: 1241857.769: [ParNew: 441200K->4710K(480640K), 0.0311920 secs] 2328423K->1891950K(8344960K), 0.0314615 secs] [Times: user=0.11 sys=0.00, real=0.04 secs]
2018-11-10T00:17:58.993+0800: 1242786.626: [GC (Allocation Failure) 2018-11-10T00:17:58.993+0800: 1242786.626: [ParNew: 441702K->3251K(480640K), 0.0277125 secs] 2328942K->1890506K(8344960K), 0.0279692 secs] [Times: user=0.11 sys=0.00, real=0.03 secs]
2018-11-10T00:35:33.414+0800: 1243841.047: [GC (Allocation Failure) 2018-11-10T00:35:33.414+0800: 1243841.047: [ParNew: 440243K->4974K(480640K), 0.0310962 secs] 2327498K->1892244K(8344960K), 0.0313580 secs] [Times: user=0.12 sys=0.00, real=0.03 secs]
2018-11-10T00:50:59.832+0800: 1244767.466: [GC (Allocation Failure) 2018-11-10T00:50:59.832+0800: 1244767.466: [ParNew: 441966K->3759K(480640K), 0.0299163 secs] 2329236K->1891043K(8344960K), 0.0301740 secs] [Times: user=0.12 sys=0.00, real=0.03 secs]
2018-11-10T01:00:51.734+0800: 1245359.368: [GC (Allocation Failure) 2018-11-10T01:00:51.735+0800: 1245359.368: [ParNew: 440751K->5240K(480640K), 0.0366884 secs] 2328035K->1892541K(8344960K), 0.0369481 secs] [Times: user=0.12 sys=0.00, real=0.04 secs]
2018-11-10T01:16:24.221+0800: 1246291.854: [GC (Allocation Failure) 2018-11-10T01:16:24.221+0800: 1246291.855: [ParNew: 442232K->3652K(480640K), 0.0295726 secs] 2329533K->1890967K(8344960K), 0.0298137 secs] [Times: user=0.11 sys=0.00, real=0.03 secs]
2018-11-10T01:34:04.212+0800: 1247351.846: [GC (Allocation Failure) 2018-11-10T01:34:04.212+0800: 1247351.846: [ParNew: 440644K->3538K(480640K), 0.0296998 secs] 2327959K->1890867K(8344960K), 0.0299516 secs] [Times: user=0.11 sys=0.00, real=0.03 secs]
2018-11-10T01:49:31.013+0800: 1248278.646: [GC (Allocation Failure) 2018-11-10T01:49:31.013+0800: 1248278.646: [ParNew: 440530K->3481K(480640K), 0.0314910 secs] 2327859K->1890824K(8344960K), 0.0317422 secs] [Times: user=0.12 sys=0.00, real=0.03 secs]
2018-11-10T02:00:10.455+0800: 1248918.089: [GC (Allocation Failure) 2018-11-10T02:00:10.455+0800: 1248918.089: [ParNew: 440471K->5138K(480640K), 0.0383177 secs] 2327813K->1892496K(8344960K), 0.0386184 secs] [Times: user=0.13 sys=0.00, real=0.04 secs]
2018-11-10T02:15:37.288+0800: 1249844.921: [GC (Allocation Failure) 2018-11-10T02:15:37.288+0800: 1249844.921: [ParNew: 442130K->5539K(480640K), 0.0348503 secs] 2329488K->1892912K(8344960K), 0.0351104 secs] [Times: user=0.13 sys=0.00, real=0.03 secs]
2018-11-10T02:32:18.376+0800: 1250846.009: [GC (Allocation Failure) 2018-11-10T02:32:18.376+0800: 1250846.009: [ParNew: 442531K->5013K(480640K), 0.0300417 secs] 2329904K->1892401K(8344960K), 0.0303294 secs] [Times: user=0.11 sys=0.00, real=0.03 secs]
2018-11-10T02:47:47.888+0800: 1251775.521: [GC (Allocation Failure) 2018-11-10T02:47:47.888+0800: 1251775.521: [ParNew: 442005K->3129K(480640K), 0.0303355 secs] 2329393K->1890548K(8344960K), 0.0306265 secs] [Times: user=0.11 sys=0.00, real=0.03 secs]
2018-11-10T03:00:10.259+0800: 1252517.893: [GC (Allocation Failure) 2018-11-10T03:00:10.259+0800: 1252517.893: [ParNew: 440121K->5718K(480640K), 0.0378867 secs] 2327540K->1893152K(8344960K), 0.0381658 secs] [Times: user=0.13 sys=0.00, real=0.04 secs]
2018-11-10T03:15:15.589+0800: 1253423.222: [GC (Allocation Failure) 2018-11-10T03:15:15.589+0800: 1253423.222: [ParNew: 442710K->4563K(480640K), 0.0357252 secs] 2330144K->1892012K(8344960K), 0.0360027 secs] [Times: user=0.05 sys=0.08, real=0.03 secs]
2018-11-10T03:30:43.012+0800: 1254350.646: [GC (Allocation Failure) 2018-11-10T03:30:43.012+0800: 1254350.646: [ParNew: 441555K->3018K(480640K), 0.0350393 secs] 2329004K->1890482K(8344960K), 0.0353606 secs] [Times: user=0.13 sys=0.00, real=0.04 secs]
2018-11-10T03:46:12.932+0800: 1255280.566: [GC (Allocation Failure) 2018-11-10T03:46:12.932+0800: 1255280.566: [ParNew: 440010K->2908K(480640K), 0.0300410 secs] 2327474K->1890676K(8344960K), 0.0302991 secs] [Times: user=0.08 sys=0.03, real=0.03 secs]
2018-11-10T04:00:06.337+0800: 1256113.970: [GC (Allocation Failure) 2018-11-10T04:00:06.337+0800: 1256113.970: [ParNew: 439900K->5091K(480640K), 0.0373970 secs] 2327668K->1892883K(8344960K), 0.0376530 secs] [Times: user=0.14 sys=0.00, real=0.03 secs]
2018-11-10T04:13:24.957+0800: 1256912.590: [GC (Allocation Failure) 2018-11-10T04:13:24.957+0800: 1256912.590: [ParNew: 442083K->4328K(480640K), 0.0330884 secs] 2329875K->1892137K(8344960K), 0.0333502 secs] [Times: user=0.05 sys=0.07, real=0.03 secs]
2018-11-10T04:28:59.899+0800: 1257847.532: [GC (Allocation Failure) 2018-11-10T04:28:59.899+0800: 1257847.533: [ParNew: 441320K->2619K(480640K), 0.0297265 secs] 2329129K->1890442K(8344960K), 0.0299694 secs] [Times: user=0.11 sys=0.00, real=0.03 secs]
2018-11-10T04:45:33.447+0800: 1258841.080: [GC (Allocation Failure) 2018-11-10T04:45:33.447+0800: 1258841.080: [ParNew: 439611K->4946K(480640K), 0.0367414 secs] 2327434K->1892779K(8344960K), 0.0370375 secs] [Times: user=0.06 sys=0.07, real=0.03 secs]
2018-11-10T05:00:05.566+0800: 1259713.199: [GC (Allocation Failure) 2018-11-10T05:00:05.566+0800: 1259713.200: [ParNew: 441938K->4578K(480640K), 0.0333559 secs] 2329771K->1892425K(8344960K), 0.0336349 secs] [Times: user=0.12 sys=0.00, real=0.03 secs]
2018-11-10T05:11:50.116+0800: 1260417.749: [GC (Allocation Failure) 2018-11-10T05:11:50.116+0800: 1260417.749: [ParNew: 441570K->4202K(480640K), 0.0338273 secs] 2329417K->1892065K(8344960K), 0.0341077 secs] [Times: user=0.06 sys=0.06, real=0.04 secs]
2018-11-10T05:27:24.956+0800: 1261352.589: [GC (Allocation Failure) 2018-11-10T05:27:24.956+0800: 1261352.590: [ParNew: 441194K->2960K(480640K), 0.0304204 secs] 2329057K->1890837K(8344960K), 0.0306818 secs] [Times: user=0.11 sys=0.00, real=0.03 secs]
2018-11-10T05:45:00.380+0800: 1262408.014: [GC (Allocation Failure) 2018-11-10T05:45:00.380+0800: 1262408.014: [ParNew: 439952K->3013K(480640K), 0.0335033 secs] 2327829K->1890900K(8344960K), 0.0337844 secs] [Times: user=0.11 sys=0.02, real=0.03 secs]
2018-11-10T05:57:10.211+0800: 1263137.844: [GC (Allocation Failure) 2018-11-10T05:57:10.211+0800: 1263137.844: [ParNew: 440005K->6883K(480640K), 0.0418108 secs] 2327892K->1894793K(8344960K), 0.0420662 secs] [Times: user=0.13 sys=0.00, real=0.04 secs]
2018-11-10T06:05:54.040+0800: 1263661.673: [GC (Allocation Failure) 2018-11-10T06:05:54.040+0800: 1263661.673: [ParNew: 443875K->6597K(480640K), 0.0375317 secs] 2331785K->1894523K(8344960K), 0.0377987 secs] [Times: user=0.08 sys=0.05, real=0.04 secs]
2018-11-10T06:22:04.971+0800: 1264632.604: [GC (Allocation Failure) 2018-11-10T06:22:04.971+0800: 1264632.604: [ParNew: 443589K->5328K(480640K), 0.0325128 secs] 2331515K->1893268K(8344960K), 0.0327569 secs] [Times: user=0.11 sys=0.00, real=0.03 secs]
2018-11-10T06:35:34.212+0800: 1265441.846: [GC (Allocation Failure) 2018-11-10T06:35:34.212+0800: 1265441.846: [ParNew: 442320K->6567K(480640K), 0.0392851 secs] 2330260K->1894519K(8344960K), 0.0395523 secs] [Times: user=0.07 sys=0.06, real=0.04 secs]
2018-11-10T06:47:52.271+0800: 1266179.905: [GC (Allocation Failure) 2018-11-10T06:47:52.271+0800: 1266179.905: [ParNew: 443559K->8382K(480640K), 0.0397472 secs] 2331511K->1896348K(8344960K), 0.0399980 secs] [Times: user=0.12 sys=0.00, real=0.04 secs]
2018-11-10T07:00:09.186+0800: 1266916.819: [GC (Allocation Failure) 2018-11-10T07:00:09.186+0800: 1266916.820: [ParNew: 445374K->5758K(480640K), 0.0426958 secs] 2333340K->1893738K(8344960K), 0.0430045 secs] [Times: user=0.06 sys=0.09, real=0.04 secs]
2018-11-10T07:15:16.066+0800: 1267823.700: [GC (Allocation Failure) 2018-11-10T07:15:16.067+0800: 1267823.700: [ParNew: 442750K->4314K(480640K), 0.0325655 secs] 2330730K->1892309K(8344960K), 0.0328425 secs] [Times: user=0.12 sys=0.00, real=0.03 secs]
2018-11-10T07:30:48.352+0800: 1268755.985: [GC (Allocation Failure) 2018-11-10T07:30:48.352+0800: 1268755.985: [ParNew: 441306K->2822K(480640K), 0.0311244 secs] 2329301K->1890830K(8344960K), 0.0314165 secs] [Times: user=0.05 sys=0.06, real=0.03 secs]
2018-11-10T07:46:19.871+0800: 1269687.505: [GC (Allocation Failure) 2018-11-10T07:46:19.871+0800: 1269687.505: [ParNew: 439814K->2915K(480640K), 0.0315898 secs] 2327822K->1890936K(8344960K), 0.0318427 secs] [Times: user=0.10 sys=0.00, real=0.03 secs]
2018-11-10T08:00:06.344+0800: 1270513.977: [GC (Allocation Failure) 2018-11-10T08:00:06.344+0800: 1270513.977: [ParNew: 439907K->4730K(480640K), 0.0357126 secs] 2327928K->1892765K(8344960K), 0.0359723 secs] [Times: user=0.05 sys=0.07, real=0.04 secs]
2018-11-10T08:13:54.147+0800: 1271341.781: [GC (Allocation Failure) 2018-11-10T08:13:54.147+0800: 1271341.781: [ParNew: 441722K->4181K(480640K), 0.0329495 secs] 2329757K->1892233K(8344960K), 0.0332289 secs] [Times: user=0.12 sys=0.00, real=0.03 secs]
2018-11-10T08:29:16.367+0800: 1272264.000: [GC (Allocation Failure) 2018-11-10T08:29:16.367+0800: 1272264.000: [ParNew: 441173K->2599K(480640K), 0.0302238 secs] 2329225K->1890664K(8344960K), 0.0304873 secs] [Times: user=0.04 sys=0.07, real=0.03 secs]
2018-11-10T08:45:37.291+0800: 1273244.925: [GC (Allocation Failure) 2018-11-10T08:45:37.291+0800: 1273244.925: [ParNew: 439591K->5409K(480640K), 0.0310626 secs] 2327656K->1893489K(8344960K), 0.0313218 secs] [Times: user=0.05 sys=0.07, real=0.03 secs]
2018-11-10T09:00:06.448+0800: 1274114.081: [GC (Allocation Failure) 2018-11-10T09:00:06.448+0800: 1274114.081: [ParNew: 442401K->5287K(480640K), 0.0327859 secs] 2330481K->1893380K(8344960K), 0.0330371 secs] [Times: user=0.12 sys=0.00, real=0.03 secs]
2018-11-10T09:12:20.533+0800: 1274848.166: [GC (Allocation Failure) 2018-11-10T09:12:20.533+0800: 1274848.167: [ParNew: 442279K->4326K(480640K), 0.0359062 secs] 2330372K->1892436K(8344960K), 0.0361595 secs] [Times: user=0.04 sys=0.09, real=0.04 secs]
2018-11-10T09:25:33.417+0800: 1275641.050: [GC (Allocation Failure) 2018-11-10T09:25:33.417+0800: 1275641.050: [ParNew: 441318K->9601K(480640K), 0.0420296 secs] 2329428K->1897737K(8344960K), 0.0423065 secs] [Times: user=0.13 sys=0.00, real=0.04 secs]
2018-11-10T09:41:09.212+0800: 1276576.846: [GC (Allocation Failure) 2018-11-10T09:41:09.212+0800: 1276576.846: [ParNew: 446593K->4667K(480640K), 0.0292150 secs] 2334729K->1892827K(8344960K), 0.0294618 secs] [Times: user=0.10 sys=0.00, real=0.03 secs]
2018-11-10T09:56:44.725+0800: 1277512.359: [GC (Allocation Failure) 2018-11-10T09:56:44.726+0800: 1277512.359: [ParNew: 441659K->2760K(480640K), 0.0304018 secs] 2329819K->1890935K(8344960K), 0.0306806 secs] [Times: user=0.11 sys=0.00, real=0.04 secs]
2018-11-10T10:06:15.167+0800: 1278082.800: [GC (Allocation Failure) 2018-11-10T10:06:15.167+0800: 1278082.800: [ParNew: 439752K->4882K(480640K), 0.0356293 secs] 2327927K->1893069K(8344960K), 0.0359117 secs] [Times: user=0.03 sys=0.08, real=0.03 secs]
2018-11-10T10:19:30.660+0800: 1278878.293: [GC (Allocation Failure) 2018-11-10T10:19:30.660+0800: 1278878.293: [ParNew: 441874K->8249K(480640K), 0.0409866 secs] 2330061K->1896452K(8344960K), 0.0412602 secs] [Times: user=0.13 sys=0.00, real=0.04 secs]
2018-11-10T10:35:37.284+0800: 1279844.917: [GC (Allocation Failure) 2018-11-10T10:35:37.284+0800: 1279844.917: [ParNew: 445241K->5135K(480640K), 0.0318201 secs] 2333444K->1893348K(8344960K), 0.0320835 secs] [Times: user=0.12 sys=0.00, real=0.04 secs]
2018-11-10T10:47:39.957+0800: 1280567.590: [GC (Allocation Failure) 2018-11-10T10:47:39.957+0800: 1280567.590: [ParNew: 442127K->9380K(480640K), 0.0490182 secs] 2330340K->1897614K(8344960K), 0.0493653 secs] [Times: user=0.06 sys=0.09, real=0.05 secs]
2018-11-10T11:00:09.584+0800: 1281317.217: [GC (Allocation Failure) 2018-11-10T11:00:09.584+0800: 1281317.217: [ParNew: 446372K->5106K(480640K), 0.0342678 secs] 2334606K->1893354K(8344960K), 0.0345195 secs] [Times: user=0.12 sys=0.00, real=0.04 secs]
2018-11-10T11:10:24.956+0800: 1281932.589: [GC (Allocation Failure) 2018-11-10T11:10:24.956+0800: 1281932.590: [ParNew: 442098K->9902K(480640K), 0.0421772 secs] 2330346K->1898165K(8344960K), 0.0424439 secs] [Times: user=0.13 sys=0.00, real=0.04 secs]
2018-11-10T11:23:30.548+0800: 1282718.181: [GC (Allocation Failure) 2018-11-10T11:23:30.548+0800: 1282718.181: [ParNew: 446894K->7989K(480640K), 0.0415121 secs] 2335157K->1896264K(8344960K), 0.0417952 secs] [Times: user=0.10 sys=0.03, real=0.04 secs]
2018-11-10T11:38:59.512+0800: 1283647.145: [GC (Allocation Failure) 2018-11-10T11:38:59.512+0800: 1283647.146: [ParNew: 444981K->2999K(480640K), 0.0292336 secs] 2333256K->1891291K(8344960K), 0.0295029 secs] [Times: user=0.11 sys=0.00, real=0.03 secs]
2018-11-10T11:51:54.957+0800: 1284422.591: [GC (Allocation Failure) 2018-11-10T11:51:54.958+0800: 1284422.591: [ParNew: 439991K->8788K(480640K), 0.0406919 secs] 2328283K->1897094K(8344960K), 0.0409480 secs] [Times: user=0.13 sys=0.00, real=0.04 secs]
2018-11-10T12:00:05.108+0800: 1284912.741: [GC (Allocation Failure) 2018-11-10T12:00:05.108+0800: 1284912.741: [ParNew: 445780K->12324K(480640K), 0.0565213 secs] 2334086K->1900646K(8344960K), 0.0568722 secs] [Times: user=0.16 sys=0.00, real=0.05 secs]
2018-11-10T12:05:50.285+0800: 1285257.918: [GC (Allocation Failure) 2018-11-10T12:05:50.285+0800: 1285257.919: [ParNew: 449316K->13294K(480640K), 0.0523436 secs] 2337638K->1901629K(8344960K), 0.0526101 secs] [Times: user=0.14 sys=0.00, real=0.06 secs]
2018-11-10T12:15:06.188+0800: 1285813.821: [GC (Allocation Failure) 2018-11-10T12:15:06.188+0800: 1285813.821: [ParNew: 447358K->21726K(480640K), 0.0607253 secs] 2335693K->1910073K(8344960K), 0.0610295 secs] [Times: user=0.13 sys=0.04, real=0.06 secs]
2018-11-10T12:15:14.618+0800: 1285822.251: [GC (Allocation Failure) 2018-11-10T12:15:14.618+0800: 1285822.251: [ParNew: 456805K->21190K(480640K), 0.0317061 secs] 2345151K->1909550K(8344960K), 0.0319849 secs] [Times: user=0.12 sys=0.00, real=0.03 secs]
2018-11-10T12:15:36.537+0800: 1285844.171: [GC (Allocation Failure) 2018-11-10T12:15:36.537+0800: 1285844.171: [ParNew: 449865K->32238K(480640K), 0.0351506 secs] 2338225K->1920612K(8344960K), 0.0354157 secs] [Times: user=0.13 sys=0.00, real=0.03 secs]
2018-11-10T12:15:36.842+0800: 1285844.475: [GC (Allocation Failure) 2018-11-10T12:15:36.842+0800: 1285844.475: [ParNew: 467330K->41387K(480640K), 0.1205632 secs] 2355704K->1970489K(8344960K), 0.1208022 secs] [Times: user=0.33 sys=0.00, real=0.12 secs]
2018-11-10T12:15:42.706+0800: 1285850.339: [GC (Allocation Failure) 2018-11-10T12:15:42.706+0800: 1285850.339: [ParNew: 478308K->6166K(480640K), 0.0255642 secs] 2407410K->1935269K(8344960K), 0.0258252 secs] [Times: user=0.10 sys=0.00, real=0.02 secs]
2018-11-10T12:15:52.081+0800: 1285859.714: [GC (Allocation Failure) 2018-11-10T12:15:52.081+0800: 1285859.714: [ParNew: 437695K->43648K(480640K), 0.0347276 secs] 2366797K->1974543K(8344960K), 0.0349980 secs] [Times: user=0.13 sys=0.00, real=0.03 secs]
2018-11-10T12:15:52.389+0800: 1285860.023: [GC (GCLocker Initiated GC) 2018-11-10T12:15:52.389+0800: 1285860.023: [ParNew: 479919K->20064K(480640K), 0.0398544 secs] 2416890K->1967294K(8344960K), 0.0401075 secs] [Times: user=0.13 sys=0.00, real=0.04 secs]
2018-11-10T12:16:05.509+0800: 1285873.142: [GC (Allocation Failure) 2018-11-10T12:16:05.509+0800: 1285873.142: [ParNew: 453562K->43648K(480640K), 0.0299796 secs] 2400793K->1990914K(8344960K), 0.0302120 secs] [Times: user=0.11 sys=0.00, real=0.03 secs]
2018-11-10T12:16:25.232+0800: 1285892.866: [GC (Allocation Failure) 2018-11-10T12:16:25.233+0800: 1285892.866: [ParNew: 475266K->43648K(480640K), 0.0445726 secs] 2422533K->2009685K(8344960K), 0.0448372 secs] [Times: user=0.17 sys=0.00, real=0.05 secs]
2018-11-10T12:16:25.529+0800: 1285893.162: [GC (Allocation Failure) 2018-11-10T12:16:25.529+0800: 1285893.162: [ParNew: 472656K->19929K(480640K), 0.0366097 secs] 2438693K->1993398K(8344960K), 0.0368575 secs] [Times: user=0.13 sys=0.00, real=0.04 secs]
2018-11-10T12:16:46.898+0800: 1285914.531: [GC (Allocation Failure) 2018-11-10T12:16:46.898+0800: 1285914.531: [ParNew: 441760K->41711K(480640K), 0.0447687 secs] 2415228K->2037737K(8344960K), 0.0450265 secs] [Times: user=0.17 sys=0.00, real=0.04 secs]
2018-11-10T12:16:47.123+0800: 1285914.756: [GC (Allocation Failure) 2018-11-10T12:16:47.123+0800: 1285914.756: [ParNew: 451453K->36023K(480640K), 0.0548461 secs] 2447478K->2093012K(8344960K), 0.0550885 secs] [Times: user=0.19 sys=0.00, real=0.06 secs]
2018-11-10T12:16:47.438+0800: 1285915.072: [GC (Allocation Failure) 2018-11-10T12:16:47.439+0800: 1285915.072: [ParNew: 473015K->30405K(480640K), 0.0629126 secs] 2530004K->2132509K(8344960K), 0.0631503 secs] [Times: user=0.24 sys=0.00, real=0.06 secs]
2018-11-10T12:16:57.865+0800: 1285925.498: [GC (Allocation Failure) 2018-11-10T12:16:57.865+0800: 1285925.498: [ParNew: 463460K->8174K(480640K), 0.0271609 secs] 2565564K->2110278K(8344960K), 0.0273928 secs] [Times: user=0.10 sys=0.00, real=0.03 secs]
2018-11-10T12:17:11.833+0800: 1285939.466: [GC (Allocation Failure) 2018-11-10T12:17:11.833+0800: 1285939.466: [ParNew: 442361K->9903K(480640K), 0.0307102 secs] 2544465K->2112008K(8344960K), 0.0309812 secs] [Times: user=0.11 sys=0.00, real=0.03 secs]
2018-11-10T12:17:33.853+0800: 1285961.487: [GC (Allocation Failure) 2018-11-10T12:17:33.853+0800: 1285961.487: [ParNew: 444643K->43057K(480640K), 0.0376553 secs] 2546748K->2145162K(8344960K), 0.0378960 secs] [Times: user=0.13 sys=0.00, real=0.04 secs]
2018-11-10T12:17:34.130+0800: 1285961.763: [GC (Allocation Failure) 2018-11-10T12:17:34.130+0800: 1285961.764: [ParNew: 473559K->37270K(480640K), 0.0631515 secs] 2575663K->2164791K(8344960K), 0.0634002 secs] [Times: user=0.16 sys=0.00, real=0.07 secs]
2018-11-10T12:17:48.795+0800: 1285976.428: [GC (Allocation Failure) 2018-11-10T12:17:48.795+0800: 1285976.428: [ParNew: 469820K->16493K(480640K), 0.0301111 secs] 2597340K->2144013K(8344960K), 0.0303645 secs] [Times: user=0.11 sys=0.00, real=0.03 secs]
2018-11-10T12:17:49.063+0800: 1285976.696: [GC (Allocation Failure) 2018-11-10T12:17:49.063+0800: 1285976.696: [ParNew: 442024K->40859K(480640K), 0.0364885 secs] 2569544K->2190669K(8344960K), 0.0367331 secs] [Times: user=0.14 sys=0.00, real=0.04 secs]
2018-11-10T12:17:59.729+0800: 1285987.363: [GC (Allocation Failure) 2018-11-10T12:17:59.730+0800: 1285987.363: [ParNew: 473220K->21642K(480640K), 0.0293421 secs] 2623029K->2171481K(8344960K), 0.0295956 secs] [Times: user=0.11 sys=0.00, real=0.03 secs]
2018-11-10T12:17:59.979+0800: 1285987.612: [GC (Allocation Failure) 2018-11-10T12:17:59.979+0800: 1285987.612: [ParNew: 454930K->18088K(480640K), 0.0346190 secs] 2604768K->2167926K(8344960K), 0.0348368 secs] [Times: user=0.12 sys=0.00, real=0.03 secs]
2018-11-10T12:18:15.513+0800: 1286003.146: [GC (Allocation Failure) 2018-11-10T12:18:15.513+0800: 1286003.146: [ParNew: 447215K->43648K(480640K), 0.0409243 secs] 2597053K->2197823K(8344960K), 0.0412026 secs] [Times: user=0.16 sys=0.00, real=0.04 secs]
2018-11-10T12:18:15.808+0800: 1286003.442: [GC (Allocation Failure) 2018-11-10T12:18:15.809+0800: 1286003.442: [ParNew: 475144K->19937K(480640K), 0.0459619 secs] 2629320K->2182088K(8344960K), 0.0461910 secs] [Times: user=0.13 sys=0.00, real=0.04 secs]
2018-11-10T12:18:37.821+0800: 1286025.455: [GC (Allocation Failure) 2018-11-10T12:18:37.821+0800: 1286025.455: [ParNew: 434944K->41703K(480640K), 0.0401231 secs] 2597095K->2226329K(8344960K), 0.0403936 secs] [Times: user=0.16 sys=0.00, real=0.04 secs]
2018-11-10T12:18:38.024+0800: 1286025.658: [GC (Allocation Failure) 2018-11-10T12:18:38.024+0800: 1286025.658: [ParNew: 444780K->35969K(480640K), 0.0644947 secs] 2629405K->2281442K(8344960K), 0.0647435 secs] [Times: user=0.21 sys=0.00, real=0.07 secs]
2018-11-10T12:18:38.383+0800: 1286026.016: [GC (Allocation Failure) 2018-11-10T12:18:38.383+0800: 1286026.017: [ParNew: 472961K->41005K(480640K), 0.0594378 secs] 2718434K->2331428K(8344960K), 0.0596651 secs] [Times: user=0.23 sys=0.00, real=0.06 secs]
2018-11-10T12:18:47.688+0800: 1286035.321: [GC (Allocation Failure) 2018-11-10T12:18:47.688+0800: 1286035.321: [ParNew: 473625K->10938K(480640K), 0.0259199 secs] 2764048K->2301364K(8344960K), 0.0261450 secs] [Times: user=0.10 sys=0.00, real=0.02 secs]
2018-11-10T12:18:57.074+0800: 1286044.708: [GC (Allocation Failure) 2018-11-10T12:18:57.075+0800: 1286044.708: [ParNew: 446150K->30898K(480640K), 0.0276665 secs] 2736577K->2321324K(8344960K), 0.0279106 secs] [Times: user=0.10 sys=0.00, real=0.03 secs]
2018-11-10T12:19:22.427+0800: 1286070.061: [GC (Allocation Failure) 2018-11-10T12:19:22.428+0800: 1286070.061: [ParNew: 466711K->33985K(480640K), 0.0367674 secs] 2757137K->2324520K(8344960K), 0.0370342 secs] [Times: user=0.13 sys=0.00, real=0.03 secs]
2018-11-10T12:19:22.681+0800: 1286070.314: [GC (Allocation Failure) 2018-11-10T12:19:22.681+0800: 1286070.314: [ParNew: 466280K->30302K(480640K), 0.0406488 secs] 2756815K->2330443K(8344960K), 0.0408810 secs] [Times: user=0.15 sys=0.00, real=0.04 secs]
2018-11-10T12:19:32.863+0800: 1286080.497: [GC (Allocation Failure) 2018-11-10T12:19:32.864+0800: 1286080.497: [ParNew: 462230K->21417K(480640K), 0.0333865 secs] 2762371K->2321558K(8344960K), 0.0336497 secs] [Times: user=0.12 sys=0.00, real=0.04 secs]
2018-11-10T12:19:44.428+0800: 1286092.062: [GC (Allocation Failure) 2018-11-10T12:19:44.428+0800: 1286092.062: [ParNew: 454824K->35328K(480640K), 0.0285762 secs] 2754965K->2335469K(8344960K), 0.0288274 secs] [Times: user=0.11 sys=0.00, real=0.03 secs]
2018-11-10T12:19:59.311+0800: 1286106.944: [GC (Allocation Failure) 2018-11-10T12:19:59.311+0800: 1286106.945: [ParNew: 469931K->39960K(480640K), 0.0320567 secs] 2770072K->2340122K(8344960K), 0.0323085 secs] [Times: user=0.12 sys=0.00, real=0.03 secs]
2018-11-10T12:19:59.560+0800: 1286107.194: [GC (Allocation Failure) 2018-11-10T12:19:59.561+0800: 1286107.194: [ParNew: 476952K->23941K(480640K), 0.0587105 secs] 2777114K->2362757K(8344960K), 0.0589465 secs] [Times: user=0.20 sys=0.00, real=0.06 secs]
2018-11-10T12:20:19.026+0800: 1286126.659: [GC (Allocation Failure) 2018-11-10T12:20:19.026+0800: 1286126.659: [ParNew: 446949K->39134K(480640K), 0.0369772 secs] 2785765K->2377950K(8344960K), 0.0372537 secs] [Times: user=0.15 sys=0.00, real=0.04 secs]
2018-11-10T12:20:19.288+0800: 1286126.922: [GC (Allocation Failure) 2018-11-10T12:20:19.288+0800: 1286126.922: [ParNew: 466851K->34179K(480640K), 0.0575531 secs] 2805667K->2430296K(8344960K), 0.0578261 secs] [Times: user=0.20 sys=0.00, real=0.06 secs]
2018-11-10T12:20:19.610+0800: 1286127.243: [GC (Allocation Failure) 2018-11-10T12:20:19.610+0800: 1286127.243: [ParNew: 467236K->32035K(480640K), 0.0568488 secs] 2863353K->2470394K(8344960K), 0.0571010 secs] [Times: user=0.22 sys=0.00, real=0.06 secs]
2018-11-10T12:20:29.768+0800: 1286137.402: [GC (Allocation Failure) 2018-11-10T12:20:29.768+0800: 1286137.402: [ParNew: 464946K->11518K(480640K), 0.0263452 secs] 2903305K->2449878K(8344960K), 0.0265992 secs] [Times: user=0.10 sys=0.00, real=0.02 secs]
2018-11-10T12:20:39.589+0800: 1286147.222: [GC (Allocation Failure) 2018-11-10T12:20:39.589+0800: 1286147.222: [ParNew: 446330K->16420K(480640K), 0.0255198 secs] 2884690K->2454780K(8344960K), 0.0257659 secs] [Times: user=0.09 sys=0.00, real=0.02 secs]
2018-11-10T12:21:06.211+0800: 1286173.845: [GC (Allocation Failure) 2018-11-10T12:21:06.212+0800: 1286173.845: [ParNew: 441101K->39718K(480640K), 0.0340938 secs] 2879461K->2478078K(8344960K), 0.0343446 secs] [Times: user=0.12 sys=0.00, real=0.04 secs]
2018-11-10T12:21:06.495+0800: 1286174.129: [GC (Allocation Failure) 2018-11-10T12:21:06.495+0800: 1286174.129: [ParNew: 476710K->35406K(480640K), 0.0400256 secs] 2915070K->2497818K(8344960K), 0.0402845 secs] [Times: user=0.14 sys=0.00, real=0.04 secs]
2018-11-10T12:21:18.929+0800: 1286186.562: [GC (Allocation Failure) 2018-11-10T12:21:18.929+0800: 1286186.563: [ParNew: 470003K->16909K(480640K), 0.0283753 secs] 2932415K->2479322K(8344960K), 0.0286320 secs] [Times: user=0.08 sys=0.03, real=0.03 secs]
2018-11-10T12:21:19.187+0800: 1286186.821: [GC (Allocation Failure) 2018-11-10T12:21:19.187+0800: 1286186.821: [ParNew: 452034K->20381K(480640K), 0.0258525 secs] 2914447K->2482794K(8344960K), 0.0260786 secs] [Times: user=0.10 sys=0.00, real=0.02 secs]
2018-11-10T12:21:30.300+0800: 1286197.933: [GC (Allocation Failure) 2018-11-10T12:21:30.300+0800: 1286197.933: [ParNew: 451811K->34555K(480640K), 0.0286537 secs] 2914224K->2496968K(8344960K), 0.0289178 secs] [Times: user=0.11 sys=0.00, real=0.03 secs]
2018-11-10T12:21:44.992+0800: 1286212.625: [GC (Allocation Failure) 2018-11-10T12:21:44.992+0800: 1286212.625: [ParNew: 471547K->30356K(480640K), 0.0326873 secs] 2933960K->2492845K(8344960K), 0.0329342 secs] [Times: user=0.12 sys=0.00, real=0.03 secs]
2018-11-10T12:21:45.262+0800: 1286212.895: [GC (Allocation Failure) 2018-11-10T12:21:45.262+0800: 1286212.895: [ParNew: 467057K->43648K(480640K), 0.0493133 secs] 2929546K->2531706K(8344960K), 0.0495665 secs] [Times: user=0.17 sys=0.00, real=0.05 secs]
2018-11-10T12:22:07.331+0800: 1286234.964: [GC (Allocation Failure) 2018-11-10T12:22:07.331+0800: 1286234.964: [ParNew: 474680K->43648K(480640K), 0.0469656 secs] 2962739K->2556692K(8344960K), 0.0472075 secs] [Times: user=0.17 sys=0.00, real=0.05 secs]
2018-11-10T12:22:07.564+0800: 1286235.197: [GC (Allocation Failure) 2018-11-10T12:22:07.564+0800: 1286235.197: [ParNew: 474078K->43648K(480640K), 0.0458702 secs] 2987123K->2610146K(8344960K), 0.0461173 secs] [Times: user=0.14 sys=0.02, real=0.05 secs]
2018-11-10T12:22:07.884+0800: 1286235.517: [GC (Allocation Failure) 2018-11-10T12:22:07.884+0800: 1286235.518: [ParNew: 468396K->34730K(480640K), 0.0569215 secs] 3034895K->2644695K(8344960K), 0.0571549 secs] [Times: user=0.22 sys=0.00, real=0.06 secs]
2018-11-10T12:22:18.280+0800: 1286245.913: [GC (Allocation Failure) 2018-11-10T12:22:18.280+0800: 1286245.914: [ParNew: 471722K->23354K(480640K), 0.0253849 secs] 3081687K->2633318K(8344960K), 0.0256250 secs] [Times: user=0.09 sys=0.00, real=0.02 secs]
2018-11-10T12:22:33.188+0800: 1286260.822: [GC (Allocation Failure) 2018-11-10T12:22:33.188+0800: 1286260.822: [ParNew: 456263K->16953K(480640K), 0.0264516 secs] 3066228K->2627071K(8344960K), 0.0267036 secs] [Times: user=0.10 sys=0.00, real=0.02 secs]
2018-11-10T12:22:53.549+0800: 1286281.182: [GC (Allocation Failure) 2018-11-10T12:22:53.549+0800: 1286281.182: [ParNew: 453527K->43648K(480640K), 0.0405050 secs] 3063646K->2667314K(8344960K), 0.0407691 secs] [Times: user=0.14 sys=0.00, real=0.04 secs]
2018-11-10T12:22:53.824+0800: 1286281.458: [GC (Allocation Failure) 2018-11-10T12:22:53.824+0800: 1286281.458: [ParNew: 480640K->42707K(480640K), 0.0543868 secs] 3104306K->2693054K(8344960K), 0.0546423 secs] [Times: user=0.17 sys=0.00, real=0.06 secs]
2018-11-10T12:23:07.649+0800: 1286295.282: [GC (Allocation Failure) 2018-11-10T12:23:07.649+0800: 1286295.282: [ParNew: 473714K->43648K(480640K), 0.0347360 secs] 3124061K->2696711K(8344960K), 0.0350031 secs] [Times: user=0.05 sys=0.07, real=0.03 secs]
2018-11-10T12:23:07.900+0800: 1286295.533: [GC (Allocation Failure) 2018-11-10T12:23:07.900+0800: 1286295.533: [ParNew: 461806K->19011K(480640K), 0.0314920 secs] 3114869K->2679854K(8344960K), 0.0317357 secs] [Times: user=0.12 sys=0.00, real=0.03 secs]
2018-11-10T12:23:19.296+0800: 1286306.929: [GC (Allocation Failure) 2018-11-10T12:23:19.296+0800: 1286306.929: [ParNew: 444620K->18081K(480640K), 0.0260971 secs] 3105463K->2678924K(8344960K), 0.0263569 secs] [Times: user=0.04 sys=0.06, real=0.02 secs]
2018-11-10T12:23:34.482+0800: 1286322.116: [GC (Allocation Failure) 2018-11-10T12:23:34.482+0800: 1286322.116: [ParNew: 453558K->17210K(480640K), 0.0288329 secs] 3114401K->2678053K(8344960K), 0.0290777 secs] [Times: user=0.05 sys=0.06, real=0.03 secs]
2018-11-10T12:23:34.794+0800: 1286322.427: [GC (Allocation Failure) 2018-11-10T12:23:34.794+0800: 1286322.427: [ParNew: 451638K->43648K(480640K), 0.0311306 secs] 3112481K->2716269K(8344960K), 0.0313675 secs] [Times: user=0.12 sys=0.00, real=0.03 secs]
2018-11-10T12:23:52.348+0800: 1286339.981: [GC (Allocation Failure) 2018-11-10T12:23:52.348+0800: 1286339.981: [ParNew: 480640K->23633K(480640K), 0.0311167 secs] 3153261K->2696281K(8344960K), 0.0313700 secs] [Times: user=0.12 sys=0.00, real=0.03 secs]
2018-11-10T12:23:56.252+0800: 1286343.885: [GC (Allocation Failure) 2018-11-10T12:23:56.252+0800: 1286343.886: [ParNew: 433929K->43648K(480640K), 0.0434989 secs] 3106576K->2725863K(8344960K), 0.0437601 secs] [Times: user=0.13 sys=0.01, real=0.05 secs]
2018-11-10T12:23:56.592+0800: 1286344.226: [GC (Allocation Failure) 2018-11-10T12:23:56.592+0800: 1286344.226: [ParNew: 479640K->34430K(480640K), 0.0665879 secs] 3161855K->2790336K(8344960K), 0.0668302 secs] [Times: user=0.24 sys=0.00, real=0.07 secs]
2018-11-10T12:23:56.872+0800: 1286344.506: [GC (Allocation Failure) 2018-11-10T12:23:56.872+0800: 1286344.506: [ParNew: 452688K->24827K(480640K), 0.0244341 secs] 3208594K->2780734K(8344960K), 0.0247295 secs] [Times: user=0.10 sys=0.00, real=0.03 secs]
2018-11-10T12:24:06.787+0800: 1286354.421: [GC (Allocation Failure) 2018-11-10T12:24:06.788+0800: 1286354.421: [ParNew: 457270K->19883K(480640K), 0.0252782 secs] 3213177K->2775790K(8344960K), 0.0255266 secs] [Times: user=0.10 sys=0.00, real=0.02 secs]
2018-11-10T12:24:16.553+0800: 1286364.186: [GC (Allocation Failure) 2018-11-10T12:24:16.553+0800: 1286364.186: [ParNew: 452070K->10677K(480640K), 0.0252302 secs] 3207977K->2766585K(8344960K), 0.0255062 secs] [Times: user=0.10 sys=0.00, real=0.03 secs]
2018-11-10T12:24:40.215+0800: 1286387.848: [GC (Allocation Failure) 2018-11-10T12:24:40.215+0800: 1286387.848: [ParNew: 446799K->30437K(480640K), 0.0315136 secs] 3202706K->2786345K(8344960K), 0.0317870 secs] [Times: user=0.11 sys=0.00, real=0.04 secs]
2018-11-10T12:24:49.350+0800: 1286396.983: [GC (Allocation Failure) 2018-11-10T12:24:49.350+0800: 1286396.983: [ParNew: 467429K->11580K(480640K), 0.0258885 secs] 3223337K->2767527K(8344960K), 0.0261404 secs] [Times: user=0.10 sys=0.00, real=0.03 secs]
2018-11-10T12:24:59.626+0800: 1286407.259: [GC (Allocation Failure) 2018-11-10T12:24:59.626+0800: 1286407.260: [ParNew: 441275K->24664K(480640K), 0.0269505 secs] 3197222K->2780611K(8344960K), 0.0272356 secs] [Times: user=0.04 sys=0.06, real=0.02 secs]
2018-11-10T12:25:12.619+0800: 1286420.253: [GC (Allocation Failure) 2018-11-10T12:25:12.620+0800: 1286420.253: [ParNew: 461656K->13713K(480640K), 0.0307813 secs] 3217603K->2769729K(8344960K), 0.0310208 secs] [Times: user=0.11 sys=0.00, real=0.03 secs]
2018-11-10T12:25:14.893+0800: 1286422.527: [GC (Allocation Failure) 2018-11-10T12:25:14.893+0800: 1286422.527: [ParNew: 444471K->40373K(480640K), 0.0362376 secs] 3200487K->2808321K(8344960K), 0.0364907 secs] [Times: user=0.14 sys=0.00, real=0.04 secs]
2018-11-10T12:25:26.858+0800: 1286434.491: [GC (Allocation Failure) 2018-11-10T12:25:26.858+0800: 1286434.492: [ParNew: 477365K->11359K(480640K), 0.0268729 secs] 3245313K->2779370K(8344960K), 0.0271324 secs] [Times: user=0.04 sys=0.06, real=0.02 secs]
2018-11-10T12:25:35.159+0800: 1286442.793: [GC (Allocation Failure) 2018-11-10T12:25:35.160+0800: 1286442.793: [ParNew: 421387K->43648K(480640K), 0.0426320 secs] 3189398K->2814017K(8344960K), 0.0428853 secs] [Times: user=0.15 sys=0.00, real=0.04 secs]
2018-11-10T12:25:35.490+0800: 1286443.124: [GC (Allocation Failure) 2018-11-10T12:25:35.491+0800: 1286443.124: [ParNew: 474443K->34059K(480640K), 0.0585687 secs] 3244812K->2862675K(8344960K), 0.0588316 secs] [Times: user=0.19 sys=0.00, real=0.06 secs]
2018-11-10T12:25:37.291+0800: 1286444.924: [GC (Allocation Failure) 2018-11-10T12:25:37.291+0800: 1286444.924: [ParNew: 471051K->42846K(480640K), 0.0277760 secs] 3299667K->2872634K(8344960K), 0.0309440 secs] [Times: user=0.10 sys=0.00, real=0.03 secs]
2018-11-10T12:25:55.203+0800: 1286462.837: [GC (Allocation Failure) 2018-11-10T12:25:55.203+0800: 1286462.837: [ParNew: 477599K->20636K(480640K), 0.0459835 secs] 3307386K->2869254K(8344960K), 0.0462485 secs] [Times: user=0.09 sys=0.06, real=0.05 secs]
2018-11-10T12:26:03.763+0800: 1286471.397: [GC (Allocation Failure) 2018-11-10T12:26:03.764+0800: 1286471.397: [ParNew: 456008K->16006K(480640K), 0.0280596 secs] 3304625K->2864624K(8344960K), 0.0283096 secs] [Times: user=0.10 sys=0.00, real=0.03 secs]
2018-11-10T12:26:24.725+0800: 1286492.358: [GC (Allocation Failure) 2018-11-10T12:26:24.725+0800: 1286492.358: [ParNew: 450588K->43389K(480640K), 0.0330020 secs] 3299205K->2892007K(8344960K), 0.0332540 secs] [Times: user=0.12 sys=0.00, real=0.04 secs]
2018-11-10T12:26:24.980+0800: 1286492.613: [GC (Allocation Failure) 2018-11-10T12:26:24.980+0800: 1286492.613: [ParNew: 478959K->24932K(480640K), 0.0380759 secs] 3327577K->2886906K(8344960K), 0.0382863 secs] [Times: user=0.13 sys=0.00, real=0.04 secs]
2018-11-10T12:26:38.703+0800: 1286506.336: [GC (Allocation Failure) 2018-11-10T12:26:38.703+0800: 1286506.336: [ParNew: 451953K->25806K(480640K), 0.0350471 secs] 3313927K->2887780K(8344960K), 0.0352940 secs] [Times: user=0.05 sys=0.06, real=0.04 secs]
2018-11-10T12:26:38.972+0800: 1286506.605: [GC (Allocation Failure) 2018-11-10T12:26:38.972+0800: 1286506.605: [ParNew: 460366K->43012K(480640K), 0.0366226 secs] 3322340K->2915470K(8344960K), 0.0368553 secs] [Times: user=0.12 sys=0.00, real=0.04 secs]
2018-11-10T12:26:49.540+0800: 1286517.173: [GC (Allocation Failure) 2018-11-10T12:26:49.540+0800: 1286517.173: [ParNew: 476777K->24125K(480640K), 0.0261199 secs] 3349235K->2896583K(8344960K), 0.0263843 secs] [Times: user=0.06 sys=0.05, real=0.03 secs]
2018-11-10T12:27:01.209+0800: 1286528.842: [GC (Allocation Failure) 2018-11-10T12:27:01.209+0800: 1286528.843: [ParNew: 461117K->10652K(480640K), 0.0263293 secs] 3333575K->2883182K(8344960K), 0.0265591 secs] [Times: user=0.10 sys=0.00, real=0.02 secs]
2018-11-10T12:27:05.095+0800: 1286532.728: [GC (Allocation Failure) 2018-11-10T12:27:05.095+0800: 1286532.728: [ParNew: 436549K->36961K(480640K), 0.0291072 secs] 3309080K->2909492K(8344960K), 0.0293346 secs] [Times: user=0.09 sys=0.02, real=0.03 secs]
2018-11-10T12:27:16.226+0800: 1286543.859: [GC (Allocation Failure) 2018-11-10T12:27:16.226+0800: 1286543.859: [ParNew: 473953K->10129K(480640K), 0.0251303 secs] 3346484K->2882678K(8344960K), 0.0253801 secs] [Times: user=0.07 sys=0.02, real=0.03 secs]
2018-11-10T12:27:25.845+0800: 1286553.478: [GC (Allocation Failure) 2018-11-10T12:27:25.845+0800: 1286553.478: [ParNew: 421232K->43648K(480640K), 0.0473988 secs] 3293782K->2924415K(8344960K), 0.0476605 secs] [Times: user=0.17 sys=0.00, real=0.05 secs]
2018-11-10T12:27:26.199+0800: 1286553.833: [GC (Allocation Failure) 2018-11-10T12:27:26.199+0800: 1286553.833: [ParNew: 459779K->31646K(480640K), 0.0524805 secs] 3340546K->2962980K(8344960K), 0.0527386 secs] [Times: user=0.19 sys=0.00, real=0.05 secs]
2018-11-10T12:27:26.474+0800: 1286554.107: [GC (Allocation Failure) 2018-11-10T12:27:26.474+0800: 1286554.107: [ParNew: 465803K->23584K(480640K), 0.0253562 secs] 3397137K->2954918K(8344960K), 0.0256062 secs] [Times: user=0.10 sys=0.00, real=0.03 secs]
2018-11-10T12:27:36.443+0800: 1286564.077: [GC (Allocation Failure) 2018-11-10T12:27:36.443+0800: 1286564.077: [ParNew: 459661K->15330K(480640K), 0.0317006 secs] 3390995K->2946664K(8344960K), 0.0319762 secs] [Times: user=0.12 sys=0.00, real=0.03 secs]
2018-11-10T12:28:06.839+0800: 1286594.472: [GC (Allocation Failure) 2018-11-10T12:28:06.839+0800: 1286594.472: [ParNew: 452322K->10492K(480640K), 0.0461245 secs] 3383656K->2941826K(8344960K), 0.0464824 secs] [Times: user=0.14 sys=0.00, real=0.04 secs]
2018-11-10T12:28:14.489+0800: 1286602.122: [GC (Allocation Failure) 2018-11-10T12:28:14.489+0800: 1286602.122: [ParNew: 447151K->8570K(480640K), 0.0358354 secs] 3378485K->2939905K(8344960K), 0.0360751 secs] [Times: user=0.11 sys=0.00, real=0.03 secs]
2018-11-10T12:28:27.721+0800: 1286615.355: [GC (Allocation Failure) 2018-11-10T12:28:27.721+0800: 1286615.355: [ParNew: 442570K->11752K(480640K), 0.0349913 secs] 3373904K->2943087K(8344960K), 0.0352280 secs] [Times: user=0.10 sys=0.00, real=0.04 secs]
2018-11-10T12:28:38.948+0800: 1286626.581: [GC (Allocation Failure) 2018-11-10T12:28:38.948+0800: 1286626.581: [ParNew: 445171K->18149K(480640K), 0.0255895 secs] 3376505K->2949483K(8344960K), 0.0258351 secs] [Times: user=0.10 sys=0.00, real=0.02 secs]
2018-11-10T12:28:52.393+0800: 1286640.026: [GC (Allocation Failure) 2018-11-10T12:28:52.393+0800: 1286640.026: [ParNew: 444431K->27532K(480640K), 0.0290828 secs] 3375765K->2958866K(8344960K), 0.0293454 secs] [Times: user=0.11 sys=0.00, real=0.03 secs]
2018-11-10T12:28:52.663+0800: 1286640.297: [GC (Allocation Failure) 2018-11-10T12:28:52.663+0800: 1286640.297: [ParNew: 458051K->19885K(480640K), 0.0348366 secs] 3389385K->2961805K(8344960K), 0.0350666 secs] [Times: user=0.12 sys=0.00, real=0.04 secs]
2018-11-10T12:29:09.611+0800: 1286657.244: [GC (Allocation Failure) 2018-11-10T12:29:09.611+0800: 1286657.245: [ParNew: 449044K->21279K(480640K), 0.0293587 secs] 3390964K->2963199K(8344960K), 0.0296352 secs] [Times: user=0.10 sys=0.00, real=0.03 secs]
2018-11-10T12:29:32.654+0800: 1286680.288: [GC (Allocation Failure) 2018-11-10T12:29:32.654+0800: 1286680.288: [ParNew: 446066K->22104K(480640K), 0.0287723 secs] 3387986K->2964023K(8344960K), 0.0290234 secs] [Times: user=0.04 sys=0.06, real=0.03 secs]
2018-11-10T12:29:42.468+0800: 1286690.101: [GC (Allocation Failure) 2018-11-10T12:29:42.468+0800: 1286690.101: [ParNew: 457907K->9063K(480640K), 0.0241089 secs] 3399827K->2950982K(8344960K), 0.0243518 secs] [Times: user=0.09 sys=0.00, real=0.02 secs]
2018-11-10T12:29:52.370+0800: 1286700.004: [GC (Allocation Failure) 2018-11-10T12:29:52.371+0800: 1286700.004: [ParNew: 441695K->28892K(480640K), 0.0411849 secs] 3383614K->2970812K(8344960K), 0.0414159 secs] [Times: user=0.08 sys=0.02, real=0.04 secs]
2018-11-10T12:30:07.034+0800: 1286714.668: [GC (Allocation Failure) 2018-11-10T12:30:07.035+0800: 1286714.668: [ParNew: 463172K->37900K(480640K), 0.0347892 secs] 3405092K->2979902K(8344960K), 0.0350592 secs] [Times: user=0.13 sys=0.00, real=0.04 secs]
2018-11-10T12:30:07.305+0800: 1286714.939: [GC (Allocation Failure) 2018-11-10T12:30:07.305+0800: 1286714.939: [ParNew: 474892K->39792K(480640K), 0.0470681 secs] 3416894K->3006740K(8344960K), 0.0473300 secs] [Times: user=0.16 sys=0.00, real=0.05 secs]
2018-11-10T12:30:25.570+0800: 1286733.204: [GC (Allocation Failure) 2018-11-10T12:30:25.570+0800: 1286733.204: [ParNew: 459998K->42866K(480640K), 0.0390274 secs] 3426947K->3026389K(8344960K), 0.0393319 secs] [Times: user=0.15 sys=0.00, real=0.04 secs]
2018-11-10T12:30:25.837+0800: 1286733.471: [GC (Allocation Failure) 2018-11-10T12:30:25.838+0800: 1286733.471: [ParNew: 475333K->30038K(480640K), 0.0529677 secs] 3458856K->3047316K(8344960K), 0.0532220 secs] [Times: user=0.17 sys=0.00, real=0.05 secs]
2018-11-10T12:30:26.140+0800: 1286733.774: [GC (Allocation Failure) 2018-11-10T12:30:26.140+0800: 1286733.774: [ParNew: 453111K->38293K(480640K), 0.0256260 secs] 3470389K->3055571K(8344960K), 0.0258888 secs] [Times: user=0.10 sys=0.00, real=0.03 secs]
2018-11-10T12:32:15.778+0800: 1286843.411: [GC (Allocation Failure) 2018-11-10T12:32:15.778+0800: 1286843.412: [ParNew: 475285K->4240K(480640K), 0.0401079 secs] 3492563K->3021522K(8344960K), 0.0403745 secs] [Times: user=0.03 sys=0.06, real=0.04 secs]
2018-11-10T12:45:10.506+0800: 1287618.139: [GC (Allocation Failure) 2018-11-10T12:45:10.506+0800: 1287618.140: [ParNew: 441232K->7175K(480640K), 0.0444299 secs] 3458514K->3024456K(8344960K), 0.0447290 secs] [Times: user=0.07 sys=0.06, real=0.04 secs]
2018-11-10T13:00:02.036+0800: 1288509.669: [GC (Allocation Failure) 2018-11-10T13:00:02.036+0800: 1288509.669: [ParNew: 444167K->2856K(480640K), 0.0311899 secs] 3461448K->3020137K(8344960K), 0.0315166 secs] [Times: user=0.11 sys=0.00, real=0.04 secs]
2018-11-10T13:06:17.765+0800: 1288885.398: [GC (Allocation Failure) 2018-11-10T13:06:17.765+0800: 1288885.399: [ParNew: 439848K->9374K(480640K), 0.0453227 secs] 3457129K->3026655K(8344960K), 0.0455892 secs] [Times: user=0.12 sys=0.00, real=0.05 secs]
2018-11-10T13:13:22.918+0800: 1289310.551: [GC (Allocation Failure) 2018-11-10T13:13:22.918+0800: 1289310.552: [ParNew: 446366K->18606K(480640K), 0.0590087 secs] 3463647K->3035888K(8344960K), 0.0592602 secs] [Times: user=0.08 sys=0.05, real=0.06 secs]
2018-11-10T13:21:00.799+0800: 1289768.432: [GC (Allocation Failure) 2018-11-10T13:21:00.799+0800: 1289768.432: [ParNew: 455598K->15452K(480640K), 0.0571972 secs] 3472880K->3032733K(8344960K), 0.0574891 secs] [Times: user=0.04 sys=0.07, real=0.06 secs]
2018-11-10T13:26:15.891+0800: 1290083.524: [GC (Allocation Failure) 2018-11-10T13:26:15.891+0800: 1290083.524: [ParNew: 452444K->18167K(480640K), 0.0775891 secs] 3469725K->3035448K(8344960K), 0.0778972 secs] [Times: user=0.15 sys=0.00, real=0.08 secs]
2018-11-10T13:39:00.219+0800: 1290847.852: [GC (Allocation Failure) 2018-11-10T13:39:00.219+0800: 1290847.852: [ParNew: 455159K->9432K(480640K), 0.0449382 secs] 3472440K->3026713K(8344960K), 0.0452272 secs] [Times: user=0.13 sys=0.00, real=0.04 secs]
2018-11-10T13:47:51.202+0800: 1291378.835: [GC (Allocation Failure) 2018-11-10T13:47:51.202+0800: 1291378.835: [ParNew: 446424K->13680K(480640K), 0.0505710 secs] 3463705K->3030961K(8344960K), 0.0508289 secs] [Times: user=0.06 sys=0.08, real=0.05 secs]
2018-11-10T13:57:15.891+0800: 1291943.524: [GC (Allocation Failure) 2018-11-10T13:57:15.891+0800: 1291943.524: [ParNew: 450664K->12856K(480640K), 0.0499204 secs] 3467946K->3030137K(8344960K), 0.0501800 secs] [Times: user=0.13 sys=0.00, real=0.05 secs]
2018-11-10T14:04:15.168+0800: 1292362.802: [GC (Allocation Failure) 2018-11-10T14:04:15.168+0800: 1292362.802: [ParNew: 449848K->10930K(480640K), 0.0459092 secs] 3467129K->3028212K(8344960K), 0.0461593 secs] [Times: user=0.07 sys=0.06, real=0.04 secs]
2018-11-10T14:13:12.621+0800: 1292900.254: [GC (Allocation Failure) 2018-11-10T14:13:12.621+0800: 1292900.254: [ParNew: 447922K->13631K(480640K), 0.0506621 secs] 3465204K->3030912K(8344960K), 0.0509282 secs] [Times: user=0.13 sys=0.00, real=0.05 secs]
2018-11-10T14:26:10.230+0800: 1293677.863: [GC (Allocation Failure) 2018-11-10T14:26:10.230+0800: 1293677.863: [ParNew: 450623K->6196K(480640K), 0.0363645 secs] 3467904K->3023477K(8344960K), 0.0366363 secs] [Times: user=0.12 sys=0.00, real=0.04 secs]
2018-11-10T14:37:30.558+0800: 1294358.191: [GC (Allocation Failure) 2018-11-10T14:37:30.558+0800: 1294358.192: [ParNew: 443188K->10782K(480640K), 0.0445577 secs] 3460469K->3028064K(8344960K), 0.0448294 secs] [Times: user=0.13 sys=0.00, real=0.04 secs]
2018-11-10T14:50:45.173+0800: 1295152.807: [GC (Allocation Failure) 2018-11-10T14:50:45.173+0800: 1295152.807: [ParNew: 447774K->8440K(480640K), 0.0405994 secs] 3465056K->3025721K(8344960K), 0.0408526 secs] [Times: user=0.10 sys=0.00, real=0.04 secs]
2018-11-10T15:00:35.344+0800: 1295742.978: [GC (Allocation Failure) 2018-11-10T15:00:35.344+0800: 1295742.978: [ParNew: 445432K->4750K(480640K), 0.0412822 secs] 3462713K->3022052K(8344960K), 0.0416444 secs] [Times: user=0.13 sys=0.00, real=0.05 secs]
2018-11-10T15:16:07.621+0800: 1296675.254: [GC (Allocation Failure) 2018-11-10T15:16:07.621+0800: 1296675.254: [ParNew: 441742K->3179K(480640K), 0.0304662 secs] 3459044K->3020504K(8344960K), 0.0307317 secs] [Times: user=0.11 sys=0.00, real=0.03 secs]
2018-11-10T15:33:45.213+0800: 1297732.847: [GC (Allocation Failure) 2018-11-10T15:33:45.213+0800: 1297732.847: [ParNew: 440171K->3082K(480640K), 0.0294839 secs] 3457496K->3020436K(8344960K), 0.0297692 secs] [Times: user=0.10 sys=0.01, real=0.03 secs]
2018-11-10T15:49:12.455+0800: 1298660.088: [GC (Allocation Failure) 2018-11-10T15:49:12.455+0800: 1298660.088: [ParNew: 440074K->2978K(480640K), 0.0300867 secs] 3457428K->3020355K(8344960K), 0.0303725 secs] [Times: user=0.04 sys=0.07, real=0.03 secs]
2018-11-10T16:00:12.931+0800: 1299320.564: [GC (Allocation Failure) 2018-11-10T16:00:12.931+0800: 1299320.564: [ParNew: 439970K->5613K(480640K), 0.0374394 secs] 3457347K->3023021K(8344960K), 0.0377316 secs] [Times: user=0.13 sys=0.00, real=0.04 secs]
2018-11-10T16:09:11.419+0800: 1299859.053: [GC (GCLocker Initiated GC) 2018-11-10T16:09:11.419+0800: 1299859.053: [ParNew: 442649K->12881K(480640K), 0.0481034 secs] 3460057K->3030296K(8344960K), 0.0483695 secs] [Times: user=0.14 sys=0.00, real=0.05 secs]
2018-11-10T16:25:08.087+0800: 1300815.720: [GC (Allocation Failure) 2018-11-10T16:25:08.087+0800: 1300815.721: [ParNew: 449873K->4839K(480640K), 0.0339351 secs] 3467288K->3022259K(8344960K), 0.0341954 secs] [Times: user=0.05 sys=0.07, real=0.03 secs]
2018-11-10T16:40:36.316+0800: 1301743.949: [GC (Allocation Failure) 2018-11-10T16:40:36.316+0800: 1301743.949: [ParNew: 441831K->2904K(480640K), 0.0283649 secs] 3459251K->3020336K(8344960K), 0.0286072 secs] [Times: user=0.10 sys=0.00, real=0.02 secs]
2018-11-10T16:56:04.608+0800: 1302672.242: [GC (Allocation Failure) 2018-11-10T16:56:04.609+0800: 1302672.242: [ParNew: 439896K->2983K(480640K), 0.0290842 secs] 3457328K->3020423K(8344960K), 0.0293374 secs] [Times: user=0.04 sys=0.07, real=0.03 secs]
2018-11-10T17:05:55.767+0800: 1303263.400: [GC (Allocation Failure) 2018-11-10T17:05:55.767+0800: 1303263.400: [ParNew: 439975K->4997K(480640K), 0.0352643 secs] 3457415K->3022445K(8344960K), 0.0355208 secs] [Times: user=0.12 sys=0.00, real=0.03 secs]
2018-11-10T17:21:08.425+0800: 1304176.059: [GC (Allocation Failure) 2018-11-10T17:21:08.425+0800: 1304176.059: [ParNew: 441989K->6337K(480640K), 0.0356228 secs] 3459437K->3023796K(8344960K), 0.0359052 secs] [Times: user=0.05 sys=0.07, real=0.04 secs]
2018-11-10T17:32:24.078+0800: 1304851.711: [GC (Allocation Failure) 2018-11-10T17:32:24.078+0800: 1304851.711: [ParNew: 443329K->11157K(480640K), 0.0456489 secs] 3460788K->3028624K(8344960K), 0.0459122 secs] [Times: user=0.10 sys=0.03, real=0.04 secs]
2018-11-10T17:47:52.019+0800: 1305779.652: [GC (Allocation Failure) 2018-11-10T17:47:52.019+0800: 1305779.652: [ParNew: 448149K->3251K(480640K), 0.0293261 secs] 3465616K->3020731K(8344960K), 0.0295942 secs] [Times: user=0.11 sys=0.00, real=0.03 secs]
2018-11-10T18:00:09.118+0800: 1306516.751: [GC (Allocation Failure) 2018-11-10T18:00:09.118+0800: 1306516.751: [ParNew: 440243K->5037K(480640K), 0.0416151 secs] 3457723K->3022527K(8344960K), 0.0419227 secs] [Times: user=0.07 sys=0.09, real=0.04 secs]
2018-11-10T18:15:12.983+0800: 1307420.616: [GC (Allocation Failure) 2018-11-10T18:15:12.983+0800: 1307420.616: [ParNew: 442029K->3932K(480640K), 0.0319760 secs] 3459519K->3021434K(8344960K), 0.0322520 secs] [Times: user=0.05 sys=0.07, real=0.03 secs]
2018-11-10T18:30:43.041+0800: 1308350.674: [GC (Allocation Failure) 2018-11-10T18:30:43.041+0800: 1308350.674: [ParNew: 440924K->2938K(480640K), 0.0317517 secs] 3458426K->3020453K(8344960K), 0.0321062 secs] [Times: user=0.12 sys=0.00, real=0.03 secs]
2018-11-10T18:43:57.852+0800: 1309145.485: [GC (Allocation Failure) 2018-11-10T18:43:57.852+0800: 1309145.485: [ParNew: 439930K->8571K(480640K), 0.0409779 secs] 3457445K->3026101K(8344960K), 0.0412414 secs] [Times: user=0.12 sys=0.00, real=0.04 secs]
2018-11-10T18:59:27.062+0800: 1310074.695: [GC (Allocation Failure) 2018-11-10T18:59:27.062+0800: 1310074.696: [ParNew: 445563K->3119K(480640K), 0.0281777 secs] 3463093K->3020666K(8344960K), 0.0284321 secs] [Times: user=0.11 sys=0.00, real=0.03 secs]
2018-11-10T19:09:15.200+0800: 1310662.834: [GC (Allocation Failure) 2018-11-10T19:09:15.200+0800: 1310662.834: [ParNew: 440111K->4583K(480640K), 0.0342944 secs] 3457658K->3022144K(8344960K), 0.0345678 secs] [Times: user=0.05 sys=0.07, real=0.03 secs]
2018-11-10T19:25:37.288+0800: 1311644.921: [GC (Allocation Failure) 2018-11-10T19:25:37.288+0800: 1311644.921: [ParNew: 441575K->5450K(480640K), 0.0304943 secs] 3459136K->3023021K(8344960K), 0.0307438 secs] [Times: user=0.11 sys=0.00, real=0.03 secs]
2018-11-10T19:42:23.665+0800: 1312651.298: [GC (Allocation Failure) 2018-11-10T19:42:23.665+0800: 1312651.298: [ParNew: 442438K->3665K(480640K), 0.0246251 secs] 3460008K->3021248K(8344960K), 0.0248873 secs] [Times: user=0.04 sys=0.04, real=0.03 secs]
2018-11-10T19:57:49.212+0800: 1313576.846: [GC (Allocation Failure) 2018-11-10T19:57:49.212+0800: 1313576.846: [ParNew: 440657K->2943K(480640K), 0.0273246 secs] 3458240K->3020544K(8344960K), 0.0275877 secs] [Times: user=0.03 sys=0.07, real=0.03 secs]
2018-11-10T20:07:33.302+0800: 1314160.935: [GC (Allocation Failure) 2018-11-10T20:07:33.302+0800: 1314160.935: [ParNew: 439935K->4423K(480640K), 0.0348919 secs] 3457536K->3022038K(8344960K), 0.0351664 secs] [Times: user=0.05 sys=0.07, real=0.04 secs]
2018-11-10T20:25:07.719+0800: 1315215.352: [GC (Allocation Failure) 2018-11-10T20:25:07.719+0800: 1315215.353: [ParNew: 441415K->3588K(480640K), 0.0340596 secs] 3459030K->3021218K(8344960K), 0.0343136 secs] [Times: user=0.12 sys=0.00, real=0.03 secs]
2018-11-10T20:40:32.191+0800: 1316139.824: [GC (Allocation Failure) 2018-11-10T20:40:32.191+0800: 1316139.824: [ParNew: 440580K->2887K(480640K), 0.0295988 secs] 3458210K->3020528K(8344960K), 0.0298922 secs] [Times: user=0.11 sys=0.00, real=0.03 secs]
2018-11-10T20:56:05.002+0800: 1317072.635: [GC (Allocation Failure) 2018-11-10T20:56:05.002+0800: 1317072.636: [ParNew: 439879K->2821K(480640K), 0.0333035 secs] 3457520K->3020479K(8344960K), 0.0336552 secs] [Times: user=0.05 sys=0.07, real=0.03 secs]
2018-11-10T21:05:54.959+0800: 1317662.592: [GC (Allocation Failure) 2018-11-10T21:05:54.959+0800: 1317662.592: [ParNew: 439813K->5010K(480640K), 0.0350150 secs] 3457471K->3022683K(8344960K), 0.0352713 secs] [Times: user=0.05 sys=0.06, real=0.03 secs]
2018-11-10T21:15:04.755+0800: 1318212.389: [GC (Allocation Failure) 2018-11-10T21:15:04.756+0800: 1318212.389: [ParNew: 437833K->32982K(480640K), 0.0397589 secs] 3455506K->3050669K(8344960K), 0.0400146 secs] [Times: user=0.12 sys=0.00, real=0.04 secs]
2018-11-10T21:15:13.864+0800: 1318221.497: [GC (Allocation Failure) 2018-11-10T21:15:13.864+0800: 1318221.498: [ParNew: 467116K->20222K(480640K), 0.0360261 secs] 3484803K->3039791K(8344960K), 0.0363168 secs] [Times: user=0.06 sys=0.07, real=0.04 secs]
2018-11-10T21:15:33.298+0800: 1318240.931: [GC (Allocation Failure) 2018-11-10T21:15:33.298+0800: 1318240.931: [ParNew: 450814K->42062K(480640K), 0.0336585 secs] 3470382K->3061631K(8344960K), 0.0339163 secs] [Times: user=0.05 sys=0.07, real=0.03 secs]
2018-11-10T21:15:33.567+0800: 1318241.200: [GC (Allocation Failure) 2018-11-10T21:15:33.567+0800: 1318241.200: [ParNew: 475549K->25004K(480640K), 0.0438852 secs] 3495118K->3057679K(8344960K), 0.0441420 secs] [Times: user=0.14 sys=0.00, real=0.04 secs]
2018-11-10T21:15:47.051+0800: 1318254.684: [GC (Allocation Failure) 2018-11-10T21:15:47.051+0800: 1318254.684: [ParNew: 461350K->22501K(480640K), 0.0359621 secs] 3494025K->3055176K(8344960K), 0.0362319 secs] [Times: user=0.13 sys=0.00, real=0.04 secs]
2018-11-10T21:15:47.330+0800: 1318254.963: [GC (Allocation Failure) 2018-11-10T21:15:47.330+0800: 1318254.963: [ParNew: 450385K->40181K(480640K), 0.0337320 secs] 3483060K->3085420K(8344960K), 0.0339731 secs] [Times: user=0.13 sys=0.00, real=0.03 secs]
2018-11-10T21:15:58.363+0800: 1318265.996: [GC (Allocation Failure) 2018-11-10T21:15:58.363+0800: 1318265.997: [ParNew: 470210K->32451K(480640K), 0.0315618 secs] 3515449K->3079354K(8344960K), 0.0318282 secs] [Times: user=0.12 sys=0.00, real=0.03 secs]
2018-11-10T21:16:00.001+0800: 1318267.635: [GC (Allocation Failure) 2018-11-10T21:16:00.001+0800: 1318267.635: [ParNew: 469443K->5669K(480640K), 0.0316724 secs] 3516346K->3052759K(8344960K), 0.0318969 secs] [Times: user=0.10 sys=0.00, real=0.03 secs]
2018-11-10T21:16:12.988+0800: 1318280.622: [GC (Allocation Failure) 2018-11-10T21:16:12.988+0800: 1318280.622: [ParNew: 430353K->43648K(480640K), 0.0365739 secs] 3477443K->3094754K(8344960K), 0.0368411 secs] [Times: user=0.05 sys=0.07, real=0.03 secs]
2018-11-10T21:16:13.301+0800: 1318280.934: [GC (Allocation Failure) 2018-11-10T21:16:13.301+0800: 1318280.934: [ParNew: 475193K->42801K(480640K), 0.0346086 secs] 3526300K->3102076K(8344960K), 0.0348385 secs] [Times: user=0.12 sys=0.00, real=0.04 secs]
2018-11-10T21:16:34.272+0800: 1318301.906: [GC (Allocation Failure) 2018-11-10T21:16:34.273+0800: 1318301.906: [ParNew: 466653K->43648K(480640K), 0.0408589 secs] 3525928K->3123138K(8344960K), 0.0411300 secs] [Times: user=0.16 sys=0.00, real=0.04 secs]
2018-11-10T21:16:34.575+0800: 1318302.209: [GC (Allocation Failure) 2018-11-10T21:16:34.575+0800: 1318302.209: [ParNew: 471990K->35865K(480640K), 0.0600218 secs] 3551480K->3176306K(8344960K), 0.0602636 secs] [Times: user=0.20 sys=0.00, real=0.06 secs]
2018-11-10T21:16:34.888+0800: 1318302.521: [GC (Allocation Failure) 2018-11-10T21:16:34.888+0800: 1318302.521: [ParNew: 472857K->26181K(480640K), 0.0268385 secs] 3613298K->3166622K(8344960K), 0.0270977 secs] [Times: user=0.10 sys=0.00, real=0.02 secs]
2018-11-10T21:16:44.805+0800: 1318312.438: [GC (Allocation Failure) 2018-11-10T21:16:44.805+0800: 1318312.439: [ParNew: 457149K->19061K(480640K), 0.0257318 secs] 3597590K->3159504K(8344960K), 0.0259873 secs] [Times: user=0.10 sys=0.00, real=0.03 secs]
2018-11-10T21:16:54.825+0800: 1318322.458: [GC (Allocation Failure) 2018-11-10T21:16:54.825+0800: 1318322.458: [ParNew: 452763K->13671K(480640K), 0.0259152 secs] 3593206K->3154113K(8344960K), 0.0261940 secs] [Times: user=0.10 sys=0.00, real=0.03 secs]
2018-11-10T21:17:09.371+0800: 1318337.004: [GC (Allocation Failure) 2018-11-10T21:17:09.371+0800: 1318337.004: [ParNew: 450663K->9368K(480640K), 0.0328967 secs] 3591105K->3149811K(8344960K), 0.0331755 secs] [Times: user=0.09 sys=0.00, real=0.03 secs]
2018-11-10T21:17:25.144+0800: 1318352.777: [GC (Allocation Failure) 2018-11-10T21:17:25.144+0800: 1318352.778: [ParNew: 434077K->28047K(480640K), 0.0334272 secs] 3574520K->3168490K(8344960K), 0.0337325 secs] [Times: user=0.12 sys=0.00, real=0.04 secs]
2018-11-10T21:17:25.426+0800: 1318353.060: [GC (Allocation Failure) 2018-11-10T21:17:25.426+0800: 1318353.060: [ParNew: 454709K->22788K(480640K), 0.0378364 secs] 3595152K->3176068K(8344960K), 0.0380827 secs] [Times: user=0.13 sys=0.00, real=0.03 secs]
2018-11-10T21:17:39.113+0800: 1318366.747: [GC (Allocation Failure) 2018-11-10T21:17:39.114+0800: 1318366.747: [ParNew: 457067K->26961K(480640K), 0.0284158 secs] 3610347K->3180241K(8344960K), 0.0286730 secs] [Times: user=0.04 sys=0.06, real=0.03 secs]
2018-11-10T21:17:39.369+0800: 1318367.002: [GC (Allocation Failure) 2018-11-10T21:17:39.369+0800: 1318367.002: [ParNew: 463953K->17507K(480640K), 0.0333937 secs] 3617233K->3181343K(8344960K), 0.0336223 secs] [Times: user=0.12 sys=0.00, real=0.03 secs]
2018-11-10T21:17:50.329+0800: 1318377.963: [GC (Allocation Failure) 2018-11-10T21:17:50.329+0800: 1318377.963: [ParNew: 450629K->31522K(480640K), 0.0257409 secs] 3614465K->3195357K(8344960K), 0.0260051 secs] [Times: user=0.04 sys=0.06, real=0.02 secs]
2018-11-10T21:18:05.220+0800: 1318392.853: [GC (Allocation Failure) 2018-11-10T21:18:05.220+0800: 1318392.853: [ParNew: 467728K->39343K(480640K), 0.0308886 secs] 3631564K->3203332K(8344960K), 0.0311709 secs] [Times: user=0.12 sys=0.00, real=0.03 secs]
2018-11-10T21:18:05.480+0800: 1318393.113: [GC (Allocation Failure) 2018-11-10T21:18:05.480+0800: 1318393.113: [ParNew: 474449K->23984K(480640K), 0.0365711 secs] 3638437K->3200142K(8344960K), 0.0368035 secs] [Times: user=0.13 sys=0.00, real=0.04 secs]
2018-11-10T21:18:26.065+0800: 1318413.699: [GC (Allocation Failure) 2018-11-10T21:18:26.065+0800: 1318413.699: [ParNew: 444495K->36516K(480640K), 0.0365724 secs] 3620653K->3212675K(8344960K), 0.0368320 secs] [Times: user=0.14 sys=0.00, real=0.04 secs]
2018-11-10T21:18:26.369+0800: 1318414.003: [GC (Allocation Failure) 2018-11-10T21:18:26.369+0800: 1318414.003: [ParNew: 472088K->37257K(480640K), 0.0984373 secs] 3648247K->3301471K(8344960K), 0.0986718 secs] [Times: user=0.36 sys=0.00, real=0.10 secs]
2018-11-10T21:18:26.736+0800: 1318414.369: [GC (Allocation Failure) 2018-11-10T21:18:26.736+0800: 1318414.370: [ParNew: 461552K->27297K(480640K), 0.0364774 secs] 3725766K->3331714K(8344960K), 0.0367270 secs] [Times: user=0.14 sys=0.00, real=0.03 secs]
2018-11-10T21:18:27.242+0800: 1318414.875: [GC (Allocation Failure) 2018-11-10T21:18:27.242+0800: 1318414.875: [ParNew: 463818K->24109K(480640K), 0.0236833 secs] 3768235K->3328527K(8344960K), 0.0238993 secs] [Times: user=0.09 sys=0.00, real=0.02 secs]
2018-11-10T21:18:36.963+0800: 1318424.596: [GC (Allocation Failure) 2018-11-10T21:18:36.963+0800: 1318424.596: [ParNew: 454500K->9481K(480640K), 0.0335771 secs] 3758918K->3315154K(8344960K), 0.0338428 secs] [Times: user=0.10 sys=0.00, real=0.04 secs]
2018-11-10T21:18:57.426+0800: 1318445.059: [GC (Allocation Failure) 2018-11-10T21:18:57.426+0800: 1318445.059: [ParNew: 446327K->6854K(480640K), 0.0339944 secs] 3752000K->3312526K(8344960K), 0.0342453 secs] [Times: user=0.04 sys=0.06, real=0.04 secs]
2018-11-10T21:19:09.959+0800: 1318457.592: [GC (Allocation Failure) 2018-11-10T21:19:09.959+0800: 1318457.592: [ParNew: 442905K->43648K(480640K), 0.0364826 secs] 3748577K->3362371K(8344960K), 0.0367217 secs] [Times: user=0.13 sys=0.00, real=0.03 secs]
2018-11-10T21:19:19.369+0800: 1318467.003: [GC (Allocation Failure) 2018-11-10T21:19:19.370+0800: 1318467.003: [ParNew: 478872K->13111K(480640K), 0.0314656 secs] 3797595K->3337848K(8344960K), 0.0317263 secs] [Times: user=0.11 sys=0.00, real=0.03 secs]
2018-11-10T21:19:30.543+0800: 1318478.176: [GC (Allocation Failure) 2018-11-10T21:19:30.543+0800: 1318478.176: [ParNew: 445417K->33299K(480640K), 0.0270127 secs] 3770154K->3358036K(8344960K), 0.0272650 secs] [Times: user=0.05 sys=0.06, real=0.03 secs]
2018-11-10T21:19:39.423+0800: 1318487.056: [GC (Allocation Failure) 2018-11-10T21:19:39.423+0800: 1318487.056: [ParNew: 470291K->6797K(480640K), 0.0227955 secs] 3795028K->3331686K(8344960K), 0.0230409 secs] [Times: user=0.09 sys=0.00, real=0.03 secs]
2018-11-10T21:19:44.556+0800: 1318492.189: [GC (Allocation Failure) 2018-11-10T21:19:44.556+0800: 1318492.189: [ParNew: 440096K->43648K(480640K), 0.0394863 secs] 3764985K->3396113K(8344960K), 0.0397285 secs] [Times: user=0.14 sys=0.00, real=0.03 secs]
2018-11-10T21:19:55.117+0800: 1318502.750: [GC (Allocation Failure) 2018-11-10T21:19:55.117+0800: 1318502.751: [ParNew: 480640K->6985K(480640K), 0.0322350 secs] 3833105K->3367595K(8344960K), 0.0324870 secs] [Times: user=0.08 sys=0.03, real=0.03 secs]
2018-11-10T21:20:05.299+0800: 1318512.932: [GC (Allocation Failure) 2018-11-10T21:20:05.299+0800: 1318512.933: [ParNew: 408342K->43648K(480640K), 0.0383912 secs] 3768952K->3405170K(8344960K), 0.0386709 secs] [Times: user=0.14 sys=0.00, real=0.04 secs]
2018-11-10T21:20:05.632+0800: 1318513.266: [GC (Allocation Failure) 2018-11-10T21:20:05.633+0800: 1318513.266: [ParNew: 475116K->33389K(480640K), 0.0570708 secs] 3836638K->3453398K(8344960K), 0.0573183 secs] [Times: user=0.21 sys=0.00, real=0.06 secs]
2018-11-10T21:20:10.796+0800: 1318518.429: [GC (Allocation Failure) 2018-11-10T21:20:10.796+0800: 1318518.429: [ParNew: 466934K->43004K(480640K), 0.0232760 secs] 3886943K->3463013K(8344960K), 0.0235223 secs] [Times: user=0.09 sys=0.00, real=0.02 secs]
2018-11-10T21:20:18.412+0800: 1318526.045: [GC (Allocation Failure) 2018-11-10T21:20:18.412+0800: 1318526.046: [ParNew: 479996K->5545K(480640K), 0.0449329 secs] 3900005K->3444441K(8344960K), 0.0451878 secs] [Times: user=0.14 sys=0.00, real=0.05 secs]
2018-11-10T21:20:37.434+0800: 1318545.067: [GC (Allocation Failure) 2018-11-10T21:20:37.434+0800: 1318545.068: [ParNew: 441877K->8996K(480640K), 0.0340347 secs] 3880773K->3447892K(8344960K), 0.0342908 secs] [Times: user=0.04 sys=0.05, real=0.04 secs]
2018-11-10T21:20:51.766+0800: 1318559.400: [GC (Allocation Failure) 2018-11-10T21:20:51.766+0800: 1318559.400: [ParNew: 437276K->36980K(480640K), 0.0293001 secs] 3876172K->3475876K(8344960K), 0.0295755 secs] [Times: user=0.08 sys=0.04, real=0.03 secs]
2018-11-10T21:20:52.040+0800: 1318559.673: [GC (Allocation Failure) 2018-11-10T21:20:52.040+0800: 1318559.673: [ParNew: 466599K->21568K(480640K), 0.0354038 secs] 3905495K->3472716K(8344960K), 0.0356224 secs] [Times: user=0.13 sys=0.00, real=0.03 secs]
2018-11-10T21:21:03.648+0800: 1318571.282: [GC (Allocation Failure) 2018-11-10T21:21:03.648+0800: 1318571.282: [ParNew: 456887K->32556K(480640K), 0.0270770 secs] 3908035K->3483703K(8344960K), 0.0273263 secs] [Times: user=0.10 sys=0.00, real=0.02 secs]
2018-11-10T21:21:15.546+0800: 1318583.179: [GC (Allocation Failure) 2018-11-10T21:21:15.546+0800: 1318583.180: [ParNew: 464463K->24939K(480640K), 0.0266261 secs] 3915611K->3476109K(8344960K), 0.0268905 secs] [Times: user=0.10 sys=0.00, real=0.02 secs]
2018-11-10T21:21:28.689+0800: 1318596.322: [GC (Allocation Failure) 2018-11-10T21:21:28.689+0800: 1318596.322: [ParNew: 461931K->12709K(480640K), 0.0271791 secs] 3913101K->3463945K(8344960K), 0.0274276 secs] [Times: user=0.11 sys=0.00, real=0.03 secs]
2018-11-10T21:21:29.557+0800: 1318597.191: [GC (Allocation Failure) 2018-11-10T21:21:29.557+0800: 1318597.191: [ParNew: 436419K->42956K(480640K), 0.0342749 secs] 3887655K->3506119K(8344960K), 0.0345221 secs] [Times: user=0.13 sys=0.00, real=0.03 secs]
2018-11-10T21:21:41.850+0800: 1318609.483: [GC (Allocation Failure) 2018-11-10T21:21:41.850+0800: 1318609.483: [ParNew: 479948K->11715K(480640K), 0.0261344 secs] 3943111K->3474891K(8344960K), 0.0264016 secs] [Times: user=0.04 sys=0.05, real=0.03 secs]
2018-11-10T21:21:50.034+0800: 1318617.667: [GC (Allocation Failure) 2018-11-10T21:21:50.034+0800: 1318617.667: [ParNew: 413881K->43648K(480640K), 0.0447771 secs] 3877057K->3514903K(8344960K), 0.0450262 secs] [Times: user=0.08 sys=0.08, real=0.05 secs]
2018-11-10T21:21:50.393+0800: 1318618.027: [GC (Allocation Failure) 2018-11-10T21:21:50.394+0800: 1318618.027: [ParNew: 479753K->27184K(480640K), 0.0546787 secs] 3951009K->3551285K(8344960K), 0.0549265 secs] [Times: user=0.20 sys=0.00, real=0.06 secs]
2018-11-10T21:21:50.834+0800: 1318618.467: [GC (Allocation Failure) 2018-11-10T21:21:50.834+0800: 1318618.467: [ParNew: 463479K->26759K(480640K), 0.0453136 secs] 3987580K->3570290K(8344960K), 0.0455596 secs] [Times: user=0.15 sys=0.00, real=0.05 secs]
2018-11-10T21:22:00.651+0800: 1318628.285: [GC (Allocation Failure) 2018-11-10T21:22:00.651+0800: 1318628.285: [ParNew: 459878K->9895K(480640K), 0.0393529 secs] 4003410K->3553427K(8344960K), 0.0396223 secs] [Times: user=0.11 sys=0.00, real=0.04 secs]
2018-11-10T21:22:16.374+0800: 1318644.007: [GC (Allocation Failure) 2018-11-10T21:22:16.374+0800: 1318644.007: [ParNew: 446887K->5618K(480640K), 0.0354900 secs] 3990419K->3549151K(8344960K), 0.0357227 secs] [Times: user=0.04 sys=0.06, real=0.04 secs]
2018-11-10T21:22:41.019+0800: 1318668.653: [GC (Allocation Failure) 2018-11-10T21:22:41.019+0800: 1318668.653: [ParNew: 441824K->27250K(480640K), 0.0407044 secs] 3985356K->3570783K(8344960K), 0.0409709 secs] [Times: user=0.13 sys=0.00, real=0.04 secs]
2018-11-10T21:22:41.335+0800: 1318668.969: [GC (Allocation Failure) 2018-11-10T21:22:41.335+0800: 1318668.969: [ParNew: 452638K->36412K(480640K), 0.0409780 secs] 3996170K->3605087K(8344960K), 0.0412154 secs] [Times: user=0.13 sys=0.00, real=0.05 secs]
2018-11-10T21:22:48.546+0800: 1318676.180: [GC (Allocation Failure) 2018-11-10T21:22:48.546+0800: 1318676.180: [ParNew: 473404K->2508K(480640K), 0.0228502 secs] 4042079K->3571183K(8344960K), 0.0230771 secs] [Times: user=0.08 sys=0.00, real=0.02 secs]
2018-11-10T21:22:54.991+0800: 1318682.625: [GC (Allocation Failure) 2018-11-10T21:22:54.991+0800: 1318682.625: [ParNew: 435948K->33775K(480640K), 0.0278732 secs] 4004623K->3602450K(8344960K), 0.0281266 secs] [Times: user=0.11 sys=0.00, real=0.03 secs]
2018-11-10T21:23:05.129+0800: 1318692.763: [GC (Allocation Failure) 2018-11-10T21:23:05.129+0800: 1318692.763: [ParNew: 470767K->8408K(480640K), 0.0250903 secs] 4039442K->3577161K(8344960K), 0.0253461 secs] [Times: user=0.09 sys=0.00, real=0.02 secs]
2018-11-10T21:23:06.529+0800: 1318694.163: [GC (Allocation Failure) 2018-11-10T21:23:06.529+0800: 1318694.163: [ParNew: 438289K->19630K(480640K), 0.0238543 secs] 4007042K->3588383K(8344960K), 0.0240865 secs] [Times: user=0.09 sys=0.00, real=0.02 secs]
2018-11-10T21:23:21.239+0800: 1318708.872: [GC (Allocation Failure) 2018-11-10T21:23:21.239+0800: 1318708.872: [ParNew: 454306K->26628K(480640K), 0.0293737 secs] 4023059K->3595381K(8344960K), 0.0296568 secs] [Times: user=0.11 sys=0.00, real=0.03 secs]
2018-11-10T21:23:21.511+0800: 1318709.144: [GC (Allocation Failure) 2018-11-10T21:23:21.511+0800: 1318709.144: [ParNew: 452480K->22904K(480640K), 0.0402756 secs] 4021233K->3603749K(8344960K), 0.0405347 secs] [Times: user=0.13 sys=0.00, real=0.04 secs]
2018-11-10T21:23:43.531+0800: 1318731.165: [GC (Allocation Failure) 2018-11-10T21:23:43.532+0800: 1318731.165: [ParNew: 451138K->43648K(480640K), 0.0393176 secs] 4031983K->3644711K(8344960K), 0.0395657 secs] [Times: user=0.14 sys=0.00, real=0.04 secs]
2018-11-10T21:23:43.737+0800: 1318731.371: [GC (Allocation Failure) 2018-11-10T21:23:43.737+0800: 1318731.371: [ParNew: 469354K->36245K(480640K), 0.0596324 secs] 4070417K->3698483K(8344960K), 0.0598805 secs] [Times: user=0.21 sys=0.00, real=0.06 secs]
2018-11-10T21:23:44.089+0800: 1318731.723: [GC (Allocation Failure) 2018-11-10T21:23:44.090+0800: 1318731.723: [ParNew: 473237K->41102K(480640K), 0.0575830 secs] 4135475K->3748355K(8344960K), 0.0578236 secs] [Times: user=0.23 sys=0.00, real=0.06 secs]
2018-11-10T21:23:54.871+0800: 1318742.504: [GC (Allocation Failure) 2018-11-10T21:23:54.871+0800: 1318742.504: [ParNew: 476915K->11189K(480640K), 0.0241517 secs] 4184168K->3718443K(8344960K), 0.0244509 secs] [Times: user=0.09 sys=0.00, real=0.02 secs]
2018-11-10T21:24:04.490+0800: 1318752.124: [GC (Allocation Failure) 2018-11-10T21:24:04.490+0800: 1318752.124: [ParNew: 442978K->21551K(480640K), 0.0247603 secs] 4150232K->3728804K(8344960K), 0.0250083 secs] [Times: user=0.10 sys=0.00, real=0.02 secs]
2018-11-10T21:24:27.725+0800: 1318775.358: [GC (Allocation Failure) 2018-11-10T21:24:27.725+0800: 1318775.358: [ParNew: 452272K->39643K(480640K), 0.0300916 secs] 4159526K->3746897K(8344960K), 0.0303673 secs] [Times: user=0.10 sys=0.00, real=0.03 secs]
2018-11-10T21:24:27.981+0800: 1318775.615: [GC (Allocation Failure) 2018-11-10T21:24:27.981+0800: 1318775.615: [ParNew: 469760K->15908K(480640K), 0.0332132 secs] 4177014K->3731655K(8344960K), 0.0334544 secs] [Times: user=0.11 sys=0.00, real=0.03 secs]
2018-11-10T21:24:40.073+0800: 1318787.707: [GC (Allocation Failure) 2018-11-10T21:24:40.073+0800: 1318787.707: [ParNew: 452900K->6325K(480640K), 0.0313311 secs] 4168647K->3722072K(8344960K), 0.0315852 secs] [Times: user=0.07 sys=0.01, real=0.03 secs]
2018-11-10T21:24:48.235+0800: 1318795.869: [GC (Allocation Failure) 2018-11-10T21:24:48.236+0800: 1318795.869: [ParNew: 440949K->14863K(480640K), 0.0270190 secs] 4156696K->3730610K(8344960K), 0.0272659 secs] [Times: user=0.10 sys=0.00, real=0.03 secs]
2018-11-10T21:25:02.933+0800: 1318810.566: [GC (Allocation Failure) 2018-11-10T21:25:02.933+0800: 1318810.566: [ParNew: 448522K->42038K(480640K), 0.0439253 secs] 4164269K->3784492K(8344960K), 0.0441785 secs] [Times: user=0.16 sys=0.00, real=0.05 secs]
2018-11-10T21:25:03.225+0800: 1318810.859: [GC (Allocation Failure) 2018-11-10T21:25:03.225+0800: 1318810.859: [ParNew: 470627K->36077K(480640K), 0.0420280 secs] 4213081K->3790801K(8344960K), 0.0422650 secs] [Times: user=0.12 sys=0.00, real=0.05 secs]
2018-11-10T21:25:22.901+0800: 1318830.534: [GC (Allocation Failure) 2018-11-10T21:25:22.901+0800: 1318830.534: [ParNew: 467034K->43648K(480640K), 0.0549258 secs] 4221758K->3814124K(8344960K), 0.0551844 secs] [Times: user=0.13 sys=0.04, real=0.06 secs]
2018-11-10T21:25:23.211+0800: 1318830.845: [GC (Allocation Failure) 2018-11-10T21:25:23.212+0800: 1318830.845: [ParNew: 462719K->41245K(480640K), 0.0414937 secs] 4233196K->3834336K(8344960K), 0.0417208 secs] [Times: user=0.16 sys=0.00, real=0.04 secs]
2018-11-10T21:25:23.485+0800: 1318831.119: [GC (Allocation Failure) 2018-11-10T21:25:23.485+0800: 1318831.119: [ParNew: 459872K->22038K(480640K), 0.0199489 secs] 4252963K->3815129K(8344960K), 0.0201588 secs] [Times: user=0.08 sys=0.00, real=0.02 secs]
2018-11-10T21:25:32.530+0800: 1318840.164: [GC (Allocation Failure) 2018-11-10T21:25:32.531+0800: 1318840.164: [ParNew: 457824K->19417K(480640K), 0.0233855 secs] 4250915K->3812508K(8344960K), 0.0236280 secs] [Times: user=0.09 sys=0.00, real=0.02 secs]
2018-11-10T21:25:42.924+0800: 1318850.558: [GC (Allocation Failure) 2018-11-10T21:25:42.925+0800: 1318850.558: [ParNew: 453709K->13080K(480640K), 0.0282239 secs] 4246800K->3806171K(8344960K), 0.0284665 secs] [Times: user=0.11 sys=0.00, real=0.03 secs]
2018-11-10T21:26:04.967+0800: 1318872.600: [GC (Allocation Failure) 2018-11-10T21:26:04.967+0800: 1318872.600: [ParNew: 450072K->10797K(480640K), 0.0361283 secs] 4243163K->3803888K(8344960K), 0.0363906 secs] [Times: user=0.04 sys=0.06, real=0.03 secs]
2018-11-10T21:26:13.318+0800: 1318880.951: [GC (Allocation Failure) 2018-11-10T21:26:13.318+0800: 1318880.951: [ParNew: 427475K->43648K(480640K), 0.0559078 secs] 4220566K->3882378K(8344960K), 0.0561674 secs] [Times: user=0.08 sys=0.12, real=0.05 secs]
2018-11-10T21:26:13.618+0800: 1318881.252: [GC (Allocation Failure) 2018-11-10T21:26:13.619+0800: 1318881.252: [ParNew: 459109K->16389K(480640K), 0.0282780 secs] 4297839K->3860119K(8344960K), 0.0285254 secs] [Times: user=0.10 sys=0.00, real=0.03 secs]
2018-11-10T21:26:28.327+0800: 1318895.960: [GC (Allocation Failure) 2018-11-10T21:26:28.327+0800: 1318895.960: [ParNew: 444101K->21878K(480640K), 0.0280237 secs] 4287830K->3865608K(8344960K), 0.0283013 secs] [Times: user=0.09 sys=0.02, real=0.02 secs]
2018-11-10T21:26:28.587+0800: 1318896.221: [GC (Allocation Failure) 2018-11-10T21:26:28.587+0800: 1318896.221: [ParNew: 449348K->27487K(480640K), 0.0237493 secs] 4293078K->3871217K(8344960K), 0.0239960 secs] [Times: user=0.09 sys=0.00, real=0.02 secs]
2018-11-10T21:26:40.349+0800: 1318907.983: [GC (Allocation Failure) 2018-11-10T21:26:40.349+0800: 1318907.983: [ParNew: 464479K->41081K(480640K), 0.0263777 secs] 4308209K->3884835K(8344960K), 0.0266227 secs] [Times: user=0.09 sys=0.00, real=0.03 secs]
2018-11-10T21:26:54.437+0800: 1318922.071: [GC (Allocation Failure) 2018-11-10T21:26:54.437+0800: 1318922.071: [ParNew: 478073K->31871K(480640K), 0.0287716 secs] 4321827K->3875766K(8344960K), 0.0290300 secs] [Times: user=0.11 sys=0.00, real=0.03 secs]
2018-11-10T21:26:54.709+0800: 1318922.343: [GC (Allocation Failure) 2018-11-10T21:26:54.709+0800: 1318922.343: [ParNew: 468863K->20095K(480640K), 0.0406997 secs] 4312758K->3876063K(8344960K), 0.0409505 secs] [Times: user=0.14 sys=0.00, real=0.04 secs]
2018-11-10T21:27:15.091+0800: 1318942.724: [GC (Allocation Failure) 2018-11-10T21:27:15.091+0800: 1318942.725: [ParNew: 448715K->43648K(480640K), 0.0367157 secs] 4304684K->3919154K(8344960K), 0.0369757 secs] [Times: user=0.14 sys=0.00, real=0.04 secs]
2018-11-10T21:27:15.308+0800: 1318942.941: [GC (Allocation Failure) 2018-11-10T21:27:15.308+0800: 1318942.941: [ParNew: 471351K->35118K(480640K), 0.0735814 secs] 4346857K->3969514K(8344960K), 0.0738195 secs] [Times: user=0.19 sys=0.00, real=0.07 secs]
2018-11-10T21:27:15.666+0800: 1318943.299: [GC (Allocation Failure) 2018-11-10T21:27:15.666+0800: 1318943.299: [ParNew: 463484K->40192K(480640K), 0.0553426 secs] 4397881K->4018090K(8344960K), 0.0555711 secs] [Times: user=0.21 sys=0.00, real=0.05 secs]
2018-11-10T21:27:26.220+0800: 1318953.853: [GC (Allocation Failure) 2018-11-10T21:27:26.220+0800: 1318953.853: [ParNew: 473780K->11614K(480640K), 0.0230266 secs] 4451679K->3989520K(8344960K), 0.0232699 secs] [Times: user=0.09 sys=0.00, real=0.02 secs]
2018-11-10T21:28:23.136+0800: 1319010.770: [GC (Allocation Failure) 2018-11-10T21:28:23.136+0800: 1319010.770: [ParNew: 443213K->20897K(480640K), 0.0291996 secs] 4421119K->3998803K(8344960K), 0.0294627 secs] [Times: user=0.09 sys=0.00, real=0.02 secs]
2018-11-10T21:28:44.693+0800: 1319032.326: [GC (Allocation Failure) 2018-11-10T21:28:44.693+0800: 1319032.326: [ParNew: 457889K->42194K(480640K), 0.0285298 secs] 4435795K->4020100K(8344960K), 0.0288080 secs] [Times: user=0.10 sys=0.00, real=0.03 secs]
2018-11-10T21:28:54.392+0800: 1319042.026: [GC (Allocation Failure) 2018-11-10T21:28:54.392+0800: 1319042.026: [ParNew: 477904K->15752K(480640K), 0.0258822 secs] 4455810K->3993747K(8344960K), 0.0261309 secs] [Times: user=0.09 sys=0.00, real=0.03 secs]
2018-11-10T21:29:04.025+0800: 1319051.658: [GC (Allocation Failure) 2018-11-10T21:29:04.025+0800: 1319051.658: [ParNew: 451835K->29476K(480640K), 0.0348998 secs] 4429830K->4007470K(8344960K), 0.0351586 secs] [Times: user=0.11 sys=0.00, real=0.04 secs]
2018-11-10T21:29:18.314+0800: 1319065.947: [GC (Allocation Failure) 2018-11-10T21:29:18.314+0800: 1319065.947: [ParNew: 463797K->43648K(480640K), 0.0523879 secs] 4441792K->4025756K(8344960K), 0.0526314 secs] [Times: user=0.14 sys=0.00, real=0.06 secs]
2018-11-10T21:29:18.591+0800: 1319066.225: [GC (Allocation Failure) 2018-11-10T21:29:18.591+0800: 1319066.225: [ParNew: 480421K->24760K(480640K), 0.0422364 secs] 4462529K->4018863K(8344960K), 0.0424832 secs] [Times: user=0.14 sys=0.00, real=0.04 secs]
2018-11-10T21:29:37.333+0800: 1319084.966: [GC (Allocation Failure) 2018-11-10T21:29:37.333+0800: 1319084.966: [ParNew: 454733K->38980K(480640K), 0.0312325 secs] 4448836K->4033083K(8344960K), 0.0314740 secs] [Times: user=0.12 sys=0.00, real=0.03 secs]
2018-11-10T21:29:37.578+0800: 1319085.211: [GC (Allocation Failure) 2018-11-10T21:29:37.578+0800: 1319085.211: [ParNew: 469795K->43182K(480640K), 0.0611595 secs] 4463897K->4087490K(8344960K), 0.0613806 secs] [Times: user=0.16 sys=0.00, real=0.06 secs]
2018-11-10T21:29:37.939+0800: 1319085.573: [GC (Allocation Failure) 2018-11-10T21:29:37.940+0800: 1319085.573: [ParNew: 480174K->25182K(480640K), 0.0227998 secs] 4524482K->4069492K(8344960K), 0.0230317 secs] [Times: user=0.09 sys=0.00, real=0.02 secs]
2018-11-10T21:29:47.129+0800: 1319094.763: [GC (Allocation Failure) 2018-11-10T21:29:47.130+0800: 1319094.763: [ParNew: 456833K->7350K(480640K), 0.0213414 secs] 4501143K->4051660K(8344960K), 0.0215775 secs] [Times: user=0.08 sys=0.00, real=0.02 secs]
2018-11-10T21:38:15.586+0800: 1319603.220: [GC (Allocation Failure) 2018-11-10T21:38:15.586+0800: 1319603.220: [ParNew: 444342K->14092K(480640K), 0.0510265 secs] 4488652K->4058402K(8344960K), 0.0514093 secs] [Times: user=0.13 sys=0.00, real=0.05 secs]
2018-11-10T21:55:29.436+0800: 1320637.070: [GC (Allocation Failure) 2018-11-10T21:55:29.437+0800: 1320637.070: [ParNew: 451084K->3279K(480640K), 0.0281026 secs] 4495394K->4047589K(8344960K), 0.0283709 secs] [Times: user=0.11 sys=0.00, real=0.02 secs]
2018-11-10T22:00:56.906+0800: 1320964.539: [GC (Allocation Failure) 2018-11-10T22:00:56.906+0800: 1320964.539: [ParNew: 440271K->9552K(480640K), 0.0449169 secs] 4484581K->4053863K(8344960K), 0.0451925 secs] [Times: user=0.13 sys=0.00, real=0.05 secs]
2018-11-10T22:13:07.308+0800: 1321694.941: [GC (Allocation Failure) 2018-11-10T22:13:07.308+0800: 1321694.941: [ParNew: 446544K->9733K(480640K), 0.0417094 secs] 4490855K->4054043K(8344960K), 0.0419582 secs] [Times: user=0.12 sys=0.00, real=0.04 secs]
2018-11-10T22:25:37.300+0800: 1322444.934: [GC (Allocation Failure) 2018-11-10T22:25:37.300+0800: 1322444.934: [ParNew: 446725K->9164K(480640K), 0.0357357 secs] 4491035K->4053474K(8344960K), 0.0359968 secs] [Times: user=0.04 sys=0.07, real=0.04 secs]
2018-11-10T22:38:35.399+0800: 1323223.032: [GC (Allocation Failure) 2018-11-10T22:38:35.399+0800: 1323223.033: [ParNew: 446156K->9819K(480640K), 0.0404213 secs] 4490466K->4054129K(8344960K), 0.0407128 secs] [Times: user=0.06 sys=0.05, real=0.04 secs]
2018-11-10T22:55:33.432+0800: 1324241.065: [GC (Allocation Failure) 2018-11-10T22:55:33.432+0800: 1324241.065: [ParNew: 446811K->4560K(480640K), 0.0259623 secs] 4491121K->4048871K(8344960K), 0.0262297 secs] [Times: user=0.09 sys=0.00, real=0.03 secs]
2018-11-10T23:05:33.430+0800: 1324841.064: [GC (Allocation Failure) 2018-11-10T23:05:33.430+0800: 1324841.064: [ParNew: 441552K->6908K(480640K), 0.0332234 secs] 4485863K->4051218K(8344960K), 0.0334797 secs] [Times: user=0.11 sys=0.00, real=0.03 secs]
2018-11-10T23:21:37.443+0800: 1325805.076: [GC (Allocation Failure) 2018-11-10T23:21:37.443+0800: 1325805.076: [ParNew: 443900K->4394K(480640K), 0.0284589 secs] 4488210K->4048704K(8344960K), 0.0286902 secs] [Times: user=0.02 sys=0.09, real=0.03 secs]
2018-11-10T23:37:01.650+0800: 1326729.283: [GC (Allocation Failure) 2018-11-10T23:37:01.650+0800: 1326729.284: [ParNew: 441386K->2859K(480640K), 0.0283618 secs] 4485696K->4047170K(8344960K), 0.0286302 secs] [Times: user=0.09 sys=0.02, real=0.03 secs]
2018-11-10T23:54:39.716+0800: 1327787.349: [GC (Allocation Failure) 2018-11-10T23:54:39.716+0800: 1327787.350: [ParNew: 439851K->2852K(480640K), 0.0265378 secs] 4484162K->4047163K(8344960K), 0.0268190 secs] [Times: user=0.09 sys=0.00, real=0.02 secs]
2018-11-11T00:03:35.651+0800: 1328323.284: [GC (Allocation Failure) 2018-11-11T00:03:35.651+0800: 1328323.284: [ParNew: 439844K->5057K(480640K), 0.0317125 secs] 4484155K->4049368K(8344960K), 0.0319866 secs] [Times: user=0.09 sys=0.02, real=0.03 secs]
2018-11-11T00:19:05.634+0800: 1329253.268: [GC (Allocation Failure) 2018-11-11T00:19:05.634+0800: 1329253.268: [ParNew: 442049K->3394K(480640K), 0.0269114 secs] 4486360K->4047704K(8344960K), 0.0271497 secs] [Times: user=0.04 sys=0.06, real=0.03 secs]
2018-11-11T00:35:08.368+0800: 1330216.002: [GC (Allocation Failure) 2018-11-11T00:35:08.368+0800: 1330216.002: [ParNew: 440386K->5191K(480640K), 0.0349332 secs] 4484696K->4049502K(8344960K), 0.0351870 secs] [Times: user=0.08 sys=0.05, real=0.03 secs]
2018-11-11T00:47:45.167+0800: 1330972.800: [GC (Allocation Failure) 2018-11-11T00:47:45.167+0800: 1330972.800: [ParNew: 442183K->7212K(480640K), 0.0353057 secs] 4486494K->4051537K(8344960K), 0.0355878 secs] [Times: user=0.04 sys=0.07, real=0.03 secs]
2018-11-11T01:00:07.978+0800: 1331715.611: [GC (Allocation Failure) 2018-11-11T01:00:07.978+0800: 1331715.612: [ParNew: 444204K->5811K(480640K), 0.0340468 secs] 4488529K->4050152K(8344960K), 0.0343300 secs] [Times: user=0.05 sys=0.06, real=0.03 secs]
2018-11-11T01:14:15.210+0800: 1332562.844: [GC (Allocation Failure) 2018-11-11T01:14:15.211+0800: 1332562.844: [ParNew: 442803K->4692K(480640K), 0.0303809 secs] 4487144K->4049052K(8344960K), 0.0306287 secs] [Times: user=0.04 sys=0.06, real=0.03 secs]
2018-11-11T01:29:47.996+0800: 1333495.629: [GC (Allocation Failure) 2018-11-11T01:29:47.996+0800: 1333495.629: [ParNew: 441684K->3273K(480640K), 0.0278033 secs] 4486044K->4047651K(8344960K), 0.0280893 secs] [Times: user=0.10 sys=0.00, real=0.02 secs]
2018-11-11T01:45:14.153+0800: 1334421.786: [GC (Allocation Failure) 2018-11-11T01:45:14.153+0800: 1334421.786: [ParNew: 440265K->5480K(480640K), 0.0339065 secs] 4484643K->4049896K(8344960K), 0.0341917 secs] [Times: user=0.04 sys=0.07, real=0.04 secs]
2018-11-11T01:57:11.620+0800: 1335139.253: [GC (Allocation Failure) 2018-11-11T01:57:11.620+0800: 1335139.253: [ParNew: 442472K->7699K(480640K), 0.0380434 secs] 4486888K->4052127K(8344960K), 0.0383490 secs] [Times: user=0.12 sys=0.00, real=0.04 secs]
2018-11-11T02:05:08.917+0800: 1335616.551: [GC (Allocation Failure) 2018-11-11T02:05:08.917+0800: 1335616.551: [ParNew: 444691K->9504K(480640K), 0.0401719 secs] 4489119K->4053946K(8344960K), 0.0404415 secs] [Times: user=0.11 sys=0.00, real=0.04 secs]
2018-11-11T02:20:40.462+0800: 1336548.095: [GC (Allocation Failure) 2018-11-11T02:20:40.462+0800: 1336548.095: [ParNew: 446496K->3708K(480640K), 0.0256828 secs] 4490938K->4048166K(8344960K), 0.0259301 secs] [Times: user=0.07 sys=0.03, real=0.03 secs]
2018-11-11T02:36:12.441+0800: 1337480.075: [GC (Allocation Failure) 2018-11-11T02:36:12.441+0800: 1337480.075: [ParNew: 440700K->3526K(480640K), 0.0281845 secs] 4485158K->4047995K(8344960K), 0.0284406 secs] [Times: user=0.04 sys=0.07, real=0.03 secs]
2018-11-11T02:53:44.674+0800: 1338532.307: [GC (Allocation Failure) 2018-11-11T02:53:44.674+0800: 1338532.307: [ParNew: 440518K->3540K(480640K), 0.0283746 secs] 4484987K->4048023K(8344960K), 0.0286553 secs] [Times: user=0.03 sys=0.07, real=0.03 secs]
2018-11-11T03:02:35.072+0800: 1339062.705: [GC (Allocation Failure) 2018-11-11T03:02:35.072+0800: 1339062.706: [ParNew: 440532K->5101K(480640K), 0.0342030 secs] 4485015K->4049598K(8344960K), 0.0344745 secs] [Times: user=0.05 sys=0.07, real=0.04 secs]
2018-11-11T03:18:09.956+0800: 1339997.590: [GC (Allocation Failure) 2018-11-11T03:18:09.956+0800: 1339997.590: [ParNew: 442093K->3519K(480640K), 0.0278023 secs] 4486590K->4048033K(8344960K), 0.0280753 secs] [Times: user=0.10 sys=0.00, real=0.02 secs]
2018-11-11T03:35:33.423+0800: 1341041.057: [GC (Allocation Failure) 2018-11-11T03:35:33.423+0800: 1341041.057: [ParNew: 440511K->5124K(480640K), 0.0293621 secs] 4485025K->4049941K(8344960K), 0.0296210 secs] [Times: user=0.09 sys=0.02, real=0.03 secs]
2018-11-11T03:51:15.766+0800: 1341983.399: [GC (Allocation Failure) 2018-11-11T03:51:15.766+0800: 1341983.399: [ParNew: 442116K->4621K(480640K), 0.0290388 secs] 4486933K->4049463K(8344960K), 0.0292955 secs] [Times: user=0.03 sys=0.06, real=0.02 secs]
2018-11-11T04:00:12.519+0800: 1342520.152: [GC (Allocation Failure) 2018-11-11T04:00:12.519+0800: 1342520.152: [ParNew: 441611K->6261K(480640K), 0.0381412 secs] 4486452K->4051126K(8344960K), 0.0384436 secs] [Times: user=0.13 sys=0.01, real=0.04 secs]
2018-11-11T04:15:41.744+0800: 1343449.377: [GC (Allocation Failure) 2018-11-11T04:15:41.744+0800: 1343449.377: [ParNew: 443253K->4048K(480640K), 0.0242065 secs] 4488118K->4048928K(8344960K), 0.0244773 secs] [Times: user=0.08 sys=0.00, real=0.03 secs]
2018-11-11T04:33:17.252+0800: 1344504.885: [GC (Allocation Failure) 2018-11-11T04:33:17.252+0800: 1344504.885: [ParNew: 441040K->3588K(480640K), 0.0275690 secs] 4485920K->4048480K(8344960K), 0.0278191 secs] [Times: user=0.04 sys=0.06, real=0.03 secs]
2018-11-11T04:48:49.396+0800: 1345437.029: [GC (Allocation Failure) 2018-11-11T04:48:49.396+0800: 1345437.029: [ParNew: 440580K->3035K(480640K), 0.0280489 secs] 4485472K->4047940K(8344960K), 0.0283082 secs] [Times: user=0.11 sys=0.00, real=0.03 secs]
2018-11-11T05:00:10.584+0800: 1346118.217: [GC (Allocation Failure) 2018-11-11T05:00:10.584+0800: 1346118.217: [ParNew: 440027K->5297K(480640K), 0.0393484 secs] 4484932K->4050216K(8344960K), 0.0396183 secs] [Times: user=0.12 sys=0.00, real=0.04 secs]
2018-11-11T05:15:23.035+0800: 1347030.668: [GC (Allocation Failure) 2018-11-11T05:15:23.035+0800: 1347030.668: [ParNew: 442289K->4452K(480640K), 0.0295683 secs] 4487208K->4049385K(8344960K), 0.0298365 secs] [Times: user=0.07 sys=0.05, real=0.03 secs]
2018-11-11T05:30:54.211+0800: 1347961.844: [GC (Allocation Failure) 2018-11-11T05:30:54.211+0800: 1347961.844: [ParNew: 441444K->2572K(480640K), 0.0278173 secs] 4486377K->4047517K(8344960K), 0.0280909 secs] [Times: user=0.04 sys=0.07, real=0.03 secs]
2018-11-11T05:46:17.992+0800: 1348885.626: [GC (Allocation Failure) 2018-11-11T05:46:17.992+0800: 1348885.626: [ParNew: 439564K->2828K(480640K), 0.0269181 secs] 4484509K->4047808K(8344960K), 0.0271690 secs] [Times: user=0.10 sys=0.00, real=0.03 secs]
2018-11-11T06:00:07.009+0800: 1349714.643: [GC (Allocation Failure) 2018-11-11T06:00:07.009+0800: 1349714.643: [ParNew: 439820K->4166K(480640K), 0.0320083 secs] 4484800K->4049160K(8344960K), 0.0323058 secs] [Times: user=0.05 sys=0.07, real=0.03 secs]
2018-11-11T06:12:41.972+0800: 1350469.605: [GC (Allocation Failure) 2018-11-11T06:12:41.972+0800: 1350469.606: [ParNew: 441158K->4597K(480640K), 0.0305911 secs] 4486152K->4049606K(8344960K), 0.0308613 secs] [Times: user=0.11 sys=0.00, real=0.03 secs]
2018-11-11T06:28:15.036+0800: 1351402.670: [GC (Allocation Failure) 2018-11-11T06:28:15.036+0800: 1351402.670: [ParNew: 441589K->2804K(480640K), 0.0284773 secs] 4486598K->4047831K(8344960K), 0.0287473 secs] [Times: user=0.03 sys=0.08, real=0.02 secs]
2018-11-11T06:45:33.424+0800: 1352441.057: [GC (Allocation Failure) 2018-11-11T06:45:33.424+0800: 1352441.057: [ParNew: 439796K->4955K(480640K), 0.0308092 secs] 4484823K->4050006K(8344960K), 0.0310887 secs] [Times: user=0.04 sys=0.07, real=0.03 secs]
2018-11-11T07:00:03.031+0800: 1353310.665: [GC (Allocation Failure) 2018-11-11T07:00:03.031+0800: 1353310.665: [ParNew: 441938K->4741K(480640K), 0.0306215 secs] 4486988K->4049806K(8344960K), 0.0308962 secs] [Times: user=0.11 sys=0.00, real=0.03 secs]
2018-11-11T07:10:18.316+0800: 1353925.950: [GC (Allocation Failure) 2018-11-11T07:10:18.316+0800: 1353925.950: [ParNew: 441733K->4336K(480640K), 0.0322250 secs] 4486798K->4049418K(8344960K), 0.0324790 secs] [Times: user=0.11 sys=0.00, real=0.03 secs]
2018-11-11T07:25:48.227+0800: 1354855.861: [GC (Allocation Failure) 2018-11-11T07:25:48.227+0800: 1354855.861: [ParNew: 441328K->3517K(480640K), 0.0286062 secs] 4486410K->4048614K(8344960K), 0.0288770 secs] [Times: user=0.11 sys=0.00, real=0.03 secs]
2018-11-11T07:43:24.212+0800: 1355911.846: [GC (Allocation Failure) 2018-11-11T07:43:24.213+0800: 1355911.846: [ParNew: 440509K->3561K(480640K), 0.0286019 secs] 4485606K->4048670K(8344960K), 0.0288530 secs] [Times: user=0.11 sys=0.00, real=0.03 secs]
2018-11-11T07:58:53.674+0800: 1356841.308: [GC (Allocation Failure) 2018-11-11T07:58:53.674+0800: 1356841.308: [ParNew: 440553K->3012K(480640K), 0.0271490 secs] 4485662K->4048136K(8344960K), 0.0273953 secs] [Times: user=0.08 sys=0.02, real=0.03 secs]
2018-11-11T08:07:49.555+0800: 1357377.188: [GC (Allocation Failure) 2018-11-11T08:07:49.555+0800: 1357377.188: [ParNew: 440004K->4839K(480640K), 0.0343703 secs] 4485128K->4049980K(8344960K), 0.0346476 secs] [Times: user=0.04 sys=0.08, real=0.04 secs]
2018-11-11T08:25:27.910+0800: 1358435.543: [GC (Allocation Failure) 2018-11-11T08:25:27.910+0800: 1358435.543: [ParNew: 441831K->3036K(480640K), 0.0270679 secs] 4486972K->4048191K(8344960K), 0.0273281 secs] [Times: user=0.10 sys=0.00, real=0.03 secs]
2018-11-11T08:41:00.595+0800: 1359368.229: [GC (Allocation Failure) 2018-11-11T08:41:00.595+0800: 1359368.229: [ParNew: 440028K->3014K(480640K), 0.0281019 secs] 4485183K->4048179K(8344960K), 0.0283678 secs] [Times: user=0.11 sys=0.00, real=0.03 secs]
2018-11-11T08:56:32.781+0800: 1360300.414: [GC (Allocation Failure) 2018-11-11T08:56:32.781+0800: 1360300.415: [ParNew: 440006K->3013K(480640K), 0.0281523 secs] 4485171K->4048197K(8344960K), 0.0284186 secs] [Times: user=0.04 sys=0.07, real=0.03 secs]
2018-11-11T09:05:38.881+0800: 1360846.514: [GC (Allocation Failure) 2018-11-11T09:05:38.881+0800: 1360846.514: [ParNew: 440005K->5099K(480640K), 0.0347985 secs] 4485189K->4050298K(8344960K), 0.0350848 secs] [Times: user=0.05 sys=0.07, real=0.04 secs]
2018-11-11T09:23:13.081+0800: 1361900.714: [GC (Allocation Failure) 2018-11-11T09:23:13.081+0800: 1361900.714: [ParNew: 442091K->3648K(480640K), 0.0285358 secs] 4487290K->4048862K(8344960K), 0.0288243 secs] [Times: user=0.04 sys=0.06, real=0.03 secs]
2018-11-11T09:38:44.184+0800: 1362831.817: [GC (Allocation Failure) 2018-11-11T09:38:44.184+0800: 1362831.817: [ParNew: 440640K->2749K(480640K), 0.0271085 secs] 4485854K->4047975K(8344960K), 0.0273710 secs] [Times: user=0.04 sys=0.06, real=0.04 secs]
2018-11-11T09:55:33.434+0800: 1363841.068: [GC (Allocation Failure) 2018-11-11T09:55:33.434+0800: 1363841.068: [ParNew: 439741K->4897K(480640K), 0.0264215 secs] 4484967K->4050140K(8344960K), 0.0266867 secs] [Times: user=0.08 sys=0.01, real=0.03 secs]
2018-11-11T10:05:03.203+0800: 1364410.837: [GC (Allocation Failure) 2018-11-11T10:05:03.203+0800: 1364410.837: [ParNew: 441889K->6029K(480640K), 0.0349671 secs] 4487132K->4051286K(8344960K), 0.0352257 secs] [Times: user=0.08 sys=0.03, real=0.04 secs]
2018-11-11T10:20:16.080+0800: 1365323.713: [GC (Allocation Failure) 2018-11-11T10:20:16.080+0800: 1365323.714: [ParNew: 443019K->2991K(480640K), 0.0276055 secs] 4488276K->4048264K(8344960K), 0.0278524 secs] [Times: user=0.11 sys=0.00, real=0.03 secs]
2018-11-11T10:35:44.184+0800: 1366251.817: [GC (Allocation Failure) 2018-11-11T10:35:44.184+0800: 1366251.818: [ParNew: 439983K->3325K(480640K), 0.0293394 secs] 4485256K->4048613K(8344960K), 0.0296065 secs] [Times: user=0.04 sys=0.07, real=0.03 secs]
2018-11-11T10:48:35.767+0800: 1367023.400: [GC (Allocation Failure) 2018-11-11T10:48:35.767+0800: 1367023.400: [ParNew: 440317K->8845K(480640K), 0.0417646 secs] 4485605K->4054146K(8344960K), 0.0420529 secs] [Times: user=0.12 sys=0.00, real=0.04 secs]
2018-11-11T11:00:10.734+0800: 1367718.368: [GC (Allocation Failure) 2018-11-11T11:00:10.734+0800: 1367718.368: [ParNew: 445837K->4687K(480640K), 0.0411283 secs] 4491138K->4050002K(8344960K), 0.0414930 secs] [Times: user=0.06 sys=0.07, real=0.05 secs]
2018-11-11T11:10:28.053+0800: 1368335.687: [GC (Allocation Failure) 2018-11-11T11:10:28.053+0800: 1368335.687: [ParNew: 441679K->9305K(480640K), 0.0404616 secs] 4486994K->4054638K(8344960K), 0.0407154 secs] [Times: user=0.04 sys=0.08, real=0.04 secs]
2018-11-11T11:25:44.184+0800: 1369251.817: [GC (Allocation Failure) 2018-11-11T11:25:44.184+0800: 1369251.818: [ParNew: 446297K->3089K(480640K), 0.0294225 secs] 4491630K->4048437K(8344960K), 0.0297127 secs] [Times: user=0.05 sys=0.07, real=0.03 secs]
2018-11-11T11:38:57.571+0800: 1370045.204: [GC (Allocation Failure) 2018-11-11T11:38:57.571+0800: 1370045.204: [ParNew: 440081K->8414K(480640K), 0.0390153 secs] 4485429K->4053791K(8344960K), 0.0393047 secs] [Times: user=0.05 sys=0.07, real=0.04 secs]
2018-11-11T11:55:33.434+0800: 1371041.067: [GC (Allocation Failure) 2018-11-11T11:55:33.434+0800: 1371041.067: [ParNew: 445406K->4701K(480640K), 0.0281560 secs] 4490783K->4050094K(8344960K), 0.0284240 secs] [Times: user=0.10 sys=0.00, real=0.03 secs]
2018-11-11T12:05:03.207+0800: 1371610.841: [GC (Allocation Failure) 2018-11-11T12:05:03.207+0800: 1371610.841: [ParNew: 441693K->6078K(480640K), 0.0344745 secs] 4487086K->4051486K(8344960K), 0.0347470 secs] [Times: user=0.09 sys=0.02, real=0.03 secs]
2018-11-11T12:20:19.920+0800: 1372527.554: [GC (Allocation Failure) 2018-11-11T12:20:19.921+0800: 1372527.554: [ParNew: 443070K->3027K(480640K), 0.0274971 secs] 4488478K->4048449K(8344960K), 0.0277564 secs] [Times: user=0.10 sys=0.00, real=0.03 secs]
2018-11-11T12:35:51.639+0800: 1373459.272: [GC (Allocation Failure) 2018-11-11T12:35:51.639+0800: 1373459.272: [ParNew: 440019K->3396K(480640K), 0.0277051 secs] 4485441K->4048831K(8344960K), 0.0279712 secs] [Times: user=0.11 sys=0.00, real=0.03 secs]
2018-11-11T12:50:10.273+0800: 1374317.906: [GC (Allocation Failure) 2018-11-11T12:50:10.273+0800: 1374317.906: [ParNew: 440388K->7148K(480640K), 0.0361396 secs] 4485823K->4052599K(8344960K), 0.0363864 secs] [Times: user=0.05 sys=0.06, real=0.04 secs]
2018-11-11T13:00:08.330+0800: 1374915.964: [GC (Allocation Failure) 2018-11-11T13:00:08.330+0800: 1374915.964: [ParNew: 444135K->7460K(480640K), 0.0396908 secs] 4489586K->4052926K(8344960K), 0.0400662 secs] [Times: user=0.13 sys=0.00, real=0.04 secs]
2018-11-11T13:15:24.772+0800: 1375832.406: [GC (Allocation Failure) 2018-11-11T13:15:24.772+0800: 1375832.406: [ParNew: 444452K->4081K(480640K), 0.0312897 secs] 4489918K->4049562K(8344960K), 0.0316228 secs] [Times: user=0.11 sys=0.00, real=0.03 secs]
2018-11-11T13:26:35.036+0800: 1376502.669: [GC (Allocation Failure) 2018-11-11T13:26:35.036+0800: 1376502.669: [ParNew: 441073K->8290K(480640K), 0.0381968 secs] 4486554K->4053797K(8344960K), 0.0384710 secs] [Times: user=0.11 sys=0.00, real=0.03 secs]
2018-11-11T13:39:49.965+0800: 1377297.599: [GC (Allocation Failure) 2018-11-11T13:39:49.966+0800: 1377297.599: [ParNew: 445282K->8183K(480640K), 0.0385320 secs] 4490789K->4053705K(8344960K), 0.0388022 secs] [Times: user=0.06 sys=0.06, real=0.04 secs]
2018-11-11T13:48:39.262+0800: 1377826.896: [GC (Allocation Failure) 2018-11-11T13:48:39.262+0800: 1377826.896: [ParNew: 445175K->14045K(480640K), 0.0504242 secs] 4490697K->4059582K(8344960K), 0.0507003 secs] [Times: user=0.05 sys=0.07, real=0.05 secs]
2018-11-11T14:00:03.306+0800: 1378510.939: [GC (Allocation Failure) 2018-11-11T14:00:03.306+0800: 1378510.940: [ParNew: 451037K->9775K(480640K), 0.0448577 secs] 4496574K->4055331K(8344960K), 0.0451256 secs] [Times: user=0.06 sys=0.07, real=0.04 secs]
2018-11-11T14:04:11.475+0800: 1378759.108: [GC (Allocation Failure) 2018-11-11T14:04:11.475+0800: 1378759.109: [ParNew: 446767K->15224K(480640K), 0.0547804 secs] 4492323K->4060791K(8344960K), 0.0550568 secs] [Times: user=0.13 sys=0.00, real=0.06 secs]
2018-11-11T14:19:45.000+0800: 1379692.634: [GC (Allocation Failure) 2018-11-11T14:19:45.000+0800: 1379692.634: [ParNew: 452216K->3557K(480640K), 0.0294345 secs] 4497783K->4049137K(8344960K), 0.0296856 secs] [Times: user=0.04 sys=0.05, real=0.03 secs]
2018-11-11T14:35:37.299+0800: 1380644.932: [GC (Allocation Failure) 2018-11-11T14:35:37.299+0800: 1380644.932: [ParNew: 440549K->4903K(480640K), 0.0295814 secs] 4486129K->4050498K(8344960K), 0.0298682 secs] [Times: user=0.11 sys=0.00, real=0.03 secs]
2018-11-11T14:52:49.212+0800: 1381676.846: [GC (Allocation Failure) 2018-11-11T14:52:49.212+0800: 1381676.846: [ParNew: 441895K->4186K(480640K), 0.0293547 secs] 4487490K->4049794K(8344960K), 0.0295997 secs] [Times: user=0.04 sys=0.06, real=0.03 secs]
2018-11-11T15:01:47.996+0800: 1382215.629: [GC (Allocation Failure) 2018-11-11T15:01:47.996+0800: 1382215.630: [ParNew: 441178K->4506K(480640K), 0.0357560 secs] 4486785K->4050129K(8344960K), 0.0360351 secs] [Times: user=0.12 sys=0.00, real=0.03 secs]
2018-11-11T15:17:19.002+0800: 1383146.635: [GC (Allocation Failure) 2018-11-11T15:17:19.002+0800: 1383146.635: [ParNew: 441498K->2948K(480640K), 0.0277280 secs] 4487121K->4048588K(8344960K), 0.0279891 secs] [Times: user=0.10 sys=0.00, real=0.03 secs]
2018-11-11T15:26:14.273+0800: 1383681.907: [GC (Allocation Failure) 2018-11-11T15:26:14.273+0800: 1383681.907: [ParNew: 439940K->13775K(480640K), 0.0517032 secs] 4485580K->4059430K(8344960K), 0.0519700 secs] [Times: user=0.14 sys=0.00, real=0.05 secs]
2018-11-11T15:43:47.884+0800: 1384735.517: [GC (Allocation Failure) 2018-11-11T15:43:47.884+0800: 1384735.517: [ParNew: 450767K->3276K(480640K), 0.0277854 secs] 4496422K->4048945K(8344960K), 0.0280461 secs] [Times: user=0.10 sys=0.00, real=0.03 secs]
2018-11-11T15:59:22.195+0800: 1385669.828: [GC (Allocation Failure) 2018-11-11T15:59:22.195+0800: 1385669.829: [ParNew: 440268K->3057K(480640K), 0.0292226 secs] 4485937K->4048743K(8344960K), 0.0294895 secs] [Times: user=0.11 sys=0.00, real=0.03 secs]
2018-11-11T16:08:19.353+0800: 1386206.986: [GC (Allocation Failure) 2018-11-11T16:08:19.353+0800: 1386206.986: [ParNew: 440049K->4671K(480640K), 0.0347978 secs] 4485735K->4050367K(8344960K), 0.0350742 secs] [Times: user=0.12 sys=0.00, real=0.04 secs]
2018-11-11T16:25:33.426+0800: 1387241.059: [GC (Allocation Failure) 2018-11-11T16:25:33.426+0800: 1387241.060: [ParNew: 441663K->4974K(480640K), 0.0303304 secs] 4487359K->4050688K(8344960K), 0.0306003 secs] [Times: user=0.11 sys=0.00, real=0.03 secs]
2018-11-11T16:41:27.259+0800: 1388194.892: [GC (Allocation Failure) 2018-11-11T16:41:27.259+0800: 1388194.892: [ParNew: 441966K->4794K(480640K), 0.0282462 secs] 4487680K->4050522K(8344960K), 0.0285005 secs] [Times: user=0.05 sys=0.06, real=0.03 secs]
2018-11-11T16:56:52.110+0800: 1389119.744: [GC (Allocation Failure) 2018-11-11T16:56:52.111+0800: 1389119.744: [ParNew: 441786K->3032K(480640K), 0.0277186 secs] 4487514K->4048773K(8344960K), 0.0279792 secs] [Times: user=0.07 sys=0.03, real=0.03 secs]
2018-11-11T17:05:54.956+0800: 1389662.590: [GC (Allocation Failure) 2018-11-11T17:05:54.956+0800: 1389662.590: [ParNew: 440024K->5442K(480640K), 0.0331740 secs] 4485765K->4051191K(8344960K), 0.0334168 secs] [Times: user=0.07 sys=0.04, real=0.03 secs]
2018-11-11T17:19:09.957+0800: 1390457.590: [GC (Allocation Failure) 2018-11-11T17:19:09.957+0800: 1390457.590: [ParNew: 442434K->8796K(480640K), 0.0377301 secs] 4488183K->4054555K(8344960K), 0.0379950 secs] [Times: user=0.11 sys=0.00, real=0.03 secs]
2018-11-11T17:32:12.944+0800: 1391240.578: [GC (Allocation Failure) 2018-11-11T17:32:12.945+0800: 1391240.578: [ParNew: 445788K->7993K(480640K), 0.0398824 secs] 4491547K->4053757K(8344960K), 0.0401534 secs] [Times: user=0.12 sys=0.00, real=0.04 secs]
2018-11-11T17:42:12.625+0800: 1391840.259: [GC (Allocation Failure) 2018-11-11T17:42:12.626+0800: 1391840.259: [ParNew: 444985K->12198K(480640K), 0.0475603 secs] 4490749K->4057976K(8344960K), 0.0478328 secs] [Times: user=0.06 sys=0.07, real=0.05 secs]
2018-11-11T17:56:30.660+0800: 1392698.293: [GC (Allocation Failure) 2018-11-11T17:56:30.660+0800: 1392698.294: [ParNew: 449190K->4816K(480640K), 0.0305309 secs] 4494968K->4050609K(8344960K), 0.0307998 secs] [Times: user=0.09 sys=0.00, real=0.03 secs]
2018-11-11T18:05:41.315+0800: 1393248.949: [GC (Allocation Failure) 2018-11-11T18:05:41.316+0800: 1393248.949: [ParNew: 441808K->5049K(480640K), 0.0357480 secs] 4487601K->4050857K(8344960K), 0.0360338 secs] [Times: user=0.12 sys=0.00, real=0.04 secs]
2018-11-11T18:23:15.766+0800: 1394303.399: [GC (Allocation Failure) 2018-11-11T18:23:15.766+0800: 1394303.399: [ParNew: 442041K->3275K(480640K), 0.0291320 secs] 4487849K->4049092K(8344960K), 0.0294019 secs] [Times: user=0.01 sys=0.08, real=0.02 secs]
2018-11-11T18:38:50.450+0800: 1395238.083: [GC (Allocation Failure) 2018-11-11T18:38:50.450+0800: 1395238.083: [ParNew: 440267K->3046K(480640K), 0.0287225 secs] 4486084K->4048878K(8344960K), 0.0289943 secs] [Times: user=0.11 sys=0.00, real=0.03 secs]
2018-11-11T18:55:33.435+0800: 1396241.068: [GC (Allocation Failure) 2018-11-11T18:55:33.435+0800: 1396241.068: [ParNew: 440038K->4824K(480640K), 0.0276214 secs] 4485870K->4050667K(8344960K), 0.0278934 secs] [Times: user=0.04 sys=0.06, real=0.04 secs]
2018-11-11T19:05:19.934+0800: 1396827.567: [GC (Allocation Failure) 2018-11-11T19:05:19.934+0800: 1396827.568: [ParNew: 441816K->6036K(480640K), 0.0351447 secs] 4487659K->4051896K(8344960K), 0.0354290 secs] [Times: user=0.12 sys=0.00, real=0.04 secs]
2018-11-11T19:20:56.211+0800: 1397763.845: [GC (Allocation Failure) 2018-11-11T19:20:56.212+0800: 1397763.845: [ParNew: 443024K->2962K(480640K), 0.0290038 secs] 4488884K->4048836K(8344960K), 0.0292672 secs] [Times: user=0.11 sys=0.00, real=0.03 secs]
2018-11-11T19:36:24.957+0800: 1398692.590: [GC (Allocation Failure) 2018-11-11T19:36:24.957+0800: 1398692.590: [ParNew: 439954K->2918K(480640K), 0.0265481 secs] 4485828K->4048805K(8344960K), 0.0267774 secs] [Times: user=0.10 sys=0.00, real=0.02 secs]
2018-11-11T19:54:08.593+0800: 1399756.227: [GC (Allocation Failure) 2018-11-11T19:54:08.593+0800: 1399756.227: [ParNew: 439910K->3019K(480640K), 0.0275225 secs] 4485797K->4048923K(8344960K), 0.0277852 secs] [Times: user=0.04 sys=0.06, real=0.03 secs]
2018-11-11T20:01:09.333+0800: 1400176.967: [GC (Allocation Failure) 2018-11-11T20:01:09.333+0800: 1400176.967: [ParNew: 440011K->7318K(480640K), 0.0467937 secs] 4485915K->4053236K(8344960K), 0.0471269 secs] [Times: user=0.12 sys=0.00, real=0.05 secs]
2018-11-11T20:15:33.434+0800: 1401041.068: [GC (Allocation Failure) 2018-11-11T20:15:33.435+0800: 1401041.068: [ParNew: 444310K->7897K(480640K), 0.0355450 secs] 4490228K->4053829K(8344960K), 0.0358111 secs] [Times: user=0.12 sys=0.00, real=0.04 secs]
2018-11-11T20:31:54.959+0800: 1402022.592: [GC (Allocation Failure) 2018-11-11T20:31:54.959+0800: 1402022.592: [ParNew: 444889K->4480K(480640K), 0.0269012 secs] 4490821K->4050438K(8344960K), 0.0271663 secs] [Times: user=0.04 sys=0.06, real=0.03 secs]
2018-11-11T20:47:24.212+0800: 1402951.845: [GC (Allocation Failure) 2018-11-11T20:47:24.212+0800: 1402951.846: [ParNew: 441472K->2962K(480640K), 0.0294151 secs] 4487430K->4048935K(8344960K), 0.0296638 secs] [Times: user=0.05 sys=0.06, real=0.03 secs]
2018-11-11T21:00:01.234+0800: 1403708.867: [GC (Allocation Failure) 2018-11-11T21:00:01.234+0800: 1403708.867: [ParNew: 439954K->9090K(480640K), 0.0428908 secs] 4485927K->4055078K(8344960K), 0.0431696 secs] [Times: user=0.12 sys=0.00, real=0.05 secs]
2018-11-11T21:05:37.304+0800: 1404044.938: [GC (Allocation Failure) 2018-11-11T21:05:37.304+0800: 1404044.938: [ParNew: 446082K->11709K(480640K), 0.0459239 secs] 4492070K->4057707K(8344960K), 0.0462015 secs] [Times: user=0.13 sys=0.00, real=0.05 secs]
2018-11-11T21:22:44.176+0800: 1405071.809: [GC (Allocation Failure) 2018-11-11T21:22:44.176+0800: 1405071.809: [ParNew: 448701K->4639K(480640K), 0.0283775 secs] 4494699K->4050650K(8344960K), 0.0286559 secs] [Times: user=0.05 sys=0.06, real=0.03 secs]
2018-11-11T21:38:16.945+0800: 1406004.579: [GC (Allocation Failure) 2018-11-11T21:38:16.945+0800: 1406004.579: [ParNew: 441631K->2979K(480640K), 0.0277239 secs] 4487642K->4049020K(8344960K), 0.0279715 secs] [Times: user=0.10 sys=0.00, real=0.03 secs]
2018-11-11T21:55:33.427+0800: 1407041.061: [GC (Allocation Failure) 2018-11-11T21:55:33.428+0800: 1407041.061: [ParNew: 439971K->5072K(480640K), 0.0285647 secs] 4486012K->4051130K(8344960K), 0.0288240 secs] [Times: user=0.11 sys=0.00, real=0.03 secs]
2018-11-11T22:05:13.676+0800: 1407621.309: [GC (Allocation Failure) 2018-11-11T22:05:13.676+0800: 1407621.309: [ParNew: 442064K->6571K(480640K), 0.0357857 secs] 4488122K->4052643K(8344960K), 0.0360737 secs] [Times: user=0.11 sys=0.00, real=0.03 secs]
2018-11-11T22:20:38.861+0800: 1408546.494: [GC (Allocation Failure) 2018-11-11T22:20:38.861+0800: 1408546.494: [ParNew: 443563K->3120K(480640K), 0.0278390 secs] 4489635K->4049207K(8344960K), 0.0281094 secs] [Times: user=0.10 sys=0.00, real=0.03 secs]
2018-11-11T22:36:05.854+0800: 1409473.487: [GC (Allocation Failure) 2018-11-11T22:36:05.854+0800: 1409473.487: [ParNew: 440112K->2941K(480640K), 0.0277507 secs] 4486199K->4049042K(8344960K), 0.0280542 secs] [Times: user=0.04 sys=0.06, real=0.03 secs]
2018-11-11T22:53:49.467+0800: 1410537.101: [GC (Allocation Failure) 2018-11-11T22:53:49.467+0800: 1410537.101: [ParNew: 439933K->3035K(480640K), 0.0262931 secs] 4486034K->4049150K(8344960K), 0.0265841 secs] [Times: user=0.09 sys=0.00, real=0.02 secs]
2018-11-11T23:02:54.239+0800: 1411081.873: [GC (Allocation Failure) 2018-11-11T23:02:54.239+0800: 1411081.873: [ParNew: 440027K->4661K(480640K), 0.0366441 secs] 4486142K->4050790K(8344960K), 0.0369584 secs] [Times: user=0.06 sys=0.07, real=0.04 secs]
2018-11-11T23:18:23.551+0800: 1412011.184: [GC (Allocation Failure) 2018-11-11T23:18:23.551+0800: 1412011.184: [ParNew: 441653K->3062K(480640K), 0.0261644 secs] 4487782K->4049209K(8344960K), 0.0264227 secs] [Times: user=0.09 sys=0.01, real=0.03 secs]
2018-11-11T23:35:33.433+0800: 1413041.066: [GC (Allocation Failure) 2018-11-11T23:35:33.433+0800: 1413041.066: [ParNew: 440054K->4384K(480640K), 0.0321209 secs] 4486201K->4050540K(8344960K), 0.0324077 secs] [Times: user=0.11 sys=0.00, real=0.03 secs]
2018-11-11T23:51:33.024+0800: 1414000.657: [GC (Allocation Failure) 2018-11-11T23:51:33.024+0800: 1414000.657: [ParNew: 441376K->3975K(480640K), 0.0276294 secs] 4487532K->4050145K(8344960K), 0.0279123 secs] [Times: user=0.05 sys=0.06, real=0.03 secs]
2018-11-12T00:01:09.412+0800: 1414577.045: [GC (Allocation Failure) 2018-11-12T00:01:09.412+0800: 1414577.045: [ParNew: 440967K->5014K(480640K), 0.0329995 secs] 4487137K->4051200K(8344960K), 0.0332822 secs] [Times: user=0.12 sys=0.00, real=0.03 secs]
2018-11-12T00:16:44.344+0800: 1415511.978: [GC (Allocation Failure) 2018-11-12T00:16:44.345+0800: 1415511.978: [ParNew: 442006K->3340K(480640K), 0.0267108 secs] 4488192K->4049541K(8344960K), 0.0269684 secs] [Times: user=0.04 sys=0.06, real=0.03 secs]
2018-11-12T00:34:19.765+0800: 1416567.399: [GC (Allocation Failure) 2018-11-12T00:34:19.765+0800: 1416567.399: [ParNew: 440332K->3483K(480640K), 0.0323846 secs] 4486533K->4049699K(8344960K), 0.0326770 secs] [Times: user=0.04 sys=0.07, real=0.04 secs]
2018-11-12T00:49:49.233+0800: 1417496.866: [GC (Allocation Failure) 2018-11-12T00:49:49.233+0800: 1417496.866: [ParNew: 440475K->3484K(480640K), 0.0275420 secs] 4486691K->4049720K(8344960K), 0.0277936 secs] [Times: user=0.04 sys=0.06, real=0.03 secs]
2018-11-12T01:00:10.337+0800: 1418117.971: [GC (Allocation Failure) 2018-11-12T01:00:10.337+0800: 1418117.971: [ParNew: 440476K->6598K(480640K), 0.0334908 secs] 4486712K->4052850K(8344960K), 0.0337590 secs] [Times: user=0.06 sys=0.05, real=0.03 secs]
2018-11-12T01:15:37.298+0800: 1419044.931: [GC (Allocation Failure) 2018-11-12T01:15:37.298+0800: 1419044.931: [ParNew: 443590K->5363K(480640K), 0.0312250 secs] 4489842K->4051629K(8344960K), 0.0314924 secs] [Times: user=0.11 sys=0.00, real=0.03 secs]
2018-11-12T01:32:41.946+0800: 1420069.579: [GC (Allocation Failure) 2018-11-12T01:32:41.946+0800: 1420069.579: [ParNew: 442355K->4881K(480640K), 0.0282813 secs] 4488621K->4051163K(8344960K), 0.0285708 secs] [Times: user=0.11 sys=0.00, real=0.02 secs]
2018-11-12T01:48:13.634+0800: 1421001.268: [GC (Allocation Failure) 2018-11-12T01:48:13.635+0800: 1421001.268: [ParNew: 441873K->3704K(480640K), 0.0285675 secs] 4488155K->4049999K(8344960K), 0.0288255 secs] [Times: user=0.11 sys=0.00, real=0.03 secs]
2018-11-12T02:00:14.919+0800: 1421722.552: [GC (Allocation Failure) 2018-11-12T02:00:14.919+0800: 1421722.552: [ParNew: 440696K->5491K(480640K), 0.0448510 secs] 4486991K->4051801K(8344960K), 0.0451519 secs] [Times: user=0.13 sys=0.00, real=0.04 secs]
2018-11-12T02:15:27.870+0800: 1422635.503: [GC (Allocation Failure) 2018-11-12T02:15:27.870+0800: 1422635.503: [ParNew: 442483K->4401K(480640K), 0.0293282 secs] 4488793K->4050725K(8344960K), 0.0295695 secs] [Times: user=0.07 sys=0.04, real=0.03 secs]
2018-11-12T02:30:52.746+0800: 1423560.379: [GC (Allocation Failure) 2018-11-12T02:30:52.746+0800: 1423560.379: [ParNew: 441393K->3383K(480640K), 0.0283724 secs] 4487717K->4049723K(8344960K), 0.0286432 secs] [Times: user=0.10 sys=0.01, real=0.03 secs]
2018-11-12T02:46:22.602+0800: 1424490.235: [GC (Allocation Failure) 2018-11-12T02:46:22.602+0800: 1424490.235: [ParNew: 440375K->3782K(480640K), 0.0263732 secs] 4486715K->4050131K(8344960K), 0.0266066 secs] [Times: user=0.04 sys=0.06, real=0.03 secs]
2018-11-12T03:00:05.532+0800: 1425313.166: [GC (Allocation Failure) 2018-11-12T03:00:05.533+0800: 1425313.166: [ParNew: 440774K->6333K(480640K), 0.0329564 secs] 4487123K->4052696K(8344960K), 0.0332301 secs] [Times: user=0.12 sys=0.00, real=0.03 secs]
2018-11-12T03:13:39.957+0800: 1426127.590: [GC (Allocation Failure) 2018-11-12T03:13:39.957+0800: 1426127.590: [ParNew: 443325K->5302K(480640K), 0.0307308 secs] 4489688K->4051681K(8344960K), 0.0310003 secs] [Times: user=0.04 sys=0.06, real=0.03 secs]
2018-11-12T03:29:09.957+0800: 1427057.591: [GC (Allocation Failure) 2018-11-12T03:29:09.957+0800: 1427057.591: [ParNew: 442294K->3190K(480640K), 0.0276905 secs] 4488673K->4049584K(8344960K), 0.0279624 secs] [Times: user=0.04 sys=0.07, real=0.02 secs]
2018-11-12T03:45:37.278+0800: 1428044.912: [GC (Allocation Failure) 2018-11-12T03:45:37.278+0800: 1428044.912: [ParNew: 440182K->4355K(480640K), 0.0287210 secs] 4486576K->4051065K(8344960K), 0.0289997 secs] [Times: user=0.11 sys=0.00, real=0.03 secs]
2018-11-12T04:00:05.038+0800: 1428912.671: [GC (Allocation Failure) 2018-11-12T04:00:05.038+0800: 1428912.671: [ParNew: 441347K->4619K(480640K), 0.0317341 secs] 4488057K->4051353K(8344960K), 0.0320137 secs] [Times: user=0.11 sys=0.00, real=0.03 secs]
2018-11-12T04:11:48.369+0800: 1429616.002: [GC (Allocation Failure) 2018-11-12T04:11:48.369+0800: 1429616.002: [ParNew: 441611K->3901K(480640K), 0.0320760 secs] 4488345K->4050652K(8344960K), 0.0323357 secs] [Times: user=0.11 sys=0.00, real=0.03 secs]
2018-11-12T04:27:19.552+0800: 1430547.185: [GC (Allocation Failure) 2018-11-12T04:27:19.552+0800: 1430547.185: [ParNew: 440893K->2899K(480640K), 0.0302304 secs] 4487644K->4049664K(8344960K), 0.0304891 secs] [Times: user=0.11 sys=0.00, real=0.03 secs]
2018-11-12T04:44:51.622+0800: 1431599.256: [GC (Allocation Failure) 2018-11-12T04:44:51.622+0800: 1431599.256: [ParNew: 439891K->2991K(480640K), 0.0287741 secs] 4486656K->4049767K(8344960K), 0.0290397 secs] [Times: user=0.11 sys=0.00, real=0.03 secs]
2018-11-12T05:00:00.837+0800: 1432508.470: [GC (Allocation Failure) 2018-11-12T05:00:00.837+0800: 1432508.470: [ParNew: 439983K->3071K(480640K), 0.0346422 secs] 4486759K->4049862K(8344960K), 0.0349059 secs] [Times: user=0.04 sys=0.05, real=0.03 secs]
2018-11-12T05:10:09.036+0800: 1433116.669: [GC (Allocation Failure) 2018-11-12T05:10:09.036+0800: 1433116.669: [ParNew: 440063K->4726K(480640K), 0.0318625 secs] 4486854K->4051533K(8344960K), 0.0321518 secs] [Times: user=0.11 sys=0.00, real=0.04 secs]
2018-11-12T05:25:39.236+0800: 1434046.869: [GC (Allocation Failure) 2018-11-12T05:25:39.236+0800: 1434046.869: [ParNew: 441718K->3604K(480640K), 0.0279761 secs] 4488525K->4050425K(8344960K), 0.0282574 secs] [Times: user=0.10 sys=0.00, real=0.03 secs]
2018-11-12T05:43:21.116+0800: 1435108.750: [GC (Allocation Failure) 2018-11-12T05:43:21.116+0800: 1435108.750: [ParNew: 440596K->3595K(480640K), 0.0277336 secs] 4487417K->4050428K(8344960K), 0.0280033 secs] [Times: user=0.08 sys=0.01, real=0.02 secs]
2018-11-12T05:58:49.098+0800: 1436036.731: [GC (Allocation Failure) 2018-11-12T05:58:49.098+0800: 1436036.731: [ParNew: 440587K->2430K(480640K), 0.0267053 secs] 4487420K->4049280K(8344960K), 0.0269654 secs] [Times: user=0.10 sys=0.01, real=0.02 secs]
2018-11-12T06:08:26.537+0800: 1436614.170: [GC (Allocation Failure) 2018-11-12T06:08:26.537+0800: 1436614.170: [ParNew: 439422K->4741K(480640K), 0.0331889 secs] 4486272K->4051606K(8344960K), 0.0334417 secs] [Times: user=0.04 sys=0.06, real=0.03 secs]
2018-11-12T06:25:33.434+0800: 1437641.067: [GC (Allocation Failure) 2018-11-12T06:25:33.434+0800: 1437641.067: [ParNew: 441733K->4410K(480640K), 0.0301022 secs] 4488598K->4051290K(8344960K), 0.0303800 secs] [Times: user=0.11 sys=0.00, real=0.03 secs]
2018-11-12T06:41:39.956+0800: 1438607.590: [GC (Allocation Failure) 2018-11-12T06:41:39.956+0800: 1438607.590: [ParNew: 441402K->4016K(480640K), 0.0287748 secs] 4488282K->4050908K(8344960K), 0.0290465 secs] [Times: user=0.05 sys=0.06, real=0.02 secs]
2018-11-12T06:57:08.451+0800: 1439536.084: [GC (Allocation Failure) 2018-11-12T06:57:08.451+0800: 1439536.085: [ParNew: 441008K->2781K(480640K), 0.0277191 secs] 4487900K->4049690K(8344960K), 0.0280188 secs] [Times: user=0.07 sys=0.03, real=0.03 secs]
2018-11-12T07:06:52.355+0800: 1440119.989: [GC (Allocation Failure) 2018-11-12T07:06:52.355+0800: 1440119.989: [ParNew: 439773K->4827K(480640K), 0.0287759 secs] 4486682K->4051751K(8344960K), 0.0290321 secs] [Times: user=0.09 sys=0.00, real=0.03 secs]
2018-11-12T07:20:00.638+0800: 1440908.272: [GC (Allocation Failure) 2018-11-12T07:20:00.638+0800: 1440908.272: [ParNew: 441819K->8657K(480640K), 0.0397016 secs] 4488743K->4055596K(8344960K), 0.0399743 secs] [Times: user=0.06 sys=0.07, real=0.04 secs]
2018-11-12T07:35:37.304+0800: 1441844.938: [GC (Allocation Failure) 2018-11-12T07:35:37.304+0800: 1441844.938: [ParNew: 445649K->5504K(480640K), 0.0273202 secs] 4492588K->4052457K(8344960K), 0.0275721 secs] [Times: user=0.10 sys=0.00, real=0.03 secs]
2018-11-12T07:53:05.864+0800: 1442893.497: [GC (Allocation Failure) 2018-11-12T07:53:05.864+0800: 1442893.497: [ParNew: 442496K->4984K(480640K), 0.0279320 secs] 4489449K->4051951K(8344960K), 0.0282156 secs] [Times: user=0.04 sys=0.07, real=0.03 secs]
2018-11-12T08:00:09.436+0800: 1443317.070: [GC (Allocation Failure) 2018-11-12T08:00:09.436+0800: 1443317.070: [ParNew: 441976K->10828K(480640K), 0.0466552 secs] 4488943K->4057810K(8344960K), 0.0469422 secs] [Times: user=0.14 sys=0.00, real=0.04 secs]
2018-11-12T08:11:21.057+0800: 1443988.690: [GC (Allocation Failure) 2018-11-12T08:11:21.057+0800: 1443988.690: [ParNew: 447820K->9454K(480640K), 0.0378871 secs] 4494802K->4056453K(8344960K), 0.0381415 secs] [Times: user=0.11 sys=0.00, real=0.03 secs]
2018-11-12T08:26:51.265+0800: 1444918.898: [GC (Allocation Failure) 2018-11-12T08:26:51.265+0800: 1444918.898: [ParNew: 446446K->2843K(480640K), 0.0271130 secs] 4493445K->4049856K(8344960K), 0.0273953 secs] [Times: user=0.10 sys=0.00, real=0.03 secs]
2018-11-12T08:40:02.242+0800: 1445709.876: [GC (Allocation Failure) 2018-11-12T08:40:02.242+0800: 1445709.876: [ParNew: 439835K->8606K(480640K), 0.0383475 secs] 4486848K->4055632K(8344960K), 0.0385921 secs] [Times: user=0.11 sys=0.00, real=0.04 secs]
2018-11-12T08:51:09.633+0800: 1446377.267: [GC (Allocation Failure) 2018-11-12T08:51:09.633+0800: 1446377.267: [ParNew: 445598K->10649K(480640K), 0.0433879 secs] 4492624K->4057689K(8344960K), 0.0436663 secs] [Times: user=0.12 sys=0.00, real=0.05 secs]
2018-11-12T09:00:03.987+0800: 1446911.621: [GC (Allocation Failure) 2018-11-12T09:00:03.988+0800: 1446911.621: [ParNew: 447641K->12383K(480640K), 0.0483804 secs] 4494681K->4059440K(8344960K), 0.0486549 secs] [Times: user=0.06 sys=0.06, real=0.05 secs]
2018-11-12T09:11:02.536+0800: 1447570.169: [GC (Allocation Failure) 2018-11-12T09:11:02.536+0800: 1447570.169: [ParNew: 449375K->5460K(480640K), 0.0347909 secs] 4496432K->4052531K(8344960K), 0.0350384 secs] [Times: user=0.07 sys=0.05, real=0.03 secs]
2018-11-12T09:17:10.548+0800: 1447938.182: [GC (Allocation Failure) 2018-11-12T09:17:10.548+0800: 1447938.182: [ParNew: 442452K->17682K(480640K), 0.0570568 secs] 4489523K->4064763K(8344960K), 0.0573298 secs] [Times: user=0.14 sys=0.00, real=0.05 secs]
2018-11-12T09:25:37.297+0800: 1448444.931: [GC (Allocation Failure) 2018-11-12T09:25:37.298+0800: 1448444.931: [ParNew: 454674K->17019K(480640K), 0.0528233 secs] 4501755K->4064117K(8344960K), 0.0530863 secs] [Times: user=0.13 sys=0.00, real=0.05 secs]
2018-11-12T09:32:13.945+0800: 1448841.579: [GC (Allocation Failure) 2018-11-12T09:32:13.945+0800: 1448841.579: [ParNew: 454011K->19382K(480640K), 0.0582620 secs] 4501109K->4066494K(8344960K), 0.0585325 secs] [Times: user=0.06 sys=0.08, real=0.06 secs]
2018-11-12T09:44:54.956+0800: 1449602.590: [GC (Allocation Failure) 2018-11-12T09:44:54.956+0800: 1449602.590: [ParNew: 456374K->9104K(480640K), 0.0414692 secs] 4503486K->4056230K(8344960K), 0.0417449 secs] [Times: user=0.12 sys=0.00, real=0.04 secs]
2018-11-12T09:55:14.579+0800: 1450222.212: [GC (Allocation Failure) 2018-11-12T09:55:14.579+0800: 1450222.212: [ParNew: 446096K->12036K(480640K), 0.0455678 secs] 4493222K->4059188K(8344960K), 0.0458262 secs] [Times: user=0.07 sys=0.05, real=0.04 secs]
2018-11-12T10:00:08.408+0800: 1450516.042: [GC (Allocation Failure) 2018-11-12T10:00:08.408+0800: 1450516.042: [ParNew: 449028K->14260K(480640K), 0.0547492 secs] 4496180K->4061440K(8344960K), 0.0550186 secs] [Times: user=0.15 sys=0.00, real=0.05 secs]
2018-11-12T10:07:00.913+0800: 1450928.547: [GC (Allocation Failure) 2018-11-12T10:07:00.913+0800: 1450928.547: [ParNew: 451251K->13333K(480640K), 0.0529995 secs] 4498431K->4060528K(8344960K), 0.0532653 secs] [Times: user=0.11 sys=0.00, real=0.06 secs]
2018-11-12T10:16:07.568+0800: 1451475.202: [GC (Allocation Failure) 2018-11-12T10:16:07.568+0800: 1451475.202: [ParNew: 450325K->13710K(480640K), 0.0518327 secs] 4497520K->4060921K(8344960K), 0.0521232 secs] [Times: user=0.05 sys=0.09, real=0.05 secs]
2018-11-12T10:26:12.984+0800: 1452080.618: [GC (Allocation Failure) 2018-11-12T10:26:12.984+0800: 1452080.618: [ParNew: 450702K->11644K(480640K), 0.0470081 secs] 4497913K->4058883K(8344960K), 0.0472789 secs] [Times: user=0.13 sys=0.00, real=0.05 secs]
2018-11-12T10:35:27.052+0800: 1452634.685: [GC (Allocation Failure) 2018-11-12T10:35:27.052+0800: 1452634.685: [ParNew: 448636K->15585K(480640K), 0.0524210 secs] 4495875K->4062839K(8344960K), 0.0526908 secs] [Times: user=0.13 sys=0.00, real=0.05 secs]
2018-11-12T10:43:54.959+0800: 1453142.592: [GC (Allocation Failure) 2018-11-12T10:43:54.959+0800: 1453142.592: [ParNew: 452577K->13744K(480640K), 0.0484078 secs] 4499831K->4061012K(8344960K), 0.0486755 secs] [Times: user=0.13 sys=0.00, real=0.05 secs]
2018-11-12T10:52:41.645+0800: 1453669.279: [GC (Allocation Failure) 2018-11-12T10:52:41.645+0800: 1453669.279: [ParNew: 450736K->13581K(480640K), 0.0526599 secs] 4498004K->4060861K(8344960K), 0.0529337 secs] [Times: user=0.14 sys=0.00, real=0.06 secs]
2018-11-12T10:57:05.616+0800: 1453933.250: [GC (Allocation Failure) 2018-11-12T10:57:05.616+0800: 1453933.250: [ParNew: 450573K->18691K(480640K), 0.0598023 secs] 4497853K->4065982K(8344960K), 0.0600955 secs] [Times: user=0.14 sys=0.00, real=0.06 secs]
2018-11-12T11:04:15.172+0800: 1454362.805: [GC (Allocation Failure) 2018-11-12T11:04:15.172+0800: 1454362.805: [ParNew: 455683K->10121K(480640K), 0.0417232 secs] 4502974K->4057420K(8344960K), 0.0419895 secs] [Times: user=0.04 sys=0.06, real=0.04 secs]
2018-11-12T11:12:48.652+0800: 1454876.285: [GC (Allocation Failure) 2018-11-12T11:12:48.652+0800: 1454876.285: [ParNew: 447113K->13507K(480640K), 0.0442823 secs] 4494412K->4060820K(8344960K), 0.0445524 secs] [Times: user=0.03 sys=0.07, real=0.05 secs]
2018-11-12T11:21:17.151+0800: 1455384.784: [GC (Allocation Failure) 2018-11-12T11:21:17.151+0800: 1455384.784: [ParNew: 450499K->13508K(480640K), 0.0492524 secs] 4497812K->4060827K(8344960K), 0.0495465 secs] [Times: user=0.13 sys=0.00, real=0.05 secs]
2018-11-12T11:36:43.258+0800: 1456310.892: [GC (Allocation Failure) 2018-11-12T11:36:43.258+0800: 1456310.892: [ParNew: 450500K->3416K(480640K), 0.0296941 secs] 4497819K->4050742K(8344960K), 0.0299396 secs] [Times: user=0.05 sys=0.07, real=0.03 secs]
2018-11-12T11:49:39.402+0800: 1457087.035: [GC (Allocation Failure) 2018-11-12T11:49:39.402+0800: 1457087.035: [ParNew: 440408K->8161K(480640K), 0.0397748 secs] 4487734K->4055494K(8344960K), 0.0400442 secs] [Times: user=0.11 sys=0.00, real=0.04 secs]
2018-11-12T12:00:10.843+0800: 1457718.477: [GC (Allocation Failure) 2018-11-12T12:00:10.844+0800: 1457718.477: [ParNew: 445153K->5492K(480640K), 0.0382839 secs] 4492486K->4052837K(8344960K), 0.0386449 secs] [Times: user=0.13 sys=0.00, real=0.04 secs]
2018-11-12T12:15:33.435+0800: 1458641.069: [GC (Allocation Failure) 2018-11-12T12:15:33.435+0800: 1458641.069: [ParNew: 442484K->5090K(480640K), 0.0297290 secs] 4489829K->4052445K(8344960K), 0.0300070 secs] [Times: user=0.11 sys=0.00, real=0.03 secs]
2018-11-12T12:31:40.761+0800: 1459608.395: [GC (Allocation Failure) 2018-11-12T12:31:40.761+0800: 1459608.395: [ParNew: 442082K->4667K(480640K), 0.0287798 secs] 4489437K->4052040K(8344960K), 0.0290629 secs] [Times: user=0.05 sys=0.06, real=0.03 secs]
2018-11-12T12:46:54.480+0800: 1460522.113: [GC (Allocation Failure) 2018-11-12T12:46:54.480+0800: 1460522.114: [ParNew: 441659K->3022K(480640K), 0.0278817 secs] 4489032K->4050410K(8344960K), 0.0281425 secs] [Times: user=0.11 sys=0.00, real=0.03 secs]
2018-11-12T13:00:06.595+0800: 1461314.229: [GC (Allocation Failure) 2018-11-12T13:00:06.595+0800: 1461314.229: [ParNew: 440014K->4610K(480640K), 0.0359618 secs] 4487402K->4052014K(8344960K), 0.0363040 secs] [Times: user=0.12 sys=0.00, real=0.04 secs]
2018-11-12T13:14:05.004+0800: 1462152.637: [GC (Allocation Failure) 2018-11-12T13:14:05.004+0800: 1462152.637: [ParNew: 441602K->4404K(480640K), 0.0381725 secs] 4489006K->4051819K(8344960K), 0.0384472 secs] [Times: user=0.13 sys=0.00, real=0.04 secs]
2018-11-12T13:29:34.068+0800: 1463081.701: [GC (Allocation Failure) 2018-11-12T13:29:34.068+0800: 1463081.701: [ParNew: 441396K->2798K(480640K), 0.0285401 secs] 4488811K->4050224K(8344960K), 0.0287867 secs] [Times: user=0.09 sys=0.00, real=0.03 secs]
2018-11-12T13:45:37.298+0800: 1464044.932: [GC (Allocation Failure) 2018-11-12T13:45:37.298+0800: 1464044.932: [ParNew: 439790K->4469K(480640K), 0.0291625 secs] 4487216K->4051903K(8344960K), 0.0294405 secs] [Times: user=0.11 sys=0.00, real=0.03 secs]
2018-11-12T14:00:06.001+0800: 1464913.635: [GC (Allocation Failure) 2018-11-12T14:00:06.002+0800: 1464913.635: [ParNew: 441461K->4704K(480640K), 0.0328901 secs] 4488895K->4052146K(8344960K), 0.0331551 secs] [Times: user=0.12 sys=0.00, real=0.03 secs]
2018-11-12T14:12:16.777+0800: 1465644.410: [GC (Allocation Failure) 2018-11-12T14:12:16.777+0800: 1465644.410: [ParNew: 441696K->4736K(480640K), 0.0348545 secs] 4489138K->4052181K(8344960K), 0.0351452 secs] [Times: user=0.09 sys=0.00, real=0.03 secs]
2018-11-12T14:27:47.121+0800: 1466574.754: [GC (Allocation Failure) 2018-11-12T14:27:47.121+0800: 1466574.754: [ParNew: 441728K->2690K(480640K), 0.0275621 secs] 4489173K->4050159K(8344960K), 0.0278089 secs] [Times: user=0.07 sys=0.04, real=0.03 secs]
2018-11-12T14:45:23.622+0800: 1467631.255: [GC (Allocation Failure) 2018-11-12T14:45:23.622+0800: 1467631.256: [ParNew: 439682K->2857K(480640K), 0.0274415 secs] 4487151K->4050334K(8344960K), 0.0276884 secs] [Times: user=0.11 sys=0.00, real=0.03 secs]
2018-11-12T15:00:02.238+0800: 1468509.872: [GC (Allocation Failure) 2018-11-12T15:00:02.238+0800: 1468509.872: [ParNew: 439849K->3182K(480640K), 0.0309547 secs] 4487326K->4050668K(8344960K), 0.0312235 secs] [Times: user=0.08 sys=0.03, real=0.03 secs]
2018-11-12T15:10:39.438+0800: 1469147.072: [GC (Allocation Failure) 2018-11-12T15:10:39.438+0800: 1469147.072: [ParNew: 440174K->4710K(480640K), 0.0325901 secs] 4487660K->4052209K(8344960K), 0.0328681 secs] [Times: user=0.04 sys=0.06, real=0.03 secs]
2018-11-12T15:26:14.637+0800: 1470082.271: [GC (Allocation Failure) 2018-11-12T15:26:14.638+0800: 1470082.271: [ParNew: 441702K->3212K(480640K), 0.0280796 secs] 4489201K->4050732K(8344960K), 0.0283610 secs] [Times: user=0.10 sys=0.01, real=0.03 secs]
2018-11-12T15:35:37.296+0800: 1470644.930: [GC (Allocation Failure) 2018-11-12T15:35:37.296+0800: 1470644.930: [ParNew: 440204K->15023K(480640K), 0.0507256 secs] 4487724K->4062553K(8344960K), 0.0509880 secs] [Times: user=0.13 sys=0.00, real=0.05 secs]
2018-11-12T15:48:10.937+0800: 1471398.570: [GC (Allocation Failure) 2018-11-12T15:48:10.937+0800: 1471398.570: [ParNew: 452015K->9720K(480640K), 0.0430369 secs] 4499545K->4057269K(8344960K), 0.0433005 secs] [Times: user=0.05 sys=0.08, real=0.04 secs]
2018-11-12T16:00:08.172+0800: 1472115.805: [GC (Allocation Failure) 2018-11-12T16:00:08.172+0800: 1472115.805: [ParNew: 446710K->5349K(480640K), 0.0350081 secs] 4494258K->4052912K(8344960K), 0.0352783 secs] [Times: user=0.12 sys=0.00, real=0.04 secs]
2018-11-12T16:07:12.778+0800: 1472540.412: [GC (Allocation Failure) 2018-11-12T16:07:12.778+0800: 1472540.412: [ParNew: 442341K->14449K(480640K), 0.0507143 secs] 4489904K->4062031K(8344960K), 0.0509812 secs] [Times: user=0.06 sys=0.07, real=0.05 secs]
2018-11-12T16:15:37.300+0800: 1473044.934: [GC (Allocation Failure) 2018-11-12T16:15:37.300+0800: 1473044.934: [ParNew: 451441K->16425K(480640K), 0.0533265 secs] 4499023K->4064020K(8344960K), 0.0536033 secs] [Times: user=0.13 sys=0.00, real=0.05 secs]
2018-11-12T16:25:33.433+0800: 1473641.067: [GC (Allocation Failure) 2018-11-12T16:25:33.434+0800: 1473641.067: [ParNew: 453417K->16627K(480640K), 0.0508614 secs] 4501012K->4064244K(8344960K), 0.0511451 secs] [Times: user=0.11 sys=0.01, real=0.05 secs]
2018-11-12T16:34:58.848+0800: 1474206.481: [GC (Allocation Failure) 2018-11-12T16:34:58.848+0800: 1474206.481: [ParNew: 453619K->15229K(480640K), 0.0492766 secs] 4501236K->4062861K(8344960K), 0.0495536 secs] [Times: user=0.04 sys=0.08, real=0.05 secs]
2018-11-12T16:43:45.569+0800: 1474733.203: [GC (Allocation Failure) 2018-11-12T16:43:45.569+0800: 1474733.203: [ParNew: 452221K->13593K(480640K), 0.0478219 secs] 4499853K->4061240K(8344960K), 0.0480745 secs] [Times: user=0.11 sys=0.00, real=0.05 secs]
2018-11-12T16:52:34.849+0800: 1475262.482: [GC (Allocation Failure) 2018-11-12T16:52:34.849+0800: 1475262.482: [ParNew: 450585K->13621K(480640K), 0.0495626 secs] 4498232K->4061311K(8344960K), 0.0498302 secs] [Times: user=0.13 sys=0.00, real=0.05 secs]
2018-11-12T16:56:04.862+0800: 1475472.496: [GC (Allocation Failure) 2018-11-12T16:56:04.862+0800: 1475472.496: [ParNew: 450613K->19867K(480640K), 0.0614180 secs] 4498303K->4067570K(8344960K), 0.0616721 secs] [Times: user=0.14 sys=0.00, real=0.06 secs]
2018-11-12T17:00:15.218+0800: 1475722.851: [GC (Allocation Failure) 2018-11-12T17:00:15.218+0800: 1475722.851: [ParNew: 456859K->14085K(480640K), 0.0694056 secs] 4504562K->4061802K(8344960K), 0.0697804 secs] [Times: user=0.15 sys=0.00, real=0.07 secs]
