zprofiler筛选出了【44】条疑似问题的GC，跳过了【17169】条可能正常的GC
过滤出来的GC中CMS GC比例占了【6%】【3/44】
存在【32】次疑似GCLocker过早触发的YGC



Java HotSpot(TM) 64-Bit Server VM (25.144-b01) for linux-amd64 JRE (1.8.0_144-b01), built on Jul 21 2017 21:57:33 by "java_re" with gcc 4.3.0 20080428 (Red Hat 4.3.0-8)
Memory: 4k page, physical 16267728k(13325220k free), swap 0k(0k free)
CommandLine flags: -XX:+CMSClassUnloadingEnabled -XX:CMSInitiatingOccupancyFraction=80
-XX:CMSMaxAbortablePrecleanTime=5000
-XX:+ExplicitGCInvokesConcurrent
-XX:+HeapDumpOnOutOfMemoryError
-XX:HeapDumpPath=/home/admin/logs/java.hprof
-XX:InitialHeapSize=8589934592
-XX:MaxDirectMemorySize=4294967296 -XX:MaxHeapSize=8589934592
-XX:MaxMetaspaceSize=536870912 -XX:MetaspaceSize=536870912
-XX:NewRatio=2 -XX:OldPLABSize=16 -XX:ParallelGCThreads=4
-XX:+PrintGC -XX:+PrintGCDateStamps -XX:+PrintGCDetails
-XX:+PrintGCTimeStamps -XX:SurvivorRatio=10 -XX:+UseCMSCompactAtFullCollection
-XX:+UseCMSInitiatingOccupancyOnly -XX:+UseCompressedClassPointers
-XX:+UseCompressedOops -XX:+UseConcMarkSweepGC -XX:+UseParNewGC
2018-11-10T15:39:24.875+0800: 6.365: [GC (Allocation Failure) 2018-11-10T15:39:24.875+0800: 6.365: [ParNew: 2330240K->92791K(2563200K), 0.1559452 secs] 2330240K->92791K(8155648K), 0.1561305 secs] [Times: user=0.42 sys=0.04, real=0.16 secs]
2018-11-10T15:39:34.714+0800: 16.204: [GC (Allocation Failure) 2018-11-10T15:39:34.714+0800: 16.204: [ParNew: 2423031K->158665K(2563200K), 0.1473200 secs] 2423031K->158665K(8155648K), 0.1475486 secs] [Times: user=0.28 sys=0.05, real=0.15 secs]
2018-11-10T15:39:51.472+0800: 32.962: [GC (Allocation Failure) 2018-11-10T15:39:51.472+0800: 32.962: [ParNew: 2488905K->118740K(2563200K), 0.2940847 secs] 2488905K->152622K(8155648K), 0.2943764 secs] [Times: user=0.85 sys=0.02, real=0.29 secs]
2018-11-10T15:39:59.036+0800: 40.526: [GC (Allocation Failure) 2018-11-10T15:39:59.036+0800: 40.526: [ParNew: 2448980K->152982K(2563200K), 0.1025756 secs] 2482862K->186864K(8155648K), 0.1028569 secs] [Times: user=0.25 sys=0.01, real=0.10 secs]
2018-11-10T15:40:13.841+0800: 55.331: [GC (Allocation Failure) 2018-11-10T15:40:13.842+0800: 55.332: [ParNew: 2483222K->125591K(2563200K), 0.1238541 secs] 2517104K->186376K(8155648K), 0.1242085 secs] [Times: user=0.31 sys=0.02, real=0.12 secs]
2018-11-10T15:40:26.405+0800: 67.895: [GC (Allocation Failure) 2018-11-10T15:40:26.405+0800: 67.895: [ParNew: 2455831K->29073K(2563200K), 0.0463166 secs] 2516616K->89858K(8155648K), 0.0467342 secs] [Times: user=0.16 sys=0.00, real=0.05 secs]
2018-11-10T15:40:42.367+0800: 83.857: [GC (Allocation Failure) 2018-11-10T15:40:42.367+0800: 83.857: [ParNew: 2359313K->85152K(2563200K), 0.0686522 secs] 2420098K->145937K(8155648K), 0.0690854 secs] [Times: user=0.26 sys=0.00, real=0.07 secs]
2018-11-10T15:40:59.165+0800: 100.655: [GC (Allocation Failure) 2018-11-10T15:40:59.165+0800: 100.655: [ParNew: 2415392K->42717K(2563200K), 0.0430174 secs] 2476177K->103503K(8155648K), 0.0433988 secs] [Times: user=0.16 sys=0.00, real=0.04 secs]
2018-11-10T15:41:08.948+0800: 110.438: [GC (Allocation Failure) 2018-11-10T15:41:08.948+0800: 110.438: [ParNew: 2372957K->105488K(2563200K), 0.0730480 secs] 2433743K->166274K(8155648K), 0.0734378 secs] [Times: user=0.28 sys=0.01, real=0.08 secs]
2018-11-10T15:41:15.453+0800: 116.943: [GC (Allocation Failure) 2018-11-10T15:41:15.453+0800: 116.944: [ParNew: 2435728K->166944K(2563200K), 0.1328802 secs] 2496514K->227729K(8155648K), 0.1333391 secs] [Times: user=0.50 sys=0.00, real=0.13 secs]
2018-11-10T15:41:18.730+0800: 120.220: [GC (Allocation Failure) 2018-11-10T15:41:18.730+0800: 120.220: [ParNew: 2497184K->82098K(2563200K), 0.0511225 secs] 2557969K->156584K(8155648K), 0.0515158 secs] [Times: user=0.17 sys=0.01, real=0.06 secs]
2018-11-10T15:41:35.013+0800: 136.503: [GC (Allocation Failure) 2018-11-10T15:41:35.013+0800: 136.503: [ParNew: 2412338K->20937K(2563200K), 0.0337067 secs] 2486824K->95422K(8155648K), 0.0340977 secs] [Times: user=0.12 sys=0.00, real=0.03 secs]
2018-11-10T15:41:59.292+0800: 160.782: [GC (Allocation Failure) 2018-11-10T15:41:59.293+0800: 160.783: [ParNew: 2351177K->15033K(2563200K), 0.0427287 secs] 2425662K->89518K(8155648K), 0.0431801 secs] [Times: user=0.16 sys=0.00, real=0.04 secs]
2018-11-10T15:42:14.479+0800: 175.969: [GC (Allocation Failure) 2018-11-10T15:42:14.479+0800: 175.969: [ParNew: 2345273K->9420K(2563200K), 0.0337800 secs] 2419758K->83906K(8155648K), 0.0341462 secs] [Times: user=0.12 sys=0.00, real=0.04 secs]
2018-11-10T15:42:23.291+0800: 184.781: [GC (Allocation Failure) 2018-11-10T15:42:23.291+0800: 184.781: [ParNew: 2338915K->11648K(2563200K), 0.0348225 secs] 2413401K->86133K(8155648K), 0.0352155 secs] [Times: user=0.12 sys=0.00, real=0.03 secs]
2018-11-10T15:42:26.801+0800: 188.291: [GC (Allocation Failure) 2018-11-10T15:42:26.801+0800: 188.291: [ParNew: 2341888K->93681K(2563200K), 0.0958684 secs] 2416373K->168167K(8155648K), 0.0962574 secs] [Times: user=0.37 sys=0.00, real=0.09 secs]
2018-11-10T15:42:40.690+0800: 202.180: [GC (Allocation Failure) 2018-11-10T15:42:40.690+0800: 202.180: [ParNew: 2423921K->68758K(2563200K), 0.0345980 secs] 2498407K->143243K(8155648K), 0.0349528 secs] [Times: user=0.12 sys=0.00, real=0.04 secs]
2018-11-10T15:42:58.196+0800: 219.686: [GC (Allocation Failure) 2018-11-10T15:42:58.196+0800: 219.686: [ParNew: 2398998K->23886K(2563200K), 0.0347342 secs] 2473483K->98371K(8155648K), 0.0351078 secs] [Times: user=0.13 sys=0.00, real=0.04 secs]
2018-11-10T15:43:11.376+0800: 232.866: [GC (Allocation Failure) 2018-11-10T15:43:11.376+0800: 232.867: [ParNew: 2354126K->8875K(2563200K), 0.0353235 secs] 2428611K->83360K(8155648K), 0.0356903 secs] [Times: user=0.12 sys=0.00, real=0.04 secs]
2018-11-10T15:43:21.296+0800: 242.786: [GC (Allocation Failure) 2018-11-10T15:43:21.296+0800: 242.786: [ParNew: 2339115K->3192K(2563200K), 0.0327502 secs] 2413600K->77677K(8155648K), 0.0331115 secs] [Times: user=0.11 sys=0.00, real=0.03 secs]
2018-11-10T15:43:58.401+0800: 279.891: [GC (Allocation Failure) 2018-11-10T15:43:58.401+0800: 279.891: [ParNew: 2333432K->5193K(2563200K), 0.0321672 secs] 2407917K->79678K(8155648K), 0.0324853 secs] [Times: user=0.11 sys=0.00, real=0.03 secs]
2018-11-10T15:44:30.768+0800: 312.258: [GC (Allocation Failure) 2018-11-10T15:44:30.768+0800: 312.258: [ParNew: 2335433K->4298K(2563200K), 0.0313033 secs] 2409918K->78783K(8155648K), 0.0315917 secs] [Times: user=0.12 sys=0.00, real=0.03 secs]
2018-11-10T15:44:55.514+0800: 337.004: [GC (Allocation Failure) 2018-11-10T15:44:55.515+0800: 337.005: [ParNew: 2334538K->9217K(2563200K), 0.0330001 secs] 2409023K->83703K(8155648K), 0.0334027 secs] [Times: user=0.12 sys=0.00, real=0.03 secs]
2018-11-10T15:45:11.946+0800: 353.436: [GC (Allocation Failure) 2018-11-10T15:45:11.946+0800: 353.436: [ParNew: 2339457K->6487K(2563200K), 0.0338346 secs] 2413943K->80973K(8155648K), 0.0342018 secs] [Times: user=0.13 sys=0.00, real=0.03 secs]
2018-11-10T15:45:17.349+0800: 358.840: [GC (Allocation Failure) 2018-11-10T15:45:17.350+0800: 358.840: [ParNew: 2305857K->25161K(2563200K), 0.0343416 secs] 2380343K->99703K(8155648K), 0.0347192 secs] [Times: user=0.13 sys=0.00, real=0.04 secs]
2018-11-10T15:45:27.310+0800: 368.800: [GC (Allocation Failure) 2018-11-10T15:45:27.311+0800: 368.801: [ParNew: 2355401K->9828K(2563200K), 0.0481797 secs] 2429943K->84783K(8155648K), 0.0485884 secs] [Times: user=0.18 sys=0.00, real=0.05 secs]
2018-11-10T15:45:34.568+0800: 376.058: [GC (Allocation Failure) 2018-11-10T15:45:34.568+0800: 376.058: [ParNew: 2340068K->24183K(2563200K), 0.0583509 secs] 2415023K->99255K(8155648K), 0.0587635 secs] [Times: user=0.22 sys=0.00, real=0.06 secs]
2018-11-10T15:46:24.901+0800: 426.391: [GC (Allocation Failure) 2018-11-10T15:46:24.902+0800: 426.392: [ParNew: 2354423K->15833K(2563200K), 0.0331551 secs] 2429495K->91175K(8155648K), 0.0335068 secs] [Times: user=0.13 sys=0.00, real=0.03 secs]
2018-11-10T15:46:50.063+0800: 451.554: [GC (Allocation Failure) 2018-11-10T15:46:50.064+0800: 451.554: [ParNew: 2346073K->10203K(2563200K), 0.0352572 secs] 2421415K->85647K(8155648K), 0.0356370 secs] [Times: user=0.13 sys=0.00, real=0.03 secs]
2018-11-10T15:46:52.343+0800: 453.833: [GC (Allocation Failure) 2018-11-10T15:46:52.343+0800: 453.833: [ParNew: 2340443K->7510K(2563200K), 0.0340448 secs] 2415887K->83190K(8155648K), 0.0344373 secs] [Times: user=0.12 sys=0.00, real=0.03 secs]
2018-11-10T15:47:05.373+0800: 466.863: [GC (Allocation Failure) 2018-11-10T15:47:05.373+0800: 466.863: [ParNew: 2337750K->6913K(2563200K), 0.0325386 secs] 2413430K->82718K(8155648K), 0.0328194 secs] [Times: user=0.12 sys=0.00, real=0.03 secs]
2018-11-10T15:47:35.021+0800: 496.511: [GC (Allocation Failure) 2018-11-10T15:47:35.021+0800: 496.511: [ParNew: 2337153K->35215K(2563200K), 0.0530517 secs] 2412958K->111210K(8155648K), 0.0534395 secs] [Times: user=0.19 sys=0.00, real=0.05 secs]
2018-11-10T15:47:54.643+0800: 516.133: [GC (Allocation Failure) 2018-11-10T15:47:54.643+0800: 516.133: [ParNew: 2365455K->25793K(2563200K), 0.0333807 secs] 2441450K->101797K(8155648K), 0.0337214 secs] [Times: user=0.12 sys=0.00, real=0.03 secs]
2018-11-10T15:48:23.384+0800: 544.874: [GC (Allocation Failure) 2018-11-10T15:48:23.384+0800: 544.874: [ParNew: 2352942K->15130K(2563200K), 0.0334261 secs] 2428946K->91392K(8155648K), 0.0337963 secs] [Times: user=0.12 sys=0.00, real=0.03 secs]
2018-11-10T15:48:44.417+0800: 565.907: [GC (Allocation Failure) 2018-11-10T15:48:44.418+0800: 565.908: [ParNew: 2345370K->2476K(2563200K), 0.0332592 secs] 2421632K->78760K(8155648K), 0.0336107 secs] [Times: user=0.13 sys=0.00, real=0.04 secs]
2018-11-10T15:49:05.303+0800: 586.793: [GC (Allocation Failure) 2018-11-10T15:49:05.304+0800: 586.794: [ParNew: 2332716K->2914K(2563200K), 0.0373488 secs] 2409000K->79212K(8155648K), 0.0377762 secs] [Times: user=0.14 sys=0.00, real=0.04 secs]
2018-11-10T15:49:34.229+0800: 615.719: [GC (Allocation Failure) 2018-11-10T15:49:34.230+0800: 615.720: [ParNew: 2333154K->4116K(2563200K), 0.0335065 secs] 2409452K->80491K(8155648K), 0.0338536 secs] [Times: user=0.12 sys=0.00, real=0.04 secs]
2018-11-10T15:49:59.375+0800: 640.865: [GC (Allocation Failure) 2018-11-10T15:49:59.375+0800: 640.865: [ParNew: 2334356K->4834K(2563200K), 0.0347948 secs] 2410731K->81217K(8155648K), 0.0351142 secs] [Times: user=0.12 sys=0.00, real=0.03 secs]
2018-11-10T15:50:02.500+0800: 643.990: [GC (Allocation Failure) 2018-11-10T15:50:02.500+0800: 643.990: [ParNew: 2335074K->4715K(2563200K), 0.0314365 secs] 2411457K->81188K(8155648K), 0.0317519 secs] [Times: user=0.12 sys=0.00, real=0.04 secs]
2018-11-10T15:50:09.029+0800: 650.519: [GC (Allocation Failure) 2018-11-10T15:50:09.029+0800: 650.519: [ParNew: 2334955K->4483K(2563200K), 0.0336882 secs] 2411428K->81060K(8155648K), 0.0340471 secs] [Times: user=0.12 sys=0.00, real=0.04 secs]
2018-11-10T15:50:17.948+0800: 659.438: [GC (Allocation Failure) 2018-11-10T15:50:17.948+0800: 659.438: [ParNew: 2334723K->26896K(2563200K), 0.0451799 secs] 2411300K->103526K(8155648K), 0.0455559 secs] [Times: user=0.17 sys=0.00, real=0.05 secs]
2018-11-10T15:50:31.335+0800: 672.826: [GC (Allocation Failure) 2018-11-10T15:50:31.336+0800: 672.826: [ParNew: 2357136K->20131K(2563200K), 0.0323140 secs] 2433766K->96762K(8155648K), 0.0326697 secs] [Times: user=0.11 sys=0.00, real=0.03 secs]
2018-11-10T15:51:04.936+0800: 706.426: [GC (Allocation Failure) 2018-11-10T15:51:04.936+0800: 706.426: [ParNew: 2350371K->9964K(2563200K), 0.0341457 secs] 2427002K->86680K(8155648K), 0.0345307 secs] [Times: user=0.12 sys=0.00, real=0.04 secs]
2018-11-10T15:51:28.171+0800: 729.661: [GC (Allocation Failure) 2018-11-10T15:51:28.171+0800: 729.661: [ParNew: 2340204K->23637K(2563200K), 0.0430009 secs] 2416920K->100409K(8155648K), 0.0433547 secs] [Times: user=0.16 sys=0.00, real=0.04 secs]
2018-11-10T15:51:50.963+0800: 752.453: [GC (Allocation Failure) 2018-11-10T15:51:50.964+0800: 752.454: [ParNew: 2353877K->24013K(2563200K), 0.0383590 secs] 2430649K->100959K(8155648K), 0.0387655 secs] [Times: user=0.14 sys=0.00, real=0.04 secs]
2018-11-10T15:52:16.331+0800: 777.821: [GC (Allocation Failure) 2018-11-10T15:52:16.331+0800: 777.821: [ParNew: 2354253K->16261K(2563200K), 0.0354369 secs] 2431199K->93394K(8155648K), 0.0357633 secs] [Times: user=0.13 sys=0.00, real=0.03 secs]
2018-11-10T15:52:48.791+0800: 810.281: [GC (Allocation Failure) 2018-11-10T15:52:48.791+0800: 810.281: [ParNew: 2346501K->9836K(2563200K), 0.0327870 secs] 2423634K->87177K(8155648K), 0.0331162 secs] [Times: user=0.12 sys=0.00, real=0.03 secs]
2018-11-10T15:53:18.476+0800: 839.966: [GC (Allocation Failure) 2018-11-10T15:53:18.476+0800: 839.966: [ParNew: 2340076K->18083K(2563200K), 0.0352545 secs] 2417417K->95428K(8155648K), 0.0356206 secs] [Times: user=0.12 sys=0.00, real=0.04 secs]
2018-11-10T15:53:34.629+0800: 856.119: [GC (Allocation Failure) 2018-11-10T15:53:34.629+0800: 856.119: [ParNew: 2348323K->9547K(2563200K), 0.0329885 secs] 2425668K->86899K(8155648K), 0.0333129 secs] [Times: user=0.11 sys=0.00, real=0.04 secs]
2018-11-10T15:54:13.709+0800: 895.199: [GC (Allocation Failure) 2018-11-10T15:54:13.709+0800: 895.199: [ParNew: 2339787K->6072K(2563200K), 0.0338590 secs] 2417139K->83460K(8155648K), 0.0342113 secs] [Times: user=0.12 sys=0.00, real=0.04 secs]
2018-11-10T15:54:49.237+0800: 930.727: [GC (Allocation Failure) 2018-11-10T15:54:49.238+0800: 930.728: [ParNew: 2336312K->6445K(2563200K), 0.0358809 secs] 2413700K->83843K(8155648K), 0.0363481 secs] [Times: user=0.12 sys=0.00, real=0.04 secs]
2018-11-10T15:55:10.083+0800: 951.573: [GC (Allocation Failure) 2018-11-10T15:55:10.083+0800: 951.573: [ParNew: 2336685K->36271K(2563200K), 0.0530432 secs] 2414083K->113671K(8155648K), 0.0534219 secs] [Times: user=0.20 sys=0.00, real=0.05 secs]
2018-11-10T15:55:45.529+0800: 987.019: [GC (Allocation Failure) 2018-11-10T15:55:45.529+0800: 987.019: [ParNew: 2366511K->26558K(2563200K), 0.0341353 secs] 2443911K->103964K(8155648K), 0.0345044 secs] [Times: user=0.12 sys=0.00, real=0.04 secs]
2018-11-10T15:55:59.266+0800: 1000.756: [GC (Allocation Failure) 2018-11-10T15:55:59.266+0800: 1000.756: [ParNew: 2356798K->10451K(2563200K), 0.0353784 secs] 2434204K->87898K(8155648K), 0.0357403 secs] [Times: user=0.13 sys=0.00, real=0.04 secs]
2018-11-10T15:56:34.148+0800: 1035.638: [GC (Allocation Failure) 2018-11-10T15:56:34.148+0800: 1035.638: [ParNew: 2340691K->5416K(2563200K), 0.0359889 secs] 2418138K->83007K(8155648K), 0.0363512 secs] [Times: user=0.13 sys=0.00, real=0.04 secs]
2018-11-10T15:57:29.397+0800: 1090.887: [GC (Allocation Failure) 2018-11-10T15:57:29.397+0800: 1090.887: [ParNew: 2335656K->5576K(2563200K), 0.0355291 secs] 2413247K->83168K(8155648K), 0.0359427 secs] [Times: user=0.13 sys=0.00, real=0.04 secs]
2018-11-10T15:57:33.717+0800: 1095.207: [GC (Allocation Failure) 2018-11-10T15:57:33.717+0800: 1095.207: [ParNew: 2335816K->46787K(2563200K), 0.0460248 secs] 2413408K->124408K(8155648K), 0.0463928 secs] [Times: user=0.17 sys=0.00, real=0.05 secs]
2018-11-10T15:57:40.742+0800: 1102.232: [GC (Allocation Failure) 2018-11-10T15:57:40.742+0800: 1102.232: [ParNew: 2377027K->15867K(2563200K), 0.0326665 secs] 2454648K->93927K(8155648K), 0.0329911 secs] [Times: user=0.12 sys=0.00, real=0.03 secs]
2018-11-10T15:58:13.308+0800: 1134.799: [GC (Allocation Failure) 2018-11-10T15:58:13.309+0800: 1134.799: [ParNew: 2346107K->19387K(2563200K), 0.0394406 secs] 2424167K->97464K(8155648K), 0.0398655 secs] [Times: user=0.14 sys=0.00, real=0.04 secs]
2018-11-10T15:58:43.541+0800: 1165.031: [GC (Allocation Failure) 2018-11-10T15:58:43.541+0800: 1165.031: [ParNew: 2349627K->75169K(2563200K), 0.0636948 secs] 2427704K->153250K(8155648K), 0.0640867 secs] [Times: user=0.24 sys=0.00, real=0.06 secs]
2018-11-10T15:58:58.600+0800: 1180.090: [GC (Allocation Failure) 2018-11-10T15:58:58.600+0800: 1180.090: [ParNew: 2405409K->39597K(2563200K), 0.0343573 secs] 2483490K->117749K(8155648K), 0.0347329 secs] [Times: user=0.12 sys=0.00, real=0.04 secs]
2018-11-10T15:59:29.719+0800: 1211.209: [GC (Allocation Failure) 2018-11-10T15:59:29.719+0800: 1211.209: [ParNew: 2369837K->16173K(2563200K), 0.0336769 secs] 2447989K->94331K(8155648K), 0.0340277 secs] [Times: user=0.12 sys=0.00, real=0.04 secs]
2018-11-10T15:59:53.085+0800: 1234.575: [GC (Allocation Failure) 2018-11-10T15:59:53.085+0800: 1234.575: [ParNew: 2346413K->8674K(2563200K), 0.0334229 secs] 2424571K->86833K(8155648K), 0.0337754 secs] [Times: user=0.12 sys=0.00, real=0.03 secs]
2018-11-10T16:00:01.368+0800: 1242.858: [GC (Allocation Failure) 2018-11-10T16:00:01.368+0800: 1242.858: [ParNew: 2336419K->26009K(2563200K), 0.0346524 secs] 2414579K->104239K(8155648K), 0.0349984 secs] [Times: user=0.13 sys=0.00, real=0.04 secs]
2018-11-10T16:00:26.035+0800: 1267.525: [GC (Allocation Failure) 2018-11-10T16:00:26.035+0800: 1267.525: [ParNew: 2356249K->5271K(2563200K), 0.0322786 secs] 2434479K->83505K(8155648K), 0.0326382 secs] [Times: user=0.11 sys=0.00, real=0.03 secs]
2018-11-10T16:01:16.434+0800: 1317.924: [GC (Allocation Failure) 2018-11-10T16:01:16.434+0800: 1317.924: [ParNew: 2335507K->2219K(2563200K), 0.0315245 secs] 2413740K->80454K(8155648K), 0.0318585 secs] [Times: user=0.11 sys=0.00, real=0.03 secs]
2018-11-10T16:01:32.407+0800: 1333.897: [GC (Allocation Failure) 2018-11-10T16:01:32.407+0800: 1333.897: [ParNew: 2332459K->9155K(2563200K), 0.0333755 secs] 2410694K->87392K(8155648K), 0.0337463 secs] [Times: user=0.12 sys=0.00, real=0.04 secs]
2018-11-10T16:02:17.010+0800: 1378.500: [GC (Allocation Failure) 2018-11-10T16:02:17.010+0800: 1378.500: [ParNew: 2337653K->6097K(2563200K), 0.0302455 secs] 2415891K->84339K(8155648K), 0.0305235 secs] [Times: user=0.11 sys=0.00, real=0.03 secs]
2018-11-10T16:03:00.113+0800: 1421.603: [GC (Allocation Failure) 2018-11-10T16:03:00.113+0800: 1421.603: [ParNew: 2336337K->6353K(2563200K), 0.0320670 secs] 2414579K->84596K(8155648K), 0.0323818 secs] [Times: user=0.11 sys=0.00, real=0.03 secs]
2018-11-10T16:03:47.946+0800: 1469.436: [GC (Allocation Failure) 2018-11-10T16:03:47.946+0800: 1469.437: [ParNew: 2336593K->13690K(2563200K), 0.0495339 secs] 2414836K->91934K(8155648K), 0.0499718 secs] [Times: user=0.18 sys=0.00, real=0.05 secs]
2018-11-10T16:04:12.214+0800: 1493.704: [GC (Allocation Failure) 2018-11-10T16:04:12.214+0800: 1493.704: [ParNew: 2343930K->11870K(2563200K), 0.0427990 secs] 2422174K->90116K(8155648K), 0.0431661 secs] [Times: user=0.16 sys=0.00, real=0.04 secs]
2018-11-10T16:04:27.804+0800: 1509.294: [GC (Allocation Failure) 2018-11-10T16:04:27.804+0800: 1509.294: [ParNew: 2342110K->8781K(2563200K), 0.0322735 secs] 2420356K->87128K(8155648K), 0.0325970 secs] [Times: user=0.12 sys=0.00, real=0.03 secs]
2018-11-10T16:04:59.515+0800: 1541.005: [GC (Allocation Failure) 2018-11-10T16:04:59.515+0800: 1541.005: [ParNew: 2339021K->8994K(2563200K), 0.0349647 secs] 2417368K->87396K(8155648K), 0.0353281 secs] [Times: user=0.12 sys=0.00, real=0.03 secs]
2018-11-10T16:05:19.806+0800: 1561.296: [GC (Allocation Failure) 2018-11-10T16:05:19.806+0800: 1561.296: [ParNew: 2339234K->6523K(2563200K), 0.0341686 secs] 2417636K->85030K(8155648K), 0.0345347 secs] [Times: user=0.11 sys=0.00, real=0.04 secs]
2018-11-10T16:05:44.281+0800: 1585.771: [GC (Allocation Failure) 2018-11-10T16:05:44.281+0800: 1585.771: [ParNew: 2336763K->4879K(2563200K), 0.0324619 secs] 2415270K->83388K(8155648K), 0.0328066 secs] [Times: user=0.11 sys=0.00, real=0.03 secs]
2018-11-10T16:05:57.117+0800: 1598.607: [GC (Allocation Failure) 2018-11-10T16:05:57.117+0800: 1598.607: [ParNew: 2335119K->7776K(2563200K), 0.0331499 secs] 2413628K->86285K(8155648K), 0.0335052 secs] [Times: user=0.12 sys=0.00, real=0.03 secs]
2018-11-10T16:06:51.138+0800: 1652.628: [GC (Allocation Failure) 2018-11-10T16:06:51.138+0800: 1652.628: [ParNew: 2338016K->5454K(2563200K), 0.0336383 secs] 2416525K->83964K(8155648K), 0.0340484 secs] [Times: user=0.12 sys=0.00, real=0.04 secs]
2018-11-10T16:06:57.500+0800: 1658.990: [GC (Allocation Failure) 2018-11-10T16:06:57.500+0800: 1658.990: [ParNew: 2335694K->33101K(2563200K), 0.0496680 secs] 2414204K->111614K(8155648K), 0.0501037 secs] [Times: user=0.19 sys=0.00, real=0.05 secs]
2018-11-10T16:07:17.282+0800: 1678.772: [GC (Allocation Failure) 2018-11-10T16:07:17.282+0800: 1678.772: [ParNew: 2363337K->23956K(2563200K), 0.0329133 secs] 2441850K->102618K(8155648K), 0.0333709 secs] [Times: user=0.12 sys=0.00, real=0.03 secs]
2018-11-10T16:07:33.429+0800: 1694.920: [GC (Allocation Failure) 2018-11-10T16:07:33.430+0800: 1694.920: [ParNew: 2354196K->8214K(2563200K), 0.0345216 secs] 2432858K->86879K(8155648K), 0.0350428 secs] [Times: user=0.12 sys=0.00, real=0.04 secs]
2018-11-10T16:07:37.753+0800: 1699.243: [GC (Allocation Failure) 2018-11-10T16:07:37.753+0800: 1699.243: [ParNew: 2338454K->8060K(2563200K), 0.0354146 secs] 2417119K->86943K(8155648K), 0.0358668 secs] [Times: user=0.13 sys=0.00, real=0.03 secs]
2018-11-10T16:07:45.035+0800: 1706.526: [GC (Allocation Failure) 2018-11-10T16:07:45.036+0800: 1706.526: [ParNew: 2338300K->12740K(2563200K), 0.0379730 secs] 2417183K->91626K(8155648K), 0.0383959 secs] [Times: user=0.13 sys=0.00, real=0.04 secs]
2018-11-10T16:07:50.708+0800: 1712.198: [GC (Allocation Failure) 2018-11-10T16:07:50.708+0800: 1712.198: [ParNew: 2342980K->11492K(2563200K), 0.0364261 secs] 2421866K->90489K(8155648K), 0.0368394 secs] [Times: user=0.13 sys=0.00, real=0.04 secs]
2018-11-10T16:07:58.768+0800: 1720.258: [GC (Allocation Failure) 2018-11-10T16:07:58.768+0800: 1720.258: [ParNew: 2341732K->20281K(2563200K), 0.0414401 secs] 2420729K->99321K(8155648K), 0.0418590 secs] [Times: user=0.15 sys=0.00, real=0.04 secs]
2018-11-10T16:08:21.588+0800: 1743.078: [GC (Allocation Failure) 2018-11-10T16:08:21.588+0800: 1743.078: [ParNew: 2350521K->14600K(2563200K), 0.0339269 secs] 2429561K->93712K(8155648K), 0.0342875 secs] [Times: user=0.13 sys=0.00, real=0.04 secs]
2018-11-10T16:08:36.478+0800: 1757.968: [GC (Allocation Failure) 2018-11-10T16:08:36.478+0800: 1757.968: [ParNew: 2344840K->11892K(2563200K), 0.0354538 secs] 2423952K->91090K(8155648K), 0.0359099 secs] [Times: user=0.13 sys=0.00, real=0.04 secs]
2018-11-10T16:09:02.344+0800: 1783.834: [GC (Allocation Failure) 2018-11-10T16:09:02.344+0800: 1783.834: [ParNew: 2342132K->22914K(2563200K), 0.0392260 secs] 2421330K->102117K(8155648K), 0.0396407 secs] [Times: user=0.15 sys=0.00, real=0.04 secs]
2018-11-10T16:09:12.738+0800: 1794.228: [GC (Allocation Failure) 2018-11-10T16:09:12.738+0800: 1794.228: [ParNew: 2353154K->15917K(2563200K), 0.0359255 secs] 2432357K->95314K(8155648K), 0.0362911 secs] [Times: user=0.13 sys=0.00, real=0.04 secs]
2018-11-10T16:09:18.037+0800: 1799.527: [GC (Allocation Failure) 2018-11-10T16:09:18.038+0800: 1799.528: [ParNew: 2346157K->19645K(2563200K), 0.0381520 secs] 2425554K->99043K(8155648K), 0.0385494 secs] [Times: user=0.14 sys=0.00, real=0.04 secs]
2018-11-10T16:09:32.266+0800: 1813.756: [GC (Allocation Failure) 2018-11-10T16:09:32.266+0800: 1813.756: [ParNew: 2349885K->12120K(2563200K), 0.0338997 secs] 2429283K->91555K(8155648K), 0.0343096 secs] [Times: user=0.13 sys=0.00, real=0.03 secs]
2018-11-10T16:10:05.950+0800: 1847.440: [GC (Allocation Failure) 2018-11-10T16:10:05.950+0800: 1847.441: [ParNew: 2342360K->7411K(2563200K), 0.0337854 secs] 2421795K->86899K(8155648K), 0.0342495 secs] [Times: user=0.12 sys=0.00, real=0.04 secs]
2018-11-10T16:10:29.154+0800: 1870.644: [GC (Allocation Failure) 2018-11-10T16:10:29.154+0800: 1870.644: [ParNew: 2337651K->10538K(2563200K), 0.0346679 secs] 2417139K->90978K(8155648K), 0.0351134 secs] [Times: user=0.12 sys=0.00, real=0.03 secs]
2018-11-10T16:11:13.802+0800: 1915.292: [GC (Allocation Failure) 2018-11-10T16:11:13.802+0800: 1915.292: [ParNew: 2340778K->12649K(2563200K), 0.0350459 secs] 2421218K->93233K(8155648K), 0.0355252 secs] [Times: user=0.12 sys=0.00, real=0.03 secs]
2018-11-10T16:11:20.881+0800: 1922.371: [GC (Allocation Failure) 2018-11-10T16:11:20.881+0800: 1922.371: [ParNew: 2342889K->23991K(2563200K), 0.0356054 secs] 2423473K->104910K(8155648K), 0.0360488 secs] [Times: user=0.12 sys=0.00, real=0.03 secs]
2018-11-10T16:11:41.913+0800: 1943.403: [GC (Allocation Failure) 2018-11-10T16:11:41.913+0800: 1943.403: [ParNew: 2354231K->12561K(2563200K), 0.0364765 secs] 2435150K->94353K(8155648K), 0.0369580 secs] [Times: user=0.13 sys=0.00, real=0.03 secs]
2018-11-10T16:12:03.290+0800: 1964.780: [GC (Allocation Failure) 2018-11-10T16:12:03.291+0800: 1964.781: [ParNew: 2342801K->12867K(2563200K), 0.0355862 secs] 2424593K->94786K(8155648K), 0.0359968 secs] [Times: user=0.13 sys=0.00, real=0.04 secs]
2018-11-10T16:12:15.897+0800: 1977.387: [GC (Allocation Failure) 2018-11-10T16:12:15.897+0800: 1977.387: [ParNew: 2343107K->24399K(2563200K), 0.0421797 secs] 2425026K->106453K(8155648K), 0.0426701 secs] [Times: user=0.15 sys=0.01, real=0.04 secs]
2018-11-10T16:12:24.069+0800: 1985.559: [GC (Allocation Failure) 2018-11-10T16:12:24.069+0800: 1985.559: [ParNew: 2354639K->17832K(2563200K), 0.0329706 secs] 2436693K->100045K(8155648K), 0.0333613 secs] [Times: user=0.12 sys=0.01, real=0.04 secs]
2018-11-10T16:12:35.618+0800: 1997.108: [GC (Allocation Failure) 2018-11-10T16:12:35.618+0800: 1997.108: [ParNew: 2345319K->32792K(2563200K), 0.0426992 secs] 2427532K->115187K(8155648K), 0.0432304 secs] [Times: user=0.16 sys=0.00, real=0.05 secs]
2018-11-10T16:12:45.151+0800: 2006.641: [GC (Allocation Failure) 2018-11-10T16:12:45.151+0800: 2006.641: [ParNew: 2363032K->46824K(2563200K), 0.0586866 secs] 2445427K->129336K(8155648K), 0.0591323 secs] [Times: user=0.20 sys=0.00, real=0.05 secs]
2018-11-10T16:12:55.837+0800: 2017.327: [GC (Allocation Failure) 2018-11-10T16:12:55.837+0800: 2017.327: [ParNew: 2377046K->31280K(2563200K), 0.0348194 secs] 2459559K->113977K(8155648K), 0.0352460 secs] [Times: user=0.12 sys=0.00, real=0.04 secs]
2018-11-10T16:13:19.588+0800: 2041.078: [GC (Allocation Failure) 2018-11-10T16:13:19.588+0800: 2041.079: [ParNew: 2361520K->10227K(2563200K), 0.0333881 secs] 2444217K->93020K(8155648K), 0.0337716 secs] [Times: user=0.12 sys=0.00, real=0.04 secs]
2018-11-10T16:13:37.267+0800: 2058.757: [GC (Allocation Failure) 2018-11-10T16:13:37.268+0800: 2058.758: [ParNew: 2340467K->4382K(2563200K), 0.0345046 secs] 2423260K->87268K(8155648K), 0.0349804 secs] [Times: user=0.12 sys=0.00, real=0.04 secs]
2018-11-10T16:13:54.971+0800: 2076.461: [GC (Allocation Failure) 2018-11-10T16:13:54.971+0800: 2076.461: [ParNew: 2334622K->5572K(2563200K), 0.0330111 secs] 2417508K->88538K(8155648K), 0.0333385 secs] [Times: user=0.12 sys=0.00, real=0.03 secs]
2018-11-10T16:14:03.947+0800: 2085.437: [GC (Allocation Failure) 2018-11-10T16:14:03.947+0800: 2085.437: [ParNew: 2335812K->3670K(2563200K), 0.0324227 secs] 2418778K->86688K(8155648K), 0.0328480 secs] [Times: user=0.11 sys=0.00, real=0.03 secs]
2018-11-10T16:14:19.043+0800: 2100.533: [GC (Allocation Failure) 2018-11-10T16:14:19.043+0800: 2100.533: [ParNew: 2333910K->10091K(2563200K), 0.0349674 secs] 2416928K->93358K(8155648K), 0.0354191 secs] [Times: user=0.13 sys=0.00, real=0.03 secs]
2018-11-10T16:14:29.063+0800: 2110.553: [GC (Allocation Failure) 2018-11-10T16:14:29.063+0800: 2110.553: [ParNew: 2340331K->7879K(2563200K), 0.0351979 secs] 2423598K->91252K(8155648K), 0.0356059 secs] [Times: user=0.12 sys=0.00, real=0.03 secs]
2018-11-10T16:15:11.248+0800: 2152.738: [GC (Allocation Failure) 2018-11-10T16:15:11.248+0800: 2152.738: [ParNew: 2338119K->4030K(2563200K), 0.0326970 secs] 2421492K->87629K(8155648K), 0.0331333 secs] [Times: user=0.12 sys=0.00, real=0.04 secs]
2018-11-10T16:15:37.675+0800: 2179.165: [GC (Allocation Failure) 2018-11-10T16:15:37.675+0800: 2179.165: [ParNew: 2334270K->13957K(2563200K), 0.0368241 secs] 2417869K->97582K(8155648K), 0.0372947 secs] [Times: user=0.13 sys=0.00, real=0.04 secs]
2018-11-10T16:15:44.070+0800: 2185.560: [GC (Allocation Failure) 2018-11-10T16:15:44.070+0800: 2185.560: [ParNew: 2344197K->12471K(2563200K), 0.0358521 secs] 2427822K->96172K(8155648K), 0.0363200 secs] [Times: user=0.13 sys=0.00, real=0.04 secs]
2018-11-10T16:15:51.330+0800: 2192.820: [GC (Allocation Failure) 2018-11-10T16:15:51.331+0800: 2192.821: [ParNew: 2342711K->166725K(2563200K), 0.1053753 secs] 2426412K->250651K(8155648K), 0.1058471 secs] [Times: user=0.40 sys=0.01, real=0.11 secs]
2018-11-10T16:15:55.860+0800: 2197.350: [GC (Allocation Failure) 2018-11-10T16:15:55.860+0800: 2197.350: [ParNew: 2496965K->75261K(2563200K), 0.0342947 secs] 2580891K->161521K(8155648K), 0.0347370 secs] [Times: user=0.12 sys=0.00, real=0.04 secs]
2018-11-10T16:16:19.923+0800: 2221.413: [GC (Allocation Failure) 2018-11-10T16:16:19.923+0800: 2221.413: [ParNew: 2405501K->66172K(2563200K), 0.0667437 secs] 2491761K->152432K(8155648K), 0.0672255 secs] [Times: user=0.25 sys=0.00, real=0.07 secs]
2018-11-10T16:16:32.744+0800: 2234.234: [GC (Allocation Failure) 2018-11-10T16:16:32.745+0800: 2234.235: [ParNew: 2396412K->43267K(2563200K), 0.0339743 secs] 2482672K->129527K(8155648K), 0.0344358 secs] [Times: user=0.13 sys=0.00, real=0.03 secs]
2018-11-10T16:17:05.494+0800: 2266.984: [GC (Allocation Failure) 2018-11-10T16:17:05.494+0800: 2266.984: [ParNew: 2373507K->21771K(2563200K), 0.0421333 secs] 2459767K->108031K(8155648K), 0.0426282 secs] [Times: user=0.15 sys=0.00, real=0.04 secs]
2018-11-10T16:17:48.075+0800: 2309.565: [GC (Allocation Failure) 2018-11-10T16:17:48.075+0800: 2309.565: [ParNew: 2352011K->30819K(2563200K), 0.0465527 secs] 2438271K->117079K(8155648K), 0.0470167 secs] [Times: user=0.17 sys=0.00, real=0.05 secs]
2018-11-10T16:18:03.984+0800: 2325.474: [GC (Allocation Failure) 2018-11-10T16:18:03.985+0800: 2325.475: [ParNew: 2361059K->23306K(2563200K), 0.0348884 secs] 2447319K->109567K(8155648K), 0.0353738 secs] [Times: user=0.13 sys=0.00, real=0.03 secs]
2018-11-10T16:18:24.369+0800: 2345.860: [GC (Allocation Failure) 2018-11-10T16:18:24.370+0800: 2345.860: [ParNew: 2353546K->6212K(2563200K), 0.0326533 secs] 2439807K->92473K(8155648K), 0.0330916 secs] [Times: user=0.12 sys=0.00, real=0.04 secs]
2018-11-10T16:18:47.655+0800: 2369.145: [GC (Allocation Failure) 2018-11-10T16:18:47.655+0800: 2369.145: [ParNew: 2336452K->12465K(2563200K), 0.0359850 secs] 2422713K->98725K(8155648K), 0.0364449 secs] [Times: user=0.13 sys=0.00, real=0.04 secs]
2018-11-10T16:19:08.483+0800: 2389.973: [GC (Allocation Failure) 2018-11-10T16:19:08.483+0800: 2389.973: [ParNew: 2342705K->9430K(2563200K), 0.0334008 secs] 2428965K->95690K(8155648K), 0.0338209 secs] [Times: user=0.13 sys=0.00, real=0.03 secs]
2018-11-10T16:19:28.854+0800: 2410.344: [GC (Allocation Failure) 2018-11-10T16:19:28.854+0800: 2410.344: [ParNew: 2339670K->2678K(2563200K), 0.0334774 secs] 2425930K->88939K(8155648K), 0.0339056 secs] [Times: user=0.12 sys=0.00, real=0.03 secs]
2018-11-10T16:19:51.800+0800: 2433.290: [GC (Allocation Failure) 2018-11-10T16:19:51.800+0800: 2433.290: [ParNew: 2332918K->3016K(2563200K), 0.0343291 secs] 2419179K->89276K(8155648K), 0.0347736 secs] [Times: user=0.12 sys=0.00, real=0.04 secs]
2018-11-10T16:20:01.149+0800: 2442.639: [GC (Allocation Failure) 2018-11-10T16:20:01.149+0800: 2442.639: [ParNew: 2333256K->20881K(2563200K), 0.0422075 secs] 2419516K->107142K(8155648K), 0.0427356 secs] [Times: user=0.16 sys=0.00, real=0.05 secs]
2018-11-10T16:20:21.061+0800: 2462.552: [GC (Allocation Failure) 2018-11-10T16:20:21.062+0800: 2462.552: [ParNew: 2351121K->18869K(2563200K), 0.0359983 secs] 2437382K->105129K(8155648K), 0.0364849 secs] [Times: user=0.13 sys=0.00, real=0.03 secs]
2018-11-10T16:20:29.741+0800: 2471.231: [GC (Allocation Failure) 2018-11-10T16:20:29.742+0800: 2471.232: [ParNew: 2349109K->7750K(2563200K), 0.0331885 secs] 2435369K->94010K(8155648K), 0.0335352 secs] [Times: user=0.12 sys=0.00, real=0.03 secs]
2018-11-10T16:20:47.529+0800: 2489.019: [GC (Allocation Failure) 2018-11-10T16:20:47.529+0800: 2489.019: [ParNew: 2337990K->6714K(2563200K), 0.0350314 secs] 2424250K->92974K(8155648K), 0.0354952 secs] [Times: user=0.13 sys=0.00, real=0.04 secs]
2018-11-10T16:21:14.992+0800: 2516.482: [GC (Allocation Failure) 2018-11-10T16:21:14.993+0800: 2516.483: [ParNew: 2336954K->7523K(2563200K), 0.0475197 secs] 2423214K->94082K(8155648K), 0.0479839 secs] [Times: user=0.15 sys=0.00, real=0.04 secs]
2018-11-10T16:21:25.639+0800: 2527.129: [GC (Allocation Failure) 2018-11-10T16:21:25.639+0800: 2527.129: [ParNew: 2337763K->5457K(2563200K), 0.0329424 secs] 2424322K->92109K(8155648K), 0.0333513 secs] [Times: user=0.12 sys=0.00, real=0.04 secs]
2018-11-10T16:21:49.295+0800: 2550.785: [GC (Allocation Failure) 2018-11-10T16:21:49.295+0800: 2550.785: [ParNew: 2335697K->2470K(2563200K), 0.0322409 secs] 2422349K->89227K(8155648K), 0.0326257 secs] [Times: user=0.11 sys=0.00, real=0.03 secs]
2018-11-10T16:22:12.921+0800: 2574.411: [GC (Allocation Failure) 2018-11-10T16:22:12.921+0800: 2574.412: [ParNew: 2332710K->9046K(2563200K), 0.0398631 secs] 2419467K->95804K(8155648K), 0.0403730 secs] [Times: user=0.13 sys=0.00, real=0.04 secs]
2018-11-10T16:22:33.756+0800: 2595.246: [GC (Allocation Failure) 2018-11-10T16:22:33.756+0800: 2595.246: [ParNew: 2339286K->6102K(2563200K), 0.0340949 secs] 2426044K->92965K(8155648K), 0.0345179 secs] [Times: user=0.13 sys=0.00, real=0.04 secs]
2018-11-10T16:22:40.177+0800: 2601.667: [GC (Allocation Failure) 2018-11-10T16:22:40.177+0800: 2601.667: [ParNew: 2336342K->34628K(2563200K), 0.0532273 secs] 2423205K->121629K(8155648K), 0.0536266 secs] [Times: user=0.19 sys=0.00, real=0.05 secs]
2018-11-10T16:22:51.053+0800: 2612.543: [GC (Allocation Failure) 2018-11-10T16:22:51.053+0800: 2612.543: [ParNew: 2364868K->25440K(2563200K), 0.0327614 secs] 2451869K->112443K(8155648K), 0.0331468 secs] [Times: user=0.12 sys=0.00, real=0.03 secs]
2018-11-10T16:23:13.484+0800: 2634.974: [GC (Allocation Failure) 2018-11-10T16:23:13.484+0800: 2634.974: [ParNew: 2355680K->6756K(2563200K), 0.0334319 secs] 2442683K->93778K(8155648K), 0.0338042 secs] [Times: user=0.12 sys=0.00, real=0.03 secs]
2018-11-10T16:23:32.573+0800: 2654.063: [GC (Allocation Failure) 2018-11-10T16:23:32.573+0800: 2654.063: [ParNew: 2336996K->38364K(2563200K), 0.0439252 secs] 2424018K->125388K(8155648K), 0.0443799 secs] [Times: user=0.17 sys=0.00, real=0.04 secs]
2018-11-10T16:23:59.796+0800: 2681.286: [GC (Allocation Failure) 2018-11-10T16:23:59.797+0800: 2681.287: [ParNew: 2368604K->17403K(2563200K), 0.0348280 secs] 2455628K->104532K(8155648K), 0.0352786 secs] [Times: user=0.13 sys=0.00, real=0.04 secs]
2018-11-10T16:24:09.318+0800: 2690.809: [GC (Allocation Failure) 2018-11-10T16:24:09.319+0800: 2690.809: [ParNew: 2347643K->17008K(2563200K), 0.0397388 secs] 2434772K->104304K(8155648K), 0.0401641 secs] [Times: user=0.15 sys=0.00, real=0.04 secs]
2018-11-10T16:24:15.037+0800: 2696.527: [GC (Allocation Failure) 2018-11-10T16:24:15.037+0800: 2696.527: [ParNew: 2347248K->33224K(2563200K), 0.0507181 secs] 2434544K->120581K(8155648K), 0.0512794 secs] [Times: user=0.19 sys=0.00, real=0.05 secs]
2018-11-10T16:24:30.723+0800: 2712.213: [GC (Allocation Failure) 2018-11-10T16:24:30.723+0800: 2712.213: [ParNew: 2363464K->26169K(2563200K), 0.0332406 secs] 2450821K->113699K(8155648K), 0.0336570 secs] [Times: user=0.12 sys=0.00, real=0.03 secs]
2018-11-10T16:24:40.460+0800: 2721.950: [GC (Allocation Failure) 2018-11-10T16:24:40.460+0800: 2721.950: [ParNew: 2356409K->6966K(2563200K), 0.0349591 secs] 2443939K->94496K(8155648K), 0.0354221 secs] [Times: user=0.13 sys=0.00, real=0.04 secs]
2018-11-10T16:24:59.219+0800: 2740.709: [GC (Allocation Failure) 2018-11-10T16:24:59.219+0800: 2740.709: [ParNew: 2337206K->4007K(2563200K), 0.0345176 secs] 2424736K->91642K(8155648K), 0.0350073 secs] [Times: user=0.13 sys=0.00, real=0.04 secs]
2018-11-10T16:25:26.627+0800: 2768.118: [GC (Allocation Failure) 2018-11-10T16:25:26.628+0800: 2768.118: [ParNew: 2334247K->20700K(2563200K), 0.0412001 secs] 2421882K->108337K(8155648K), 0.0416679 secs] [Times: user=0.15 sys=0.00, real=0.04 secs]
2018-11-10T16:25:31.902+0800: 2773.392: [GC (Allocation Failure) 2018-11-10T16:25:31.902+0800: 2773.392: [ParNew: 2350940K->14439K(2563200K), 0.0367057 secs] 2438577K->102249K(8155648K), 0.0371247 secs] [Times: user=0.13 sys=0.00, real=0.03 secs]
2018-11-10T16:25:48.371+0800: 2789.861: [GC (Allocation Failure) 2018-11-10T16:25:48.372+0800: 2789.862: [ParNew: 2344679K->6263K(2563200K), 0.0339683 secs] 2432489K->94077K(8155648K), 0.0344376 secs] [Times: user=0.12 sys=0.00, real=0.03 secs]
2018-11-10T16:26:00.153+0800: 2801.643: [GC (Allocation Failure) 2018-11-10T16:26:00.154+0800: 2801.644: [ParNew: 2336503K->2086K(2563200K), 0.0331529 secs] 2424317K->90025K(8155648K), 0.0335670 secs] [Times: user=0.12 sys=0.00, real=0.03 secs]
2018-11-10T16:26:38.872+0800: 2840.362: [GC (Allocation Failure) 2018-11-10T16:26:38.872+0800: 2840.362: [ParNew: 2332326K->5069K(2563200K), 0.0372074 secs] 2420265K->93010K(8155648K), 0.0375845 secs] [Times: user=0.12 sys=0.00, real=0.03 secs]
2018-11-10T16:27:19.408+0800: 2880.898: [GC (Allocation Failure) 2018-11-10T16:27:19.408+0800: 2880.898: [ParNew: 2335309K->3431K(2563200K), 0.0335304 secs] 2423250K->91372K(8155648K), 0.0338820 secs] [Times: user=0.12 sys=0.00, real=0.04 secs]
2018-11-10T16:27:38.441+0800: 2899.931: [GC (Allocation Failure) 2018-11-10T16:27:38.442+0800: 2899.932: [ParNew: 2333671K->42006K(2563200K), 0.0592510 secs] 2421612K->129948K(8155648K), 0.0597345 secs] [Times: user=0.23 sys=0.00, real=0.06 secs]
2018-11-10T16:27:48.271+0800: 2909.761: [GC (Allocation Failure) 2018-11-10T16:27:48.271+0800: 2909.761: [ParNew: 2372246K->31222K(2563200K), 0.0333552 secs] 2460188K->119166K(8155648K), 0.0336954 secs] [Times: user=0.12 sys=0.00, real=0.03 secs]
2018-11-10T16:28:07.233+0800: 2928.723: [GC (Allocation Failure) 2018-11-10T16:28:07.233+0800: 2928.723: [ParNew: 2361462K->16367K(2563200K), 0.0364429 secs] 2449406K->104397K(8155648K), 0.0369389 secs] [Times: user=0.13 sys=0.00, real=0.03 secs]
2018-11-10T16:28:47.576+0800: 2969.066: [GC (Allocation Failure) 2018-11-10T16:28:47.576+0800: 2969.066: [ParNew: 2346607K->11481K(2563200K), 0.0353616 secs] 2434637K->99615K(8155648K), 0.0358480 secs] [Times: user=0.13 sys=0.00, real=0.04 secs]
2018-11-10T16:29:05.006+0800: 2986.496: [GC (Allocation Failure) 2018-11-10T16:29:05.006+0800: 2986.496: [ParNew: 2341721K->4699K(2563200K), 0.0349300 secs] 2429855K->92924K(8155648K), 0.0353865 secs] [Times: user=0.12 sys=0.00, real=0.04 secs]
2018-11-10T16:29:23.613+0800: 3005.103: [GC (Allocation Failure) 2018-11-10T16:29:23.613+0800: 3005.103: [ParNew: 2334939K->7144K(2563200K), 0.0334900 secs] 2423164K->95370K(8155648K), 0.0339064 secs] [Times: user=0.12 sys=0.00, real=0.03 secs]
2018-11-10T16:29:56.503+0800: 3037.993: [GC (Allocation Failure) 2018-11-10T16:29:56.503+0800: 3037.993: [ParNew: 2337384K->5571K(2563200K), 0.0342388 secs] 2425610K->93797K(8155648K), 0.0346816 secs] [Times: user=0.12 sys=0.00, real=0.03 secs]
2018-11-10T16:30:08.924+0800: 3050.414: [GC (Allocation Failure) 2018-11-10T16:30:08.924+0800: 3050.414: [ParNew: 2335811K->10436K(2563200K), 0.0375000 secs] 2424037K->98765K(8155648K), 0.0379278 secs] [Times: user=0.14 sys=0.00, real=0.04 secs]
2018-11-10T16:30:33.345+0800: 3074.835: [GC (Allocation Failure) 2018-11-10T16:30:33.345+0800: 3074.835: [ParNew: 2340676K->14848K(2563200K), 0.0345723 secs] 2429005K->103210K(8155648K), 0.0350485 secs] [Times: user=0.13 sys=0.00, real=0.03 secs]
2018-11-10T16:30:52.364+0800: 3093.854: [GC (Allocation Failure) 2018-11-10T16:30:52.364+0800: 3093.854: [ParNew: 2345088K->10480K(2563200K), 0.0338333 secs] 2433450K->98944K(8155648K), 0.0342107 secs] [Times: user=0.12 sys=0.00, real=0.03 secs]
2018-11-10T16:31:14.695+0800: 3116.186: [GC (Allocation Failure) 2018-11-10T16:31:14.696+0800: 3116.186: [ParNew: 2340720K->3894K(2563200K), 0.0347507 secs] 2429184K->92358K(8155648K), 0.0352533 secs] [Times: user=0.13 sys=0.00, real=0.04 secs]
2018-11-10T16:31:34.378+0800: 3135.868: [GC (Allocation Failure) 2018-11-10T16:31:34.379+0800: 3135.869: [ParNew: 2334134K->8034K(2563200K), 0.0348335 secs] 2422598K->96601K(8155648K), 0.0352453 secs] [Times: user=0.12 sys=0.00, real=0.04 secs]
2018-11-10T16:32:04.354+0800: 3165.844: [GC (Allocation Failure) 2018-11-10T16:32:04.354+0800: 3165.844: [ParNew: 2338274K->7314K(2563200K), 0.0348788 secs] 2426841K->95882K(8155648K), 0.0352756 secs] [Times: user=0.12 sys=0.00, real=0.03 secs]
2018-11-10T16:32:13.426+0800: 3174.916: [GC (Allocation Failure) 2018-11-10T16:32:13.426+0800: 3174.916: [ParNew: 2337554K->7739K(2563200K), 0.0363940 secs] 2426122K->96364K(8155648K), 0.0367743 secs] [Times: user=0.14 sys=0.00, real=0.04 secs]
2018-11-10T16:32:36.575+0800: 3198.065: [GC (Allocation Failure) 2018-11-10T16:32:36.575+0800: 3198.065: [ParNew: 2337979K->6279K(2563200K), 0.0346851 secs] 2426604K->94905K(8155648K), 0.0351173 secs] [Times: user=0.13 sys=0.00, real=0.04 secs]
2018-11-10T16:33:02.182+0800: 3223.672: [GC (Allocation Failure) 2018-11-10T16:33:02.182+0800: 3223.672: [ParNew: 2336519K->3673K(2563200K), 0.0348373 secs] 2425145K->92386K(8155648K), 0.0353564 secs] [Times: user=0.12 sys=0.00, real=0.03 secs]
2018-11-10T16:33:19.877+0800: 3241.367: [GC (Allocation Failure) 2018-11-10T16:33:19.878+0800: 3241.368: [ParNew: 2333913K->6580K(2563200K), 0.0352782 secs] 2422626K->95310K(8155648K), 0.0357084 secs] [Times: user=0.12 sys=0.00, real=0.04 secs]
2018-11-10T16:33:27.946+0800: 3249.436: [GC (Allocation Failure) 2018-11-10T16:33:27.946+0800: 3249.436: [ParNew: 2336820K->21025K(2563200K), 0.0345794 secs] 2425550K->109860K(8155648K), 0.0349962 secs] [Times: user=0.12 sys=0.00, real=0.04 secs]
2018-11-10T16:33:32.447+0800: 3253.937: [GC (Allocation Failure) 2018-11-10T16:33:32.447+0800: 3253.937: [ParNew: 2351265K->10903K(2563200K), 0.0348819 secs] 2440100K->99844K(8155648K), 0.0352062 secs] [Times: user=0.13 sys=0.00, real=0.04 secs]
2018-11-10T16:33:57.768+0800: 3279.258: [GC (Allocation Failure) 2018-11-10T16:33:57.768+0800: 3279.258: [ParNew: 2341143K->13718K(2563200K), 0.0368580 secs] 2430084K->102661K(8155648K), 0.0372379 secs] [Times: user=0.14 sys=0.00, real=0.04 secs]
2018-11-10T16:34:32.750+0800: 3314.240: [GC (Allocation Failure) 2018-11-10T16:34:32.750+0800: 3314.240: [ParNew: 2343758K->9231K(2563200K), 0.0333999 secs] 2432701K->98176K(8155648K), 0.0337386 secs] [Times: user=0.13 sys=0.01, real=0.04 secs]
2018-11-10T16:34:48.348+0800: 3329.838: [GC (Allocation Failure) 2018-11-10T16:34:48.348+0800: 3329.838: [ParNew: 2339471K->3013K(2563200K), 0.0326943 secs] 2428416K->91976K(8155648K), 0.0330688 secs] [Times: user=0.12 sys=0.00, real=0.04 secs]
2018-11-10T16:35:13.746+0800: 3355.236: [GC (Allocation Failure) 2018-11-10T16:35:13.746+0800: 3355.236: [ParNew: 2333253K->3971K(2563200K), 0.0349757 secs] 2422216K->93065K(8155648K), 0.0354291 secs] [Times: user=0.12 sys=0.00, real=0.04 secs]
2018-11-10T16:35:21.560+0800: 3363.050: [GC (Allocation Failure) 2018-11-10T16:35:21.560+0800: 3363.050: [ParNew: 2334211K->3320K(2563200K), 0.0357811 secs] 2423305K->92467K(8155648K), 0.0362367 secs] [Times: user=0.13 sys=0.00, real=0.06 secs]
2018-11-10T16:35:30.462+0800: 3371.952: [GC (Allocation Failure) 2018-11-10T16:35:30.462+0800: 3371.952: [ParNew: 2331094K->48744K(2563200K), 0.0361134 secs] 2420241K->137929K(8155648K), 0.0365490 secs] [Times: user=0.13 sys=0.00, real=0.03 secs]
2018-11-10T16:35:39.966+0800: 3381.456: [GC (Allocation Failure) 2018-11-10T16:35:39.966+0800: 3381.456: [ParNew: 2377877K->72210K(2563200K), 0.0379928 secs] 2467062K->161396K(8155648K), 0.0384445 secs] [Times: user=0.14 sys=0.00, real=0.04 secs]
2018-11-10T16:35:48.944+0800: 3390.434: [GC (Allocation Failure) 2018-11-10T16:35:48.944+0800: 3390.434: [ParNew: 2402450K->54840K(2563200K), 0.0497759 secs] 2491636K->144095K(8155648K), 0.0502548 secs] [Times: user=0.18 sys=0.00, real=0.05 secs]
2018-11-10T16:35:59.259+0800: 3400.749: [GC (Allocation Failure) 2018-11-10T16:35:59.259+0800: 3400.749: [ParNew: 2385080K->51562K(2563200K), 0.0417454 secs] 2474335K->141040K(8155648K), 0.0422009 secs] [Times: user=0.16 sys=0.00, real=0.05 secs]
2018-11-10T16:36:14.287+0800: 3415.777: [GC (Allocation Failure) 2018-11-10T16:36:14.287+0800: 3415.777: [ParNew: 2381802K->69039K(2563200K), 0.0656731 secs] 2471280K->158518K(8155648K), 0.0661368 secs] [Times: user=0.24 sys=0.00, real=0.07 secs]
2018-11-10T16:36:26.767+0800: 3428.257: [GC (Allocation Failure) 2018-11-10T16:36:26.767+0800: 3428.257: [ParNew: 2399279K->56340K(2563200K), 0.0378112 secs] 2488758K->145822K(8155648K), 0.0382375 secs] [Times: user=0.14 sys=0.00, real=0.04 secs]
2018-11-10T16:36:44.105+0800: 3445.595: [GC (Allocation Failure) 2018-11-10T16:36:44.106+0800: 3445.596: [ParNew: 2386580K->31050K(2563200K), 0.0398136 secs] 2476062K->120534K(8155648K), 0.0402906 secs] [Times: user=0.14 sys=0.00, real=0.04 secs]
2018-11-10T16:36:56.857+0800: 3458.348: [GC (Allocation Failure) 2018-11-10T16:36:56.858+0800: 3458.348: [ParNew: 2349518K->59011K(2563200K), 0.0373440 secs] 2439002K->148495K(8155648K), 0.0378232 secs] [Times: user=0.13 sys=0.01, real=0.04 secs]
2018-11-10T16:37:10.609+0800: 3472.099: [GC (Allocation Failure) 2018-11-10T16:37:10.609+0800: 3472.099: [ParNew: 2389251K->8151K(2563200K), 0.0319660 secs] 2478735K->97636K(8155648K), 0.0323414 secs] [Times: user=0.12 sys=0.00, real=0.04 secs]
2018-11-10T16:37:15.415+0800: 3476.905: [GC (Allocation Failure) 2018-11-10T16:37:15.415+0800: 3476.905: [ParNew: 2338391K->3422K(2563200K), 0.0331854 secs] 2427876K->92910K(8155648K), 0.0335673 secs] [Times: user=0.12 sys=0.00, real=0.03 secs]
2018-11-10T16:37:26.560+0800: 3488.050: [GC (Allocation Failure) 2018-11-10T16:37:26.560+0800: 3488.050: [ParNew: 2333662K->16208K(2563200K), 0.0344376 secs] 2423150K->105714K(8155648K), 0.0348526 secs] [Times: user=0.12 sys=0.00, real=0.04 secs]
2018-11-10T16:37:33.816+0800: 3495.306: [GC (Allocation Failure) 2018-11-10T16:37:33.817+0800: 3495.307: [ParNew: 2346448K->17777K(2563200K), 0.0403847 secs] 2435954K->107415K(8155648K), 0.0407958 secs] [Times: user=0.14 sys=0.00, real=0.04 secs]
2018-11-10T16:37:42.949+0800: 3504.440: [GC (Allocation Failure) 2018-11-10T16:37:42.950+0800: 3504.440: [ParNew: 2348017K->43169K(2563200K), 0.0428447 secs] 2437655K->132873K(8155648K), 0.0433284 secs] [Times: user=0.13 sys=0.00, real=0.05 secs]
2018-11-10T16:37:56.578+0800: 3518.068: [GC (Allocation Failure) 2018-11-10T16:37:56.578+0800: 3518.068: [ParNew: 2373409K->55291K(2563200K), 0.0484177 secs] 2463113K->145529K(8155648K), 0.0488630 secs] [Times: user=0.17 sys=0.00, real=0.05 secs]
2018-11-10T16:38:11.154+0800: 3532.644: [GC (Allocation Failure) 2018-11-10T16:38:11.155+0800: 3532.645: [ParNew: 2385531K->51274K(2563200K), 0.0467681 secs] 2475769K->141626K(8155648K), 0.0472600 secs] [Times: user=0.18 sys=0.00, real=0.05 secs]
2018-11-10T16:38:24.708+0800: 3546.198: [GC (Allocation Failure) 2018-11-10T16:38:24.708+0800: 3546.198: [ParNew: 2381514K->57849K(2563200K), 0.0454386 secs] 2471866K->148452K(8155648K), 0.0459080 secs] [Times: user=0.17 sys=0.00, real=0.05 secs]
2018-11-10T16:38:40.815+0800: 3562.305: [GC (Allocation Failure) 2018-11-10T16:38:40.815+0800: 3562.305: [ParNew: 2388089K->56404K(2563200K), 0.0330902 secs] 2478692K->147009K(8155648K), 0.0335501 secs] [Times: user=0.12 sys=0.00, real=0.03 secs]
2018-11-10T16:38:53.218+0800: 3574.708: [GC (Allocation Failure) 2018-11-10T16:38:53.218+0800: 3574.708: [ParNew: 2386644K->26334K(2563200K), 0.0363385 secs] 2477249K->116939K(8155648K), 0.0367757 secs] [Times: user=0.14 sys=0.00, real=0.04 secs]
2018-11-10T16:39:00.948+0800: 3582.438: [GC (Allocation Failure) 2018-11-10T16:39:00.948+0800: 3582.438: [ParNew: 2352788K->49135K(2563200K), 0.0355845 secs] 2443394K->139742K(8155648K), 0.0360280 secs] [Times: user=0.13 sys=0.00, real=0.04 secs]
2018-11-10T16:39:16.160+0800: 3597.650: [GC (Allocation Failure) 2018-11-10T16:39:16.160+0800: 3597.650: [ParNew: 2378932K->11833K(2563200K), 0.0322198 secs] 2469540K->102458K(8155648K), 0.0325972 secs] [Times: user=0.12 sys=0.00, real=0.04 secs]
2018-11-10T16:39:30.453+0800: 3611.943: [GC (Allocation Failure) 2018-11-10T16:39:30.453+0800: 3611.943: [ParNew: 2342073K->48776K(2563200K), 0.0466980 secs] 2432698K->139402K(8155648K), 0.0471791 secs] [Times: user=0.17 sys=0.00, real=0.04 secs]
2018-11-10T16:39:45.336+0800: 3626.826: [GC (Allocation Failure) 2018-11-10T16:39:45.336+0800: 3626.826: [ParNew: 2379016K->53824K(2563200K), 0.0403427 secs] 2469642K->144453K(8155648K), 0.0407915 secs] [Times: user=0.15 sys=0.00, real=0.04 secs]
2018-11-10T16:40:02.011+0800: 3643.502: [GC (Allocation Failure) 2018-11-10T16:40:02.012+0800: 3643.502: [ParNew: 2384064K->15359K(2563200K), 0.0500952 secs] 2474693K->105988K(8155648K), 0.0506490 secs] [Times: user=0.19 sys=0.00, real=0.05 secs]
2018-11-10T16:40:09.262+0800: 3650.752: [GC (Allocation Failure) 2018-11-10T16:40:09.262+0800: 3650.752: [ParNew: 2345599K->27410K(2563200K), 0.0457894 secs] 2436228K->118160K(8155648K), 0.0463213 secs] [Times: user=0.17 sys=0.00, real=0.04 secs]
2018-11-10T16:40:18.848+0800: 3660.338: [GC (Allocation Failure) 2018-11-10T16:40:18.849+0800: 3660.339: [ParNew: 2357650K->29198K(2563200K), 0.0398184 secs] 2448400K->119950K(8155648K), 0.0403267 secs] [Times: user=0.14 sys=0.00, real=0.04 secs]
2018-11-10T16:40:26.068+0800: 3667.558: [GC (Allocation Failure) 2018-11-10T16:40:26.068+0800: 3667.558: [ParNew: 2359438K->14749K(2563200K), 0.0410502 secs] 2450190K->105502K(8155648K), 0.0414677 secs] [Times: user=0.14 sys=0.00, real=0.04 secs]
2018-11-10T16:40:34.561+0800: 3676.051: [GC (Allocation Failure) 2018-11-10T16:40:34.561+0800: 3676.051: [ParNew: 2344989K->15652K(2563200K), 0.0767404 secs] 2435742K->106405K(8155648K), 0.0772653 secs] [Times: user=0.24 sys=0.00, real=0.07 secs]
2018-11-10T16:40:40.602+0800: 3682.092: [GC (Allocation Failure) 2018-11-10T16:40:40.602+0800: 3682.092: [ParNew: 2345892K->52549K(2563200K), 0.0451126 secs] 2436645K->143302K(8155648K), 0.0455543 secs] [Times: user=0.17 sys=0.01, real=0.04 secs]
2018-11-10T16:40:45.326+0800: 3686.816: [GC (Allocation Failure) 2018-11-10T16:40:45.327+0800: 3686.817: [ParNew: 2382789K->173702K(2563200K), 0.0807193 secs] 2473542K->264457K(8155648K), 0.0812100 secs] [Times: user=0.30 sys=0.01, real=0.08 secs]
2018-11-10T16:40:49.926+0800: 3691.416: [GC (Allocation Failure) 2018-11-10T16:40:49.926+0800: 3691.416: [ParNew: 2503942K->89668K(2563200K), 0.0998973 secs] 2594697K->193162K(8155648K), 0.1004155 secs] [Times: user=0.32 sys=0.01, real=0.10 secs]
2018-11-10T16:40:56.187+0800: 3697.677: [GC (Allocation Failure) 2018-11-10T16:40:56.188+0800: 3697.678: [ParNew: 2419908K->33456K(2563200K), 0.0409640 secs] 2523402K->136949K(8155648K), 0.0414321 secs] [Times: user=0.15 sys=0.01, real=0.04 secs]
2018-11-10T16:41:03.206+0800: 3704.696: [GC (Allocation Failure) 2018-11-10T16:41:03.206+0800: 3704.696: [ParNew: 2363696K->22820K(2563200K), 0.0437620 secs] 2467189K->126313K(8155648K), 0.0442285 secs] [Times: user=0.15 sys=0.00, real=0.04 secs]
2018-11-10T16:41:07.277+0800: 3708.768: [GC (Allocation Failure) 2018-11-10T16:41:07.278+0800: 3708.768: [ParNew: 2353060K->21944K(2563200K), 0.0421261 secs] 2456553K->125437K(8155648K), 0.0425675 secs] [Times: user=0.16 sys=0.00, real=0.04 secs]
2018-11-10T16:41:13.658+0800: 3715.148: [GC (Allocation Failure) 2018-11-10T16:41:13.658+0800: 3715.148: [ParNew: 2351568K->56759K(2563200K), 0.0478863 secs] 2455061K->160252K(8155648K), 0.0483474 secs] [Times: user=0.17 sys=0.00, real=0.05 secs]
2018-11-10T16:41:18.028+0800: 3719.518: [GC (Allocation Failure) 2018-11-10T16:41:18.028+0800: 3719.518: [ParNew: 2386999K->59103K(2563200K), 0.0459955 secs] 2490492K->162596K(8155648K), 0.0464556 secs] [Times: user=0.17 sys=0.00, real=0.05 secs]
2018-11-10T16:41:22.023+0800: 3723.513: [GC (Allocation Failure) 2018-11-10T16:41:22.023+0800: 3723.513: [ParNew: 2389343K->45491K(2563200K), 0.0517021 secs] 2492836K->148985K(8155648K), 0.0521260 secs] [Times: user=0.20 sys=0.00, real=0.05 secs]
2018-11-10T16:41:26.728+0800: 3728.219: [GC (Allocation Failure) 2018-11-10T16:41:26.729+0800: 3728.219: [ParNew: 2375731K->77237K(2563200K), 0.0613768 secs] 2479225K->180730K(8155648K), 0.0618214 secs] [Times: user=0.23 sys=0.00, real=0.06 secs]
2018-11-10T16:41:32.349+0800: 3733.839: [GC (Allocation Failure) 2018-11-10T16:41:32.349+0800: 3733.839: [ParNew: 2407477K->59418K(2563200K), 0.0441460 secs] 2510970K->162912K(8155648K), 0.0445967 secs] [Times: user=0.16 sys=0.00, real=0.05 secs]
2018-11-10T16:41:36.682+0800: 3738.173: [GC (Allocation Failure) 2018-11-10T16:41:36.683+0800: 3738.173: [ParNew: 2389658K->67158K(2563200K), 0.0567858 secs] 2493152K->170651K(8155648K), 0.0572336 secs] [Times: user=0.21 sys=0.00, real=0.06 secs]
2018-11-10T16:41:42.248+0800: 3743.738: [GC (Allocation Failure) 2018-11-10T16:41:42.248+0800: 3743.738: [ParNew: 2382582K->65464K(2563200K), 0.0484466 secs] 2486075K->168958K(8155648K), 0.0489220 secs] [Times: user=0.18 sys=0.00, real=0.05 secs]
2018-11-10T16:41:46.101+0800: 3747.591: [GC (Allocation Failure) 2018-11-10T16:41:46.101+0800: 3747.592: [ParNew: 2395704K->62665K(2563200K), 0.0519074 secs] 2499198K->166159K(8155648K), 0.0523758 secs] [Times: user=0.19 sys=0.00, real=0.05 secs]
2018-11-10T16:41:51.359+0800: 3752.849: [GC (Allocation Failure) 2018-11-10T16:41:51.359+0800: 3752.849: [ParNew: 2392905K->65620K(2563200K), 0.0607861 secs] 2496399K->169113K(8155648K), 0.0611944 secs] [Times: user=0.21 sys=0.00, real=0.06 secs]
2018-11-10T16:41:54.641+0800: 3756.131: [GC (Allocation Failure) 2018-11-10T16:41:54.641+0800: 3756.131: [ParNew: 2395860K->51342K(2563200K), 0.0475238 secs] 2499353K->154835K(8155648K), 0.0479545 secs] [Times: user=0.18 sys=0.00, real=0.04 secs]
2018-11-10T16:42:00.187+0800: 3761.677: [GC (Allocation Failure) 2018-11-10T16:42:00.187+0800: 3761.677: [ParNew: 2381582K->44519K(2563200K), 0.0547680 secs] 2485075K->148012K(8155648K), 0.0552383 secs] [Times: user=0.17 sys=0.00, real=0.06 secs]
2018-11-10T16:42:02.759+0800: 3764.249: [GC (Allocation Failure) 2018-11-10T16:42:02.759+0800: 3764.249: [ParNew: 2374759K->27982K(2563200K), 0.0491532 secs] 2478252K->133672K(8155648K), 0.0496109 secs] [Times: user=0.18 sys=0.01, real=0.05 secs]
2018-11-10T16:42:06.289+0800: 3767.779: [GC (Allocation Failure) 2018-11-10T16:42:06.289+0800: 3767.779: [ParNew: 2358222K->36988K(2563200K), 0.0477046 secs] 2463912K->143018K(8155648K), 0.0481551 secs] [Times: user=0.18 sys=0.00, real=0.05 secs]
2018-11-10T16:42:10.394+0800: 3771.885: [GC (Allocation Failure) 2018-11-10T16:42:10.395+0800: 3771.885: [ParNew: 2367228K->44967K(2563200K), 0.0432957 secs] 2473258K->152020K(8155648K), 0.0437681 secs] [Times: user=0.16 sys=0.00, real=0.04 secs]
2018-11-10T16:42:13.317+0800: 3774.807: [GC (Allocation Failure) 2018-11-10T16:42:13.317+0800: 3774.807: [ParNew: 2375207K->69991K(2563200K), 0.0689829 secs] 2482260K->177163K(8155648K), 0.0694028 secs] [Times: user=0.26 sys=0.00, real=0.07 secs]
2018-11-10T16:42:17.846+0800: 3779.336: [GC (Allocation Failure) 2018-11-10T16:42:17.846+0800: 3779.336: [ParNew: 2400231K->49886K(2563200K), 0.0512771 secs] 2507403K->157904K(8155648K), 0.0516883 secs] [Times: user=0.19 sys=0.00, real=0.05 secs]
2018-11-10T16:42:19.953+0800: 3781.443: [GC (Allocation Failure) 2018-11-10T16:42:19.953+0800: 3781.443: [ParNew: 2380126K->81283K(2563200K), 0.0704703 secs] 2488144K->190253K(8155648K), 0.0709178 secs] [Times: user=0.26 sys=0.00, real=0.07 secs]
2018-11-10T16:42:21.868+0800: 3783.358: [GC (Allocation Failure) 2018-11-10T16:42:21.868+0800: 3783.358: [ParNew: 2411523K->82976K(2563200K), 0.0635178 secs] 2520493K->193069K(8155648K), 0.0639308 secs] [Times: user=0.23 sys=0.00, real=0.07 secs]
2018-11-10T16:42:24.142+0800: 3785.632: [GC (Allocation Failure) 2018-11-10T16:42:24.142+0800: 3785.632: [ParNew: 2413216K->55169K(2563200K), 0.0569218 secs] 2523309K->165442K(8155648K), 0.0574026 secs] [Times: user=0.21 sys=0.00, real=0.05 secs]
2018-11-10T16:42:26.942+0800: 3788.432: [GC (Allocation Failure) 2018-11-10T16:42:26.942+0800: 3788.432: [ParNew: 2385409K->110560K(2563200K), 0.0908019 secs] 2495682K->221111K(8155648K), 0.0912369 secs] [Times: user=0.35 sys=0.00, real=0.09 secs]
2018-11-10T16:42:30.484+0800: 3791.974: [GC (Allocation Failure) 2018-11-10T16:42:30.484+0800: 3791.974: [ParNew: 2440800K->77529K(2563200K), 0.0492369 secs] 2551351K->188214K(8155648K), 0.0496987 secs] [Times: user=0.18 sys=0.00, real=0.05 secs]
2018-11-10T16:42:36.925+0800: 3798.415: [GC (Allocation Failure) 2018-11-10T16:42:36.925+0800: 3798.415: [ParNew: 2407769K->49545K(2563200K), 0.0451217 secs] 2518454K->160427K(8155648K), 0.0455470 secs] [Times: user=0.16 sys=0.00, real=0.04 secs]
2018-11-10T16:42:43.583+0800: 3805.073: [GC (Allocation Failure) 2018-11-10T16:42:43.583+0800: 3805.073: [ParNew: 2379433K->31062K(2563200K), 0.0429277 secs] 2490314K->142210K(8155648K), 0.0433866 secs] [Times: user=0.16 sys=0.00, real=0.04 secs]
2018-11-10T16:42:47.322+0800: 3808.812: [GC (Allocation Failure) 2018-11-10T16:42:47.322+0800: 3808.812: [ParNew: 2361302K->74565K(2563200K), 0.0726269 secs] 2472450K->185902K(8155648K), 0.0730704 secs] [Times: user=0.27 sys=0.00, real=0.07 secs]
2018-11-10T16:42:50.908+0800: 3812.398: [GC (Allocation Failure) 2018-11-10T16:42:50.908+0800: 3812.398: [ParNew: 2404805K->54911K(2563200K), 0.0483261 secs] 2516142K->166349K(8155648K), 0.0488628 secs] [Times: user=0.17 sys=0.00, real=0.05 secs]
2018-11-10T16:42:55.243+0800: 3816.733: [GC (Allocation Failure) 2018-11-10T16:42:55.243+0800: 3816.733: [ParNew: 2385151K->36045K(2563200K), 0.0427171 secs] 2496589K->147661K(8155648K), 0.0431130 secs] [Times: user=0.15 sys=0.01, real=0.04 secs]
2018-11-10T16:43:03.213+0800: 3824.703: [GC (Allocation Failure) 2018-11-10T16:43:03.213+0800: 3824.703: [ParNew: 2366285K->23404K(2563200K), 0.0415783 secs] 2477901K->135082K(8155648K), 0.0420336 secs] [Times: user=0.15 sys=0.00, real=0.04 secs]
2018-11-10T16:43:08.440+0800: 3829.930: [GC (Allocation Failure) 2018-11-10T16:43:08.440+0800: 3829.930: [ParNew: 2353520K->33188K(2563200K), 0.0445401 secs] 2465198K->144978K(8155648K), 0.0450127 secs] [Times: user=0.16 sys=0.00, real=0.05 secs]
2018-11-10T16:43:12.186+0800: 3833.676: [GC (Allocation Failure) 2018-11-10T16:43:12.186+0800: 3833.676: [ParNew: 2363428K->35112K(2563200K), 0.0453063 secs] 2475218K->147005K(8155648K), 0.0457419 secs] [Times: user=0.16 sys=0.00, real=0.05 secs]
2018-11-10T16:43:15.782+0800: 3837.272: [GC (Allocation Failure) 2018-11-10T16:43:15.782+0800: 3837.272: [ParNew: 2365352K->43579K(2563200K), 0.0516583 secs] 2477245K->157077K(8155648K), 0.0521247 secs] [Times: user=0.18 sys=0.00, real=0.05 secs]
2018-11-10T16:43:20.189+0800: 3841.679: [GC (Allocation Failure) 2018-11-10T16:43:20.189+0800: 3841.679: [ParNew: 2373819K->48475K(2563200K), 0.0515402 secs] 2487317K->162074K(8155648K), 0.0519919 secs] [Times: user=0.20 sys=0.00, real=0.06 secs]
2018-11-10T16:43:26.087+0800: 3847.577: [GC (Allocation Failure) 2018-11-10T16:43:26.087+0800: 3847.577: [ParNew: 2378715K->53784K(2563200K), 0.0441928 secs] 2492314K->167462K(8155648K), 0.0446560 secs] [Times: user=0.16 sys=0.00, real=0.05 secs]
2018-11-10T16:43:32.058+0800: 3853.549: [GC (Allocation Failure) 2018-11-10T16:43:32.059+0800: 3853.549: [ParNew: 2384024K->39351K(2563200K), 0.0454964 secs] 2497702K->153363K(8155648K), 0.0459382 secs] [Times: user=0.16 sys=0.00, real=0.05 secs]
2018-11-10T16:43:35.735+0800: 3857.225: [GC (Allocation Failure) 2018-11-10T16:43:35.736+0800: 3857.226: [ParNew: 2369591K->53808K(2563200K), 0.0557837 secs] 2483603K->168081K(8155648K), 0.0562720 secs] [Times: user=0.20 sys=0.00, real=0.06 secs]
2018-11-10T16:43:39.855+0800: 3861.345: [GC (Allocation Failure) 2018-11-10T16:43:39.855+0800: 3861.345: [ParNew: 2384048K->54796K(2563200K), 0.0654884 secs] 2498321K->169216K(8155648K), 0.0659756 secs] [Times: user=0.25 sys=0.00, real=0.07 secs]
2018-11-10T16:43:44.894+0800: 3866.384: [GC (Allocation Failure) 2018-11-10T16:43:44.894+0800: 3866.384: [ParNew: 2385036K->36614K(2563200K), 0.0452595 secs] 2499456K->151110K(8155648K), 0.0456995 secs] [Times: user=0.16 sys=0.00, real=0.04 secs]
2018-11-10T16:43:49.509+0800: 3870.999: [GC (Allocation Failure) 2018-11-10T16:43:49.509+0800: 3870.999: [ParNew: 2366854K->42236K(2563200K), 0.0480360 secs] 2481350K->157014K(8155648K), 0.0484876 secs] [Times: user=0.17 sys=0.00, real=0.05 secs]
2018-11-10T16:43:53.592+0800: 3875.082: [GC (Allocation Failure) 2018-11-10T16:43:53.592+0800: 3875.082: [ParNew: 2372476K->41237K(2563200K), 0.0470722 secs] 2487254K->156377K(8155648K), 0.0474908 secs] [Times: user=0.17 sys=0.00, real=0.04 secs]
2018-11-10T16:43:56.849+0800: 3878.339: [GC (Allocation Failure) 2018-11-10T16:43:56.849+0800: 3878.339: [ParNew: 2371477K->232960K(2563200K), 0.3686333 secs] 2486617K->431298K(8155648K), 0.3690642 secs] [Times: user=1.07 sys=0.07, real=0.37 secs]
2018-11-10T16:43:59.579+0800: 3881.069: [GC (Allocation Failure) 2018-11-10T16:43:59.579+0800: 3881.069: [ParNew: 2563200K->203442K(2563200K), 0.2296112 secs] 2761538K->445473K(8155648K), 0.2300493 secs] [Times: user=0.83 sys=0.02, real=0.23 secs]
2018-11-10T16:44:02.133+0800: 3883.623: [GC (Allocation Failure) 2018-11-10T16:44:02.134+0800: 3883.624: [ParNew: 2533682K->148176K(2563200K), 0.3479006 secs] 2775713K->574057K(8155648K), 0.3483716 secs] [Times: user=1.07 sys=0.05, real=0.35 secs]
2018-11-10T16:44:05.841+0800: 3887.331: [GC (Allocation Failure) 2018-11-10T16:44:05.841+0800: 3887.331: [ParNew: 2478416K->38193K(2563200K), 0.0415478 secs] 2904297K->464074K(8155648K), 0.0419901 secs] [Times: user=0.15 sys=0.00, real=0.04 secs]
2018-11-10T16:44:09.741+0800: 3891.231: [GC (Allocation Failure) 2018-11-10T16:44:09.741+0800: 3891.232: [ParNew: 2368433K->33002K(2563200K), 0.0488254 secs] 2794314K->458883K(8155648K), 0.0492653 secs] [Times: user=0.18 sys=0.00, real=0.05 secs]
2018-11-10T16:44:15.415+0800: 3896.905: [GC (Allocation Failure) 2018-11-10T16:44:15.415+0800: 3896.905: [ParNew: 2363242K->27871K(2563200K), 0.0395740 secs] 2789123K->453752K(8155648K), 0.0400131 secs] [Times: user=0.14 sys=0.00, real=0.04 secs]
2018-11-10T16:44:21.350+0800: 3902.840: [GC (Allocation Failure) 2018-11-10T16:44:21.351+0800: 3902.841: [ParNew: 2358111K->24352K(2563200K), 0.0428828 secs] 2783992K->450233K(8155648K), 0.0433360 secs] [Times: user=0.15 sys=0.00, real=0.05 secs]
2018-11-10T16:44:26.288+0800: 3907.778: [GC (Allocation Failure) 2018-11-10T16:44:26.288+0800: 3907.778: [ParNew: 2354592K->26455K(2563200K), 0.0451540 secs] 2780473K->452336K(8155648K), 0.0456070 secs] [Times: user=0.17 sys=0.01, real=0.05 secs]
2018-11-10T16:44:31.374+0800: 3912.864: [GC (Allocation Failure) 2018-11-10T16:44:31.375+0800: 3912.865: [ParNew: 2356695K->37451K(2563200K), 0.0468194 secs] 2782576K->463332K(8155648K), 0.0472942 secs] [Times: user=0.17 sys=0.00, real=0.05 secs]
2018-11-10T16:44:37.379+0800: 3918.869: [GC (Allocation Failure) 2018-11-10T16:44:37.379+0800: 3918.869: [ParNew: 2367691K->38485K(2563200K), 0.0467223 secs] 2793572K->464366K(8155648K), 0.0471641 secs] [Times: user=0.17 sys=0.00, real=0.05 secs]
2018-11-10T16:44:45.221+0800: 3926.711: [GC (Allocation Failure) 2018-11-10T16:44:45.221+0800: 3926.711: [ParNew: 2368725K->37954K(2563200K), 0.0484852 secs] 2794606K->463835K(8155648K), 0.0489968 secs] [Times: user=0.15 sys=0.00, real=0.04 secs]
2018-11-10T16:44:52.273+0800: 3933.763: [GC (Allocation Failure) 2018-11-10T16:44:52.273+0800: 3933.763: [ParNew: 2368194K->31217K(2563200K), 0.0444019 secs] 2794075K->457098K(8155648K), 0.0448445 secs] [Times: user=0.16 sys=0.00, real=0.04 secs]
2018-11-10T16:44:57.185+0800: 3938.675: [GC (Allocation Failure) 2018-11-10T16:44:57.185+0800: 3938.675: [ParNew: 2361457K->38647K(2563200K), 0.0442238 secs] 2787338K->464528K(8155648K), 0.0446307 secs] [Times: user=0.17 sys=0.00, real=0.04 secs]
2018-11-10T16:45:02.067+0800: 3943.557: [GC (Allocation Failure) 2018-11-10T16:45:02.067+0800: 3943.557: [ParNew: 2368887K->44242K(2563200K), 0.0524855 secs] 2794768K->470123K(8155648K), 0.0529723 secs] [Times: user=0.20 sys=0.00, real=0.05 secs]
2018-11-10T16:45:06.772+0800: 3948.262: [GC (Allocation Failure) 2018-11-10T16:45:06.772+0800: 3948.262: [ParNew: 2374482K->38068K(2563200K), 0.0487293 secs] 2800363K->463949K(8155648K), 0.0491681 secs] [Times: user=0.18 sys=0.00, real=0.05 secs]
2018-11-10T16:45:12.336+0800: 3953.826: [GC (Allocation Failure) 2018-11-10T16:45:12.336+0800: 3953.827: [ParNew: 2368308K->51039K(2563200K), 0.0512037 secs] 2794189K->476920K(8155648K), 0.0516644 secs] [Times: user=0.18 sys=0.00, real=0.05 secs]
2018-11-10T16:45:17.505+0800: 3958.996: [GC (Allocation Failure) 2018-11-10T16:45:17.506+0800: 3958.996: [ParNew: 2381279K->47524K(2563200K), 0.0484452 secs] 2807160K->473405K(8155648K), 0.0488874 secs] [Times: user=0.17 sys=0.00, real=0.05 secs]
2018-11-10T16:45:21.937+0800: 3963.427: [GC (Allocation Failure) 2018-11-10T16:45:21.938+0800: 3963.428: [ParNew: 2377764K->46218K(2563200K), 0.0524026 secs] 2803645K->473098K(8155648K), 0.0528914 secs] [Times: user=0.20 sys=0.00, real=0.05 secs]
2018-11-10T16:45:26.628+0800: 3968.118: [GC (Allocation Failure) 2018-11-10T16:45:26.628+0800: 3968.118: [ParNew: 2376458K->40753K(2563200K), 0.0496907 secs] 2803338K->469474K(8155648K), 0.0500664 secs] [Times: user=0.18 sys=0.00, real=0.05 secs]
2018-11-10T16:45:30.986+0800: 3972.476: [GC (Allocation Failure) 2018-11-10T16:45:30.986+0800: 3972.476: [ParNew: 2370993K->48127K(2563200K), 0.0528346 secs] 2799714K->477001K(8155648K), 0.0532946 secs] [Times: user=0.20 sys=0.00, real=0.05 secs]
2018-11-10T16:45:33.602+0800: 3975.092: [GC (Allocation Failure) 2018-11-10T16:45:33.602+0800: 3975.092: [ParNew: 2378367K->48610K(2563200K), 0.0485912 secs] 2807241K->477683K(8155648K), 0.0489662 secs] [Times: user=0.17 sys=0.00, real=0.05 secs]
2018-11-10T16:45:38.729+0800: 3980.219: [GC (Allocation Failure) 2018-11-10T16:45:38.729+0800: 3980.219: [ParNew: 2378850K->55618K(2563200K), 0.0519307 secs] 2807923K->486161K(8155648K), 0.0523886 secs] [Times: user=0.19 sys=0.00, real=0.06 secs]
2018-11-10T16:45:43.778+0800: 3985.268: [GC (Allocation Failure) 2018-11-10T16:45:43.778+0800: 3985.268: [ParNew: 2385858K->49955K(2563200K), 0.0482836 secs] 2816401K->482027K(8155648K), 0.0487513 secs] [Times: user=0.17 sys=0.00, real=0.05 secs]
2018-11-10T16:45:48.000+0800: 3989.490: [GC (Allocation Failure) 2018-11-10T16:45:48.001+0800: 3989.491: [ParNew: 2380195K->54863K(2563200K), 0.0510829 secs] 2812267K->487114K(8155648K), 0.0515400 secs] [Times: user=0.19 sys=0.00, real=0.06 secs]
2018-11-10T16:45:52.185+0800: 3993.675: [GC (Allocation Failure) 2018-11-10T16:45:52.185+0800: 3993.675: [ParNew: 2385103K->43825K(2563200K), 0.0474415 secs] 2817354K->477290K(8155648K), 0.0478970 secs] [Times: user=0.18 sys=0.00, real=0.05 secs]
2018-11-10T16:45:57.681+0800: 3999.171: [GC (Allocation Failure) 2018-11-10T16:45:57.681+0800: 3999.171: [ParNew: 2374065K->41067K(2563200K), 0.0492868 secs] 2807530K->474898K(8155648K), 0.0496465 secs] [Times: user=0.18 sys=0.00, real=0.04 secs]
2018-11-10T16:46:01.097+0800: 4002.587: [GC (Allocation Failure) 2018-11-10T16:46:01.097+0800: 4002.587: [ParNew: 2371307K->41584K(2563200K), 0.0470398 secs] 2805138K->475665K(8155648K), 0.0474872 secs] [Times: user=0.17 sys=0.00, real=0.05 secs]
2018-11-10T16:46:04.867+0800: 4006.357: [GC (Allocation Failure) 2018-11-10T16:46:04.867+0800: 4006.357: [ParNew: 2371824K->60818K(2563200K), 0.0511525 secs] 2805905K->495206K(8155648K), 0.0515753 secs] [Times: user=0.19 sys=0.00, real=0.05 secs]
2018-11-10T16:46:09.972+0800: 4011.462: [GC (Allocation Failure) 2018-11-10T16:46:09.972+0800: 4011.462: [ParNew: 2391058K->44611K(2563200K), 0.0465548 secs] 2825446K->479120K(8155648K), 0.0469377 secs] [Times: user=0.18 sys=0.00, real=0.04 secs]
2018-11-10T16:46:14.713+0800: 4016.203: [GC (Allocation Failure) 2018-11-10T16:46:14.714+0800: 4016.204: [ParNew: 2374851K->61263K(2563200K), 0.0499518 secs] 2809360K->496131K(8155648K), 0.0504354 secs] [Times: user=0.18 sys=0.00, real=0.05 secs]
2018-11-10T16:46:19.013+0800: 4020.503: [GC (Allocation Failure) 2018-11-10T16:46:19.013+0800: 4020.503: [ParNew: 2391503K->46923K(2563200K), 0.0515675 secs] 2826371K->482545K(8155648K), 0.0519983 secs] [Times: user=0.19 sys=0.00, real=0.05 secs]
2018-11-10T16:46:22.391+0800: 4023.881: [GC (Allocation Failure) 2018-11-10T16:46:22.392+0800: 4023.882: [ParNew: 2377163K->82185K(2563200K), 0.0673584 secs] 2812785K->517905K(8155648K), 0.0678388 secs] [Times: user=0.26 sys=0.00, real=0.06 secs]
2018-11-10T16:46:25.597+0800: 4027.087: [GC (Allocation Failure) 2018-11-10T16:46:25.597+0800: 4027.087: [ParNew: 2412425K->53347K(2563200K), 0.0449905 secs] 2848145K->489256K(8155648K), 0.0454497 secs] [Times: user=0.17 sys=0.00, real=0.05 secs]
2018-11-10T16:46:29.694+0800: 4031.184: [GC (Allocation Failure) 2018-11-10T16:46:29.694+0800: 4031.184: [ParNew: 2383587K->47597K(2563200K), 0.0474870 secs] 2819496K->483596K(8155648K), 0.0479344 secs] [Times: user=0.17 sys=0.00, real=0.05 secs]
2018-11-10T16:46:33.839+0800: 4035.329: [GC (Allocation Failure) 2018-11-10T16:46:33.839+0800: 4035.329: [ParNew: 2377837K->49765K(2563200K), 0.0454754 secs] 2813836K->486595K(8155648K), 0.0459076 secs] [Times: user=0.16 sys=0.00, real=0.05 secs]
2018-11-10T16:46:37.861+0800: 4039.351: [GC (Allocation Failure) 2018-11-10T16:46:37.861+0800: 4039.351: [ParNew: 2380005K->44527K(2563200K), 0.0470660 secs] 2816835K->481699K(8155648K), 0.0476019 secs] [Times: user=0.17 sys=0.00, real=0.04 secs]
2018-11-10T16:46:40.459+0800: 4041.949: [GC (Allocation Failure) 2018-11-10T16:46:40.460+0800: 4041.950: [ParNew: 2374767K->55536K(2563200K), 0.0547724 secs] 2811939K->493014K(8155648K), 0.0552421 secs] [Times: user=0.19 sys=0.00, real=0.06 secs]
2018-11-10T16:46:44.333+0800: 4045.823: [GC (Allocation Failure) 2018-11-10T16:46:44.333+0800: 4045.823: [ParNew: 2385776K->60465K(2563200K), 0.0489367 secs] 2823254K->498523K(8155648K), 0.0493852 secs] [Times: user=0.18 sys=0.00, real=0.05 secs]
2018-11-10T16:46:48.540+0800: 4050.030: [GC (Allocation Failure) 2018-11-10T16:46:48.540+0800: 4050.030: [ParNew: 2390705K->58464K(2563200K), 0.0466820 secs] 2828763K->496708K(8155648K), 0.0471341 secs] [Times: user=0.17 sys=0.00, real=0.05 secs]
2018-11-10T16:46:52.825+0800: 4054.316: [GC (Allocation Failure) 2018-11-10T16:46:52.826+0800: 4054.316: [ParNew: 2388704K->64410K(2563200K), 0.0513688 secs] 2826948K->503290K(8155648K), 0.0518444 secs] [Times: user=0.19 sys=0.00, real=0.05 secs]
2018-11-10T16:47:01.077+0800: 4062.567: [GC (Allocation Failure) 2018-11-10T16:47:01.077+0800: 4062.567: [ParNew: 2394650K->121956K(2563200K), 0.0777313 secs] 2833530K->561191K(8155648K), 0.0782385 secs] [Times: user=0.29 sys=0.00, real=0.08 secs]
2018-11-10T16:47:05.286+0800: 4066.776: [GC (Allocation Failure) 2018-11-10T16:47:05.287+0800: 4066.777: [ParNew: 2452196K->68596K(2563200K), 0.0483195 secs] 2891431K->508068K(8155648K), 0.0487557 secs] [Times: user=0.18 sys=0.00, real=0.05 secs]
2018-11-10T16:47:10.056+0800: 4071.546: [GC (Allocation Failure) 2018-11-10T16:47:10.056+0800: 4071.546: [ParNew: 2398836K->56822K(2563200K), 0.0512134 secs] 2838308K->496437K(8155648K), 0.0516845 secs] [Times: user=0.19 sys=0.00, real=0.05 secs]
2018-11-10T16:47:16.091+0800: 4077.581: [GC (Allocation Failure) 2018-11-10T16:47:16.091+0800: 4077.581: [ParNew: 2387062K->62895K(2563200K), 0.0465219 secs] 2826677K->502607K(8155648K), 0.0469706 secs] [Times: user=0.17 sys=0.00, real=0.04 secs]
2018-11-10T16:47:24.003+0800: 4085.493: [GC (Allocation Failure) 2018-11-10T16:47:24.003+0800: 4085.493: [ParNew: 2393135K->46534K(2563200K), 0.0502605 secs] 2832847K->486342K(8155648K), 0.0507454 secs] [Times: user=0.19 sys=0.00, real=0.05 secs]
2018-11-10T16:47:31.552+0800: 4093.042: [GC (Allocation Failure) 2018-11-10T16:47:31.553+0800: 4093.043: [ParNew: 2376774K->49848K(2563200K), 0.0455698 secs] 2816582K->489742K(8155648K), 0.0460284 secs] [Times: user=0.17 sys=0.00, real=0.04 secs]
2018-11-10T16:47:36.800+0800: 4098.290: [GC (Allocation Failure) 2018-11-10T16:47:36.800+0800: 4098.290: [ParNew: 2380088K->33945K(2563200K), 0.0419518 secs] 2819982K->473908K(8155648K), 0.0424778 secs] [Times: user=0.15 sys=0.00, real=0.05 secs]
2018-11-10T16:47:42.888+0800: 4104.378: [GC (Allocation Failure) 2018-11-10T16:47:42.888+0800: 4104.378: [ParNew: 2364185K->40726K(2563200K), 0.0424780 secs] 2804148K->481362K(8155648K), 0.0429253 secs] [Times: user=0.15 sys=0.00, real=0.05 secs]
2018-11-10T16:47:48.615+0800: 4110.105: [GC (Allocation Failure) 2018-11-10T16:47:48.615+0800: 4110.105: [ParNew: 2370966K->35670K(2563200K), 0.0436165 secs] 2811602K->476619K(8155648K), 0.0440679 secs] [Times: user=0.16 sys=0.00, real=0.04 secs]
2018-11-10T16:47:56.042+0800: 4117.532: [GC (Allocation Failure) 2018-11-10T16:47:56.043+0800: 4117.533: [ParNew: 2365910K->37655K(2563200K), 0.0441249 secs] 2806859K->480028K(8155648K), 0.0446020 secs] [Times: user=0.14 sys=0.00, real=0.04 secs]
2018-11-10T16:48:00.470+0800: 4121.960: [GC (Allocation Failure) 2018-11-10T16:48:00.470+0800: 4121.960: [ParNew: 2367895K->39074K(2563200K), 0.0412718 secs] 2810268K->482515K(8155648K), 0.0417189 secs] [Times: user=0.15 sys=0.00, real=0.05 secs]
2018-11-10T16:48:07.023+0800: 4128.513: [GC (Allocation Failure) 2018-11-10T16:48:07.023+0800: 4128.513: [ParNew: 2369314K->37680K(2563200K), 0.0418239 secs] 2812755K->481241K(8155648K), 0.0422863 secs] [Times: user=0.16 sys=0.00, real=0.04 secs]
2018-11-10T16:48:12.433+0800: 4133.924: [GC (Allocation Failure) 2018-11-10T16:48:12.434+0800: 4133.924: [ParNew: 2367920K->29981K(2563200K), 0.0420122 secs] 2811481K->473639K(8155648K), 0.0425366 secs] [Times: user=0.15 sys=0.00, real=0.04 secs]
2018-11-10T16:48:18.493+0800: 4139.983: [GC (Allocation Failure) 2018-11-10T16:48:18.493+0800: 4139.983: [ParNew: 2360221K->28548K(2563200K), 0.0405071 secs] 2803879K->472275K(8155648K), 0.0409755 secs] [Times: user=0.15 sys=0.00, real=0.04 secs]
2018-11-10T16:48:25.039+0800: 4146.529: [GC (Allocation Failure) 2018-11-10T16:48:25.039+0800: 4146.529: [ParNew: 2358788K->37765K(2563200K), 0.0511348 secs] 2802515K->483142K(8155648K), 0.0515628 secs] [Times: user=0.16 sys=0.00, real=0.05 secs]
2018-11-10T16:48:32.074+0800: 4153.564: [GC (Allocation Failure) 2018-11-10T16:48:32.074+0800: 4153.564: [ParNew: 2368005K->36851K(2563200K), 0.0420210 secs] 2813382K->482279K(8155648K), 0.0424338 secs] [Times: user=0.15 sys=0.00, real=0.04 secs]
2018-11-10T16:48:36.518+0800: 4158.008: [GC (Allocation Failure) 2018-11-10T16:48:36.518+0800: 4158.008: [ParNew: 2367091K->92647K(2563200K), 0.0868890 secs] 2812519K->538175K(8155648K), 0.0873374 secs] [Times: user=0.33 sys=0.00, real=0.09 secs]
2018-11-10T16:48:40.438+0800: 4161.928: [GC (Allocation Failure) 2018-11-10T16:48:40.438+0800: 4161.928: [ParNew: 2422887K->67515K(2563200K), 0.0405286 secs] 2868415K->513123K(8155648K), 0.0409826 secs] [Times: user=0.14 sys=0.00, real=0.04 secs]
2018-11-10T16:48:44.992+0800: 4166.482: [GC (Allocation Failure) 2018-11-10T16:48:44.992+0800: 4166.482: [ParNew: 2397755K->34272K(2563200K), 0.0509852 secs] 2843363K->479930K(8155648K), 0.0514430 secs] [Times: user=0.15 sys=0.00, real=0.05 secs]
2018-11-10T16:48:51.229+0800: 4172.719: [GC (Allocation Failure) 2018-11-10T16:48:51.229+0800: 4172.719: [ParNew: 2364512K->38235K(2563200K), 0.0419193 secs] 2810170K->484027K(8155648K), 0.0423623 secs] [Times: user=0.15 sys=0.00, real=0.05 secs]
2018-11-10T16:48:56.922+0800: 4178.413: [GC (Allocation Failure) 2018-11-10T16:48:56.923+0800: 4178.413: [ParNew: 2368475K->29672K(2563200K), 0.0424344 secs] 2814267K->475601K(8155648K), 0.0428862 secs] [Times: user=0.16 sys=0.00, real=0.04 secs]
2018-11-10T16:49:04.324+0800: 4185.814: [GC (Allocation Failure) 2018-11-10T16:49:04.324+0800: 4185.814: [ParNew: 2359912K->37635K(2563200K), 0.0420622 secs] 2805841K->483642K(8155648K), 0.0425245 secs] [Times: user=0.16 sys=0.00, real=0.04 secs]
2018-11-10T16:49:07.284+0800: 4188.774: [GC (Allocation Failure) 2018-11-10T16:49:07.284+0800: 4188.774: [ParNew: 2367875K->30479K(2563200K), 0.0423832 secs] 2813882K->476553K(8155648K), 0.0428228 secs] [Times: user=0.16 sys=0.00, real=0.04 secs]
2018-11-10T16:49:10.571+0800: 4192.062: [GC (Allocation Failure) 2018-11-10T16:49:10.572+0800: 4192.062: [ParNew: 2360719K->43758K(2563200K), 0.0453828 secs] 2806793K->489922K(8155648K), 0.0458709 secs] [Times: user=0.16 sys=0.00, real=0.04 secs]
2018-11-10T16:49:14.497+0800: 4195.987: [GC (Allocation Failure) 2018-11-10T16:49:14.497+0800: 4195.987: [ParNew: 2373998K->42349K(2563200K), 0.0473316 secs] 2820162K->488604K(8155648K), 0.0478212 secs] [Times: user=0.18 sys=0.00, real=0.05 secs]
2018-11-10T16:49:19.774+0800: 4201.265: [GC (Allocation Failure) 2018-11-10T16:49:19.775+0800: 4201.265: [ParNew: 2372589K->39133K(2563200K), 0.0463580 secs] 2818844K->485468K(8155648K), 0.0468935 secs] [Times: user=0.17 sys=0.00, real=0.05 secs]
2018-11-10T16:49:25.938+0800: 4207.428: [GC (Allocation Failure) 2018-11-10T16:49:25.939+0800: 4207.429: [ParNew: 2366432K->47183K(2563200K), 0.0447159 secs] 2812767K->493601K(8155648K), 0.0452151 secs] [Times: user=0.17 sys=0.00, real=0.05 secs]
2018-11-10T16:49:31.294+0800: 4212.784: [GC (Allocation Failure) 2018-11-10T16:49:31.294+0800: 4212.784: [ParNew: 2377423K->52344K(2563200K), 0.0453307 secs] 2823841K->498833K(8155648K), 0.0457893 secs] [Times: user=0.16 sys=0.00, real=0.04 secs]
2018-11-10T16:49:35.386+0800: 4216.876: [GC (Allocation Failure) 2018-11-10T16:49:35.386+0800: 4216.876: [ParNew: 2382584K->41067K(2563200K), 0.0453614 secs] 2829073K->487674K(8155648K), 0.0458178 secs] [Times: user=0.17 sys=0.00, real=0.05 secs]
2018-11-10T16:49:43.492+0800: 4224.982: [GC (Allocation Failure) 2018-11-10T16:49:43.492+0800: 4224.982: [ParNew: 2371307K->35778K(2563200K), 0.0421047 secs] 2817914K->482494K(8155648K), 0.0426251 secs] [Times: user=0.15 sys=0.00, real=0.04 secs]
2018-11-10T16:49:49.339+0800: 4230.829: [GC (Allocation Failure) 2018-11-10T16:49:49.339+0800: 4230.829: [ParNew: 2366018K->25906K(2563200K), 0.0405269 secs] 2812734K->472760K(8155648K), 0.0409727 secs] [Times: user=0.15 sys=0.00, real=0.04 secs]
2018-11-10T16:49:52.808+0800: 4234.298: [GC (Allocation Failure) 2018-11-10T16:49:52.808+0800: 4234.298: [ParNew: 2356146K->31434K(2563200K), 0.0444144 secs] 2803000K->478362K(8155648K), 0.0449100 secs] [Times: user=0.16 sys=0.00, real=0.05 secs]
2018-11-10T16:49:58.147+0800: 4239.637: [GC (Allocation Failure) 2018-11-10T16:49:58.147+0800: 4239.637: [ParNew: 2361674K->29878K(2563200K), 0.0410615 secs] 2808602K->476854K(8155648K), 0.0415739 secs] [Times: user=0.15 sys=0.00, real=0.04 secs]
2018-11-10T16:50:03.245+0800: 4244.735: [GC (Allocation Failure) 2018-11-10T16:50:03.245+0800: 4244.735: [ParNew: 2360118K->38389K(2563200K), 0.0464029 secs] 2807094K->485424K(8155648K), 0.0468970 secs] [Times: user=0.16 sys=0.00, real=0.05 secs]
2018-11-10T16:50:11.639+0800: 4253.129: [GC (Allocation Failure) 2018-11-10T16:50:11.639+0800: 4253.130: [ParNew: 2368629K->46260K(2563200K), 0.0446142 secs] 2815664K->493734K(8155648K), 0.0451257 secs] [Times: user=0.16 sys=0.00, real=0.05 secs]
2018-11-10T16:50:17.902+0800: 4259.392: [GC (Allocation Failure) 2018-11-10T16:50:17.902+0800: 4259.393: [ParNew: 2376500K->48051K(2563200K), 0.0445967 secs] 2823974K->495805K(8155648K), 0.0450848 secs] [Times: user=0.16 sys=0.00, real=0.04 secs]
2018-11-10T16:50:26.172+0800: 4267.662: [GC (Allocation Failure) 2018-11-10T16:50:26.172+0800: 4267.662: [ParNew: 2378291K->51578K(2563200K), 0.0485237 secs] 2826045K->499534K(8155648K), 0.0489816 secs] [Times: user=0.17 sys=0.00, real=0.05 secs]
2018-11-10T16:50:40.264+0800: 4281.754: [GC (Allocation Failure) 2018-11-10T16:50:40.264+0800: 4281.754: [ParNew: 2381818K->34344K(2563200K), 0.0425828 secs] 2829774K->482442K(8155648K), 0.0430650 secs] [Times: user=0.15 sys=0.00, real=0.04 secs]
2018-11-10T16:50:45.279+0800: 4286.769: [GC (Allocation Failure) 2018-11-10T16:50:45.279+0800: 4286.769: [ParNew: 2364584K->21573K(2563200K), 0.0402065 secs] 2812682K->469752K(8155648K), 0.0406668 secs] [Times: user=0.15 sys=0.00, real=0.04 secs]
2018-11-10T16:50:52.109+0800: 4293.599: [GC (Allocation Failure) 2018-11-10T16:50:52.109+0800: 4293.599: [ParNew: 2351813K->13754K(2563200K), 0.0391061 secs] 2799992K->461981K(8155648K), 0.0395387 secs] [Times: user=0.14 sys=0.00, real=0.04 secs]
2018-11-10T16:51:00.417+0800: 4301.907: [GC (Allocation Failure) 2018-11-10T16:51:00.417+0800: 4301.907: [ParNew: 2343994K->23124K(2563200K), 0.0419480 secs] 2792221K->471422K(8155648K), 0.0424199 secs] [Times: user=0.16 sys=0.00, real=0.04 secs]
2018-11-10T16:51:06.211+0800: 4307.701: [GC (Allocation Failure) 2018-11-10T16:51:06.211+0800: 4307.701: [ParNew: 2353364K->21169K(2563200K), 0.0433331 secs] 2801662K->469550K(8155648K), 0.0438236 secs] [Times: user=0.15 sys=0.00, real=0.04 secs]
2018-11-10T16:51:12.086+0800: 4313.576: [GC (Allocation Failure) 2018-11-10T16:51:12.086+0800: 4313.576: [ParNew: 2351409K->23125K(2563200K), 0.0427464 secs] 2799790K->471617K(8155648K), 0.0432636 secs] [Times: user=0.15 sys=0.00, real=0.04 secs]
2018-11-10T16:51:16.003+0800: 4317.493: [GC (Allocation Failure) 2018-11-10T16:51:16.003+0800: 4317.493: [ParNew: 2353365K->52454K(2563200K), 0.0581963 secs] 2801857K->501009K(8155648K), 0.0586527 secs] [Times: user=0.21 sys=0.00, real=0.06 secs]
2018-11-10T16:51:19.110+0800: 4320.600: [GC (Allocation Failure) 2018-11-10T16:51:19.110+0800: 4320.600: [ParNew: 2382694K->56649K(2563200K), 0.0482027 secs] 2831249K->505310K(8155648K), 0.0486622 secs] [Times: user=0.18 sys=0.00, real=0.05 secs]
2018-11-10T16:51:22.989+0800: 4324.479: [GC (Allocation Failure) 2018-11-10T16:51:22.989+0800: 4324.479: [ParNew: 2386889K->43838K(2563200K), 0.0463260 secs] 2835550K->493877K(8155648K), 0.0468053 secs] [Times: user=0.17 sys=0.00, real=0.05 secs]
2018-11-10T16:51:28.809+0800: 4330.299: [GC (Allocation Failure) 2018-11-10T16:51:28.809+0800: 4330.299: [ParNew: 2374078K->50152K(2563200K), 0.0463554 secs] 2824117K->500282K(8155648K), 0.0468659 secs] [Times: user=0.18 sys=0.00, real=0.05 secs]
2018-11-10T16:51:35.259+0800: 4336.750: [GC (Allocation Failure) 2018-11-10T16:51:35.260+0800: 4336.750: [ParNew: 2380392K->39622K(2563200K), 0.0418768 secs] 2830522K->489883K(8155648K), 0.0423514 secs] [Times: user=0.15 sys=0.00, real=0.05 secs]
2018-11-10T16:51:44.790+0800: 4346.280: [GC (Allocation Failure) 2018-11-10T16:51:44.790+0800: 4346.280: [ParNew: 2369862K->40462K(2563200K), 0.0418114 secs] 2820123K->490803K(8155648K), 0.0422643 secs] [Times: user=0.15 sys=0.00, real=0.05 secs]
2018-11-10T16:51:50.540+0800: 4352.031: [GC (Allocation Failure) 2018-11-10T16:51:50.541+0800: 4352.031: [ParNew: 2370702K->27436K(2563200K), 0.0396018 secs] 2821043K->477851K(8155648K), 0.0401095 secs] [Times: user=0.14 sys=0.00, real=0.05 secs]
2018-11-10T16:51:57.566+0800: 4359.056: [GC (Allocation Failure) 2018-11-10T16:51:57.566+0800: 4359.057: [ParNew: 2357676K->31686K(2563200K), 0.0406906 secs] 2808091K->482177K(8155648K), 0.0411191 secs] [Times: user=0.14 sys=0.00, real=0.04 secs]
2018-11-10T16:52:04.804+0800: 4366.294: [GC (Allocation Failure) 2018-11-10T16:52:04.804+0800: 4366.294: [ParNew: 2361926K->18821K(2563200K), 0.0391303 secs] 2812417K->469366K(8155648K), 0.0395860 secs] [Times: user=0.14 sys=0.00, real=0.04 secs]
2018-11-10T16:52:10.694+0800: 4372.184: [GC (Allocation Failure) 2018-11-10T16:52:10.694+0800: 4372.184: [ParNew: 2349061K->30779K(2563200K), 0.0445058 secs] 2799606K->481511K(8155648K), 0.0449430 secs] [Times: user=0.16 sys=0.00, real=0.04 secs]
2018-11-10T16:52:16.908+0800: 4378.398: [GC (Allocation Failure) 2018-11-10T16:52:16.908+0800: 4378.398: [ParNew: 2361019K->39065K(2563200K), 0.0441543 secs] 2811751K->489941K(8155648K), 0.0446300 secs] [Times: user=0.17 sys=0.00, real=0.05 secs]
2018-11-10T16:52:22.788+0800: 4384.278: [GC (Allocation Failure) 2018-11-10T16:52:22.789+0800: 4384.279: [ParNew: 2367735K->42612K(2563200K), 0.0434371 secs] 2818611K->493593K(8155648K), 0.0438781 secs] [Times: user=0.16 sys=0.00, real=0.05 secs]
2018-11-10T16:52:28.365+0800: 4389.855: [GC (Allocation Failure) 2018-11-10T16:52:28.365+0800: 4389.855: [ParNew: 2372852K->33632K(2563200K), 0.0426305 secs] 2823833K->484760K(8155648K), 0.0431104 secs] [Times: user=0.16 sys=0.00, real=0.04 secs]
2018-11-10T16:52:33.284+0800: 4394.775: [GC (Allocation Failure) 2018-11-10T16:52:33.285+0800: 4394.775: [ParNew: 2363872K->33383K(2563200K), 0.0407426 secs] 2815000K->484596K(8155648K), 0.0411943 secs] [Times: user=0.15 sys=0.00, real=0.04 secs]
2018-11-10T16:52:38.872+0800: 4400.363: [GC (Allocation Failure) 2018-11-10T16:52:38.873+0800: 4400.363: [ParNew: 2363602K->33494K(2563200K), 0.0416815 secs] 2814815K->484781K(8155648K), 0.0421266 secs] [Times: user=0.15 sys=0.00, real=0.04 secs]
2018-11-10T16:52:47.372+0800: 4408.862: [GC (Allocation Failure) 2018-11-10T16:52:47.372+0800: 4408.862: [ParNew: 2363734K->24271K(2563200K), 0.0407858 secs] 2815021K->475600K(8155648K), 0.0412233 secs] [Times: user=0.14 sys=0.00, real=0.04 secs]
2018-11-10T16:52:55.570+0800: 4417.060: [GC (Allocation Failure) 2018-11-10T16:52:55.570+0800: 4417.060: [ParNew: 2354511K->29893K(2563200K), 0.0404370 secs] 2805840K->481333K(8155648K), 0.0409690 secs] [Times: user=0.15 sys=0.00, real=0.05 secs]
2018-11-10T16:53:00.738+0800: 4422.228: [GC (Allocation Failure) 2018-11-10T16:53:00.738+0800: 4422.228: [ParNew: 2360133K->36903K(2563200K), 0.0471615 secs] 2811573K->488367K(8155648K), 0.0476381 secs] [Times: user=0.15 sys=0.00, real=0.05 secs]
2018-11-10T16:53:06.457+0800: 4427.947: [GC (Allocation Failure) 2018-11-10T16:53:06.457+0800: 4427.947: [ParNew: 2367143K->34503K(2563200K), 0.0411042 secs] 2818607K->486012K(8155648K), 0.0415439 secs] [Times: user=0.15 sys=0.00, real=0.04 secs]
2018-11-10T16:53:12.016+0800: 4433.506: [GC (Allocation Failure) 2018-11-10T16:53:12.016+0800: 4433.506: [ParNew: 2364743K->37456K(2563200K), 0.0491252 secs] 2816252K->489029K(8155648K), 0.0496166 secs] [Times: user=0.17 sys=0.00, real=0.05 secs]
2018-11-10T16:53:15.915+0800: 4437.405: [GC (Allocation Failure) 2018-11-10T16:53:15.915+0800: 4437.405: [ParNew: 2367696K->40435K(2563200K), 0.0498396 secs] 2819269K->492130K(8155648K), 0.0503400 secs] [Times: user=0.18 sys=0.00, real=0.05 secs]
2018-11-10T16:53:19.575+0800: 4441.065: [GC (Allocation Failure) 2018-11-10T16:53:19.575+0800: 4441.065: [ParNew: 2370675K->44518K(2563200K), 0.0467572 secs] 2822370K->496307K(8155648K), 0.0472065 secs] [Times: user=0.17 sys=0.00, real=0.05 secs]
2018-11-10T16:53:24.940+0800: 4446.430: [GC (Allocation Failure) 2018-11-10T16:53:24.940+0800: 4446.430: [ParNew: 2374758K->54053K(2563200K), 0.0518711 secs] 2826547K->506258K(8155648K), 0.0523662 secs] [Times: user=0.19 sys=0.00, real=0.06 secs]
2018-11-10T16:53:30.257+0800: 4451.747: [GC (Allocation Failure) 2018-11-10T16:53:30.257+0800: 4451.747: [ParNew: 2384293K->76829K(2563200K), 0.0959974 secs] 2836498K->529146K(8155648K), 0.0966060 secs] [Times: user=0.33 sys=0.00, real=0.10 secs]
2018-11-10T16:53:33.440+0800: 4454.930: [GC (Allocation Failure) 2018-11-10T16:53:33.440+0800: 4454.930: [ParNew: 2407069K->51778K(2563200K), 0.0421739 secs] 2859386K->504173K(8155648K), 0.0426134 secs] [Times: user=0.15 sys=0.00, real=0.05 secs]
2018-11-10T16:53:38.561+0800: 4460.051: [GC (Allocation Failure) 2018-11-10T16:53:38.562+0800: 4460.052: [ParNew: 2382018K->48667K(2563200K), 0.0525552 secs] 2834413K->501165K(8155648K), 0.0530026 secs] [Times: user=0.18 sys=0.00, real=0.05 secs]
2018-11-10T16:53:45.320+0800: 4466.810: [GC (Allocation Failure) 2018-11-10T16:53:45.320+0800: 4466.810: [ParNew: 2378907K->32371K(2563200K), 0.0374450 secs] 2831405K->484957K(8155648K), 0.0379043 secs] [Times: user=0.13 sys=0.00, real=0.04 secs]
2018-11-10T16:53:52.507+0800: 4473.997: [GC (Allocation Failure) 2018-11-10T16:53:52.507+0800: 4473.997: [ParNew: 2362611K->29305K(2563200K), 0.0436077 secs] 2815197K->481959K(8155648K), 0.0440650 secs] [Times: user=0.16 sys=0.00, real=0.05 secs]
2018-11-10T16:53:58.533+0800: 4480.023: [GC (Allocation Failure) 2018-11-10T16:53:58.533+0800: 4480.023: [ParNew: 2359545K->23993K(2563200K), 0.0437929 secs] 2812199K->476716K(8155648K), 0.0442784 secs] [Times: user=0.16 sys=0.00, real=0.04 secs]
2018-11-10T16:54:03.147+0800: 4484.637: [GC (Allocation Failure) 2018-11-10T16:54:03.147+0800: 4484.637: [ParNew: 2354233K->37070K(2563200K), 0.0450618 secs] 2806956K->489880K(8155648K), 0.0455389 secs] [Times: user=0.17 sys=0.00, real=0.05 secs]
2018-11-10T16:54:10.733+0800: 4492.223: [GC (Allocation Failure) 2018-11-10T16:54:10.734+0800: 4492.224: [ParNew: 2367310K->43952K(2563200K), 0.0466777 secs] 2820120K->496881K(8155648K), 0.0470550 secs] [Times: user=0.17 sys=0.00, real=0.05 secs]
2018-11-10T16:54:19.317+0800: 4500.807: [GC (Allocation Failure) 2018-11-10T16:54:19.317+0800: 4500.807: [ParNew: 2374192K->40331K(2563200K), 0.0453311 secs] 2827121K->494631K(8155648K), 0.0457842 secs] [Times: user=0.16 sys=0.00, real=0.05 secs]
2018-11-10T16:54:26.023+0800: 4507.514: [GC (Allocation Failure) 2018-11-10T16:54:26.024+0800: 4507.514: [ParNew: 2370571K->42776K(2563200K), 0.0487477 secs] 2824871K->497219K(8155648K), 0.0492506 secs] [Times: user=0.17 sys=0.00, real=0.05 secs]
2018-11-10T16:54:33.223+0800: 4514.713: [GC (Allocation Failure) 2018-11-10T16:54:33.223+0800: 4514.713: [ParNew: 2373016K->51185K(2563200K), 0.0458844 secs] 2827459K->505858K(8155648K), 0.0463782 secs] [Times: user=0.16 sys=0.00, real=0.04 secs]
2018-11-10T16:54:39.884+0800: 4521.374: [GC (Allocation Failure) 2018-11-10T16:54:39.884+0800: 4521.374: [ParNew: 2381425K->52977K(2563200K), 0.0501360 secs] 2836098K->508110K(8155648K), 0.0505907 secs] [Times: user=0.18 sys=0.00, real=0.05 secs]
2018-11-10T16:54:45.706+0800: 4527.196: [GC (Allocation Failure) 2018-11-10T16:54:45.706+0800: 4527.196: [ParNew: 2383217K->39008K(2563200K), 0.0422465 secs] 2838350K->494605K(8155648K), 0.0427101 secs] [Times: user=0.15 sys=0.00, real=0.04 secs]
2018-11-10T16:54:51.021+0800: 4532.511: [GC (Allocation Failure) 2018-11-10T16:54:51.021+0800: 4532.511: [ParNew: 2369248K->28151K(2563200K), 0.0409270 secs] 2824845K->484456K(8155648K), 0.0414095 secs] [Times: user=0.14 sys=0.01, real=0.04 secs]
2018-11-10T16:54:58.911+0800: 4540.401: [GC (Allocation Failure) 2018-11-10T16:54:58.912+0800: 4540.402: [ParNew: 2358391K->25349K(2563200K), 0.0393812 secs] 2814696K->481811K(8155648K), 0.0398683 secs] [Times: user=0.14 sys=0.00, real=0.04 secs]
2018-11-10T16:55:06.357+0800: 4547.847: [GC (Allocation Failure) 2018-11-10T16:55:06.358+0800: 4547.848: [ParNew: 2355589K->33858K(2563200K), 0.0410254 secs] 2812051K->490462K(8155648K), 0.0415446 secs] [Times: user=0.15 sys=0.00, real=0.04 secs]
2018-11-10T16:55:12.859+0800: 4554.349: [GC (Allocation Failure) 2018-11-10T16:55:12.859+0800: 4554.349: [ParNew: 2364098K->32190K(2563200K), 0.0417252 secs] 2820702K->488830K(8155648K), 0.0421732 secs] [Times: user=0.15 sys=0.00, real=0.05 secs]
2018-11-10T16:55:21.046+0800: 4562.536: [GC (Allocation Failure) 2018-11-10T16:55:21.046+0800: 4562.536: [ParNew: 2362430K->44689K(2563200K), 0.0431697 secs] 2819070K->501420K(8155648K), 0.0436575 secs] [Times: user=0.16 sys=0.00, real=0.04 secs]
2018-11-10T16:55:31.880+0800: 4573.370: [GC (Allocation Failure) 2018-11-10T16:55:31.880+0800: 4573.370: [ParNew: 2374929K->40706K(2563200K), 0.0448178 secs] 2831660K->497518K(8155648K), 0.0452864 secs] [Times: user=0.16 sys=0.00, real=0.05 secs]
2018-11-10T16:55:39.825+0800: 4581.315: [GC (Allocation Failure) 2018-11-10T16:55:39.825+0800: 4581.315: [ParNew: 2370946K->35138K(2563200K), 0.0389962 secs] 2827758K->492049K(8155648K), 0.0394662 secs] [Times: user=0.14 sys=0.00, real=0.04 secs]
2018-11-10T16:55:44.344+0800: 4585.834: [GC (Allocation Failure) 2018-11-10T16:55:44.344+0800: 4585.834: [ParNew: 2365378K->30120K(2563200K), 0.0426373 secs] 2822289K->487130K(8155648K), 0.0431186 secs] [Times: user=0.16 sys=0.00, real=0.04 secs]
2018-11-10T16:55:50.207+0800: 4591.697: [GC (Allocation Failure) 2018-11-10T16:55:50.207+0800: 4591.697: [ParNew: 2360360K->25263K(2563200K), 0.0400881 secs] 2817370K->484176K(8155648K), 0.0405278 secs] [Times: user=0.15 sys=0.00, real=0.04 secs]
2018-11-10T16:55:56.574+0800: 4598.064: [GC (Allocation Failure) 2018-11-10T16:55:56.574+0800: 4598.064: [ParNew: 2355503K->16864K(2563200K), 0.0346595 secs] 2814416K->475824K(8155648K), 0.0351103 secs] [Times: user=0.13 sys=0.00, real=0.03 secs]
2018-11-10T16:56:03.204+0800: 4604.694: [GC (Allocation Failure) 2018-11-10T16:56:03.205+0800: 4604.695: [ParNew: 2347104K->23662K(2563200K), 0.0394990 secs] 2806064K->482727K(8155648K), 0.0400251 secs] [Times: user=0.15 sys=0.00, real=0.04 secs]
2018-11-10T16:56:12.513+0800: 4614.003: [GC (Allocation Failure) 2018-11-10T16:56:12.513+0800: 4614.003: [ParNew: 2353902K->32218K(2563200K), 0.0429943 secs] 2812967K->491346K(8155648K), 0.0434792 secs] [Times: user=0.16 sys=0.00, real=0.04 secs]
2018-11-10T16:56:18.920+0800: 4620.410: [GC (Allocation Failure) 2018-11-10T16:56:18.920+0800: 4620.410: [ParNew: 2362458K->34398K(2563200K), 0.0391994 secs] 2821586K->493640K(8155648K), 0.0396844 secs] [Times: user=0.14 sys=0.00, real=0.04 secs]
2018-11-10T16:56:27.739+0800: 4629.229: [GC (Allocation Failure) 2018-11-10T16:56:27.739+0800: 4629.229: [ParNew: 2364638K->21822K(2563200K), 0.0360033 secs] 2823880K->481117K(8155648K), 0.0364776 secs] [Times: user=0.13 sys=0.00, real=0.04 secs]
2018-11-10T16:56:35.866+0800: 4637.356: [GC (Allocation Failure) 2018-11-10T16:56:35.866+0800: 4637.356: [ParNew: 2352062K->23959K(2563200K), 0.0385234 secs] 2811357K->483412K(8155648K), 0.0390175 secs] [Times: user=0.14 sys=0.00, real=0.04 secs]
2018-11-10T16:56:46.018+0800: 4647.508: [GC (Allocation Failure) 2018-11-10T16:56:46.018+0800: 4647.508: [ParNew: 2354199K->29040K(2563200K), 0.0405529 secs] 2813652K->488690K(8155648K), 0.0410346 secs] [Times: user=0.14 sys=0.00, real=0.04 secs]
2018-11-10T16:56:58.610+0800: 4660.101: [GC (Allocation Failure) 2018-11-10T16:56:58.611+0800: 4660.101: [ParNew: 2359280K->19125K(2563200K), 0.0374489 secs] 2818930K->478943K(8155648K), 0.0379553 secs] [Times: user=0.13 sys=0.00, real=0.04 secs]
2018-11-10T16:57:07.533+0800: 4669.023: [GC (Allocation Failure) 2018-11-10T16:57:07.533+0800: 4669.024: [ParNew: 2349365K->20253K(2563200K), 0.0373447 secs] 2809183K->480150K(8155648K), 0.0377913 secs] [Times: user=0.14 sys=0.00, real=0.04 secs]
2018-11-10T16:57:19.799+0800: 4681.289: [GC (Allocation Failure) 2018-11-10T16:57:19.799+0800: 4681.289: [ParNew: 2350493K->18167K(2563200K), 0.0422157 secs] 2810390K->478146K(8155648K), 0.0426877 secs] [Times: user=0.14 sys=0.00, real=0.05 secs]
2018-11-10T16:57:35.766+0800: 4697.256: [GC (Allocation Failure) 2018-11-10T16:57:35.766+0800: 4697.256: [ParNew: 2348407K->15166K(2563200K), 0.0336779 secs] 2808386K->475214K(8155648K), 0.0341769 secs] [Times: user=0.12 sys=0.00, real=0.03 secs]
2018-11-10T16:57:47.881+0800: 4709.371: [GC (Allocation Failure) 2018-11-10T16:57:47.881+0800: 4709.371: [ParNew: 2345406K->20290K(2563200K), 0.0412781 secs] 2805454K->480455K(8155648K), 0.0417733 secs] [Times: user=0.15 sys=0.00, real=0.04 secs]
2018-11-10T16:57:57.287+0800: 4718.777: [GC (Allocation Failure) 2018-11-10T16:57:57.287+0800: 4718.777: [ParNew: 2350530K->29334K(2563200K), 0.0408063 secs] 2810695K->489617K(8155648K), 0.0412797 secs] [Times: user=0.14 sys=0.00, real=0.04 secs]
2018-11-10T16:58:03.698+0800: 4725.188: [GC (Allocation Failure) 2018-11-10T16:58:03.699+0800: 4725.189: [ParNew: 2359574K->57939K(2563200K), 0.0612059 secs] 2819857K->518332K(8155648K), 0.0617063 secs] [Times: user=0.23 sys=0.00, real=0.06 secs]
2018-11-10T16:58:18.196+0800: 4739.686: [GC (Allocation Failure) 2018-11-10T16:58:18.196+0800: 4739.686: [ParNew: 2388179K->104774K(2563200K), 0.0392858 secs] 2848572K->565212K(8155648K), 0.0398385 secs] [Times: user=0.14 sys=0.00, real=0.04 secs]
2018-11-10T16:58:22.742+0800: 4744.232: [GC (Allocation Failure) 2018-11-10T16:58:22.742+0800: 4744.232: [ParNew: 2434874K->23419K(2563200K), 0.0347915 secs] 2895312K->483905K(8155648K), 0.0352570 secs] [Times: user=0.13 sys=0.00, real=0.03 secs]
2018-11-10T16:58:35.031+0800: 4756.521: [GC (Allocation Failure) 2018-11-10T16:58:35.031+0800: 4756.521: [ParNew: 2353659K->25555K(2563200K), 0.0371355 secs] 2814145K->486084K(8155648K), 0.0375945 secs] [Times: user=0.13 sys=0.00, real=0.03 secs]
2018-11-10T16:58:43.422+0800: 4764.912: [GC (Allocation Failure) 2018-11-10T16:58:43.422+0800: 4764.912: [ParNew: 2355795K->30674K(2563200K), 0.0430052 secs] 2816324K->491237K(8155648K), 0.0435008 secs] [Times: user=0.15 sys=0.01, real=0.04 secs]
2018-11-10T16:58:50.744+0800: 4772.234: [GC (Allocation Failure) 2018-11-10T16:58:50.744+0800: 4772.234: [ParNew: 2360914K->27875K(2563200K), 0.0379440 secs] 2821477K->488492K(8155648K), 0.0384478 secs] [Times: user=0.14 sys=0.00, real=0.04 secs]
2018-11-10T16:59:05.393+0800: 4786.883: [GC (Allocation Failure) 2018-11-10T16:59:05.393+0800: 4786.883: [ParNew: 2358115K->19197K(2563200K), 0.0366838 secs] 2818732K->479865K(8155648K), 0.0371518 secs] [Times: user=0.13 sys=0.00, real=0.03 secs]
2018-11-10T16:59:18.694+0800: 4800.184: [GC (Allocation Failure) 2018-11-10T16:59:18.694+0800: 4800.184: [ParNew: 2349437K->13138K(2563200K), 0.0367571 secs] 2810105K->473854K(8155648K), 0.0372920 secs] [Times: user=0.13 sys=0.00, real=0.04 secs]
2018-11-10T16:59:31.643+0800: 4813.133: [GC (Allocation Failure) 2018-11-10T16:59:31.643+0800: 4813.133: [ParNew: 2343378K->12882K(2563200K), 0.0446464 secs] 2804094K->473675K(8155648K), 0.0452064 secs] [Times: user=0.13 sys=0.00, real=0.04 secs]
2018-11-10T17:00:02.336+0800: 4843.826: [GC (Allocation Failure) 2018-11-10T17:00:02.337+0800: 4843.827: [ParNew: 2343122K->13933K(2563200K), 0.0387237 secs] 2803915K->474850K(8155648K), 0.0392198 secs] [Times: user=0.13 sys=0.00, real=0.04 secs]
2018-11-10T17:00:19.963+0800: 4861.453: [GC (Allocation Failure) 2018-11-10T17:00:19.963+0800: 4861.453: [ParNew: 2344173K->9192K(2563200K), 0.0329884 secs] 2805090K->470158K(8155648K), 0.0335144 secs] [Times: user=0.12 sys=0.01, real=0.03 secs]
2018-11-10T17:00:29.288+0800: 4870.778: [GC (Allocation Failure) 2018-11-10T17:00:29.289+0800: 4870.779: [ParNew: 2339432K->4901K(2563200K), 0.0332461 secs] 2800398K->465903K(8155648K), 0.0336913 secs] [Times: user=0.12 sys=0.00, real=0.04 secs]
2018-11-10T17:00:43.776+0800: 4885.266: [GC (Allocation Failure) 2018-11-10T17:00:43.776+0800: 4885.266: [ParNew: 2335141K->4915K(2563200K), 0.0337237 secs] 2796143K->466003K(8155648K), 0.0341717 secs] [Times: user=0.12 sys=0.00, real=0.03 secs]
2018-11-10T17:01:06.689+0800: 4908.179: [GC (Allocation Failure) 2018-11-10T17:01:06.690+0800: 4908.180: [ParNew: 2335155K->13590K(2563200K), 0.0411906 secs] 2796243K->474742K(8155648K), 0.0416823 secs] [Times: user=0.15 sys=0.00, real=0.05 secs]
2018-11-10T17:01:18.216+0800: 4919.706: [GC (Allocation Failure) 2018-11-10T17:01:18.216+0800: 4919.707: [ParNew: 2343119K->9904K(2563200K), 0.0362338 secs] 2804271K->471084K(8155648K), 0.0366540 secs] [Times: user=0.13 sys=0.00, real=0.04 secs]
2018-11-10T17:01:29.877+0800: 4931.367: [GC (Allocation Failure) 2018-11-10T17:01:29.877+0800: 4931.367: [ParNew: 2340144K->6546K(2563200K), 0.0384445 secs] 2801324K->467828K(8155648K), 0.0389335 secs] [Times: user=0.13 sys=0.00, real=0.04 secs]
2018-11-10T17:01:35.773+0800: 4937.263: [GC (Allocation Failure) 2018-11-10T17:01:35.773+0800: 4937.263: [ParNew: 2336786K->25757K(2563200K), 0.0441711 secs] 2798068K->487502K(8155648K), 0.0445512 secs] [Times: user=0.16 sys=0.00, real=0.04 secs]
2018-11-10T17:01:41.933+0800: 4943.423: [GC (Allocation Failure) 2018-11-10T17:01:41.933+0800: 4943.423: [ParNew: 2355997K->18086K(2563200K), 0.0346176 secs] 2817742K->479857K(8155648K), 0.0350422 secs] [Times: user=0.13 sys=0.00, real=0.03 secs]
2018-11-10T17:01:47.788+0800: 4949.278: [GC (Allocation Failure) 2018-11-10T17:01:47.788+0800: 4949.278: [ParNew: 2348326K->6342K(2563200K), 0.0340728 secs] 2810097K->468178K(8155648K), 0.0344809 secs] [Times: user=0.12 sys=0.00, real=0.04 secs]
2018-11-10T17:02:06.458+0800: 4967.948: [GC (Allocation Failure) 2018-11-10T17:02:06.458+0800: 4967.949: [ParNew: 2336582K->4414K(2563200K), 0.0344453 secs] 2798418K->466390K(8155648K), 0.0349387 secs] [Times: user=0.12 sys=0.00, real=0.04 secs]
2018-11-10T17:02:21.541+0800: 4983.031: [GC (Allocation Failure) 2018-11-10T17:02:21.541+0800: 4983.031: [ParNew: 2334654K->5849K(2563200K), 0.0336065 secs] 2796630K->467837K(8155648K), 0.0340557 secs] [Times: user=0.12 sys=0.01, real=0.03 secs]
2018-11-10T17:02:28.408+0800: 4989.898: [GC (Allocation Failure) 2018-11-10T17:02:28.408+0800: 4989.898: [ParNew: 2336089K->39419K(2563200K), 0.0552548 secs] 2798077K->501468K(8155648K), 0.0557300 secs] [Times: user=0.21 sys=0.00, real=0.06 secs]
2018-11-10T17:02:36.572+0800: 4998.062: [GC (Allocation Failure) 2018-11-10T17:02:36.572+0800: 4998.062: [ParNew: 2369659K->29161K(2563200K), 0.0378213 secs] 2831708K->491297K(8155648K), 0.0382997 secs] [Times: user=0.13 sys=0.00, real=0.04 secs]
2018-11-10T17:02:46.904+0800: 5008.394: [GC (Allocation Failure) 2018-11-10T17:02:46.904+0800: 5008.394: [ParNew: 2359401K->8871K(2563200K), 0.0345901 secs] 2821537K->471177K(8155648K), 0.0350471 secs] [Times: user=0.13 sys=0.00, real=0.03 secs]
2018-11-10T17:02:54.267+0800: 5015.758: [GC (Allocation Failure) 2018-11-10T17:02:54.268+0800: 5015.758: [ParNew: 2339111K->7280K(2563200K), 0.0345471 secs] 2801417K->469660K(8155648K), 0.0350609 secs] [Times: user=0.13 sys=0.00, real=0.04 secs]
2018-11-10T17:03:02.526+0800: 5024.016: [GC (Allocation Failure) 2018-11-10T17:03:02.526+0800: 5024.016: [ParNew: 2337520K->5956K(2563200K), 0.0332933 secs] 2799900K->468608K(8155648K), 0.0337137 secs] [Times: user=0.12 sys=0.00, real=0.03 secs]
2018-11-10T17:03:21.270+0800: 5042.760: [GC (Allocation Failure) 2018-11-10T17:03:21.270+0800: 5042.760: [ParNew: 2336196K->3655K(2563200K), 0.0330433 secs] 2798848K->466307K(8155648K), 0.0335613 secs] [Times: user=0.12 sys=0.00, real=0.04 secs]
2018-11-10T17:03:30.080+0800: 5051.570: [GC (Allocation Failure) 2018-11-10T17:03:30.081+0800: 5051.571: [ParNew: 2333895K->5556K(2563200K), 0.0337062 secs] 2796547K->468208K(8155648K), 0.0342073 secs] [Times: user=0.12 sys=0.00, real=0.04 secs]
2018-11-10T17:04:00.869+0800: 5082.359: [GC (Allocation Failure) 2018-11-10T17:04:00.869+0800: 5082.359: [ParNew: 2335796K->12599K(2563200K), 0.0358337 secs] 2798448K->475303K(8155648K), 0.0362496 secs] [Times: user=0.13 sys=0.00, real=0.04 secs]
2018-11-10T17:04:08.879+0800: 5090.369: [GC (Allocation Failure) 2018-11-10T17:04:08.879+0800: 5090.369: [ParNew: 2342839K->8366K(2563200K), 0.0366551 secs] 2805543K->471071K(8155648K), 0.0371459 secs] [Times: user=0.12 sys=0.00, real=0.04 secs]
2018-11-10T17:04:11.047+0800: 5092.537: [GC (Allocation Failure) 2018-11-10T17:04:11.047+0800: 5092.537: [ParNew: 2338606K->56072K(2563200K), 0.0683026 secs] 2801311K->518910K(8155648K), 0.0687490 secs] [Times: user=0.26 sys=0.00, real=0.07 secs]
2018-11-10T17:04:22.573+0800: 5104.063: [GC (Allocation Failure) 2018-11-10T17:04:22.573+0800: 5104.063: [ParNew: 2386312K->41599K(2563200K), 0.0348636 secs] 2849150K->504439K(8155648K), 0.0353632 secs] [Times: user=0.13 sys=0.00, real=0.03 secs]
2018-11-10T17:04:48.796+0800: 5130.286: [GC (Allocation Failure) 2018-11-10T17:04:48.796+0800: 5130.286: [ParNew: 2371839K->10814K(2563200K), 0.0337028 secs] 2834679K->473673K(8155648K), 0.0341840 secs] [Times: user=0.12 sys=0.00, real=0.03 secs]
2018-11-10T17:05:19.698+0800: 5161.189: [GC (Allocation Failure) 2018-11-10T17:05:19.699+0800: 5161.189: [ParNew: 2341054K->3866K(2563200K), 0.0346080 secs] 2803913K->466862K(8155648K), 0.0351061 secs] [Times: user=0.12 sys=0.00, real=0.04 secs]
2018-11-10T17:05:40.447+0800: 5181.937: [GC (Allocation Failure) 2018-11-10T17:05:40.447+0800: 5181.937: [ParNew: 2334106K->31457K(2563200K), 0.0510580 secs] 2797102K->494626K(8155648K), 0.0516142 secs] [Times: user=0.19 sys=0.00, real=0.05 secs]
2018-11-10T17:06:02.933+0800: 5204.423: [GC (Allocation Failure) 2018-11-10T17:06:02.933+0800: 5204.423: [ParNew: 2361697K->31692K(2563200K), 0.0374435 secs] 2824866K->495368K(8155648K), 0.0379351 secs] [Times: user=0.14 sys=0.00, real=0.04 secs]
2018-11-10T17:06:35.511+0800: 5237.001: [GC (Allocation Failure) 2018-11-10T17:06:35.512+0800: 5237.002: [ParNew: 2361932K->10203K(2563200K), 0.0336319 secs] 2825608K->473880K(8155648K), 0.0341405 secs] [Times: user=0.13 sys=0.00, real=0.03 secs]
2018-11-10T17:06:58.934+0800: 5260.424: [GC (Allocation Failure) 2018-11-10T17:06:58.934+0800: 5260.424: [ParNew: 2340443K->3562K(2563200K), 0.0333676 secs] 2804120K->467239K(8155648K), 0.0338040 secs] [Times: user=0.12 sys=0.00, real=0.03 secs]
2018-11-10T17:07:32.558+0800: 5294.048: [GC (Allocation Failure) 2018-11-10T17:07:32.558+0800: 5294.048: [ParNew: 2333151K->3475K(2563200K), 0.0323234 secs] 2796829K->467154K(8155648K), 0.0327807 secs] [Times: user=0.12 sys=0.00, real=0.04 secs]
2018-11-10T17:08:06.057+0800: 5327.547: [GC (Allocation Failure) 2018-11-10T17:08:06.057+0800: 5327.547: [ParNew: 2333715K->3552K(2563200K), 0.0337869 secs] 2797394K->467232K(8155648K), 0.0342301 secs] [Times: user=0.12 sys=0.00, real=0.04 secs]
2018-11-10T17:08:33.998+0800: 5355.488: [GC (Allocation Failure) 2018-11-10T17:08:33.999+0800: 5355.489: [ParNew: 2333792K->2571K(2563200K), 0.0310480 secs] 2797472K->466251K(8155648K), 0.0314342 secs] [Times: user=0.11 sys=0.00, real=0.03 secs]
2018-11-10T17:08:55.099+0800: 5376.589: [GC (Allocation Failure) 2018-11-10T17:08:55.099+0800: 5376.589: [ParNew: 2332811K->2552K(2563200K), 0.0327678 secs] 2796491K->466232K(8155648K), 0.0332157 secs] [Times: user=0.12 sys=0.00, real=0.04 secs]
2018-11-10T17:09:29.990+0800: 5411.480: [GC (Allocation Failure) 2018-11-10T17:09:29.990+0800: 5411.480: [ParNew: 2332792K->4864K(2563200K), 0.0400382 secs] 2796472K->468545K(8155648K), 0.0405322 secs] [Times: user=0.13 sys=0.00, real=0.04 secs]
2018-11-10T17:09:47.453+0800: 5428.943: [GC (Allocation Failure) 2018-11-10T17:09:47.454+0800: 5428.944: [ParNew: 2335104K->14565K(2563200K), 0.0361084 secs] 2798785K->478360K(8155648K), 0.0365350 secs] [Times: user=0.13 sys=0.00, real=0.03 secs]
2018-11-10T17:10:05.996+0800: 5447.486: [GC (Allocation Failure) 2018-11-10T17:10:05.996+0800: 5447.486: [ParNew: 2344805K->15531K(2563200K), 0.0333668 secs] 2808600K->479393K(8155648K), 0.0337944 secs] [Times: user=0.12 sys=0.00, real=0.03 secs]
2018-11-10T17:10:12.324+0800: 5453.814: [GC (Allocation Failure) 2018-11-10T17:10:12.325+0800: 5453.815: [ParNew: 2345771K->92031K(2563200K), 0.1078603 secs] 2809633K->555893K(8155648K), 0.1083671 secs] [Times: user=0.37 sys=0.00, real=0.11 secs]
2018-11-10T17:10:19.483+0800: 5460.973: [GC (Allocation Failure) 2018-11-10T17:10:19.483+0800: 5460.973: [ParNew: 2422054K->67374K(2563200K), 0.0318849 secs] 2885916K->531236K(8155648K), 0.0322851 secs] [Times: user=0.12 sys=0.00, real=0.03 secs]
2018-11-10T17:10:38.257+0800: 5479.747: [GC (Allocation Failure) 2018-11-10T17:10:38.258+0800: 5479.748: [ParNew: 2397614K->21511K(2563200K), 0.0334147 secs] 2861476K->485374K(8155648K), 0.0338278 secs] [Times: user=0.12 sys=0.00, real=0.04 secs]
2018-11-10T17:11:03.319+0800: 5504.809: [GC (Allocation Failure) 2018-11-10T17:11:03.319+0800: 5504.809: [ParNew: 2351751K->9011K(2563200K), 0.0324071 secs] 2815614K->472893K(8155648K), 0.0328794 secs] [Times: user=0.12 sys=0.00, real=0.04 secs]
2018-11-10T17:11:19.525+0800: 5521.015: [GC (Allocation Failure) 2018-11-10T17:11:19.525+0800: 5521.015: [ParNew: 2339251K->7144K(2563200K), 0.0343956 secs] 2803133K->471026K(8155648K), 0.0348807 secs] [Times: user=0.12 sys=0.00, real=0.03 secs]
2018-11-10T17:11:29.367+0800: 5530.857: [GC (Allocation Failure) 2018-11-10T17:11:29.367+0800: 5530.857: [ParNew: 2337384K->32691K(2563200K), 0.0498809 secs] 2801266K->496591K(8155648K), 0.0503262 secs] [Times: user=0.19 sys=0.00, real=0.05 secs]
2018-11-10T17:11:51.790+0800: 5553.280: [GC (Allocation Failure) 2018-11-10T17:11:51.790+0800: 5553.280: [ParNew: 2362931K->35983K(2563200K), 0.0421071 secs] 2826831K->499958K(8155648K), 0.0425832 secs] [Times: user=0.16 sys=0.00, real=0.05 secs]
2018-11-10T17:12:07.738+0800: 5569.228: [GC (Allocation Failure) 2018-11-10T17:12:07.738+0800: 5569.228: [ParNew: 2366223K->13963K(2563200K), 0.0317054 secs] 2830198K->477939K(8155648K), 0.0321026 secs] [Times: user=0.11 sys=0.00, real=0.03 secs]
2018-11-10T17:12:19.372+0800: 5580.862: [GC (Allocation Failure) 2018-11-10T17:12:19.372+0800: 5580.862: [ParNew: 2344203K->3850K(2563200K), 0.0329493 secs] 2808179K->467845K(8155648K), 0.0333691 secs] [Times: user=0.12 sys=0.00, real=0.03 secs]
2018-11-10T17:12:24.296+0800: 5585.786: [GC (Allocation Failure) 2018-11-10T17:12:24.296+0800: 5585.786: [ParNew: 2334090K->8291K(2563200K), 0.0355326 secs] 2798085K->472289K(8155648K), 0.0359721 secs] [Times: user=0.13 sys=0.00, real=0.04 secs]
2018-11-10T17:12:41.716+0800: 5603.206: [GC (Allocation Failure) 2018-11-10T17:12:41.716+0800: 5603.206: [ParNew: 2337244K->10551K(2563200K), 0.0348764 secs] 2801242K->474550K(8155648K), 0.0353195 secs] [Times: user=0.12 sys=0.00, real=0.04 secs]
2018-11-10T17:12:55.756+0800: 5617.246: [GC (Allocation Failure) 2018-11-10T17:12:55.756+0800: 5617.246: [ParNew: 2340791K->2513K(2563200K), 0.0324649 secs] 2804790K->466564K(8155648K), 0.0328778 secs] [Times: user=0.12 sys=0.00, real=0.03 secs]
2018-11-10T17:13:06.299+0800: 5627.789: [GC (Allocation Failure) 2018-11-10T17:13:06.299+0800: 5627.789: [ParNew: 2332753K->2281K(2563200K), 0.0328907 secs] 2796804K->466335K(8155648K), 0.0333381 secs] [Times: user=0.12 sys=0.00, real=0.04 secs]
2018-11-10T17:13:13.705+0800: 5635.195: [GC (Allocation Failure) 2018-11-10T17:13:13.706+0800: 5635.196: [ParNew: 2332521K->9888K(2563200K), 0.0381806 secs] 2796575K->474056K(8155648K), 0.0386313 secs] [Times: user=0.14 sys=0.00, real=0.04 secs]
2018-11-10T17:13:20.341+0800: 5641.831: [GC (Allocation Failure) 2018-11-10T17:13:20.342+0800: 5641.832: [ParNew: 2340128K->10728K(2563200K), 0.0330731 secs] 2804296K->475003K(8155648K), 0.0335361 secs] [Times: user=0.12 sys=0.00, real=0.03 secs]
2018-11-10T17:13:41.194+0800: 5662.684: [GC (Allocation Failure) 2018-11-10T17:13:41.194+0800: 5662.684: [ParNew: 2340968K->5097K(2563200K), 0.0341041 secs] 2805243K->469373K(8155648K), 0.0345504 secs] [Times: user=0.12 sys=0.00, real=0.03 secs]
2018-11-10T17:13:55.273+0800: 5676.763: [GC (Allocation Failure) 2018-11-10T17:13:55.273+0800: 5676.763: [ParNew: 2335337K->3965K(2563200K), 0.0340674 secs] 2799613K->468240K(8155648K), 0.0345201 secs] [Times: user=0.12 sys=0.00, real=0.03 secs]
2018-11-10T17:14:12.394+0800: 5693.884: [GC (Allocation Failure) 2018-11-10T17:14:12.394+0800: 5693.884: [ParNew: 2334148K->5519K(2563200K), 0.0341466 secs] 2798424K->469796K(8155648K), 0.0346264 secs] [Times: user=0.12 sys=0.00, real=0.03 secs]
2018-11-10T17:14:36.589+0800: 5718.079: [GC (Allocation Failure) 2018-11-10T17:14:36.589+0800: 5718.079: [ParNew: 2335759K->9640K(2563200K), 0.0351277 secs] 2800036K->473918K(8155648K), 0.0355657 secs] [Times: user=0.13 sys=0.00, real=0.04 secs]
2018-11-10T17:15:05.721+0800: 5747.211: [GC (Allocation Failure) 2018-11-10T17:15:05.721+0800: 5747.211: [ParNew: 2339880K->7233K(2563200K), 0.0334044 secs] 2804158K->471543K(8155648K), 0.0338613 secs] [Times: user=0.12 sys=0.00, real=0.03 secs]
2018-11-10T17:15:29.621+0800: 5771.111: [GC (Allocation Failure) 2018-11-10T17:15:29.621+0800: 5771.111: [ParNew: 2337473K->5668K(2563200K), 0.0364584 secs] 2801783K->469979K(8155648K), 0.0369011 secs] [Times: user=0.13 sys=0.00, real=0.03 secs]
2018-11-10T17:15:43.979+0800: 5785.469: [GC (Allocation Failure) 2018-11-10T17:15:43.979+0800: 5785.469: [ParNew: 2335908K->7351K(2563200K), 0.0335888 secs] 2800219K->471713K(8155648K), 0.0339670 secs] [Times: user=0.12 sys=0.00, real=0.04 secs]
2018-11-10T17:16:07.275+0800: 5808.765: [GC (Allocation Failure) 2018-11-10T17:16:07.275+0800: 5808.765: [ParNew: 2337591K->6834K(2563200K), 0.0316131 secs] 2801953K->471197K(8155648K), 0.0319911 secs] [Times: user=0.11 sys=0.00, real=0.03 secs]
2018-11-10T17:16:21.585+0800: 5823.075: [GC (Allocation Failure) 2018-11-10T17:16:21.585+0800: 5823.075: [ParNew: 2337074K->7490K(2563200K), 0.0330481 secs] 2801437K->471921K(8155648K), 0.0334470 secs] [Times: user=0.12 sys=0.00, real=0.03 secs]
2018-11-10T17:16:43.083+0800: 5844.573: [GC (Allocation Failure) 2018-11-10T17:16:43.083+0800: 5844.573: [ParNew: 2336632K->7038K(2563200K), 0.0376032 secs] 2801063K->471469K(8155648K), 0.0380880 secs] [Times: user=0.10 sys=0.00, real=0.04 secs]
2018-11-10T17:16:50.808+0800: 5852.298: [GC (Allocation Failure) 2018-11-10T17:16:50.808+0800: 5852.298: [ParNew: 2337278K->8865K(2563200K), 0.0375739 secs] 2801709K->473298K(8155648K), 0.0380366 secs] [Times: user=0.14 sys=0.00, real=0.04 secs]
2018-11-10T17:17:02.987+0800: 5864.477: [GC (Allocation Failure) 2018-11-10T17:17:02.987+0800: 5864.477: [ParNew: 2339105K->10037K(2563200K), 0.0339640 secs] 2803538K->474486K(8155648K), 0.0343744 secs] [Times: user=0.13 sys=0.00, real=0.04 secs]
2018-11-10T17:17:24.650+0800: 5886.140: [GC (Allocation Failure) 2018-11-10T17:17:24.650+0800: 5886.140: [ParNew: 2340277K->9576K(2563200K), 0.0353162 secs] 2804726K->474043K(8155648K), 0.0357717 secs] [Times: user=0.13 sys=0.00, real=0.04 secs]
2018-11-10T17:17:39.238+0800: 5900.728: [GC (Allocation Failure) 2018-11-10T17:17:39.238+0800: 5900.728: [ParNew: 2339816K->4865K(2563200K), 0.0319191 secs] 2804283K->470639K(8155648K), 0.0322713 secs] [Times: user=0.12 sys=0.00, real=0.04 secs]
2018-11-10T17:18:30.241+0800: 5951.731: [GC (Allocation Failure) 2018-11-10T17:18:30.242+0800: 5951.732: [ParNew: 2335105K->5915K(2563200K), 0.0338840 secs] 2800879K->471909K(8155648K), 0.0343294 secs] [Times: user=0.12 sys=0.00, real=0.03 secs]
2018-11-10T17:19:00.698+0800: 5982.188: [GC (Allocation Failure) 2018-11-10T17:19:00.698+0800: 5982.188: [ParNew: 2336155K->6310K(2563200K), 0.0328690 secs] 2802149K->472304K(8155648K), 0.0333543 secs] [Times: user=0.11 sys=0.00, real=0.04 secs]
2018-11-10T17:19:33.695+0800: 6015.185: [GC (Allocation Failure) 2018-11-10T17:19:33.695+0800: 6015.185: [ParNew: 2336550K->8484K(2563200K), 0.0323023 secs] 2802544K->474479K(8155648K), 0.0327113 secs] [Times: user=0.12 sys=0.00, real=0.03 secs]
2018-11-10T17:19:59.079+0800: 6040.569: [GC (Allocation Failure) 2018-11-10T17:19:59.079+0800: 6040.569: [ParNew: 2338724K->4733K(2563200K), 0.0318104 secs] 2804719K->471679K(8155648K), 0.0322161 secs] [Times: user=0.11 sys=0.00, real=0.04 secs]
2018-11-10T17:20:17.450+0800: 6058.940: [GC (Allocation Failure) 2018-11-10T17:20:17.451+0800: 6058.941: [ParNew: 2334973K->5128K(2563200K), 0.0334597 secs] 2801919K->472076K(8155648K), 0.0339639 secs] [Times: user=0.13 sys=0.00, real=0.04 secs]
2018-11-10T17:20:31.739+0800: 6073.229: [GC (Allocation Failure) 2018-11-10T17:20:31.739+0800: 6073.229: [ParNew: 2335368K->4161K(2563200K), 0.0333869 secs] 2802316K->471110K(8155648K), 0.0337887 secs] [Times: user=0.12 sys=0.00, real=0.04 secs]
2018-11-10T17:20:53.471+0800: 6094.961: [GC (Allocation Failure) 2018-11-10T17:20:53.471+0800: 6094.961: [ParNew: 2334401K->2207K(2563200K), 0.0317764 secs] 2801350K->469258K(8155648K), 0.0322155 secs] [Times: user=0.12 sys=0.00, real=0.03 secs]
2018-11-10T17:21:00.834+0800: 6102.324: [GC (Allocation Failure) 2018-11-10T17:21:00.834+0800: 6102.324: [ParNew: 2332447K->4176K(2563200K), 0.0329902 secs] 2799498K->471296K(8155648K), 0.0333985 secs] [Times: user=0.12 sys=0.00, real=0.03 secs]
2018-11-10T17:21:25.107+0800: 6126.597: [GC (Allocation Failure) 2018-11-10T17:21:25.107+0800: 6126.597: [ParNew: 2334416K->3574K(2563200K), 0.0322182 secs] 2801536K->470697K(8155648K), 0.0326505 secs] [Times: user=0.12 sys=0.00, real=0.03 secs]
2018-11-10T17:21:49.455+0800: 6150.945: [GC (Allocation Failure) 2018-11-10T17:21:49.456+0800: 6150.946: [ParNew: 2333814K->2395K(2563200K), 0.0311216 secs] 2800937K->469519K(8155648K), 0.0315474 secs] [Times: user=0.11 sys=0.00, real=0.03 secs]
2018-11-10T17:22:07.667+0800: 6169.157: [GC (Allocation Failure) 2018-11-10T17:22:07.667+0800: 6169.157: [ParNew: 2332635K->5591K(2563200K), 0.0325714 secs] 2799759K->472748K(8155648K), 0.0331028 secs] [Times: user=0.11 sys=0.00, real=0.03 secs]
2018-11-10T17:22:19.836+0800: 6181.326: [GC (Allocation Failure) 2018-11-10T17:22:19.837+0800: 6181.327: [ParNew: 2335831K->23753K(2563200K), 0.0428846 secs] 2802988K->490948K(8155648K), 0.0433729 secs] [Times: user=0.15 sys=0.00, real=0.04 secs]
2018-11-10T17:22:32.667+0800: 6194.157: [GC (Allocation Failure) 2018-11-10T17:22:32.668+0800: 6194.158: [ParNew: 2353993K->16791K(2563200K), 0.0349983 secs] 2821188K->483986K(8155648K), 0.0355491 secs] [Times: user=0.13 sys=0.00, real=0.04 secs]
2018-11-10T17:22:46.889+0800: 6208.379: [GC (Allocation Failure) 2018-11-10T17:22:46.889+0800: 6208.379: [ParNew: 2347031K->24483K(2563200K), 0.0419923 secs] 2814226K->491747K(8155648K), 0.0424201 secs] [Times: user=0.15 sys=0.00, real=0.05 secs]
2018-11-10T17:23:16.616+0800: 6238.106: [GC (Allocation Failure) 2018-11-10T17:23:16.616+0800: 6238.106: [ParNew: 2354723K->17575K(2563200K), 0.0384015 secs] 2821987K->484839K(8155648K), 0.0388828 secs] [Times: user=0.11 sys=0.00, real=0.04 secs]
2018-11-10T17:23:50.964+0800: 6272.454: [GC (Allocation Failure) 2018-11-10T17:23:50.964+0800: 6272.454: [ParNew: 2347815K->10168K(2563200K), 0.0341157 secs] 2815079K->477468K(8155648K), 0.0345706 secs] [Times: user=0.12 sys=0.00, real=0.03 secs]
2018-11-10T17:24:05.151+0800: 6286.641: [GC (Allocation Failure) 2018-11-10T17:24:05.152+0800: 6286.642: [ParNew: 2340408K->19885K(2563200K), 0.0429305 secs] 2807708K->487187K(8155648K), 0.0433372 secs] [Times: user=0.16 sys=0.00, real=0.04 secs]
2018-11-10T17:24:16.172+0800: 6297.662: [GC (Allocation Failure) 2018-11-10T17:24:16.172+0800: 6297.662: [ParNew: 2348324K->14250K(2563200K), 0.0312272 secs] 2815625K->481667K(8155648K), 0.0316177 secs] [Times: user=0.11 sys=0.00, real=0.03 secs]
2018-11-10T17:24:47.743+0800: 6329.233: [GC (Allocation Failure) 2018-11-10T17:24:47.743+0800: 6329.233: [ParNew: 2344490K->4129K(2563200K), 0.0326124 secs] 2811907K->471592K(8155648K), 0.0330697 secs] [Times: user=0.12 sys=0.00, real=0.03 secs]
2018-11-10T17:25:03.726+0800: 6345.216: [GC (Allocation Failure) 2018-11-10T17:25:03.726+0800: 6345.216: [ParNew: 2334369K->17962K(2563200K), 0.0418436 secs] 2801832K->485590K(8155648K), 0.0423224 secs] [Times: user=0.15 sys=0.00, real=0.04 secs]
2018-11-10T17:25:07.097+0800: 6348.587: [GC (Allocation Failure) 2018-11-10T17:25:07.097+0800: 6348.587: [ParNew: 2348202K->12204K(2563200K), 0.0324798 secs] 2815830K->479950K(8155648K), 0.0328272 secs] [Times: user=0.11 sys=0.00, real=0.03 secs]
2018-11-10T17:25:44.775+0800: 6386.265: [GC (Allocation Failure) 2018-11-10T17:25:44.775+0800: 6386.265: [ParNew: 2342444K->3507K(2563200K), 0.0321012 secs] 2810190K->471323K(8155648K), 0.0324649 secs] [Times: user=0.11 sys=0.00, real=0.03 secs]
2018-11-10T17:26:12.978+0800: 6414.468: [GC (Allocation Failure) 2018-11-10T17:26:12.978+0800: 6414.469: [ParNew: 2333747K->4216K(2563200K), 0.0380668 secs] 2801563K->472032K(8155648K), 0.0385506 secs] [Times: user=0.10 sys=0.00, real=0.04 secs]
2018-11-10T17:26:28.666+0800: 6430.156: [GC (Allocation Failure) 2018-11-10T17:26:28.666+0800: 6430.156: [ParNew: 2334456K->2969K(2563200K), 0.0323741 secs] 2802272K->470786K(8155648K), 0.0327659 secs] [Times: user=0.11 sys=0.00, real=0.03 secs]
2018-11-10T17:26:48.441+0800: 6449.931: [GC (Allocation Failure) 2018-11-10T17:26:48.441+0800: 6449.931: [ParNew: 2333209K->2806K(2563200K), 0.0335850 secs] 2801026K->470657K(8155648K), 0.0340260 secs] [Times: user=0.12 sys=0.00, real=0.03 secs]
2018-11-10T17:27:09.506+0800: 6470.996: [GC (Allocation Failure) 2018-11-10T17:27:09.506+0800: 6470.996: [ParNew: 2333046K->2516K(2563200K), 0.0327515 secs] 2800897K->470369K(8155648K), 0.0331535 secs] [Times: user=0.11 sys=0.00, real=0.03 secs]
2018-11-10T17:27:34.261+0800: 6495.752: [GC (Allocation Failure) 2018-11-10T17:27:34.262+0800: 6495.752: [ParNew: 2332756K->3401K(2563200K), 0.0335726 secs] 2800609K->471253K(8155648K), 0.0339662 secs] [Times: user=0.12 sys=0.01, real=0.03 secs]
2018-11-10T17:27:38.602+0800: 6500.092: [GC (Allocation Failure) 2018-11-10T17:27:38.602+0800: 6500.092: [ParNew: 2333641K->47658K(2563200K), 0.0635170 secs] 2801493K->515583K(8155648K), 0.0640166 secs] [Times: user=0.24 sys=0.00, real=0.06 secs]
2018-11-10T17:27:45.716+0800: 6507.206: [GC (Allocation Failure) 2018-11-10T17:27:45.717+0800: 6507.207: [ParNew: 2377898K->35052K(2563200K), 0.0360542 secs] 2845823K->502977K(8155648K), 0.0364359 secs] [Times: user=0.13 sys=0.00, real=0.04 secs]
2018-11-10T17:27:58.525+0800: 6520.015: [GC (Allocation Failure) 2018-11-10T17:27:58.525+0800: 6520.015: [ParNew: 2365292K->9889K(2563200K), 0.0333396 secs] 2833217K->477815K(8155648K), 0.0337428 secs] [Times: user=0.11 sys=0.00, real=0.03 secs]
2018-11-10T17:28:25.147+0800: 6546.637: [GC (Allocation Failure) 2018-11-10T17:28:25.148+0800: 6546.638: [ParNew: 2340129K->7545K(2563200K), 0.0327985 secs] 2808055K->475542K(8155648K), 0.0333065 secs] [Times: user=0.12 sys=0.00, real=0.04 secs]
2018-11-10T17:28:55.648+0800: 6577.138: [GC (Allocation Failure) 2018-11-10T17:28:55.648+0800: 6577.138: [ParNew: 2337785K->7082K(2563200K), 0.0336072 secs] 2805782K->475081K(8155648K), 0.0340621 secs] [Times: user=0.12 sys=0.00, real=0.04 secs]
2018-11-10T17:29:17.064+0800: 6598.554: [GC (Allocation Failure) 2018-11-10T17:29:17.064+0800: 6598.554: [ParNew: 2337322K->9249K(2563200K), 0.0320344 secs] 2805321K->477249K(8155648K), 0.0324896 secs] [Times: user=0.11 sys=0.00, real=0.03 secs]
2018-11-10T17:29:36.113+0800: 6617.603: [GC (Allocation Failure) 2018-11-10T17:29:36.113+0800: 6617.603: [ParNew: 2339489K->20489K(2563200K), 0.0444349 secs] 2807489K->488489K(8155648K), 0.0448722 secs] [Times: user=0.17 sys=0.00, real=0.04 secs]
2018-11-10T17:29:50.509+0800: 6631.999: [GC (Allocation Failure) 2018-11-10T17:29:50.509+0800: 6631.999: [ParNew: 2350729K->14468K(2563200K), 0.0312445 secs] 2818729K->482565K(8155648K), 0.0315908 secs] [Times: user=0.11 sys=0.01, real=0.04 secs]
2018-11-10T17:30:03.707+0800: 6645.197: [GC (Allocation Failure) 2018-11-10T17:30:03.707+0800: 6645.197: [ParNew: 2344708K->13488K(2563200K), 0.0545950 secs] 2812805K->481588K(8155648K), 0.0550913 secs] [Times: user=0.17 sys=0.00, real=0.06 secs]
2018-11-10T17:30:07.966+0800: 6649.456: [GC (Allocation Failure) 2018-11-10T17:30:07.966+0800: 6649.456: [ParNew: 2343728K->12010K(2563200K), 0.0439854 secs] 2811828K->480162K(8155648K), 0.0443990 secs] [Times: user=0.13 sys=0.00, real=0.05 secs]
2018-11-10T17:30:12.976+0800: 6654.466: [GC (Allocation Failure) 2018-11-10T17:30:12.976+0800: 6654.466: [ParNew: 2342250K->15119K(2563200K), 0.0572916 secs] 2810402K->483451K(8155648K), 0.0578418 secs] [Times: user=0.15 sys=0.00, real=0.06 secs]
2018-11-10T17:30:16.458+0800: 6657.948: [GC (Allocation Failure) 2018-11-10T17:30:16.458+0800: 6657.948: [ParNew: 2345359K->36075K(2563200K), 0.0477826 secs] 2813691K->504408K(8155648K), 0.0482527 secs] [Times: user=0.15 sys=0.00, real=0.05 secs]
2018-11-10T17:30:18.835+0800: 6660.325: [GC (Allocation Failure) 2018-11-10T17:30:18.835+0800: 6660.325: [ParNew: 2366315K->50761K(2563200K), 0.0613176 secs] 2834648K->519095K(8155648K), 0.0617743 secs] [Times: user=0.22 sys=0.00, real=0.06 secs]
2018-11-10T17:30:23.421+0800: 6664.911: [GC (Allocation Failure) 2018-11-10T17:30:23.421+0800: 6664.912: [ParNew: 2381001K->37817K(2563200K), 0.0428412 secs] 2849335K->506168K(8155648K), 0.0432778 secs] [Times: user=0.13 sys=0.00, real=0.04 secs]
2018-11-10T17:30:27.636+0800: 6669.126: [GC (Allocation Failure) 2018-11-10T17:30:27.636+0800: 6669.126: [ParNew: 2368057K->14058K(2563200K), 0.0453351 secs] 2836408K->482412K(8155648K), 0.0457895 secs] [Times: user=0.13 sys=0.00, real=0.05 secs]
2018-11-10T17:30:32.534+0800: 6674.024: [GC (Allocation Failure) 2018-11-10T17:30:32.535+0800: 6674.025: [ParNew: 2344298K->12668K(2563200K), 0.0435301 secs] 2812652K->481088K(8155648K), 0.0439516 secs] [Times: user=0.13 sys=0.00, real=0.04 secs]
2018-11-10T17:30:36.185+0800: 6677.675: [GC (Allocation Failure) 2018-11-10T17:30:36.185+0800: 6677.675: [ParNew: 2342908K->38423K(2563200K), 0.0579984 secs] 2811328K->506843K(8155648K), 0.0584719 secs] [Times: user=0.20 sys=0.00, real=0.06 secs]
2018-11-10T17:30:40.485+0800: 6681.976: [GC (Allocation Failure) 2018-11-10T17:30:40.486+0800: 6681.976: [ParNew: 2368557K->29835K(2563200K), 0.0432369 secs] 2836978K->498324K(8155648K), 0.0436884 secs] [Times: user=0.14 sys=0.00, real=0.04 secs]
2018-11-10T17:30:45.303+0800: 6686.793: [GC (Allocation Failure) 2018-11-10T17:30:45.303+0800: 6686.793: [ParNew: 2360075K->13841K(2563200K), 0.0435792 secs] 2828564K->482416K(8155648K), 0.0439877 secs] [Times: user=0.12 sys=0.00, real=0.04 secs]
2018-11-10T17:30:49.528+0800: 6691.018: [GC (Allocation Failure) 2018-11-10T17:30:49.528+0800: 6691.018: [ParNew: 2344081K->13727K(2563200K), 0.0452025 secs] 2812656K->482305K(8155648K), 0.0456744 secs] [Times: user=0.13 sys=0.00, real=0.05 secs]
2018-11-10T17:30:53.566+0800: 6695.056: [GC (Allocation Failure) 2018-11-10T17:30:53.567+0800: 6695.057: [ParNew: 2343967K->12720K(2563200K), 0.0422229 secs] 2812545K->481317K(8155648K), 0.0426676 secs] [Times: user=0.13 sys=0.00, real=0.04 secs]
2018-11-10T17:30:58.559+0800: 6700.050: [GC (Allocation Failure) 2018-11-10T17:30:58.560+0800: 6700.050: [ParNew: 2342960K->23556K(2563200K), 0.0529250 secs] 2811557K->492243K(8155648K), 0.0534081 secs] [Times: user=0.17 sys=0.00, real=0.06 secs]
2018-11-10T17:31:02.538+0800: 6704.028: [GC (Allocation Failure) 2018-11-10T17:31:02.539+0800: 6704.029: [ParNew: 2353796K->27573K(2563200K), 0.0518635 secs] 2822483K->496264K(8155648K), 0.0523432 secs] [Times: user=0.17 sys=0.00, real=0.06 secs]
2018-11-10T17:31:05.199+0800: 6706.689: [GC (Allocation Failure) 2018-11-10T17:31:05.200+0800: 6706.690: [ParNew: 2357813K->25871K(2563200K), 0.0471637 secs] 2826504K->496309K(8155648K), 0.0475852 secs] [Times: user=0.16 sys=0.01, real=0.05 secs]
2018-11-10T17:31:09.874+0800: 6711.364: [GC (Allocation Failure) 2018-11-10T17:31:09.875+0800: 6711.365: [ParNew: 2356111K->12984K(2563200K), 0.0450047 secs] 2826549K->483679K(8155648K), 0.0455006 secs] [Times: user=0.14 sys=0.00, real=0.04 secs]
2018-11-10T17:31:14.719+0800: 6716.209: [GC (Allocation Failure) 2018-11-10T17:31:14.720+0800: 6716.210: [ParNew: 2343224K->54060K(2563200K), 0.0669385 secs] 2813919K->525159K(8155648K), 0.0674703 secs] [Times: user=0.25 sys=0.00, real=0.07 secs]
2018-11-10T17:31:21.028+0800: 6722.518: [GC (Allocation Failure) 2018-11-10T17:31:21.029+0800: 6722.519: [ParNew: 2384300K->37612K(2563200K), 0.0369228 secs] 2855399K->508857K(8155648K), 0.0374082 secs] [Times: user=0.13 sys=0.01, real=0.04 secs]
2018-11-10T17:31:26.265+0800: 6727.755: [GC (Allocation Failure) 2018-11-10T17:31:26.265+0800: 6727.755: [ParNew: 2367852K->20963K(2563200K), 0.0431055 secs] 2839097K->492209K(8155648K), 0.0435798 secs] [Times: user=0.16 sys=0.00, real=0.04 secs]
2018-11-10T17:31:28.914+0800: 6730.405: [GC (Allocation Failure) 2018-11-10T17:31:28.915+0800: 6730.405: [ParNew: 2351203K->28252K(2563200K), 0.0388528 secs] 2822449K->499654K(8155648K), 0.0392985 secs] [Times: user=0.15 sys=0.00, real=0.04 secs]
2018-11-10T17:31:36.568+0800: 6738.058: [GC (Allocation Failure) 2018-11-10T17:31:36.568+0800: 6738.058: [ParNew: 2358492K->10155K(2563200K), 0.0340410 secs] 2829894K->481663K(8155648K), 0.0344717 secs] [Times: user=0.12 sys=0.01, real=0.04 secs]
2018-11-10T17:31:48.467+0800: 6749.957: [GC (Allocation Failure) 2018-11-10T17:31:48.467+0800: 6749.957: [ParNew: 2340395K->5372K(2563200K), 0.0328652 secs] 2811903K->476893K(8155648K), 0.0332660 secs] [Times: user=0.12 sys=0.00, real=0.04 secs]
2018-11-10T17:31:57.383+0800: 6758.873: [GC (Allocation Failure) 2018-11-10T17:31:57.383+0800: 6758.873: [ParNew: 2335612K->5726K(2563200K), 0.0328198 secs] 2807133K->477469K(8155648K), 0.0332715 secs] [Times: user=0.12 sys=0.00, real=0.03 secs]
2018-11-10T17:32:06.696+0800: 6768.186: [GC (Allocation Failure) 2018-11-10T17:32:06.696+0800: 6768.186: [ParNew: 2335966K->4803K(2563200K), 0.0320549 secs] 2807709K->476739K(8155648K), 0.0324114 secs] [Times: user=0.11 sys=0.00, real=0.03 secs]
2018-11-10T17:32:12.422+0800: 6773.912: [GC (Allocation Failure) 2018-11-10T17:32:12.423+0800: 6773.913: [ParNew: 2335043K->5912K(2563200K), 0.0355454 secs] 2806979K->477848K(8155648K), 0.0360275 secs] [Times: user=0.12 sys=0.00, real=0.03 secs]
2018-11-10T17:32:19.219+0800: 6780.709: [GC (Allocation Failure) 2018-11-10T17:32:19.224+0800: 6780.714: [ParNew: 2336152K->4168K(2563200K), 0.0342830 secs] 2808088K->476105K(8155648K), 0.0398735 secs] [Times: user=0.13 sys=0.00, real=0.04 secs]
2018-11-10T17:32:26.174+0800: 6787.664: [GC (Allocation Failure) 2018-11-10T17:32:26.174+0800: 6787.664: [ParNew: 2334408K->7570K(2563200K), 0.0362663 secs] 2806345K->479533K(8155648K), 0.0367295 secs] [Times: user=0.12 sys=0.00, real=0.04 secs]
2018-11-10T17:32:31.606+0800: 6793.096: [GC (Allocation Failure) 2018-11-10T17:32:31.606+0800: 6793.096: [ParNew: 2337810K->5019K(2563200K), 0.0381676 secs] 2809773K->477056K(8155648K), 0.0386988 secs] [Times: user=0.12 sys=0.01, real=0.04 secs]
2018-11-10T17:32:41.569+0800: 6803.059: [GC (Allocation Failure) 2018-11-10T17:32:41.569+0800: 6803.060: [ParNew: 2335259K->4308K(2563200K), 0.0348264 secs] 2807296K->477147K(8155648K), 0.0352620 secs] [Times: user=0.13 sys=0.00, real=0.04 secs]
2018-11-10T17:32:48.869+0800: 6810.359: [GC (Allocation Failure) 2018-11-10T17:32:48.869+0800: 6810.359: [ParNew: 2334548K->2467K(2563200K), 0.0329548 secs] 2807387K->475312K(8155648K), 0.0333582 secs] [Times: user=0.11 sys=0.00, real=0.04 secs]
2018-11-10T17:32:58.585+0800: 6820.075: [GC (Allocation Failure) 2018-11-10T17:32:58.585+0800: 6820.075: [ParNew: 2332707K->3128K(2563200K), 0.0331983 secs] 2805552K->476114K(8155648K), 0.0335781 secs] [Times: user=0.12 sys=0.00, real=0.03 secs]
2018-11-10T17:33:07.013+0800: 6828.503: [GC (Allocation Failure) 2018-11-10T17:33:07.013+0800: 6828.503: [ParNew: 2333368K->3899K(2563200K), 0.0343747 secs] 2806354K->477078K(8155648K), 0.0348346 secs] [Times: user=0.13 sys=0.00, real=0.03 secs]
2018-11-10T17:33:14.590+0800: 6836.080: [GC (Allocation Failure) 2018-11-10T17:33:14.591+0800: 6836.081: [ParNew: 2334139K->3607K(2563200K), 0.0338118 secs] 2807318K->476977K(8155648K), 0.0342500 secs] [Times: user=0.12 sys=0.00, real=0.04 secs]
2018-11-10T17:33:20.530+0800: 6842.020: [GC (Allocation Failure) 2018-11-10T17:33:20.530+0800: 6842.020: [ParNew: 2333847K->3718K(2563200K), 0.0315633 secs] 2807217K->477155K(8155648K), 0.0319313 secs] [Times: user=0.12 sys=0.00, real=0.04 secs]
2018-11-10T17:33:28.342+0800: 6849.832: [GC (Allocation Failure) 2018-11-10T17:33:28.343+0800: 6849.833: [ParNew: 2333958K->12799K(2563200K), 0.0348984 secs] 2807395K->486236K(8155648K), 0.0353876 secs] [Times: user=0.12 sys=0.01, real=0.03 secs]
2018-11-10T17:33:33.275+0800: 6854.765: [GC (Allocation Failure) 2018-11-10T17:33:33.275+0800: 6854.765: [ParNew: 2343039K->4073K(2563200K), 0.0322971 secs] 2816476K->477631K(8155648K), 0.0326718 secs] [Times: user=0.12 sys=0.00, real=0.03 secs]
2018-11-10T17:33:40.835+0800: 6862.325: [GC (Allocation Failure) 2018-11-10T17:33:40.836+0800: 6862.326: [ParNew: 2334313K->2426K(2563200K), 0.0330075 secs] 2807871K->476087K(8155648K), 0.0334499 secs] [Times: user=0.12 sys=0.00, real=0.03 secs]
2018-11-10T17:33:50.186+0800: 6871.676: [GC (Allocation Failure) 2018-11-10T17:33:50.187+0800: 6871.677: [ParNew: 2332666K->3098K(2563200K), 0.0340865 secs] 2806327K->476813K(8155648K), 0.0345878 secs] [Times: user=0.13 sys=0.00, real=0.04 secs]
2018-11-10T17:34:00.136+0800: 6881.626: [GC (Allocation Failure) 2018-11-10T17:34:00.137+0800: 6881.627: [ParNew: 2333338K->3017K(2563200K), 0.0346119 secs] 2807053K->476733K(8155648K), 0.0350702 secs] [Times: user=0.13 sys=0.00, real=0.04 secs]
2018-11-10T17:34:08.547+0800: 6890.037: [GC (Allocation Failure) 2018-11-10T17:34:08.547+0800: 6890.037: [ParNew: 2333257K->4141K(2563200K), 0.0364319 secs] 2806973K->477875K(8155648K), 0.0368534 secs] [Times: user=0.13 sys=0.00, real=0.04 secs]
2018-11-10T17:34:14.715+0800: 6896.205: [GC (Allocation Failure) 2018-11-10T17:34:14.715+0800: 6896.205: [ParNew: 2334381K->7053K(2563200K), 0.0374718 secs] 2808115K->480890K(8155648K), 0.0379694 secs] [Times: user=0.13 sys=0.00, real=0.04 secs]
2018-11-10T17:34:19.952+0800: 6901.442: [GC (Allocation Failure) 2018-11-10T17:34:19.952+0800: 6901.442: [ParNew: 2337293K->14153K(2563200K), 0.0340638 secs] 2811130K->487993K(8155648K), 0.0344789 secs] [Times: user=0.13 sys=0.00, real=0.03 secs]
2018-11-10T17:34:27.001+0800: 6908.491: [GC (Allocation Failure) 2018-11-10T17:34:27.002+0800: 6908.492: [ParNew: 2344393K->2905K(2563200K), 0.0331155 secs] 2818233K->476866K(8155648K), 0.0335967 secs] [Times: user=0.12 sys=0.00, real=0.03 secs]
2018-11-10T17:34:31.976+0800: 6913.466: [GC (Allocation Failure) 2018-11-10T17:34:31.976+0800: 6913.466: [ParNew: 2333145K->3252K(2563200K), 0.0357636 secs] 2807106K->477239K(8155648K), 0.0361934 secs] [Times: user=0.13 sys=0.00, real=0.04 secs]
2018-11-10T17:34:41.420+0800: 6922.910: [GC (Allocation Failure) 2018-11-10T17:34:41.420+0800: 6922.910: [ParNew: 2333492K->3604K(2563200K), 0.0333561 secs] 2807479K->477694K(8155648K), 0.0338152 secs] [Times: user=0.12 sys=0.00, real=0.04 secs]
2018-11-10T17:34:50.731+0800: 6932.221: [GC (Allocation Failure) 2018-11-10T17:34:50.731+0800: 6932.221: [ParNew: 2333844K->2860K(2563200K), 0.0321323 secs] 2807934K->476951K(8155648K), 0.0325643 secs] [Times: user=0.12 sys=0.00, real=0.03 secs]
2018-11-10T17:34:59.608+0800: 6941.098: [GC (Allocation Failure) 2018-11-10T17:34:59.608+0800: 6941.098: [ParNew: 2333100K->6262K(2563200K), 0.0336120 secs] 2807191K->480358K(8155648K), 0.0340293 secs] [Times: user=0.13 sys=0.00, real=0.04 secs]
2018-11-10T17:35:09.992+0800: 6951.482: [GC (Allocation Failure) 2018-11-10T17:35:09.992+0800: 6951.482: [ParNew: 2336502K->12071K(2563200K), 0.0355328 secs] 2810598K->486174K(8155648K), 0.0359762 secs] [Times: user=0.13 sys=0.00, real=0.03 secs]
2018-11-10T17:35:18.619+0800: 6960.109: [GC (Allocation Failure) 2018-11-10T17:35:18.620+0800: 6960.110: [ParNew: 2342311K->8016K(2563200K), 0.0306577 secs] 2816414K->482248K(8155648K), 0.0310582 secs] [Times: user=0.11 sys=0.00, real=0.03 secs]
2018-11-10T17:35:29.187+0800: 6970.677: [GC (Allocation Failure) 2018-11-10T17:35:29.187+0800: 6970.677: [ParNew: 2338256K->3088K(2563200K), 0.0325597 secs] 2812488K->477322K(8155648K), 0.0330473 secs] [Times: user=0.12 sys=0.00, real=0.03 secs]
2018-11-10T17:35:39.952+0800: 6981.442: [GC (Allocation Failure) 2018-11-10T17:35:39.953+0800: 6981.443: [ParNew: 2333328K->3526K(2563200K), 0.0322301 secs] 2807562K->477759K(8155648K), 0.0326298 secs] [Times: user=0.11 sys=0.01, real=0.03 secs]
2018-11-10T17:35:47.874+0800: 6989.364: [GC (Allocation Failure) 2018-11-10T17:35:47.874+0800: 6989.364: [ParNew: 2333766K->7171K(2563200K), 0.0341205 secs] 2807999K->481405K(8155648K), 0.0346220 secs] [Times: user=0.12 sys=0.00, real=0.03 secs]
2018-11-10T17:35:55.165+0800: 6996.655: [GC (Allocation Failure) 2018-11-10T17:35:55.165+0800: 6996.655: [ParNew: 2337411K->4292K(2563200K), 0.0350573 secs] 2811645K->478534K(8155648K), 0.0354247 secs] [Times: user=0.12 sys=0.00, real=0.04 secs]
2018-11-10T17:35:59.018+0800: 7000.508: [GC (Allocation Failure) 2018-11-10T17:35:59.018+0800: 7000.509: [ParNew: 2334532K->21887K(2563200K), 0.0443462 secs] 2808774K->496129K(8155648K), 0.0448197 secs] [Times: user=0.16 sys=0.00, real=0.05 secs]
2018-11-10T17:36:01.638+0800: 7003.128: [GC (Allocation Failure) 2018-11-10T17:36:01.638+0800: 7003.128: [ParNew: 2352127K->20279K(2563200K), 0.0429609 secs] 2826369K->494529K(8155648K), 0.0434231 secs] [Times: user=0.13 sys=0.00, real=0.05 secs]
2018-11-10T17:36:04.088+0800: 7005.578: [GC (Allocation Failure) 2018-11-10T17:36:04.088+0800: 7005.578: [ParNew: 2350519K->46786K(2563200K), 0.0615034 secs] 2824769K->521062K(8155648K), 0.0619495 secs] [Times: user=0.23 sys=0.00, real=0.06 secs]
2018-11-10T17:36:15.240+0800: 7016.730: [GC (Allocation Failure) 2018-11-10T17:36:15.240+0800: 7016.730: [ParNew: 2377026K->35256K(2563200K), 0.0342001 secs] 2851302K->509662K(8155648K), 0.0346651 secs] [Times: user=0.13 sys=0.00, real=0.04 secs]
2018-11-10T17:36:20.920+0800: 7022.410: [GC (Allocation Failure) 2018-11-10T17:36:20.920+0800: 7022.410: [ParNew: 2365496K->9210K(2563200K), 0.0336070 secs] 2839902K->483615K(8155648K), 0.0339546 secs] [Times: user=0.13 sys=0.00, real=0.04 secs]
2018-11-10T17:36:27.592+0800: 7029.082: [GC (Allocation Failure) 2018-11-10T17:36:27.592+0800: 7029.082: [ParNew: 2339450K->5138K(2563200K), 0.0356311 secs] 2813855K->479590K(8155648K), 0.0360967 secs] [Times: user=0.13 sys=0.00, real=0.03 secs]
2018-11-10T17:36:33.892+0800: 7035.382: [GC (Allocation Failure) 2018-11-10T17:36:33.893+0800: 7035.383: [ParNew: 2335378K->2643K(2563200K), 0.0340044 secs] 2809830K->477101K(8155648K), 0.0344970 secs] [Times: user=0.13 sys=0.00, real=0.03 secs]
2018-11-10T17:36:43.187+0800: 7044.677: [GC (Allocation Failure) 2018-11-10T17:36:43.187+0800: 7044.677: [ParNew: 2332883K->3342K(2563200K), 0.0342038 secs] 2807341K->477801K(8155648K), 0.0346426 secs] [Times: user=0.13 sys=0.00, real=0.04 secs]
2018-11-10T17:36:51.367+0800: 7052.857: [GC (Allocation Failure) 2018-11-10T17:36:51.368+0800: 7052.858: [ParNew: 2333582K->7113K(2563200K), 0.0355655 secs] 2808041K->481618K(8155648K), 0.0359828 secs] [Times: user=0.13 sys=0.00, real=0.04 secs]
2018-11-10T17:36:59.826+0800: 7061.316: [GC (Allocation Failure) 2018-11-10T17:36:59.826+0800: 7061.316: [ParNew: 2337353K->6568K(2563200K), 0.0359409 secs] 2811858K->481091K(8155648K), 0.0363397 secs] [Times: user=0.12 sys=0.00, real=0.04 secs]
2018-11-10T17:37:09.655+0800: 7071.145: [GC (Allocation Failure) 2018-11-10T17:37:09.655+0800: 7071.145: [ParNew: 2336808K->2713K(2563200K), 0.0356974 secs] 2811331K->477238K(8155648K), 0.0361258 secs] [Times: user=0.12 sys=0.00, real=0.04 secs]
2018-11-10T17:37:17.059+0800: 7078.549: [GC (Allocation Failure) 2018-11-10T17:37:17.059+0800: 7078.549: [ParNew: 2332953K->10500K(2563200K), 0.0372512 secs] 2807478K->485052K(8155648K), 0.0377203 secs] [Times: user=0.14 sys=0.00, real=0.04 secs]
2018-11-10T17:37:23.458+0800: 7084.948: [GC (Allocation Failure) 2018-11-10T17:37:23.458+0800: 7084.949: [ParNew: 2340740K->7498K(2563200K), 0.0354265 secs] 2815292K->482051K(8155648K), 0.0358613 secs] [Times: user=0.13 sys=0.00, real=0.04 secs]
2018-11-10T17:37:31.536+0800: 7093.026: [GC (Allocation Failure) 2018-11-10T17:37:31.537+0800: 7093.027: [ParNew: 2337738K->3924K(2563200K), 0.0341739 secs] 2812291K->478478K(8155648K), 0.0346101 secs] [Times: user=0.12 sys=0.00, real=0.04 secs]
2018-11-10T17:37:35.187+0800: 7096.677: [GC (Allocation Failure) 2018-11-10T17:37:35.187+0800: 7096.677: [ParNew: 2334164K->9785K(2563200K), 0.0365973 secs] 2808718K->484374K(8155648K), 0.0370882 secs] [Times: user=0.13 sys=0.01, real=0.04 secs]
2018-11-10T17:37:43.418+0800: 7104.908: [GC (Allocation Failure) 2018-11-10T17:37:43.418+0800: 7104.908: [ParNew: 2340025K->4032K(2563200K), 0.0345111 secs] 2814614K->478742K(8155648K), 0.0350081 secs] [Times: user=0.12 sys=0.00, real=0.04 secs]
2018-11-10T17:37:52.310+0800: 7113.800: [GC (Allocation Failure) 2018-11-10T17:37:52.310+0800: 7113.800: [ParNew: 2334263K->3490K(2563200K), 0.0334391 secs] 2808973K->478216K(8155648K), 0.0337982 secs] [Times: user=0.13 sys=0.00, real=0.04 secs]
2018-11-10T17:37:58.511+0800: 7120.001: [GC (Allocation Failure) 2018-11-10T17:37:58.511+0800: 7120.001: [ParNew: 2333730K->2887K(2563200K), 0.0327957 secs] 2808456K->477621K(8155648K), 0.0331784 secs] [Times: user=0.11 sys=0.00, real=0.03 secs]
2018-11-10T17:38:06.440+0800: 7127.930: [GC (Allocation Failure) 2018-11-10T17:38:06.440+0800: 7127.930: [ParNew: 2333127K->1995K(2563200K), 0.0303761 secs] 2807861K->476729K(8155648K), 0.0307225 secs] [Times: user=0.11 sys=0.00, real=0.04 secs]
2018-11-10T17:38:16.621+0800: 7138.111: [GC (Allocation Failure) 2018-11-10T17:38:16.621+0800: 7138.111: [ParNew: 2332235K->2015K(2563200K), 0.0467110 secs] 2806969K->476786K(8155648K), 0.0472565 secs] [Times: user=0.11 sys=0.00, real=0.04 secs]
2018-11-10T17:38:29.002+0800: 7150.492: [GC (Allocation Failure) 2018-11-10T17:38:29.002+0800: 7150.492: [ParNew: 2332255K->2874K(2563200K), 0.0343959 secs] 2807026K->477646K(8155648K), 0.0348839 secs] [Times: user=0.13 sys=0.00, real=0.03 secs]
2018-11-10T17:38:38.978+0800: 7160.468: [GC (Allocation Failure) 2018-11-10T17:38:38.979+0800: 7160.469: [ParNew: 2333114K->2274K(2563200K), 0.0339464 secs] 2807886K->477047K(8155648K), 0.0344182 secs] [Times: user=0.12 sys=0.00, real=0.04 secs]
2018-11-10T17:38:48.552+0800: 7170.043: [GC (Allocation Failure) 2018-11-10T17:38:48.553+0800: 7170.043: [ParNew: 2332514K->2017K(2563200K), 0.0326422 secs] 2807287K->476817K(8155648K), 0.0330162 secs] [Times: user=0.11 sys=0.01, real=0.03 secs]
2018-11-10T17:38:58.050+0800: 7179.541: [GC (Allocation Failure) 2018-11-10T17:38:58.051+0800: 7179.541: [ParNew: 2332257K->2771K(2563200K), 0.0330982 secs] 2807057K->477572K(8155648K), 0.0335297 secs] [Times: user=0.13 sys=0.00, real=0.04 secs]
2018-11-10T17:39:09.326+0800: 7190.816: [GC (Allocation Failure) 2018-11-10T17:39:09.327+0800: 7190.817: [ParNew: 2333011K->1502K(2563200K), 0.0325345 secs] 2807812K->476304K(8155648K), 0.0329467 secs] [Times: user=0.12 sys=0.00, real=0.03 secs]
2018-11-10T17:39:18.572+0800: 7200.062: [GC (Allocation Failure) 2018-11-10T17:39:18.572+0800: 7200.062: [ParNew: 2331742K->2178K(2563200K), 0.0327108 secs] 2806544K->476980K(8155648K), 0.0331339 secs] [Times: user=0.12 sys=0.00, real=0.03 secs]
2018-11-10T17:39:27.730+0800: 7209.220: [GC (Allocation Failure) 2018-11-10T17:39:27.730+0800: 7209.220: [ParNew: 2332418K->2302K(2563200K), 0.0331231 secs] 2807220K->477105K(8155648K), 0.0335628 secs] [Times: user=0.12 sys=0.00, real=0.04 secs]
2018-11-10T17:39:38.409+0800: 7219.899: [GC (Allocation Failure) 2018-11-10T17:39:38.409+0800: 7219.899: [ParNew: 2332542K->2562K(2563200K), 0.0326968 secs] 2807345K->477392K(8155648K), 0.0331154 secs] [Times: user=0.12 sys=0.00, real=0.04 secs]
2018-11-10T17:39:46.696+0800: 7228.186: [GC (Allocation Failure) 2018-11-10T17:39:46.696+0800: 7228.186: [ParNew: 2332802K->10496K(2563200K), 0.0371670 secs] 2807632K->485327K(8155648K), 0.0375633 secs] [Times: user=0.14 sys=0.00, real=0.04 secs]
2018-11-10T17:39:55.837+0800: 7237.327: [GC (Allocation Failure) 2018-11-10T17:39:55.837+0800: 7237.327: [ParNew: 2340736K->9550K(2563200K), 0.0348462 secs] 2815567K->484427K(8155648K), 0.0352718 secs] [Times: user=0.13 sys=0.00, real=0.04 secs]
2018-11-10T17:40:00.327+0800: 7241.817: [GC (Allocation Failure) 2018-11-10T17:40:00.327+0800: 7241.817: [ParNew: 2339790K->9851K(2563200K), 0.0341151 secs] 2814667K->484772K(8155648K), 0.0345754 secs] [Times: user=0.12 sys=0.00, real=0.04 secs]
2018-11-10T17:40:07.528+0800: 7249.018: [GC (Allocation Failure) 2018-11-10T17:40:07.528+0800: 7249.018: [ParNew: 2340091K->21606K(2563200K), 0.0433760 secs] 2815012K->496527K(8155648K), 0.0438407 secs] [Times: user=0.16 sys=0.00, real=0.05 secs]
2018-11-10T17:40:18.593+0800: 7260.083: [GC (Allocation Failure) 2018-11-10T17:40:18.593+0800: 7260.083: [ParNew: 2351446K->16964K(2563200K), 0.0335825 secs] 2826367K->491886K(8155648K), 0.0339653 secs] [Times: user=0.13 sys=0.00, real=0.03 secs]
2018-11-10T17:40:28.599+0800: 7270.089: [GC (Allocation Failure) 2018-11-10T17:40:28.599+0800: 7270.089: [ParNew: 2347204K->5442K(2563200K), 0.0329084 secs] 2822126K->480364K(8155648K), 0.0333153 secs] [Times: user=0.12 sys=0.00, real=0.04 secs]
2018-11-10T17:40:38.593+0800: 7280.083: [GC (Allocation Failure) 2018-11-10T17:40:38.593+0800: 7280.084: [ParNew: 2335682K->2930K(2563200K), 0.0329937 secs] 2810604K->477853K(8155648K), 0.0333820 secs] [Times: user=0.12 sys=0.00, real=0.03 secs]
2018-11-10T17:40:47.897+0800: 7289.388: [GC (Allocation Failure) 2018-11-10T17:40:47.898+0800: 7289.388: [ParNew: 2333170K->4664K(2563200K), 0.0341356 secs] 2808093K->479588K(8155648K), 0.0345706 secs] [Times: user=0.13 sys=0.00, real=0.04 secs]
2018-11-10T17:40:58.590+0800: 7300.080: [GC (Allocation Failure) 2018-11-10T17:40:58.590+0800: 7300.080: [ParNew: 2334904K->3792K(2563200K), 0.0328197 secs] 2809828K->478723K(8155648K), 0.0331734 secs] [Times: user=0.12 sys=0.00, real=0.04 secs]
2018-11-10T17:41:02.949+0800: 7304.439: [GC (Allocation Failure) 2018-11-10T17:41:02.949+0800: 7304.439: [ParNew: 2334032K->17183K(2563200K), 0.0441931 secs] 2808963K->492156K(8155648K), 0.0446455 secs] [Times: user=0.15 sys=0.00, real=0.05 secs]
2018-11-10T17:41:06.936+0800: 7308.426: [GC (Allocation Failure) 2018-11-10T17:41:06.936+0800: 7308.426: [ParNew: 2347423K->24596K(2563200K), 0.0439146 secs] 2822396K->499571K(8155648K), 0.0443730 secs] [Times: user=0.16 sys=0.00, real=0.04 secs]
2018-11-10T17:41:18.213+0800: 7319.703: [GC (Allocation Failure) 2018-11-10T17:41:18.213+0800: 7319.703: [ParNew: 2354836K->17352K(2563200K), 0.0329136 secs] 2829811K->492327K(8155648K), 0.0333099 secs] [Times: user=0.12 sys=0.00, real=0.03 secs]
2018-11-10T17:41:26.972+0800: 7328.462: [GC (Allocation Failure) 2018-11-10T17:41:26.972+0800: 7328.462: [ParNew: 2347592K->6028K(2563200K), 0.0336633 secs] 2822567K->481004K(8155648K), 0.0340594 secs] [Times: user=0.12 sys=0.00, real=0.03 secs]
2018-11-10T17:41:36.515+0800: 7338.005: [GC (Allocation Failure) 2018-11-10T17:41:36.515+0800: 7338.005: [ParNew: 2336268K->3519K(2563200K), 0.0326632 secs] 2811244K->478557K(8155648K), 0.0330313 secs] [Times: user=0.12 sys=0.00, real=0.03 secs]
2018-11-10T17:41:45.687+0800: 7347.177: [GC (Allocation Failure) 2018-11-10T17:41:45.687+0800: 7347.177: [ParNew: 2330297K->6414K(2563200K), 0.0340893 secs] 2805335K->481498K(8155648K), 0.0345416 secs] [Times: user=0.12 sys=0.00, real=0.04 secs]
2018-11-10T17:41:53.263+0800: 7354.753: [GC (Allocation Failure) 2018-11-10T17:41:53.263+0800: 7354.753: [ParNew: 2336654K->2717K(2563200K), 0.0319358 secs] 2811738K->477802K(8155648K), 0.0323378 secs] [Times: user=0.11 sys=0.00, real=0.03 secs]
2018-11-10T17:42:03.111+0800: 7364.601: [GC (Allocation Failure) 2018-11-10T17:42:03.111+0800: 7364.601: [ParNew: 2332957K->2980K(2563200K), 0.0332666 secs] 2808042K->478167K(8155648K), 0.0336696 secs] [Times: user=0.12 sys=0.00, real=0.03 secs]
2018-11-10T17:42:13.485+0800: 7374.975: [GC (Allocation Failure) 2018-11-10T17:42:13.485+0800: 7374.975: [ParNew: 2333220K->4632K(2563200K), 0.0338951 secs] 2808407K->479914K(8155648K), 0.0343650 secs] [Times: user=0.12 sys=0.01, real=0.03 secs]
2018-11-10T17:42:21.652+0800: 7383.142: [GC (Allocation Failure) 2018-11-10T17:42:21.652+0800: 7383.142: [ParNew: 2334872K->18944K(2563200K), 0.0413842 secs] 2810154K->494535K(8155648K), 0.0418266 secs] [Times: user=0.15 sys=0.00, real=0.04 secs]
2018-11-10T17:42:28.487+0800: 7389.977: [GC (Allocation Failure) 2018-11-10T17:42:28.487+0800: 7389.977: [ParNew: 2349184K->14637K(2563200K), 0.0318756 secs] 2824775K->490255K(8155648K), 0.0322472 secs] [Times: user=0.11 sys=0.00, real=0.03 secs]
2018-11-10T17:42:35.967+0800: 7397.457: [GC (Allocation Failure) 2018-11-10T17:42:35.967+0800: 7397.457: [ParNew: 2344877K->5082K(2563200K), 0.0329582 secs] 2820495K->480700K(8155648K), 0.0333150 secs] [Times: user=0.12 sys=0.00, real=0.03 secs]
2018-11-10T17:42:43.645+0800: 7405.135: [GC (Allocation Failure) 2018-11-10T17:42:43.645+0800: 7405.135: [ParNew: 2335322K->8688K(2563200K), 0.0359609 secs] 2810940K->484308K(8155648K), 0.0363580 secs] [Times: user=0.13 sys=0.00, real=0.04 secs]
2018-11-10T17:42:47.605+0800: 7409.095: [GC (Allocation Failure) 2018-11-10T17:42:47.605+0800: 7409.095: [ParNew: 2338928K->7579K(2563200K), 0.0339606 secs] 2814548K->483302K(8155648K), 0.0343942 secs] [Times: user=0.12 sys=0.00, real=0.03 secs]
2018-11-10T17:42:58.391+0800: 7419.881: [GC (Allocation Failure) 2018-11-10T17:42:58.391+0800: 7419.881: [ParNew: 2337819K->2841K(2563200K), 0.0324619 secs] 2813542K->478565K(8155648K), 0.0328679 secs] [Times: user=0.12 sys=0.00, real=0.03 secs]
2018-11-10T17:43:06.138+0800: 7427.628: [GC (Allocation Failure) 2018-11-10T17:43:06.138+0800: 7427.628: [ParNew: 2333081K->2272K(2563200K), 0.0323357 secs] 2808805K->478067K(8155648K), 0.0327250 secs] [Times: user=0.12 sys=0.00, real=0.04 secs]
2018-11-10T17:43:15.407+0800: 7436.897: [GC (Allocation Failure) 2018-11-10T17:43:15.407+0800: 7436.897: [ParNew: 2332512K->2407K(2563200K), 0.0329961 secs] 2808307K->478207K(8155648K), 0.0333704 secs] [Times: user=0.11 sys=0.00, real=0.03 secs]
2018-11-10T17:43:18.611+0800: 7440.101: [GC (Allocation Failure) 2018-11-10T17:43:18.611+0800: 7440.101: [ParNew: 2332647K->2964K(2563200K), 0.0325298 secs] 2808447K->478767K(8155648K), 0.0329782 secs] [Times: user=0.12 sys=0.00, real=0.03 secs]
2018-11-10T17:43:26.997+0800: 7448.487: [GC (Allocation Failure) 2018-11-10T17:43:26.997+0800: 7448.487: [ParNew: 2333204K->9238K(2563200K), 0.0356259 secs] 2809007K->485041K(8155648K), 0.0361113 secs] [Times: user=0.13 sys=0.00, real=0.04 secs]
2018-11-10T17:43:30.555+0800: 7452.046: [GC (Allocation Failure) 2018-11-10T17:43:30.556+0800: 7452.046: [ParNew: 2339478K->10455K(2563200K), 0.0351823 secs] 2815281K->486259K(8155648K), 0.0356101 secs] [Times: user=0.12 sys=0.00, real=0.04 secs]
2018-11-10T17:43:39.285+0800: 7460.775: [GC (Allocation Failure) 2018-11-10T17:43:39.285+0800: 7460.776: [ParNew: 2340695K->6614K(2563200K), 0.0332014 secs] 2816499K->482445K(8155648K), 0.0336403 secs] [Times: user=0.12 sys=0.00, real=0.03 secs]
2018-11-10T17:43:47.755+0800: 7469.245: [GC (Allocation Failure) 2018-11-10T17:43:47.755+0800: 7469.245: [ParNew: 2336854K->4186K(2563200K), 0.0343969 secs] 2812685K->480018K(8155648K), 0.0348606 secs] [Times: user=0.13 sys=0.00, real=0.03 secs]
2018-11-10T17:43:57.699+0800: 7479.189: [GC (Allocation Failure) 2018-11-10T17:43:57.699+0800: 7479.189: [ParNew: 2333946K->4085K(2563200K), 0.0335747 secs] 2809778K->479917K(8155648K), 0.0340249 secs] [Times: user=0.13 sys=0.00, real=0.04 secs]
2018-11-10T17:44:04.234+0800: 7485.724: [GC (Allocation Failure) 2018-11-10T17:44:04.234+0800: 7485.724: [ParNew: 2334325K->3201K(2563200K), 0.0321836 secs] 2810157K->479034K(8155648K), 0.0325838 secs] [Times: user=0.11 sys=0.00, real=0.03 secs]
2018-11-10T17:44:14.305+0800: 7495.795: [GC (Allocation Failure) 2018-11-10T17:44:14.305+0800: 7495.795: [ParNew: 2333441K->2616K(2563200K), 0.0326255 secs] 2809274K->478449K(8155648K), 0.0330423 secs] [Times: user=0.12 sys=0.00, real=0.03 secs]
2018-11-10T17:44:18.609+0800: 7500.099: [GC (Allocation Failure) 2018-11-10T17:44:18.609+0800: 7500.099: [ParNew: 2332856K->15375K(2563200K), 0.0369547 secs] 2808689K->491235K(8155648K), 0.0373702 secs] [Times: user=0.14 sys=0.00, real=0.04 secs]
2018-11-10T17:44:23.485+0800: 7504.975: [GC (Allocation Failure) 2018-11-10T17:44:23.485+0800: 7504.975: [ParNew: 2345615K->16352K(2563200K), 0.0384879 secs] 2821475K->492230K(8155648K), 0.0389219 secs] [Times: user=0.14 sys=0.00, real=0.04 secs]
2018-11-10T17:44:28.998+0800: 7510.488: [GC (Allocation Failure) 2018-11-10T17:44:28.999+0800: 7510.489: [ParNew: 2346592K->8265K(2563200K), 0.0350148 secs] 2822470K->484228K(8155648K), 0.0354982 secs] [Times: user=0.13 sys=0.00, real=0.04 secs]
2018-11-10T17:44:41.437+0800: 7522.928: [GC (Allocation Failure) 2018-11-10T17:44:41.438+0800: 7522.928: [ParNew: 2338505K->2553K(2563200K), 0.0315380 secs] 2814468K->478520K(8155648K), 0.0319405 secs] [Times: user=0.12 sys=0.00, real=0.03 secs]
2018-11-10T17:44:51.466+0800: 7532.956: [GC (Allocation Failure) 2018-11-10T17:44:51.467+0800: 7532.957: [ParNew: 2332793K->3062K(2563200K), 0.0348940 secs] 2808760K->479029K(8155648K), 0.0354642 secs] [Times: user=0.12 sys=0.00, real=0.04 secs]
2018-11-10T17:45:01.229+0800: 7542.719: [GC (Allocation Failure) 2018-11-10T17:45:01.229+0800: 7542.719: [ParNew: 2333302K->9973K(2563200K), 0.0353373 secs] 2809269K->485941K(8155648K), 0.0358051 secs] [Times: user=0.13 sys=0.00, real=0.04 secs]
2018-11-10T17:45:08.293+0800: 7549.783: [GC (Allocation Failure) 2018-11-10T17:45:08.293+0800: 7549.783: [ParNew: 2340213K->32938K(2563200K), 0.0498000 secs] 2816181K->508934K(8155648K), 0.0502444 secs] [Times: user=0.19 sys=0.00, real=0.05 secs]
2018-11-10T17:45:17.312+0800: 7558.802: [GC (Allocation Failure) 2018-11-10T17:45:17.313+0800: 7558.803: [ParNew: 2363178K->24697K(2563200K), 0.0333409 secs] 2839174K->500853K(8155648K), 0.0337699 secs] [Times: user=0.12 sys=0.00, real=0.03 secs]
2018-11-10T17:45:24.195+0800: 7565.685: [GC (Allocation Failure) 2018-11-10T17:45:24.195+0800: 7565.685: [ParNew: 2354937K->6572K(2563200K), 0.0338017 secs] 2831093K->482729K(8155648K), 0.0342046 secs] [Times: user=0.13 sys=0.00, real=0.03 secs]
2018-11-10T17:45:33.802+0800: 7575.292: [GC (Allocation Failure) 2018-11-10T17:45:33.802+0800: 7575.292: [ParNew: 2336812K->2648K(2563200K), 0.0334380 secs] 2812969K->478806K(8155648K), 0.0339091 secs] [Times: user=0.13 sys=0.00, real=0.03 secs]
2018-11-10T17:45:41.206+0800: 7582.696: [GC (Allocation Failure) 2018-11-10T17:45:41.206+0800: 7582.696: [ParNew: 2332888K->13931K(2563200K), 0.0380897 secs] 2809046K->490090K(8155648K), 0.0384676 secs] [Times: user=0.14 sys=0.00, real=0.04 secs]
2018-11-10T17:45:45.085+0800: 7586.575: [GC (Allocation Failure) 2018-11-10T17:45:45.085+0800: 7586.576: [ParNew: 2344171K->36151K(2563200K), 0.0498296 secs] 2820330K->512311K(8155648K), 0.0503234 secs] [Times: user=0.19 sys=0.00, real=0.05 secs]
2018-11-10T17:45:50.981+0800: 7592.472: [GC (Allocation Failure) 2018-11-10T17:45:50.982+0800: 7592.472: [ParNew: 2366391K->24278K(2563200K), 0.0343525 secs] 2842551K->500439K(8155648K), 0.0348111 secs] [Times: user=0.12 sys=0.00, real=0.03 secs]
2018-11-10T17:46:00.456+0800: 7601.946: [GC (Allocation Failure) 2018-11-10T17:46:00.456+0800: 7601.946: [ParNew: 2354518K->6421K(2563200K), 0.0322412 secs] 2830679K->482582K(8155648K), 0.0326461 secs] [Times: user=0.12 sys=0.01, real=0.03 secs]
2018-11-10T17:46:10.613+0800: 7612.104: [GC (Allocation Failure) 2018-11-10T17:46:10.614+0800: 7612.104: [ParNew: 2336661K->4235K(2563200K), 0.0329613 secs] 2812822K->480423K(8155648K), 0.0333408 secs] [Times: user=0.13 sys=0.00, real=0.03 secs]
2018-11-10T17:46:17.611+0800: 7619.101: [GC (Allocation Failure) 2018-11-10T17:46:17.611+0800: 7619.101: [ParNew: 2334475K->10906K(2563200K), 0.0361604 secs] 2810663K->487198K(8155648K), 0.0366166 secs] [Times: user=0.14 sys=0.00, real=0.04 secs]
2018-11-10T17:46:24.038+0800: 7625.528: [GC (Allocation Failure) 2018-11-10T17:46:24.039+0800: 7625.529: [ParNew: 2341146K->7749K(2563200K), 0.0318030 secs] 2817438K->484042K(8155648K), 0.0322272 secs] [Times: user=0.11 sys=0.00, real=0.04 secs]
2018-11-10T17:46:33.737+0800: 7635.227: [GC (Allocation Failure) 2018-11-10T17:46:33.737+0800: 7635.227: [ParNew: 2337989K->3564K(2563200K), 0.0338720 secs] 2814282K->479861K(8155648K), 0.0343492 secs] [Times: user=0.12 sys=0.00, real=0.04 secs]
2018-11-10T17:46:41.462+0800: 7642.952: [GC (Allocation Failure) 2018-11-10T17:46:41.462+0800: 7642.952: [ParNew: 2333804K->3293K(2563200K), 0.0324295 secs] 2810101K->479637K(8155648K), 0.0328230 secs] [Times: user=0.12 sys=0.00, real=0.03 secs]
2018-11-10T17:46:50.515+0800: 7652.005: [GC (Allocation Failure) 2018-11-10T17:46:50.515+0800: 7652.005: [ParNew: 2333533K->2423K(2563200K), 0.0343223 secs] 2809877K->478768K(8155648K), 0.0347527 secs] [Times: user=0.13 sys=0.00, real=0.03 secs]
2018-11-10T17:46:59.234+0800: 7660.724: [GC (Allocation Failure) 2018-11-10T17:46:59.234+0800: 7660.724: [ParNew: 2332663K->2808K(2563200K), 0.0345855 secs] 2809008K->479198K(8155648K), 0.0350664 secs] [Times: user=0.13 sys=0.00, real=0.03 secs]
2018-11-10T17:47:09.645+0800: 7671.135: [GC (Allocation Failure) 2018-11-10T17:47:09.645+0800: 7671.135: [ParNew: 2333048K->2676K(2563200K), 0.0343605 secs] 2809438K->479143K(8155648K), 0.0347941 secs] [Times: user=0.13 sys=0.00, real=0.03 secs]
2018-11-10T17:47:16.858+0800: 7678.348: [GC (Allocation Failure) 2018-11-10T17:47:16.858+0800: 7678.348: [ParNew: 2332916K->6940K(2563200K), 0.0363377 secs] 2809383K->483409K(8155648K), 0.0367973 secs] [Times: user=0.14 sys=0.00, real=0.04 secs]
2018-11-10T17:47:23.365+0800: 7684.855: [GC (Allocation Failure) 2018-11-10T17:47:23.365+0800: 7684.855: [ParNew: 2337180K->4990K(2563200K), 0.0321977 secs] 2813649K->481459K(8155648K), 0.0325554 secs] [Times: user=0.12 sys=0.00, real=0.03 secs]
2018-11-10T17:47:29.429+0800: 7690.920: [GC (Allocation Failure) 2018-11-10T17:47:29.430+0800: 7690.920: [ParNew: 2335230K->39337K(2563200K), 0.0568167 secs] 2811699K->515808K(8155648K), 0.0572652 secs] [Times: user=0.21 sys=0.01, real=0.06 secs]
2018-11-10T17:47:37.585+0800: 7699.075: [GC (Allocation Failure) 2018-11-10T17:47:37.585+0800: 7699.075: [ParNew: 2369577K->29071K(2563200K), 0.0326378 secs] 2846048K->505543K(8155648K), 0.0330440 secs] [Times: user=0.12 sys=0.00, real=0.03 secs]
2018-11-10T17:47:49.900+0800: 7711.390: [GC (Allocation Failure) 2018-11-10T17:47:49.900+0800: 7711.390: [ParNew: 2359311K->7658K(2563200K), 0.0322634 secs] 2835783K->484130K(8155648K), 0.0326200 secs] [Times: user=0.12 sys=0.00, real=0.04 secs]
2018-11-10T17:47:55.977+0800: 7717.467: [GC (Allocation Failure) 2018-11-10T17:47:55.977+0800: 7717.467: [ParNew: 2337898K->21359K(2563200K), 0.0372348 secs] 2814370K->497832K(8155648K), 0.0376440 secs] [Times: user=0.13 sys=0.00, real=0.04 secs]
2018-11-10T17:48:04.031+0800: 7725.521: [GC (Allocation Failure) 2018-11-10T17:48:04.031+0800: 7725.521: [ParNew: 2351599K->9998K(2563200K), 0.0330115 secs] 2828072K->486471K(8155648K), 0.0333813 secs] [Times: user=0.12 sys=0.00, real=0.03 secs]
2018-11-10T17:48:16.291+0800: 7737.781: [GC (Allocation Failure) 2018-11-10T17:48:16.291+0800: 7737.781: [ParNew: 2340238K->4234K(2563200K), 0.0323347 secs] 2816711K->480751K(8155648K), 0.0327352 secs] [Times: user=0.12 sys=0.00, real=0.03 secs]
2018-11-10T17:48:26.410+0800: 7747.900: [GC (Allocation Failure) 2018-11-10T17:48:26.410+0800: 7747.900: [ParNew: 2334474K->2254K(2563200K), 0.0349040 secs] 2810991K->478778K(8155648K), 0.0353553 secs] [Times: user=0.12 sys=0.00, real=0.04 secs]
2018-11-10T17:48:35.473+0800: 7756.963: [GC (Allocation Failure) 2018-11-10T17:48:35.474+0800: 7756.964: [ParNew: 2332494K->9472K(2563200K), 0.0358450 secs] 2809018K->486023K(8155648K), 0.0363137 secs] [Times: user=0.13 sys=0.00, real=0.03 secs]
2018-11-10T17:48:43.995+0800: 7765.485: [GC (Allocation Failure) 2018-11-10T17:48:43.996+0800: 7765.486: [ParNew: 2339712K->7023K(2563200K), 0.0346230 secs] 2816263K->483575K(8155648K), 0.0350579 secs] [Times: user=0.13 sys=0.00, real=0.04 secs]
